[0.020s][info][gc] Using Serial
[77.825s][info][gc] GC(0) Pause Young (Allocation Failure) 4M->1M(15M) 3.529ms
[77.850s][info][gc] GC(1) Pause Young (Allocation Failure) 5M->1M(15M) 2.639ms
[77.867s][info][gc] GC(2) Pause Young (Allocation Failure) 6M->1M(15M) 0.239ms
[77.882s][info][gc] GC(3) Pause Young (Allocation Failure) 5M->1M(15M) 0.200ms
[77.891s][info][gc] GC(4) Pause Young (Allocation Failure) 5M->1M(15M) 0.255ms
[77.900s][info][gc] GC(5) Pause Young (Allocation Failure) 6M->1M(15M) 0.257ms
[77.908s][info][gc] GC(6) Pause Young (Allocation Failure) 6M->1M(15M) 0.252ms
[77.915s][info][gc] GC(7) Pause Young (Allocation Failure) 6M->1M(15M) 0.256ms
[77.923s][info][gc] GC(8) Pause Young (Allocation Failure) 6M->1M(15M) 0.243ms
[77.930s][info][gc] GC(9) Pause Young (Allocation Failure) 6M->1M(15M) 0.252ms
[77.938s][info][gc] GC(10) Pause Young (Allocation Failure) 6M->1M(15M) 0.329ms
[77.947s][info][gc] GC(11) Pause Young (Allocation Failure) 5M->1M(15M) 0.512ms
[77.955s][info][gc] GC(12) Pause Young (Allocation Failure) 6M->1M(15M) 0.252ms
[77.963s][info][gc] GC(13) Pause Young (Allocation Failure) 6M->1M(15M) 0.380ms
[77.971s][info][gc] GC(14) Pause Young (Allocation Failure) 6M->1M(15M) 0.255ms
[77.979s][info][gc] GC(15) Pause Young (Allocation Failure) 5M->1M(15M) 0.359ms
[77.983s][info][gc] GC(16) Pause Young (Allocation Failure) 5M->1M(15M) 0.277ms
[77.986s][info][gc] GC(17) Pause Young (Allocation Failure) 5M->1M(15M) 0.212ms
[77.989s][info][gc] GC(18) Pause Young (Allocation Failure) 6M->1M(15M) 0.230ms
[77.992s][info][gc] GC(19) Pause Young (Allocation Failure) 6M->1M(15M) 0.237ms
[77.996s][info][gc] GC(20) Pause Young (Allocation Failure) 6M->1M(15M) 0.282ms
[77.999s][info][gc] GC(21) Pause Young (Allocation Failure) 6M->1M(15M) 0.264ms
[78.002s][info][gc] GC(22) Pause Young (Allocation Failure) 5M->1M(15M) 0.160ms
[78.005s][info][gc] GC(23) Pause Young (Allocation Failure) 5M->1M(15M) 0.263ms
[78.008s][info][gc] GC(24) Pause Young (Allocation Failure) 6M->1M(15M) 0.237ms
[78.012s][info][gc] GC(25) Pause Young (Allocation Failure) 6M->1M(15M) 0.345ms
[78.015s][info][gc] GC(26) Pause Young (Allocation Failure) 6M->1M(15M) 0.311ms
[78.018s][info][gc] GC(27) Pause Young (Allocation Failure) 6M->1M(15M) 0.235ms
[78.021s][info][gc] GC(28) Pause Young (Allocation Failure) 6M->1M(15M) 0.187ms
[78.024s][info][gc] GC(29) Pause Young (Allocation Failure) 5M->1M(15M) 0.232ms
[78.028s][info][gc] GC(30) Pause Young (Allocation Failure) 6M->1M(15M) 0.349ms
[78.031s][info][gc] GC(31) Pause Young (Allocation Failure) 6M->1M(15M) 0.356ms
[78.035s][info][gc] GC(32) Pause Young (Allocation Failure) 6M->1M(15M) 0.213ms
[78.038s][info][gc] GC(33) Pause Young (Allocation Failure) 6M->1M(15M) 0.238ms
[78.040s][info][gc] GC(34) Pause Young (Allocation Failure) 6M->1M(15M) 0.222ms
[78.044s][info][gc] GC(35) Pause Young (Allocation Failure) 6M->1M(15M) 0.226ms
[78.047s][info][gc] GC(36) Pause Young (Allocation Failure) 6M->1M(15M) 0.279ms
[78.050s][info][gc] GC(37) Pause Young (Allocation Failure) 6M->1M(15M) 0.215ms
[78.053s][info][gc] GC(38) Pause Young (Allocation Failure) 6M->1M(15M) 0.236ms
[78.056s][info][gc] GC(39) Pause Young (Allocation Failure) 6M->1M(15M) 0.235ms
[78.059s][info][gc] GC(40) Pause Young (Allocation Failure) 6M->1M(15M) 0.231ms
[78.063s][info][gc] GC(41) Pause Young (Allocation Failure) 6M->1M(15M) 0.436ms
[78.066s][info][gc] GC(42) Pause Young (Allocation Failure) 6M->1M(15M) 0.231ms
[78.069s][info][gc] GC(43) Pause Young (Allocation Failure) 6M->1M(15M) 0.252ms
[78.072s][info][gc] GC(44) Pause Young (Allocation Failure) 6M->1M(15M) 0.228ms
[78.075s][info][gc] GC(45) Pause Young (Allocation Failure) 6M->1M(15M) 0.232ms
[78.078s][info][gc] GC(46) Pause Young (Allocation Failure) 6M->1M(15M) 0.404ms
[78.082s][info][gc] GC(47) Pause Young (Allocation Failure) 6M->1M(15M) 0.247ms
[78.085s][info][gc] GC(48) Pause Young (Allocation Failure) 6M->1M(15M) 0.216ms
[78.088s][info][gc] GC(49) Pause Young (Allocation Failure) 6M->1M(15M) 0.194ms
[78.091s][info][gc] GC(50) Pause Young (Allocation Failure) 6M->1M(15M) 0.215ms
[78.094s][info][gc] GC(51) Pause Young (Allocation Failure) 6M->1M(15M) 0.165ms
[78.097s][info][gc] GC(52) Pause Young (Allocation Failure) 6M->1M(15M) 0.237ms
[78.100s][info][gc] GC(53) Pause Young (Allocation Failure) 6M->1M(15M) 0.241ms
[78.103s][info][gc] GC(54) Pause Young (Allocation Failure) 6M->1M(15M) 0.231ms
[78.106s][info][gc] GC(55) Pause Young (Allocation Failure) 6M->1M(15M) 0.224ms
[78.109s][info][gc] GC(56) Pause Young (Allocation Failure) 6M->1M(15M) 0.221ms
[78.112s][info][gc] GC(57) Pause Young (Allocation Failure) 6M->1M(15M) 0.251ms
[78.115s][info][gc] GC(58) Pause Young (Allocation Failure) 6M->1M(15M) 0.230ms
[78.118s][info][gc] GC(59) Pause Young (Allocation Failure) 6M->1M(15M) 0.203ms
[78.121s][info][gc] GC(60) Pause Young (Allocation Failure) 6M->1M(15M) 0.209ms
[78.123s][info][gc] GC(61) Pause Young (Allocation Failure) 6M->1M(15M) 0.216ms
[78.126s][info][gc] GC(62) Pause Young (Allocation Failure) 6M->1M(15M) 0.201ms
[78.129s][info][gc] GC(63) Pause Young (Allocation Failure) 6M->1M(15M) 0.303ms
[78.133s][info][gc] GC(64) Pause Young (Allocation Failure) 6M->1M(15M) 0.215ms
[78.135s][info][gc] GC(65) Pause Young (Allocation Failure) 6M->1M(15M) 0.202ms
[78.138s][info][gc] GC(66) Pause Young (Allocation Failure) 6M->1M(15M) 0.200ms
[78.141s][info][gc] GC(67) Pause Young (Allocation Failure) 6M->1M(15M) 0.204ms
[78.144s][info][gc] GC(68) Pause Young (Allocation Failure) 6M->1M(15M) 0.185ms
[78.147s][info][gc] GC(69) Pause Young (Allocation Failure) 6M->1M(15M) 0.305ms
[78.150s][info][gc] GC(70) Pause Young (Allocation Failure) 6M->1M(15M) 0.191ms
[78.152s][info][gc] GC(71) Pause Young (Allocation Failure) 6M->1M(15M) 0.142ms
[78.155s][info][gc] GC(72) Pause Young (Allocation Failure) 6M->1M(15M) 0.149ms
[78.158s][info][gc] GC(73) Pause Young (Allocation Failure) 6M->1M(15M) 0.161ms
[78.161s][info][gc] GC(74) Pause Young (Allocation Failure) 6M->1M(15M) 0.148ms
[78.164s][info][gc] GC(75) Pause Young (Allocation Failure) 6M->1M(15M) 0.170ms
[78.168s][info][gc] GC(76) Pause Young (Allocation Failure) 6M->1M(15M) 0.289ms
[78.171s][info][gc] GC(77) Pause Young (Allocation Failure) 6M->1M(15M) 0.186ms
[78.174s][info][gc] GC(78) Pause Young (Allocation Failure) 6M->1M(15M) 0.197ms
[78.177s][info][gc] GC(79) Pause Young (Allocation Failure) 6M->1M(15M) 0.175ms
[78.180s][info][gc] GC(80) Pause Young (Allocation Failure) 6M->1M(15M) 0.324ms
[78.183s][info][gc] GC(81) Pause Young (Allocation Failure) 6M->1M(15M) 0.191ms
[78.186s][info][gc] GC(82) Pause Young (Allocation Failure) 6M->1M(15M) 0.274ms
[78.189s][info][gc] GC(83) Pause Young (Allocation Failure) 6M->1M(15M) 0.282ms
[78.192s][info][gc] GC(84) Pause Young (Allocation Failure) 6M->1M(15M) 0.258ms
[78.195s][info][gc] GC(85) Pause Young (Allocation Failure) 6M->1M(15M) 0.279ms
[78.198s][info][gc] GC(86) Pause Young (Allocation Failure) 6M->1M(15M) 0.225ms
[78.201s][info][gc] GC(87) Pause Young (Allocation Failure) 6M->1M(15M) 0.217ms
[78.204s][info][gc] GC(88) Pause Young (Allocation Failure) 6M->1M(15M) 0.218ms
[78.207s][info][gc] GC(89) Pause Young (Allocation Failure) 6M->1M(15M) 0.186ms
[78.209s][info][gc] GC(90) Pause Young (Allocation Failure) 6M->1M(15M) 0.186ms
[78.213s][info][gc] GC(91) Pause Young (Allocation Failure) 6M->1M(15M) 0.278ms
[78.216s][info][gc] GC(92) Pause Young (Allocation Failure) 6M->1M(15M) 0.171ms
[78.218s][info][gc] GC(93) Pause Young (Allocation Failure) 6M->1M(15M) 0.156ms
[78.221s][info][gc] GC(94) Pause Young (Allocation Failure) 6M->1M(15M) 0.214ms
[78.224s][info][gc] GC(95) Pause Young (Allocation Failure) 6M->1M(15M) 0.215ms
[78.227s][info][gc] GC(96) Pause Young (Allocation Failure) 6M->1M(15M) 0.203ms
[78.230s][info][gc] GC(97) Pause Young (Allocation Failure) 6M->1M(15M) 0.284ms
[78.233s][info][gc] GC(98) Pause Young (Allocation Failure) 6M->1M(15M) 0.212ms
[78.236s][info][gc] GC(99) Pause Young (Allocation Failure) 6M->1M(15M) 0.207ms
[78.239s][info][gc] GC(100) Pause Young (Allocation Failure) 6M->1M(15M) 0.212ms
[78.241s][info][gc] GC(101) Pause Young (Allocation Failure) 6M->1M(15M) 0.212ms
[78.244s][info][gc] GC(102) Pause Young (Allocation Failure) 6M->1M(15M) 0.193ms
[78.248s][info][gc] GC(103) Pause Young (Allocation Failure) 6M->1M(15M) 0.305ms
[78.250s][info][gc] GC(104) Pause Young (Allocation Failure) 6M->1M(15M) 0.213ms
[78.253s][info][gc] GC(105) Pause Young (Allocation Failure) 6M->1M(15M) 0.245ms
[78.256s][info][gc] GC(106) Pause Young (Allocation Failure) 6M->1M(15M) 0.219ms
[78.259s][info][gc] GC(107) Pause Young (Allocation Failure) 6M->1M(15M) 0.215ms
[78.262s][info][gc] GC(108) Pause Young (Allocation Failure) 6M->1M(15M) 0.317ms
[78.265s][info][gc] GC(109) Pause Young (Allocation Failure) 6M->1M(15M) 0.156ms
[78.268s][info][gc] GC(110) Pause Young (Allocation Failure) 6M->1M(15M) 0.215ms
[78.271s][info][gc] GC(111) Pause Young (Allocation Failure) 6M->1M(15M) 0.202ms
[78.274s][info][gc] GC(112) Pause Young (Allocation Failure) 6M->1M(15M) 0.217ms
[78.276s][info][gc] GC(113) Pause Young (Allocation Failure) 6M->1M(15M) 0.197ms
[78.280s][info][gc] GC(114) Pause Young (Allocation Failure) 6M->1M(15M) 0.307ms
[78.283s][info][gc] GC(115) Pause Young (Allocation Failure) 6M->1M(15M) 0.222ms
[78.285s][info][gc] GC(116) Pause Young (Allocation Failure) 6M->1M(15M) 0.199ms
[78.288s][info][gc] GC(117) Pause Young (Allocation Failure) 6M->1M(15M) 0.203ms
[78.291s][info][gc] GC(118) Pause Young (Allocation Failure) 6M->1M(15M) 0.207ms
[78.294s][info][gc] GC(119) Pause Young (Allocation Failure) 6M->1M(15M) 0.214ms
[78.297s][info][gc] GC(120) Pause Young (Allocation Failure) 6M->1M(15M) 0.279ms
[78.300s][info][gc] GC(121) Pause Young (Allocation Failure) 6M->1M(15M) 0.228ms
[78.303s][info][gc] GC(122) Pause Young (Allocation Failure) 6M->1M(15M) 0.205ms
[78.306s][info][gc] GC(123) Pause Young (Allocation Failure) 6M->1M(15M) 0.202ms
[78.308s][info][gc] GC(124) Pause Young (Allocation Failure) 6M->1M(15M) 0.208ms
[78.311s][info][gc] GC(125) Pause Young (Allocation Failure) 6M->1M(15M) 0.199ms
[78.314s][info][gc] GC(126) Pause Young (Allocation Failure) 6M->1M(15M) 0.215ms
[78.317s][info][gc] GC(127) Pause Young (Allocation Failure) 6M->1M(15M) 0.214ms
[78.320s][info][gc] GC(128) Pause Young (Allocation Failure) 6M->1M(15M) 0.206ms
[78.323s][info][gc] GC(129) Pause Young (Allocation Failure) 6M->1M(15M) 0.440ms
[78.327s][info][gc] GC(130) Pause Young (Allocation Failure) 6M->1M(15M) 0.212ms
[78.330s][info][gc] GC(131) Pause Young (Allocation Failure) 6M->1M(15M) 0.287ms
[78.333s][info][gc] GC(132) Pause Young (Allocation Failure) 6M->1M(15M) 0.210ms
[78.336s][info][gc] GC(133) Pause Young (Allocation Failure) 6M->1M(15M) 0.205ms
[78.339s][info][gc] GC(134) Pause Young (Allocation Failure) 6M->1M(15M) 0.193ms
[78.341s][info][gc] GC(135) Pause Young (Allocation Failure) 6M->1M(15M) 0.347ms
[78.344s][info][gc] GC(136) Pause Young (Allocation Failure) 6M->1M(15M) 0.206ms
[78.348s][info][gc] GC(137) Pause Young (Allocation Failure) 6M->1M(15M) 0.246ms
[78.351s][info][gc] GC(138) Pause Young (Allocation Failure) 6M->1M(15M) 0.322ms
[78.354s][info][gc] GC(139) Pause Young (Allocation Failure) 6M->1M(15M) 0.314ms
[78.358s][info][gc] GC(140) Pause Young (Allocation Failure) 6M->1M(15M) 0.276ms
[78.361s][info][gc] GC(141) Pause Young (Allocation Failure) 6M->1M(15M) 0.258ms
[78.365s][info][gc] GC(142) Pause Young (Allocation Failure) 6M->1M(15M) 0.383ms
[78.368s][info][gc] GC(143) Pause Young (Allocation Failure) 6M->1M(15M) 0.424ms
[78.371s][info][gc] GC(144) Pause Young (Allocation Failure) 6M->1M(15M) 0.274ms
[78.375s][info][gc] GC(145) Pause Young (Allocation Failure) 6M->1M(15M) 0.289ms
[78.378s][info][gc] GC(146) Pause Young (Allocation Failure) 6M->1M(15M) 0.254ms
[78.382s][info][gc] GC(147) Pause Young (Allocation Failure) 6M->1M(15M) 0.282ms
[78.385s][info][gc] GC(148) Pause Young (Allocation Failure) 6M->1M(15M) 0.246ms
[78.388s][info][gc] GC(149) Pause Young (Allocation Failure) 6M->1M(15M) 0.256ms
[78.391s][info][gc] GC(150) Pause Young (Allocation Failure) 6M->1M(15M) 0.253ms
[78.395s][info][gc] GC(151) Pause Young (Allocation Failure) 6M->1M(15M) 0.426ms
[78.399s][info][gc] GC(152) Pause Young (Allocation Failure) 6M->1M(15M) 0.257ms
[78.402s][info][gc] GC(153) Pause Young (Allocation Failure) 6M->1M(15M) 0.248ms
[78.405s][info][gc] GC(154) Pause Young (Allocation Failure) 6M->1M(15M) 0.242ms
[78.408s][info][gc] GC(155) Pause Young (Allocation Failure) 6M->1M(15M) 0.271ms
[78.412s][info][gc] GC(156) Pause Young (Allocation Failure) 6M->1M(15M) 0.250ms
[78.415s][info][gc] GC(157) Pause Young (Allocation Failure) 6M->1M(15M) 0.214ms
[78.418s][info][gc] GC(158) Pause Young (Allocation Failure) 6M->1M(15M) 0.301ms
[78.421s][info][gc] GC(159) Pause Young (Allocation Failure) 6M->1M(15M) 0.229ms
[78.424s][info][gc] GC(160) Pause Young (Allocation Failure) 6M->1M(15M) 0.183ms
[78.427s][info][gc] GC(161) Pause Young (Allocation Failure) 6M->1M(15M) 0.200ms
[78.431s][info][gc] GC(162) Pause Young (Allocation Failure) 6M->1M(15M) 0.409ms
[78.434s][info][gc] GC(163) Pause Young (Allocation Failure) 6M->1M(15M) 0.254ms
[78.437s][info][gc] GC(164) Pause Young (Allocation Failure) 6M->1M(15M) 0.241ms
[78.440s][info][gc] GC(165) Pause Young (Allocation Failure) 6M->1M(15M) 0.315ms
[78.443s][info][gc] GC(166) Pause Young (Allocation Failure) 6M->1M(15M) 0.243ms
[78.446s][info][gc] GC(167) Pause Young (Allocation Failure) 6M->1M(15M) 0.302ms
[78.450s][info][gc] GC(168) Pause Young (Allocation Failure) 6M->1M(15M) 0.260ms
[78.453s][info][gc] GC(169) Pause Young (Allocation Failure) 6M->1M(15M) 0.266ms
[78.455s][info][gc] GC(170) Pause Young (Allocation Failure) 6M->1M(15M) 0.215ms
[78.458s][info][gc] GC(171) Pause Young (Allocation Failure) 6M->1M(15M) 0.211ms
[78.461s][info][gc] GC(172) Pause Young (Allocation Failure) 6M->1M(15M) 0.246ms
[78.465s][info][gc] GC(173) Pause Young (Allocation Failure) 6M->1M(15M) 0.392ms
[78.468s][info][gc] GC(174) Pause Young (Allocation Failure) 6M->1M(15M) 0.227ms
[78.471s][info][gc] GC(175) Pause Young (Allocation Failure) 6M->1M(15M) 0.244ms
[78.474s][info][gc] GC(176) Pause Young (Allocation Failure) 6M->1M(15M) 0.241ms
[78.477s][info][gc] GC(177) Pause Young (Allocation Failure) 6M->1M(15M) 0.234ms
[78.480s][info][gc] GC(178) Pause Young (Allocation Failure) 6M->1M(15M) 0.363ms
[78.484s][info][gc] GC(179) Pause Young (Allocation Failure) 6M->1M(15M) 0.345ms
[78.487s][info][gc] GC(180) Pause Young (Allocation Failure) 6M->1M(15M) 0.236ms
[78.490s][info][gc] GC(181) Pause Young (Allocation Failure) 6M->1M(15M) 0.193ms
[78.493s][info][gc] GC(182) Pause Young (Allocation Failure) 6M->1M(15M) 0.229ms
[78.497s][info][gc] GC(183) Pause Young (Allocation Failure) 6M->1M(15M) 0.619ms
[78.501s][info][gc] GC(184) Pause Young (Allocation Failure) 6M->1M(15M) 0.413ms
[78.504s][info][gc] GC(185) Pause Young (Allocation Failure) 6M->1M(15M) 0.237ms
[78.507s][info][gc] GC(186) Pause Young (Allocation Failure) 6M->1M(15M) 0.292ms
[78.510s][info][gc] GC(187) Pause Young (Allocation Failure) 6M->1M(15M) 0.235ms
[78.513s][info][gc] GC(188) Pause Young (Allocation Failure) 6M->1M(15M) 0.348ms
[78.517s][info][gc] GC(189) Pause Young (Allocation Failure) 6M->1M(15M) 0.402ms
[78.520s][info][gc] GC(190) Pause Young (Allocation Failure) 6M->1M(15M) 0.226ms
[78.523s][info][gc] GC(191) Pause Young (Allocation Failure) 6M->1M(15M) 0.239ms
[78.526s][info][gc] GC(192) Pause Young (Allocation Failure) 6M->1M(15M) 0.263ms
[78.530s][info][gc] GC(193) Pause Young (Allocation Failure) 6M->1M(15M) 0.520ms
[78.534s][info][gc] GC(194) Pause Young (Allocation Failure) 6M->1M(15M) 0.399ms
[78.537s][info][gc] GC(195) Pause Young (Allocation Failure) 6M->1M(15M) 0.233ms
[78.540s][info][gc] GC(196) Pause Young (Allocation Failure) 6M->2M(15M) 0.328ms
[78.543s][info][gc] GC(197) Pause Young (Allocation Failure) 6M->1M(15M) 0.238ms
[78.546s][info][gc] GC(198) Pause Young (Allocation Failure) 6M->1M(15M) 0.352ms
[78.549s][info][gc] GC(199) Pause Young (Allocation Failure) 6M->1M(15M) 0.217ms
[78.552s][info][gc] GC(200) Pause Young (Allocation Failure) 6M->1M(15M) 0.193ms
[78.555s][info][gc] GC(201) Pause Young (Allocation Failure) 6M->2M(15M) 0.242ms
[78.558s][info][gc] GC(202) Pause Young (Allocation Failure) 6M->2M(15M) 0.231ms
[78.562s][info][gc] GC(203) Pause Young (Allocation Failure) 6M->2M(15M) 0.334ms
[78.565s][info][gc] GC(204) Pause Young (Allocation Failure) 6M->2M(15M) 0.269ms
[78.568s][info][gc] GC(205) Pause Young (Allocation Failure) 6M->2M(15M) 0.247ms
[78.571s][info][gc] GC(206) Pause Young (Allocation Failure) 6M->2M(15M) 0.233ms
[78.574s][info][gc] GC(207) Pause Young (Allocation Failure) 6M->2M(15M) 0.235ms
[78.577s][info][gc] GC(208) Pause Young (Allocation Failure) 6M->2M(15M) 0.222ms
[78.581s][info][gc] GC(209) Pause Young (Allocation Failure) 6M->2M(15M) 0.365ms
[78.584s][info][gc] GC(210) Pause Young (Allocation Failure) 6M->2M(15M) 0.217ms
[78.587s][info][gc] GC(211) Pause Young (Allocation Failure) 6M->2M(15M) 0.212ms
[78.589s][info][gc] GC(212) Pause Young (Allocation Failure) 6M->2M(15M) 0.277ms
[78.592s][info][gc] GC(213) Pause Young (Allocation Failure) 6M->2M(15M) 0.252ms
[78.595s][info][gc] GC(214) Pause Young (Allocation Failure) 6M->2M(15M) 0.274ms
[78.599s][info][gc] GC(215) Pause Young (Allocation Failure) 6M->2M(15M) 0.278ms
[78.602s][info][gc] GC(216) Pause Young (Allocation Failure) 6M->2M(15M) 0.224ms
[78.605s][info][gc] GC(217) Pause Young (Allocation Failure) 6M->2M(15M) 0.217ms
[78.608s][info][gc] GC(218) Pause Young (Allocation Failure) 6M->2M(15M) 0.231ms
[78.611s][info][gc] GC(219) Pause Young (Allocation Failure) 6M->2M(15M) 0.215ms
[78.614s][info][gc] GC(220) Pause Young (Allocation Failure) 6M->2M(15M) 0.345ms
[78.617s][info][gc] GC(221) Pause Young (Allocation Failure) 6M->2M(15M) 0.195ms
[78.621s][info][gc] GC(222) Pause Young (Allocation Failure) 6M->2M(15M) 0.181ms
[78.623s][info][gc] GC(223) Pause Young (Allocation Failure) 6M->2M(15M) 0.221ms
[78.626s][info][gc] GC(224) Pause Young (Allocation Failure) 6M->2M(15M) 0.211ms
[78.629s][info][gc] GC(225) Pause Young (Allocation Failure) 6M->2M(15M) 0.514ms
[78.633s][info][gc] GC(226) Pause Young (Allocation Failure) 6M->2M(15M) 0.235ms
[78.636s][info][gc] GC(227) Pause Young (Allocation Failure) 6M->2M(15M) 0.209ms
[78.639s][info][gc] GC(228) Pause Young (Allocation Failure) 6M->2M(15M) 0.203ms
[78.642s][info][gc] GC(229) Pause Young (Allocation Failure) 6M->2M(15M) 0.176ms
[78.645s][info][gc] GC(230) Pause Young (Allocation Failure) 6M->2M(15M) 0.202ms
[78.648s][info][gc] GC(231) Pause Young (Allocation Failure) 6M->2M(15M) 0.333ms
[78.651s][info][gc] GC(232) Pause Young (Allocation Failure) 6M->2M(15M) 0.196ms
[78.654s][info][gc] GC(233) Pause Young (Allocation Failure) 6M->2M(15M) 0.206ms
[78.657s][info][gc] GC(234) Pause Young (Allocation Failure) 6M->2M(15M) 0.200ms
[78.660s][info][gc] GC(235) Pause Young (Allocation Failure) 6M->2M(15M) 0.190ms
[78.663s][info][gc] GC(236) Pause Young (Allocation Failure) 6M->2M(15M) 0.273ms
[78.666s][info][gc] GC(237) Pause Young (Allocation Failure) 6M->2M(15M) 0.238ms
[78.669s][info][gc] GC(238) Pause Young (Allocation Failure) 6M->2M(15M) 0.209ms
[78.672s][info][gc] GC(239) Pause Young (Allocation Failure) 6M->2M(15M) 0.213ms
[78.675s][info][gc] GC(240) Pause Young (Allocation Failure) 6M->2M(15M) 0.257ms
[78.678s][info][gc] GC(241) Pause Young (Allocation Failure) 6M->2M(15M) 0.222ms
[78.682s][info][gc] GC(242) Pause Young (Allocation Failure) 6M->2M(15M) 0.446ms
[78.687s][info][gc] GC(243) Pause Young (Allocation Failure) 6M->2M(15M) 0.339ms
[78.691s][info][gc] GC(244) Pause Young (Allocation Failure) 6M->2M(15M) 0.358ms
[78.695s][info][gc] GC(245) Pause Young (Allocation Failure) 6M->2M(15M) 0.321ms
[78.701s][info][gc] GC(246) Pause Young (Allocation Failure) 6M->2M(15M) 0.385ms
[78.706s][info][gc] GC(247) Pause Young (Allocation Failure) 6M->2M(15M) 0.380ms
[78.710s][info][gc] GC(248) Pause Young (Allocation Failure) 6M->2M(15M) 0.359ms
[78.715s][info][gc] GC(249) Pause Young (Allocation Failure) 6M->2M(15M) 0.493ms
[78.719s][info][gc] GC(250) Pause Young (Allocation Failure) 6M->2M(15M) 0.457ms
[78.724s][info][gc] GC(251) Pause Young (Allocation Failure) 6M->2M(15M) 0.318ms
[78.728s][info][gc] GC(252) Pause Young (Allocation Failure) 6M->2M(15M) 0.309ms
[78.733s][info][gc] GC(253) Pause Young (Allocation Failure) 6M->2M(15M) 0.498ms
[78.737s][info][gc] GC(254) Pause Young (Allocation Failure) 6M->2M(15M) 0.297ms
[78.741s][info][gc] GC(255) Pause Young (Allocation Failure) 6M->2M(15M) 0.313ms
[78.745s][info][gc] GC(256) Pause Young (Allocation Failure) 6M->2M(15M) 0.303ms
[78.750s][info][gc] GC(257) Pause Young (Allocation Failure) 6M->2M(15M) 0.323ms
[78.753s][info][gc] GC(258) Pause Young (Allocation Failure) 6M->2M(15M) 0.291ms
[78.757s][info][gc] GC(259) Pause Young (Allocation Failure) 6M->2M(15M) 0.308ms
[78.761s][info][gc] GC(260) Pause Young (Allocation Failure) 6M->2M(15M) 0.284ms
[78.766s][info][gc] GC(261) Pause Young (Allocation Failure) 6M->2M(15M) 0.435ms
[78.770s][info][gc] GC(262) Pause Young (Allocation Failure) 6M->2M(15M) 0.249ms
[78.773s][info][gc] GC(263) Pause Young (Allocation Failure) 6M->2M(15M) 0.266ms
[78.777s][info][gc] GC(264) Pause Young (Allocation Failure) 6M->2M(15M) 0.236ms
[78.781s][info][gc] GC(265) Pause Young (Allocation Failure) 6M->2M(15M) 0.360ms
[78.785s][info][gc] GC(266) Pause Young (Allocation Failure) 6M->2M(15M) 0.276ms
[78.789s][info][gc] GC(267) Pause Young (Allocation Failure) 6M->2M(15M) 0.214ms
[78.793s][info][gc] GC(268) Pause Young (Allocation Failure) 6M->2M(15M) 0.259ms
[78.796s][info][gc] GC(269) Pause Young (Allocation Failure) 6M->2M(15M) 0.246ms
[78.801s][info][gc] GC(270) Pause Young (Allocation Failure) 6M->2M(15M) 0.431ms
[78.805s][info][gc] GC(271) Pause Young (Allocation Failure) 6M->2M(15M) 0.252ms
[78.809s][info][gc] GC(272) Pause Young (Allocation Failure) 6M->2M(15M) 0.326ms
[78.812s][info][gc] GC(273) Pause Young (Allocation Failure) 6M->2M(15M) 0.224ms
[78.816s][info][gc] GC(274) Pause Young (Allocation Failure) 6M->2M(15M) 0.219ms
[78.820s][info][gc] GC(275) Pause Young (Allocation Failure) 6M->2M(15M) 0.204ms
[78.823s][info][gc] GC(276) Pause Young (Allocation Failure) 6M->2M(15M) 0.223ms
[78.826s][info][gc] GC(277) Pause Young (Allocation Failure) 6M->2M(15M) 0.276ms
[78.830s][info][gc] GC(278) Pause Young (Allocation Failure) 6M->2M(15M) 0.351ms
[78.834s][info][gc] GC(279) Pause Young (Allocation Failure) 6M->2M(15M) 0.318ms
[78.837s][info][gc] GC(280) Pause Young (Allocation Failure) 6M->2M(15M) 0.265ms
[78.840s][info][gc] GC(281) Pause Young (Allocation Failure) 6M->2M(15M) 0.244ms
[78.843s][info][gc] GC(282) Pause Young (Allocation Failure) 6M->2M(15M) 0.243ms
[78.847s][info][gc] GC(283) Pause Young (Allocation Failure) 6M->2M(15M) 0.239ms
[78.850s][info][gc] GC(284) Pause Young (Allocation Failure) 6M->2M(15M) 0.219ms
[78.853s][info][gc] GC(285) Pause Young (Allocation Failure) 6M->2M(15M) 0.205ms
[78.856s][info][gc] GC(286) Pause Young (Allocation Failure) 6M->2M(15M) 0.226ms
[78.859s][info][gc] GC(287) Pause Young (Allocation Failure) 6M->2M(15M) 0.217ms
[78.862s][info][gc] GC(288) Pause Young (Allocation Failure) 6M->2M(15M) 0.234ms
[78.866s][info][gc] GC(289) Pause Young (Allocation Failure) 6M->2M(15M) 0.412ms
[78.869s][info][gc] GC(290) Pause Young (Allocation Failure) 6M->2M(15M) 0.231ms
[78.872s][info][gc] GC(291) Pause Young (Allocation Failure) 6M->2M(15M) 0.227ms
[78.875s][info][gc] GC(292) Pause Young (Allocation Failure) 6M->2M(15M) 0.236ms
[78.878s][info][gc] GC(293) Pause Young (Allocation Failure) 6M->2M(15M) 0.217ms
[78.882s][info][gc] GC(294) Pause Young (Allocation Failure) 6M->2M(15M) 0.311ms
[78.885s][info][gc] GC(295) Pause Young (Allocation Failure) 6M->2M(15M) 0.218ms
[78.888s][info][gc] GC(296) Pause Young (Allocation Failure) 6M->2M(15M) 0.212ms
[78.890s][info][gc] GC(297) Pause Young (Allocation Failure) 6M->2M(15M) 0.220ms
[78.893s][info][gc] GC(298) Pause Young (Allocation Failure) 6M->2M(15M) 0.207ms
[78.896s][info][gc] GC(299) Pause Young (Allocation Failure) 6M->2M(15M) 0.203ms
[78.899s][info][gc] GC(300) Pause Young (Allocation Failure) 6M->2M(15M) 0.272ms
[78.902s][info][gc] GC(301) Pause Young (Allocation Failure) 6M->2M(15M) 0.205ms
[78.905s][info][gc] GC(302) Pause Young (Allocation Failure) 6M->2M(15M) 0.204ms
[78.908s][info][gc] GC(303) Pause Young (Allocation Failure) 6M->2M(15M) 0.209ms
[78.910s][info][gc] GC(304) Pause Young (Allocation Failure) 6M->2M(15M) 0.193ms
[78.913s][info][gc] GC(305) Pause Young (Allocation Failure) 6M->2M(15M) 0.200ms
[78.916s][info][gc] GC(306) Pause Young (Allocation Failure) 6M->2M(15M) 0.299ms
[78.919s][info][gc] GC(307) Pause Young (Allocation Failure) 6M->2M(15M) 0.204ms
[78.922s][info][gc] GC(308) Pause Young (Allocation Failure) 6M->2M(15M) 0.170ms
[78.925s][info][gc] GC(309) Pause Young (Allocation Failure) 6M->2M(15M) 0.243ms
[78.928s][info][gc] GC(310) Pause Young (Allocation Failure) 6M->2M(15M) 0.221ms
[78.930s][info][gc] GC(311) Pause Young (Allocation Failure) 6M->2M(15M) 0.154ms
[78.933s][info][gc] GC(312) Pause Young (Allocation Failure) 6M->2M(15M) 0.244ms
[78.936s][info][gc] GC(313) Pause Young (Allocation Failure) 6M->2M(15M) 0.236ms
[78.939s][info][gc] GC(314) Pause Young (Allocation Failure) 6M->2M(15M) 0.228ms
[78.942s][info][gc] GC(315) Pause Young (Allocation Failure) 6M->2M(15M) 0.156ms
[78.945s][info][gc] GC(316) Pause Young (Allocation Failure) 6M->2M(15M) 0.191ms
[78.948s][info][gc] GC(317) Pause Young (Allocation Failure) 6M->2M(15M) 0.251ms
[78.951s][info][gc] GC(318) Pause Young (Allocation Failure) 6M->2M(15M) 0.168ms
[78.954s][info][gc] GC(319) Pause Young (Allocation Failure) 6M->2M(15M) 0.244ms
[78.957s][info][gc] GC(320) Pause Young (Allocation Failure) 6M->2M(15M) 0.239ms
[78.959s][info][gc] GC(321) Pause Young (Allocation Failure) 6M->2M(15M) 0.234ms
[78.962s][info][gc] GC(322) Pause Young (Allocation Failure) 6M->2M(15M) 0.172ms
[78.965s][info][gc] GC(323) Pause Young (Allocation Failure) 6M->2M(15M) 0.311ms
[78.969s][info][gc] GC(324) Pause Young (Allocation Failure) 6M->2M(15M) 0.239ms
[78.971s][info][gc] GC(325) Pause Young (Allocation Failure) 6M->2M(15M) 0.171ms
[78.974s][info][gc] GC(326) Pause Young (Allocation Failure) 6M->2M(15M) 0.200ms
[78.977s][info][gc] GC(327) Pause Young (Allocation Failure) 6M->2M(15M) 0.149ms
[78.980s][info][gc] GC(328) Pause Young (Allocation Failure) 6M->2M(15M) 0.195ms
[78.983s][info][gc] GC(329) Pause Young (Allocation Failure) 6M->2M(15M) 0.182ms
[78.987s][info][gc] GC(330) Pause Young (Allocation Failure) 6M->2M(15M) 0.182ms
[78.990s][info][gc] GC(331) Pause Young (Allocation Failure) 6M->2M(15M) 0.223ms
[78.992s][info][gc] GC(332) Pause Young (Allocation Failure) 6M->2M(15M) 0.172ms
[78.995s][info][gc] GC(333) Pause Young (Allocation Failure) 6M->2M(15M) 0.180ms
[78.998s][info][gc] GC(334) Pause Young (Allocation Failure) 6M->2M(15M) 0.247ms
[79.002s][info][gc] GC(335) Pause Young (Allocation Failure) 6M->2M(15M) 0.508ms
[79.006s][info][gc] GC(336) Pause Young (Allocation Failure) 6M->2M(15M) 0.254ms
[79.008s][info][gc] GC(337) Pause Young (Allocation Failure) 6M->2M(15M) 0.247ms
[79.011s][info][gc] GC(338) Pause Young (Allocation Failure) 6M->2M(15M) 0.256ms
[79.015s][info][gc] GC(339) Pause Young (Allocation Failure) 6M->2M(15M) 0.423ms
[79.019s][info][gc] GC(340) Pause Young (Allocation Failure) 6M->2M(15M) 0.353ms
[79.022s][info][gc] GC(341) Pause Young (Allocation Failure) 6M->2M(15M) 0.228ms
[79.025s][info][gc] GC(342) Pause Young (Allocation Failure) 6M->2M(15M) 0.245ms
[79.028s][info][gc] GC(343) Pause Young (Allocation Failure) 6M->2M(15M) 0.242ms
[79.031s][info][gc] GC(344) Pause Young (Allocation Failure) 6M->2M(15M) 0.299ms
[79.034s][info][gc] GC(345) Pause Young (Allocation Failure) 6M->2M(15M) 0.314ms
[79.037s][info][gc] GC(346) Pause Young (Allocation Failure) 6M->2M(15M) 0.177ms
[79.040s][info][gc] GC(347) Pause Young (Allocation Failure) 6M->2M(15M) 0.186ms
[79.043s][info][gc] GC(348) Pause Young (Allocation Failure) 6M->2M(15M) 0.259ms
[79.046s][info][gc] GC(349) Pause Young (Allocation Failure) 6M->2M(15M) 0.213ms
[79.050s][info][gc] GC(350) Pause Young (Allocation Failure) 6M->2M(15M) 0.194ms
[79.053s][info][gc] GC(351) Pause Young (Allocation Failure) 6M->2M(15M) 0.171ms
[79.056s][info][gc] GC(352) Pause Young (Allocation Failure) 6M->2M(15M) 0.170ms
[79.059s][info][gc] GC(353) Pause Young (Allocation Failure) 6M->2M(15M) 0.185ms
[79.061s][info][gc] GC(354) Pause Young (Allocation Failure) 6M->2M(15M) 0.236ms
[79.065s][info][gc] GC(355) Pause Young (Allocation Failure) 6M->2M(15M) 0.339ms
[79.068s][info][gc] GC(356) Pause Young (Allocation Failure) 6M->2M(15M) 0.282ms
[79.071s][info][gc] GC(357) Pause Young (Allocation Failure) 6M->2M(15M) 0.236ms
[79.074s][info][gc] GC(358) Pause Young (Allocation Failure) 6M->2M(15M) 0.212ms
[79.077s][info][gc] GC(359) Pause Young (Allocation Failure) 6M->2M(15M) 0.211ms
[79.079s][info][gc] GC(360) Pause Young (Allocation Failure) 6M->2M(15M) 0.237ms
[79.083s][info][gc] GC(361) Pause Young (Allocation Failure) 6M->2M(15M) 0.269ms
[79.086s][info][gc] GC(362) Pause Young (Allocation Failure) 6M->2M(15M) 0.226ms
[79.089s][info][gc] GC(363) Pause Young (Allocation Failure) 6M->2M(15M) 0.226ms
[79.092s][info][gc] GC(364) Pause Young (Allocation Failure) 6M->2M(15M) 0.188ms
[79.095s][info][gc] GC(365) Pause Young (Allocation Failure) 6M->2M(15M) 0.378ms
[79.099s][info][gc] GC(366) Pause Young (Allocation Failure) 6M->2M(15M) 0.297ms
[79.102s][info][gc] GC(367) Pause Young (Allocation Failure) 6M->2M(15M) 0.246ms
[79.106s][info][gc] GC(368) Pause Young (Allocation Failure) 6M->2M(15M) 0.256ms
[79.109s][info][gc] GC(369) Pause Young (Allocation Failure) 6M->2M(15M) 0.224ms
[79.111s][info][gc] GC(370) Pause Young (Allocation Failure) 6M->2M(15M) 0.211ms
[79.115s][info][gc] GC(371) Pause Young (Allocation Failure) 6M->2M(15M) 0.572ms
[79.119s][info][gc] GC(372) Pause Young (Allocation Failure) 6M->2M(15M) 0.242ms
[79.122s][info][gc] GC(373) Pause Young (Allocation Failure) 6M->2M(15M) 0.186ms
[79.125s][info][gc] GC(374) Pause Young (Allocation Failure) 6M->2M(15M) 0.253ms
[79.128s][info][gc] GC(375) Pause Young (Allocation Failure) 6M->2M(15M) 0.237ms
[79.131s][info][gc] GC(376) Pause Young (Allocation Failure) 6M->2M(15M) 0.202ms
[79.134s][info][gc] GC(377) Pause Young (Allocation Failure) 6M->2M(15M) 0.377ms
[79.137s][info][gc] GC(378) Pause Young (Allocation Failure) 6M->2M(15M) 0.196ms
[79.140s][info][gc] GC(379) Pause Young (Allocation Failure) 6M->2M(15M) 0.224ms
[79.143s][info][gc] GC(380) Pause Young (Allocation Failure) 6M->2M(15M) 0.314ms
[79.147s][info][gc] GC(381) Pause Young (Allocation Failure) 6M->2M(15M) 0.546ms
[79.151s][info][gc] GC(382) Pause Young (Allocation Failure) 6M->2M(15M) 0.381ms
[79.155s][info][gc] GC(383) Pause Young (Allocation Failure) 6M->2M(15M) 0.538ms
[79.158s][info][gc] GC(384) Pause Young (Allocation Failure) 6M->2M(15M) 0.344ms
[79.161s][info][gc] GC(385) Pause Young (Allocation Failure) 6M->2M(15M) 0.416ms
[79.165s][info][gc] GC(386) Pause Young (Allocation Failure) 6M->2M(15M) 0.495ms
[79.169s][info][gc] GC(387) Pause Young (Allocation Failure) 6M->2M(15M) 0.476ms
[79.173s][info][gc] GC(388) Pause Young (Allocation Failure) 6M->2M(15M) 0.335ms
[79.176s][info][gc] GC(389) Pause Young (Allocation Failure) 6M->2M(15M) 0.270ms
[79.179s][info][gc] GC(390) Pause Young (Allocation Failure) 6M->2M(15M) 0.353ms
[79.183s][info][gc] GC(391) Pause Young (Allocation Failure) 6M->2M(15M) 0.391ms
[79.187s][info][gc] GC(392) Pause Young (Allocation Failure) 6M->2M(15M) 0.623ms
[79.191s][info][gc] GC(393) Pause Young (Allocation Failure) 6M->2M(15M) 0.329ms
[79.194s][info][gc] GC(394) Pause Young (Allocation Failure) 6M->2M(15M) 0.410ms
[79.198s][info][gc] GC(395) Pause Young (Allocation Failure) 6M->2M(15M) 0.551ms
[79.202s][info][gc] GC(396) Pause Young (Allocation Failure) 6M->2M(15M) 0.477ms
[79.206s][info][gc] GC(397) Pause Young (Allocation Failure) 6M->2M(15M) 0.276ms
[79.210s][info][gc] GC(398) Pause Young (Allocation Failure) 6M->2M(15M) 0.335ms
[79.214s][info][gc] GC(399) Pause Young (Allocation Failure) 6M->2M(15M) 0.616ms
[79.218s][info][gc] GC(400) Pause Young (Allocation Failure) 6M->2M(15M) 0.425ms
[79.223s][info][gc] GC(401) Pause Young (Allocation Failure) 6M->2M(15M) 0.346ms
[79.226s][info][gc] GC(402) Pause Young (Allocation Failure) 6M->2M(15M) 0.333ms
[79.230s][info][gc] GC(403) Pause Young (Allocation Failure) 6M->2M(15M) 0.402ms
[79.235s][info][gc] GC(404) Pause Young (Allocation Failure) 6M->2M(15M) 0.602ms
[79.239s][info][gc] GC(405) Pause Young (Allocation Failure) 6M->2M(15M) 0.263ms
[79.243s][info][gc] GC(406) Pause Young (Allocation Failure) 6M->2M(15M) 0.434ms
[79.246s][info][gc] GC(407) Pause Young (Allocation Failure) 6M->2M(15M) 0.432ms
[79.251s][info][gc] GC(408) Pause Young (Allocation Failure) 6M->2M(15M) 0.526ms
[79.254s][info][gc] GC(409) Pause Young (Allocation Failure) 6M->2M(15M) 0.257ms
[79.258s][info][gc] GC(410) Pause Young (Allocation Failure) 6M->2M(15M) 0.326ms
[79.261s][info][gc] GC(411) Pause Young (Allocation Failure) 6M->2M(15M) 0.483ms
[79.266s][info][gc] GC(412) Pause Young (Allocation Failure) 6M->2M(15M) 0.667ms
[79.270s][info][gc] GC(413) Pause Young (Allocation Failure) 6M->2M(15M) 0.510ms
[79.273s][info][gc] GC(414) Pause Young (Allocation Failure) 6M->2M(15M) 0.253ms
[79.277s][info][gc] GC(415) Pause Young (Allocation Failure) 6M->2M(15M) 0.364ms
[79.281s][info][gc] GC(416) Pause Young (Allocation Failure) 6M->2M(15M) 0.509ms
[79.285s][info][gc] GC(417) Pause Young (Allocation Failure) 6M->2M(15M) 0.651ms
[79.289s][info][gc] GC(418) Pause Young (Allocation Failure) 6M->2M(15M) 0.253ms
[79.292s][info][gc] GC(419) Pause Young (Allocation Failure) 6M->2M(15M) 0.357ms
[79.296s][info][gc] GC(420) Pause Young (Allocation Failure) 6M->2M(15M) 0.456ms
[79.300s][info][gc] GC(421) Pause Young (Allocation Failure) 6M->2M(15M) 0.475ms
[79.304s][info][gc] GC(422) Pause Young (Allocation Failure) 6M->2M(15M) 0.254ms
[79.306s][info][gc] GC(423) Pause Young (Allocation Failure) 6M->2M(15M) 0.255ms
[79.310s][info][gc] GC(424) Pause Young (Allocation Failure) 6M->2M(15M) 0.386ms
[79.314s][info][gc] GC(425) Pause Young (Allocation Failure) 6M->2M(15M) 0.581ms
[79.319s][info][gc] GC(426) Pause Young (Allocation Failure) 6M->2M(15M) 0.747ms
[79.322s][info][gc] GC(427) Pause Young (Allocation Failure) 6M->2M(15M) 0.253ms
[79.326s][info][gc] GC(428) Pause Young (Allocation Failure) 6M->2M(15M) 0.368ms
[79.330s][info][gc] GC(429) Pause Young (Allocation Failure) 6M->2M(15M) 0.704ms
[79.334s][info][gc] GC(430) Pause Young (Allocation Failure) 6M->2M(15M) 0.626ms
[79.338s][info][gc] GC(431) Pause Young (Allocation Failure) 6M->2M(15M) 0.272ms
[79.341s][info][gc] GC(432) Pause Young (Allocation Failure) 6M->2M(15M) 0.481ms
[79.345s][info][gc] GC(433) Pause Young (Allocation Failure) 6M->2M(15M) 0.459ms
[79.350s][info][gc] GC(434) Pause Young (Allocation Failure) 6M->2M(15M) 0.765ms
[79.354s][info][gc] GC(435) Pause Young (Allocation Failure) 6M->2M(15M) 0.259ms
[79.359s][info][gc] GC(436) Pause Young (Allocation Failure) 6M->2M(15M) 1.084ms
[79.364s][info][gc] GC(437) Pause Young (Allocation Failure) 6M->2M(15M) 0.514ms
[79.369s][info][gc] GC(438) Pause Young (Allocation Failure) 6M->2M(15M) 0.438ms
[79.375s][info][gc] GC(439) Pause Young (Allocation Failure) 6M->2M(15M) 0.710ms
[79.381s][info][gc] GC(440) Pause Young (Allocation Failure) 6M->2M(15M) 0.769ms
[79.387s][info][gc] GC(441) Pause Young (Allocation Failure) 6M->2M(15M) 0.787ms
[79.393s][info][gc] GC(442) Pause Young (Allocation Failure) 6M->2M(15M) 0.782ms
[79.400s][info][gc] GC(443) Pause Young (Allocation Failure) 6M->2M(15M) 0.734ms
[79.406s][info][gc] GC(444) Pause Young (Allocation Failure) 6M->2M(15M) 0.930ms
[79.412s][info][gc] GC(445) Pause Young (Allocation Failure) 6M->2M(15M) 0.790ms
[79.418s][info][gc] GC(446) Pause Young (Allocation Failure) 6M->2M(15M) 0.772ms
[79.423s][info][gc] GC(447) Pause Young (Allocation Failure) 6M->2M(15M) 0.326ms
[79.428s][info][gc] GC(448) Pause Young (Allocation Failure) 6M->2M(15M) 0.752ms
[79.434s][info][gc] GC(449) Pause Young (Allocation Failure) 6M->2M(15M) 0.523ms
[79.438s][info][gc] GC(450) Pause Young (Allocation Failure) 6M->2M(15M) 0.220ms
[79.442s][info][gc] GC(451) Pause Young (Allocation Failure) 6M->2M(15M) 0.730ms
[79.447s][info][gc] GC(452) Pause Young (Allocation Failure) 6M->2M(15M) 0.479ms
[79.453s][info][gc] GC(453) Pause Young (Allocation Failure) 6M->2M(15M) 0.739ms
[79.457s][info][gc] GC(454) Pause Young (Allocation Failure) 6M->2M(15M) 0.309ms
[79.462s][info][gc] GC(455) Pause Young (Allocation Failure) 6M->2M(15M) 0.654ms
[79.467s][info][gc] GC(456) Pause Young (Allocation Failure) 6M->2M(15M) 0.599ms
[79.472s][info][gc] GC(457) Pause Young (Allocation Failure) 6M->2M(15M) 0.633ms
[79.476s][info][gc] GC(458) Pause Young (Allocation Failure) 6M->2M(15M) 0.401ms
[79.481s][info][gc] GC(459) Pause Young (Allocation Failure) 6M->2M(15M) 0.700ms
[79.487s][info][gc] GC(460) Pause Young (Allocation Failure) 6M->2M(15M) 0.597ms
[79.492s][info][gc] GC(461) Pause Young (Allocation Failure) 6M->2M(15M) 0.695ms
[79.497s][info][gc] GC(462) Pause Young (Allocation Failure) 6M->2M(15M) 0.582ms
[79.502s][info][gc] GC(463) Pause Young (Allocation Failure) 6M->2M(15M) 0.901ms
[79.507s][info][gc] GC(464) Pause Young (Allocation Failure) 6M->2M(15M) 0.986ms
[79.513s][info][gc] GC(465) Pause Young (Allocation Failure) 6M->2M(15M) 0.551ms
[79.519s][info][gc] GC(466) Pause Young (Allocation Failure) 6M->2M(15M) 0.924ms
[79.524s][info][gc] GC(467) Pause Young (Allocation Failure) 6M->2M(15M) 0.567ms
[79.529s][info][gc] GC(468) Pause Young (Allocation Failure) 6M->2M(15M) 0.290ms
[79.534s][info][gc] GC(469) Pause Young (Allocation Failure) 6M->2M(15M) 0.837ms
[79.538s][info][gc] GC(470) Pause Young (Allocation Failure) 6M->2M(15M) 0.467ms
[79.544s][info][gc] GC(471) Pause Young (Allocation Failure) 6M->2M(15M) 0.846ms
[79.548s][info][gc] GC(472) Pause Young (Allocation Failure) 6M->2M(15M) 0.359ms
[79.552s][info][gc] GC(473) Pause Young (Allocation Failure) 6M->2M(15M) 0.569ms
[79.557s][info][gc] GC(474) Pause Young (Allocation Failure) 6M->2M(15M) 0.691ms
[79.562s][info][gc] GC(475) Pause Young (Allocation Failure) 6M->2M(15M) 0.563ms
[79.567s][info][gc] GC(476) Pause Young (Allocation Failure) 6M->2M(15M) 0.736ms
[79.571s][info][gc] GC(477) Pause Young (Allocation Failure) 6M->2M(15M) 0.577ms
[79.576s][info][gc] GC(478) Pause Young (Allocation Failure) 6M->2M(15M) 0.722ms
[79.581s][info][gc] GC(479) Pause Young (Allocation Failure) 6M->2M(15M) 0.553ms
[79.586s][info][gc] GC(480) Pause Young (Allocation Failure) 6M->2M(15M) 0.855ms
[79.589s][info][gc] GC(481) Pause Young (Allocation Failure) 6M->2M(15M) 0.259ms
[79.593s][info][gc] GC(482) Pause Young (Allocation Failure) 6M->2M(15M) 0.434ms
[79.597s][info][gc] GC(483) Pause Young (Allocation Failure) 6M->2M(15M) 0.556ms
[79.602s][info][gc] GC(484) Pause Young (Allocation Failure) 6M->2M(15M) 0.735ms
[79.606s][info][gc] GC(485) Pause Young (Allocation Failure) 6M->2M(15M) 0.273ms
[79.609s][info][gc] GC(486) Pause Young (Allocation Failure) 6M->2M(15M) 0.402ms
[79.614s][info][gc] GC(487) Pause Young (Allocation Failure) 6M->2M(15M) 0.736ms
[79.619s][info][gc] GC(488) Pause Young (Allocation Failure) 6M->2M(15M) 0.856ms
[79.624s][info][gc] GC(489) Pause Young (Allocation Failure) 6M->2M(15M) 0.365ms
[79.631s][info][gc] GC(490) Pause Young (Allocation Failure) 6M->2M(15M) 0.899ms
[79.637s][info][gc] GC(491) Pause Young (Allocation Failure) 6M->2M(15M) 0.412ms
[79.643s][info][gc] GC(492) Pause Young (Allocation Failure) 6M->2M(15M) 0.658ms
[79.649s][info][gc] GC(493) Pause Young (Allocation Failure) 6M->2M(15M) 0.539ms
[79.654s][info][gc] GC(494) Pause Young (Allocation Failure) 6M->2M(15M) 0.499ms
[79.660s][info][gc] GC(495) Pause Young (Allocation Failure) 6M->2M(15M) 0.872ms
[79.668s][info][gc] GC(496) Pause Young (Allocation Failure) 6M->2M(15M) 0.749ms
[79.673s][info][gc] GC(497) Pause Young (Allocation Failure) 6M->2M(15M) 0.349ms
[79.679s][info][gc] GC(498) Pause Young (Allocation Failure) 6M->2M(15M) 0.983ms
[79.686s][info][gc] GC(499) Pause Young (Allocation Failure) 6M->2M(15M) 0.850ms
[79.693s][info][gc] GC(500) Pause Young (Allocation Failure) 6M->2M(15M) 0.886ms
[79.698s][info][gc] GC(501) Pause Young (Allocation Failure) 6M->2M(15M) 0.504ms
[79.705s][info][gc] GC(502) Pause Young (Allocation Failure) 6M->2M(15M) 0.439ms
[79.712s][info][gc] GC(503) Pause Young (Allocation Failure) 6M->2M(15M) 0.754ms
[79.720s][info][gc] GC(504) Pause Young (Allocation Failure) 6M->2M(15M) 1.059ms
[79.726s][info][gc] GC(505) Pause Young (Allocation Failure) 6M->2M(15M) 0.649ms
[79.733s][info][gc] GC(506) Pause Young (Allocation Failure) 6M->2M(15M) 0.881ms
[79.740s][info][gc] GC(507) Pause Young (Allocation Failure) 6M->2M(15M) 1.172ms
[79.746s][info][gc] GC(508) Pause Young (Allocation Failure) 6M->2M(15M) 0.865ms
[79.751s][info][gc] GC(509) Pause Young (Allocation Failure) 6M->2M(15M) 0.447ms
[79.756s][info][gc] GC(510) Pause Young (Allocation Failure) 6M->2M(15M) 0.562ms
[79.763s][info][gc] GC(511) Pause Young (Allocation Failure) 6M->2M(15M) 0.965ms
[79.770s][info][gc] GC(512) Pause Young (Allocation Failure) 6M->2M(15M) 0.810ms
[79.776s][info][gc] GC(513) Pause Young (Allocation Failure) 6M->2M(15M) 0.678ms
[79.782s][info][gc] GC(514) Pause Young (Allocation Failure) 6M->2M(15M) 0.769ms
[79.788s][info][gc] GC(515) Pause Young (Allocation Failure) 6M->2M(15M) 0.942ms
[79.794s][info][gc] GC(516) Pause Young (Allocation Failure) 6M->2M(15M) 0.490ms
[79.798s][info][gc] GC(517) Pause Young (Allocation Failure) 6M->2M(15M) 0.305ms
[79.803s][info][gc] GC(518) Pause Young (Allocation Failure) 6M->2M(15M) 0.424ms
[79.808s][info][gc] GC(519) Pause Young (Allocation Failure) 6M->2M(15M) 0.277ms
[79.813s][info][gc] GC(520) Pause Young (Allocation Failure) 6M->2M(15M) 0.625ms
[79.818s][info][gc] GC(521) Pause Young (Allocation Failure) 6M->2M(15M) 0.808ms
[79.822s][info][gc] GC(522) Pause Young (Allocation Failure) 6M->2M(15M) 0.303ms
[79.827s][info][gc] GC(523) Pause Young (Allocation Failure) 6M->2M(15M) 0.559ms
[79.832s][info][gc] GC(524) Pause Young (Allocation Failure) 6M->2M(15M) 0.340ms
[79.836s][info][gc] GC(525) Pause Young (Allocation Failure) 6M->2M(15M) 0.329ms
[79.841s][info][gc] GC(526) Pause Young (Allocation Failure) 6M->2M(15M) 0.304ms
[79.845s][info][gc] GC(527) Pause Young (Allocation Failure) 6M->2M(15M) 0.726ms
[79.850s][info][gc] GC(528) Pause Young (Allocation Failure) 6M->2M(15M) 0.466ms
[79.856s][info][gc] GC(529) Pause Young (Allocation Failure) 6M->2M(15M) 0.751ms
[79.860s][info][gc] GC(530) Pause Young (Allocation Failure) 6M->2M(15M) 0.788ms
[79.866s][info][gc] GC(531) Pause Young (Allocation Failure) 6M->2M(15M) 0.330ms
[79.871s][info][gc] GC(532) Pause Young (Allocation Failure) 6M->2M(15M) 0.685ms
[79.877s][info][gc] GC(533) Pause Young (Allocation Failure) 6M->2M(15M) 0.650ms
[79.882s][info][gc] GC(534) Pause Young (Allocation Failure) 6M->2M(15M) 0.380ms
[79.888s][info][gc] GC(535) Pause Young (Allocation Failure) 6M->2M(15M) 0.803ms
[79.893s][info][gc] GC(536) Pause Young (Allocation Failure) 6M->2M(15M) 1.003ms
[79.898s][info][gc] GC(537) Pause Young (Allocation Failure) 6M->2M(15M) 0.314ms
[79.903s][info][gc] GC(538) Pause Young (Allocation Failure) 6M->2M(15M) 0.487ms
[79.908s][info][gc] GC(539) Pause Young (Allocation Failure) 6M->2M(15M) 0.286ms
[79.913s][info][gc] GC(540) Pause Young (Allocation Failure) 6M->2M(15M) 1.092ms
[79.919s][info][gc] GC(541) Pause Young (Allocation Failure) 6M->2M(15M) 0.855ms
[79.923s][info][gc] GC(542) Pause Young (Allocation Failure) 6M->2M(15M) 0.294ms
[79.929s][info][gc] GC(543) Pause Young (Allocation Failure) 6M->2M(15M) 0.545ms
[79.933s][info][gc] GC(544) Pause Young (Allocation Failure) 6M->2M(15M) 0.310ms
[79.938s][info][gc] GC(545) Pause Young (Allocation Failure) 6M->2M(15M) 0.587ms
[79.943s][info][gc] GC(546) Pause Young (Allocation Failure) 6M->2M(15M) 0.599ms
[79.948s][info][gc] GC(547) Pause Young (Allocation Failure) 6M->2M(15M) 0.333ms
[79.954s][info][gc] GC(548) Pause Young (Allocation Failure) 6M->2M(15M) 0.742ms
[79.960s][info][gc] GC(549) Pause Young (Allocation Failure) 6M->2M(15M) 0.873ms
[79.965s][info][gc] GC(550) Pause Young (Allocation Failure) 6M->2M(15M) 0.405ms
[79.970s][info][gc] GC(551) Pause Young (Allocation Failure) 6M->2M(15M) 0.587ms
[79.975s][info][gc] GC(552) Pause Young (Allocation Failure) 6M->2M(15M) 0.317ms
[79.979s][info][gc] GC(553) Pause Young (Allocation Failure) 6M->2M(15M) 0.536ms
[79.984s][info][gc] GC(554) Pause Young (Allocation Failure) 6M->2M(15M) 0.632ms
[79.989s][info][gc] GC(555) Pause Young (Allocation Failure) 6M->2M(15M) 0.364ms
[79.994s][info][gc] GC(556) Pause Young (Allocation Failure) 6M->2M(15M) 0.549ms
[79.998s][info][gc] GC(557) Pause Young (Allocation Failure) 6M->2M(15M) 0.401ms
[80.003s][info][gc] GC(558) Pause Young (Allocation Failure) 6M->2M(15M) 0.498ms
[80.008s][info][gc] GC(559) Pause Young (Allocation Failure) 6M->2M(15M) 0.364ms
[80.012s][info][gc] GC(560) Pause Young (Allocation Failure) 6M->2M(15M) 0.525ms
[80.016s][info][gc] GC(561) Pause Young (Allocation Failure) 6M->2M(15M) 0.422ms
[80.022s][info][gc] GC(562) Pause Young (Allocation Failure) 6M->2M(15M) 0.579ms
[80.026s][info][gc] GC(563) Pause Young (Allocation Failure) 6M->2M(15M) 0.367ms
[80.030s][info][gc] GC(564) Pause Young (Allocation Failure) 6M->2M(15M) 0.570ms
[80.035s][info][gc] GC(565) Pause Young (Allocation Failure) 6M->2M(15M) 0.485ms
[80.040s][info][gc] GC(566) Pause Young (Allocation Failure) 6M->2M(15M) 0.381ms
[80.044s][info][gc] GC(567) Pause Young (Allocation Failure) 6M->2M(15M) 0.406ms
[80.048s][info][gc] GC(568) Pause Young (Allocation Failure) 6M->2M(15M) 0.260ms
[80.053s][info][gc] GC(569) Pause Young (Allocation Failure) 6M->2M(15M) 0.267ms
[80.057s][info][gc] GC(570) Pause Young (Allocation Failure) 6M->2M(15M) 0.261ms
[80.062s][info][gc] GC(571) Pause Young (Allocation Failure) 6M->2M(15M) 0.525ms
[80.066s][info][gc] GC(572) Pause Young (Allocation Failure) 6M->2M(15M) 0.250ms
[80.071s][info][gc] GC(573) Pause Young (Allocation Failure) 6M->2M(15M) 0.430ms
[80.076s][info][gc] GC(574) Pause Young (Allocation Failure) 6M->2M(15M) 0.499ms
[80.081s][info][gc] GC(575) Pause Young (Allocation Failure) 6M->2M(15M) 0.572ms
[80.085s][info][gc] GC(576) Pause Young (Allocation Failure) 6M->2M(15M) 0.563ms
[80.089s][info][gc] GC(577) Pause Young (Allocation Failure) 6M->2M(15M) 0.310ms
[80.093s][info][gc] GC(578) Pause Young (Allocation Failure) 6M->2M(15M) 0.641ms
[80.099s][info][gc] GC(579) Pause Young (Allocation Failure) 6M->2M(15M) 0.475ms
[80.103s][info][gc] GC(580) Pause Young (Allocation Failure) 6M->2M(15M) 0.526ms
[80.107s][info][gc] GC(581) Pause Young (Allocation Failure) 6M->2M(15M) 0.311ms
[80.112s][info][gc] GC(582) Pause Young (Allocation Failure) 6M->2M(15M) 0.467ms
[80.116s][info][gc] GC(583) Pause Young (Allocation Failure) 6M->2M(15M) 0.325ms
[80.121s][info][gc] GC(584) Pause Young (Allocation Failure) 6M->2M(15M) 0.346ms
[80.124s][info][gc] GC(585) Pause Young (Allocation Failure) 6M->2M(15M) 0.257ms
[80.128s][info][gc] GC(586) Pause Young (Allocation Failure) 6M->2M(15M) 0.400ms
[80.133s][info][gc] GC(587) Pause Young (Allocation Failure) 6M->2M(15M) 0.311ms
[80.137s][info][gc] GC(588) Pause Young (Allocation Failure) 6M->2M(15M) 0.291ms
[80.141s][info][gc] GC(589) Pause Young (Allocation Failure) 6M->2M(15M) 0.335ms
[80.144s][info][gc] GC(590) Pause Young (Allocation Failure) 6M->2M(15M) 0.359ms
[80.149s][info][gc] GC(591) Pause Young (Allocation Failure) 6M->2M(15M) 0.313ms
[80.153s][info][gc] GC(592) Pause Young (Allocation Failure) 6M->2M(15M) 0.525ms
[80.157s][info][gc] GC(593) Pause Young (Allocation Failure) 6M->2M(15M) 0.269ms
[80.161s][info][gc] GC(594) Pause Young (Allocation Failure) 6M->2M(15M) 0.401ms
[80.165s][info][gc] GC(595) Pause Young (Allocation Failure) 6M->2M(15M) 0.359ms
[80.170s][info][gc] GC(596) Pause Young (Allocation Failure) 6M->2M(15M) 0.438ms
[80.174s][info][gc] GC(597) Pause Young (Allocation Failure) 6M->2M(15M) 0.266ms
[80.177s][info][gc] GC(598) Pause Young (Allocation Failure) 6M->2M(15M) 0.545ms
[80.182s][info][gc] GC(599) Pause Young (Allocation Failure) 6M->2M(15M) 0.444ms
[80.186s][info][gc] GC(600) Pause Young (Allocation Failure) 6M->2M(15M) 0.503ms
[80.190s][info][gc] GC(601) Pause Young (Allocation Failure) 6M->2M(15M) 0.276ms
[80.193s][info][gc] GC(602) Pause Young (Allocation Failure) 6M->2M(15M) 0.379ms
[80.198s][info][gc] GC(603) Pause Young (Allocation Failure) 6M->2M(15M) 0.667ms
[80.202s][info][gc] GC(604) Pause Young (Allocation Failure) 6M->2M(15M) 0.629ms
[80.207s][info][gc] GC(605) Pause Young (Allocation Failure) 6M->2M(15M) 0.274ms
[80.210s][info][gc] GC(606) Pause Young (Allocation Failure) 6M->2M(15M) 0.218ms
[80.214s][info][gc] GC(607) Pause Young (Allocation Failure) 6M->2M(15M) 0.607ms
[80.218s][info][gc] GC(608) Pause Young (Allocation Failure) 6M->2M(15M) 0.386ms
[80.222s][info][gc] GC(609) Pause Young (Allocation Failure) 6M->2M(15M) 0.518ms
[80.225s][info][gc] GC(610) Pause Young (Allocation Failure) 6M->2M(15M) 0.275ms
[80.229s][info][gc] GC(611) Pause Young (Allocation Failure) 6M->2M(15M) 0.657ms
[80.233s][info][gc] GC(612) Pause Young (Allocation Failure) 6M->2M(15M) 0.210ms
[80.237s][info][gc] GC(613) Pause Young (Allocation Failure) 6M->2M(15M) 0.369ms
[80.241s][info][gc] GC(614) Pause Young (Allocation Failure) 6M->2M(15M) 0.265ms
[80.244s][info][gc] GC(615) Pause Young (Allocation Failure) 6M->2M(15M) 0.520ms
[80.248s][info][gc] GC(616) Pause Young (Allocation Failure) 6M->2M(15M) 0.650ms
[80.252s][info][gc] GC(617) Pause Young (Allocation Failure) 7M->2M(15M) 0.651ms
[80.256s][info][gc] GC(618) Pause Young (Allocation Failure) 7M->2M(15M) 0.624ms
[80.259s][info][gc] GC(619) Pause Young (Allocation Failure) 7M->2M(15M) 0.335ms
[80.263s][info][gc] GC(620) Pause Young (Allocation Failure) 7M->2M(15M) 0.592ms
[80.267s][info][gc] GC(621) Pause Young (Allocation Failure) 7M->2M(15M) 0.265ms
[80.271s][info][gc] GC(622) Pause Young (Allocation Failure) 7M->2M(15M) 0.275ms
[80.274s][info][gc] GC(623) Pause Young (Allocation Failure) 7M->2M(15M) 0.233ms
[80.277s][info][gc] GC(624) Pause Young (Allocation Failure) 7M->2M(15M) 0.447ms
[80.282s][info][gc] GC(625) Pause Young (Allocation Failure) 7M->2M(15M) 0.703ms
[80.285s][info][gc] GC(626) Pause Young (Allocation Failure) 7M->2M(15M) 0.669ms
[80.290s][info][gc] GC(627) Pause Young (Allocation Failure) 7M->2M(15M) 0.715ms
[80.293s][info][gc] GC(628) Pause Young (Allocation Failure) 7M->2M(15M) 0.272ms
[80.297s][info][gc] GC(629) Pause Young (Allocation Failure) 7M->2M(15M) 0.665ms
[80.300s][info][gc] GC(630) Pause Young (Allocation Failure) 7M->2M(15M) 0.286ms
[80.304s][info][gc] GC(631) Pause Young (Allocation Failure) 7M->2M(15M) 0.612ms
[80.308s][info][gc] GC(632) Pause Young (Allocation Failure) 7M->2M(15M) 0.237ms
[80.311s][info][gc] GC(633) Pause Young (Allocation Failure) 7M->2M(15M) 0.445ms
[80.315s][info][gc] GC(634) Pause Young (Allocation Failure) 7M->2M(15M) 0.456ms
[80.319s][info][gc] GC(635) Pause Young (Allocation Failure) 7M->2M(15M) 0.510ms
[80.323s][info][gc] GC(636) Pause Young (Allocation Failure) 7M->2M(15M) 0.279ms
[80.326s][info][gc] GC(637) Pause Young (Allocation Failure) 7M->2M(15M) 0.235ms
[80.330s][info][gc] GC(638) Pause Young (Allocation Failure) 7M->2M(15M) 0.514ms
[80.334s][info][gc] GC(639) Pause Young (Allocation Failure) 7M->2M(15M) 0.307ms
[80.337s][info][gc] GC(640) Pause Young (Allocation Failure) 7M->2M(15M) 0.293ms
[80.341s][info][gc] GC(641) Pause Young (Allocation Failure) 7M->2M(15M) 0.264ms
[80.345s][info][gc] GC(642) Pause Young (Allocation Failure) 7M->2M(15M) 0.510ms
[80.349s][info][gc] GC(643) Pause Young (Allocation Failure) 7M->2M(15M) 0.285ms
[80.354s][info][gc] GC(644) Pause Young (Allocation Failure) 7M->2M(15M) 0.665ms
[80.358s][info][gc] GC(645) Pause Young (Allocation Failure) 7M->2M(15M) 0.342ms
[80.362s][info][gc] GC(646) Pause Young (Allocation Failure) 7M->2M(15M) 0.718ms
[80.368s][info][gc] GC(647) Pause Young (Allocation Failure) 7M->2M(15M) 0.441ms
[80.372s][info][gc] GC(648) Pause Young (Allocation Failure) 7M->2M(15M) 0.339ms
[80.377s][info][gc] GC(649) Pause Young (Allocation Failure) 7M->2M(15M) 0.540ms
[80.382s][info][gc] GC(650) Pause Young (Allocation Failure) 7M->2M(15M) 0.624ms
[80.388s][info][gc] GC(651) Pause Young (Allocation Failure) 7M->2M(15M) 0.500ms
[80.393s][info][gc] GC(652) Pause Young (Allocation Failure) 7M->2M(15M) 0.259ms
[80.399s][info][gc] GC(653) Pause Young (Allocation Failure) 7M->2M(15M) 0.610ms
[80.404s][info][gc] GC(654) Pause Young (Allocation Failure) 7M->2M(15M) 0.305ms
[80.408s][info][gc] GC(655) Pause Young (Allocation Failure) 7M->2M(15M) 0.276ms
[80.414s][info][gc] GC(656) Pause Young (Allocation Failure) 7M->2M(15M) 0.679ms
[80.420s][info][gc] GC(657) Pause Young (Allocation Failure) 7M->2M(15M) 0.712ms
[80.424s][info][gc] GC(658) Pause Young (Allocation Failure) 7M->2M(15M) 0.274ms
[80.428s][info][gc] GC(659) Pause Young (Allocation Failure) 7M->2M(15M) 0.483ms
[80.433s][info][gc] GC(660) Pause Young (Allocation Failure) 7M->2M(15M) 0.271ms
[80.438s][info][gc] GC(661) Pause Young (Allocation Failure) 7M->2M(15M) 0.229ms
[80.442s][info][gc] GC(662) Pause Young (Allocation Failure) 7M->2M(15M) 0.306ms
[80.447s][info][gc] GC(663) Pause Young (Allocation Failure) 7M->2M(15M) 0.778ms
[80.452s][info][gc] GC(664) Pause Young (Allocation Failure) 7M->2M(15M) 0.466ms
[80.456s][info][gc] GC(665) Pause Young (Allocation Failure) 7M->2M(15M) 0.452ms
[80.460s][info][gc] GC(666) Pause Young (Allocation Failure) 7M->2M(15M) 0.283ms
[80.465s][info][gc] GC(667) Pause Young (Allocation Failure) 7M->2M(15M) 0.759ms
[80.470s][info][gc] GC(668) Pause Young (Allocation Failure) 7M->2M(15M) 0.855ms
[80.474s][info][gc] GC(669) Pause Young (Allocation Failure) 7M->2M(15M) 0.288ms
[80.478s][info][gc] GC(670) Pause Young (Allocation Failure) 7M->2M(15M) 0.576ms
[80.483s][info][gc] GC(671) Pause Young (Allocation Failure) 7M->2M(15M) 0.421ms
[80.487s][info][gc] GC(672) Pause Young (Allocation Failure) 7M->2M(15M) 0.471ms
[80.491s][info][gc] GC(673) Pause Young (Allocation Failure) 7M->2M(15M) 0.308ms
[80.495s][info][gc] GC(674) Pause Young (Allocation Failure) 7M->2M(15M) 0.564ms
[80.500s][info][gc] GC(675) Pause Young (Allocation Failure) 7M->2M(15M) 0.303ms
[80.505s][info][gc] GC(676) Pause Young (Allocation Failure) 7M->2M(15M) 0.659ms
[80.509s][info][gc] GC(677) Pause Young (Allocation Failure) 7M->2M(15M) 0.269ms
[80.514s][info][gc] GC(678) Pause Young (Allocation Failure) 7M->2M(15M) 0.994ms
[80.519s][info][gc] GC(679) Pause Young (Allocation Failure) 7M->2M(15M) 0.344ms
[80.524s][info][gc] GC(680) Pause Young (Allocation Failure) 7M->2M(15M) 0.466ms
[80.528s][info][gc] GC(681) Pause Young (Allocation Failure) 7M->2M(15M) 0.500ms
[80.533s][info][gc] GC(682) Pause Young (Allocation Failure) 7M->2M(15M) 0.387ms
[80.538s][info][gc] GC(683) Pause Young (Allocation Failure) 7M->2M(15M) 0.381ms
[80.542s][info][gc] GC(684) Pause Young (Allocation Failure) 7M->2M(15M) 0.304ms
[80.546s][info][gc] GC(685) Pause Young (Allocation Failure) 7M->2M(15M) 0.531ms
[80.551s][info][gc] GC(686) Pause Young (Allocation Failure) 7M->2M(15M) 0.316ms
[80.555s][info][gc] GC(687) Pause Young (Allocation Failure) 7M->2M(15M) 0.285ms
[80.559s][info][gc] GC(688) Pause Young (Allocation Failure) 7M->2M(15M) 0.264ms
[80.563s][info][gc] GC(689) Pause Young (Allocation Failure) 7M->2M(15M) 0.491ms
[80.571s][info][gc] GC(690) Pause Young (Allocation Failure) 7M->2M(15M) 0.636ms
[80.575s][info][gc] GC(691) Pause Young (Allocation Failure) 7M->2M(15M) 0.449ms
[80.583s][info][gc] GC(692) Pause Young (Allocation Failure) 7M->2M(15M) 0.734ms
[80.590s][info][gc] GC(693) Pause Young (Allocation Failure) 7M->2M(15M) 0.436ms
[80.595s][info][gc] GC(694) Pause Young (Allocation Failure) 7M->2M(15M) 0.654ms
[80.601s][info][gc] GC(695) Pause Young (Allocation Failure) 7M->2M(15M) 0.428ms
[80.606s][info][gc] GC(696) Pause Young (Allocation Failure) 7M->2M(15M) 0.247ms
[80.610s][info][gc] GC(697) Pause Young (Allocation Failure) 7M->2M(15M) 0.239ms
[80.616s][info][gc] GC(698) Pause Young (Allocation Failure) 7M->2M(15M) 0.984ms
[80.621s][info][gc] GC(699) Pause Young (Allocation Failure) 7M->2M(15M) 0.777ms
[80.625s][info][gc] GC(700) Pause Young (Allocation Failure) 7M->2M(15M) 0.315ms
[80.630s][info][gc] GC(701) Pause Young (Allocation Failure) 7M->2M(15M) 0.577ms
[80.636s][info][gc] GC(702) Pause Young (Allocation Failure) 7M->2M(15M) 0.394ms
[80.640s][info][gc] GC(703) Pause Young (Allocation Failure) 7M->2M(15M) 0.311ms
[80.644s][info][gc] GC(704) Pause Young (Allocation Failure) 7M->2M(15M) 0.339ms
[80.650s][info][gc] GC(705) Pause Young (Allocation Failure) 7M->2M(15M) 0.950ms
[80.655s][info][gc] GC(706) Pause Young (Allocation Failure) 7M->2M(15M) 0.733ms
[80.659s][info][gc] GC(707) Pause Young (Allocation Failure) 7M->2M(15M) 0.298ms
[80.663s][info][gc] GC(708) Pause Young (Allocation Failure) 7M->2M(15M) 0.479ms
[80.668s][info][gc] GC(709) Pause Young (Allocation Failure) 7M->2M(15M) 0.299ms
[80.673s][info][gc] GC(710) Pause Young (Allocation Failure) 7M->2M(15M) 0.299ms
[80.676s][info][gc] GC(711) Pause Young (Allocation Failure) 7M->2M(15M) 0.325ms
[80.681s][info][gc] GC(712) Pause Young (Allocation Failure) 7M->2M(15M) 0.631ms
[80.686s][info][gc] GC(713) Pause Young (Allocation Failure) 7M->2M(15M) 0.474ms
[80.690s][info][gc] GC(714) Pause Young (Allocation Failure) 7M->2M(15M) 0.300ms
[80.694s][info][gc] GC(715) Pause Young (Allocation Failure) 7M->2M(15M) 0.231ms
[80.698s][info][gc] GC(716) Pause Young (Allocation Failure) 7M->2M(15M) 0.556ms
[80.703s][info][gc] GC(717) Pause Young (Allocation Failure) 7M->2M(15M) 0.283ms
[80.707s][info][gc] GC(718) Pause Young (Allocation Failure) 7M->2M(15M) 0.231ms
[80.710s][info][gc] GC(719) Pause Young (Allocation Failure) 7M->2M(15M) 0.480ms
[80.715s][info][gc] GC(720) Pause Young (Allocation Failure) 7M->2M(15M) 0.769ms
[80.721s][info][gc] GC(721) Pause Young (Allocation Failure) 7M->2M(15M) 0.669ms
[80.724s][info][gc] GC(722) Pause Young (Allocation Failure) 7M->2M(15M) 0.280ms
[80.728s][info][gc] GC(723) Pause Young (Allocation Failure) 7M->2M(15M) 0.332ms
[80.733s][info][gc] GC(724) Pause Young (Allocation Failure) 7M->2M(15M) 0.700ms
[80.737s][info][gc] GC(725) Pause Young (Allocation Failure) 7M->2M(15M) 0.656ms
[80.741s][info][gc] GC(726) Pause Young (Allocation Failure) 7M->2M(15M) 0.344ms
[80.745s][info][gc] GC(727) Pause Young (Allocation Failure) 7M->2M(15M) 0.360ms
[80.750s][info][gc] GC(728) Pause Young (Allocation Failure) 7M->2M(15M) 0.709ms
[80.754s][info][gc] GC(729) Pause Young (Allocation Failure) 7M->2M(15M) 0.389ms
[80.757s][info][gc] GC(730) Pause Young (Allocation Failure) 7M->2M(15M) 0.233ms
[80.761s][info][gc] GC(731) Pause Young (Allocation Failure) 7M->2M(15M) 0.279ms
[80.765s][info][gc] GC(732) Pause Young (Allocation Failure) 7M->2M(15M) 0.649ms
[80.769s][info][gc] GC(733) Pause Young (Allocation Failure) 7M->2M(15M) 0.457ms
[80.773s][info][gc] GC(734) Pause Young (Allocation Failure) 7M->2M(15M) 0.319ms
[80.777s][info][gc] GC(735) Pause Young (Allocation Failure) 7M->2M(15M) 0.254ms
[80.781s][info][gc] GC(736) Pause Young (Allocation Failure) 7M->2M(15M) 0.530ms
[80.785s][info][gc] GC(737) Pause Young (Allocation Failure) 7M->2M(15M) 0.285ms
[80.789s][info][gc] GC(738) Pause Young (Allocation Failure) 7M->2M(15M) 0.269ms
[80.792s][info][gc] GC(739) Pause Young (Allocation Failure) 7M->2M(15M) 0.254ms
[80.795s][info][gc] GC(740) Pause Young (Allocation Failure) 7M->2M(15M) 0.266ms
[80.801s][info][gc] GC(741) Pause Young (Allocation Failure) 7M->2M(15M) 0.275ms
[80.804s][info][gc] GC(742) Pause Young (Allocation Failure) 7M->2M(15M) 0.511ms
[80.808s][info][gc] GC(743) Pause Young (Allocation Failure) 7M->2M(15M) 0.238ms
[80.813s][info][gc] GC(744) Pause Young (Allocation Failure) 7M->2M(15M) 0.815ms
[80.818s][info][gc] GC(745) Pause Young (Allocation Failure) 7M->2M(15M) 0.285ms
[80.821s][info][gc] GC(746) Pause Young (Allocation Failure) 7M->2M(15M) 0.533ms
[80.824s][info][gc] GC(747) Pause Young (Allocation Failure) 7M->2M(15M) 0.248ms
[80.827s][info][gc] GC(748) Pause Young (Allocation Failure) 7M->2M(15M) 0.232ms
[80.831s][info][gc] GC(749) Pause Young (Allocation Failure) 7M->2M(15M) 0.525ms
[80.835s][info][gc] GC(750) Pause Young (Allocation Failure) 7M->2M(15M) 0.282ms
[80.839s][info][gc] GC(751) Pause Young (Allocation Failure) 7M->2M(15M) 0.261ms
[80.843s][info][gc] GC(752) Pause Young (Allocation Failure) 7M->2M(15M) 0.246ms
[80.848s][info][gc] GC(753) Pause Young (Allocation Failure) 7M->2M(15M) 0.678ms
[80.853s][info][gc] GC(754) Pause Young (Allocation Failure) 7M->2M(15M) 0.418ms
[80.858s][info][gc] GC(755) Pause Young (Allocation Failure) 7M->2M(15M) 0.236ms
[80.863s][info][gc] GC(756) Pause Young (Allocation Failure) 7M->2M(15M) 0.508ms
[80.868s][info][gc] GC(757) Pause Young (Allocation Failure) 7M->2M(15M) 0.363ms
[80.873s][info][gc] GC(758) Pause Young (Allocation Failure) 7M->2M(15M) 0.373ms
[80.878s][info][gc] GC(759) Pause Young (Allocation Failure) 7M->2M(15M) 0.369ms
[80.883s][info][gc] GC(760) Pause Young (Allocation Failure) 7M->2M(15M) 0.749ms
[80.888s][info][gc] GC(761) Pause Young (Allocation Failure) 7M->2M(15M) 0.563ms
[80.892s][info][gc] GC(762) Pause Young (Allocation Failure) 7M->2M(15M) 0.327ms
[80.897s][info][gc] GC(763) Pause Young (Allocation Failure) 7M->2M(15M) 0.525ms
[80.902s][info][gc] GC(764) Pause Young (Allocation Failure) 7M->2M(15M) 0.326ms
[80.906s][info][gc] GC(765) Pause Young (Allocation Failure) 7M->2M(15M) 0.513ms
[80.910s][info][gc] GC(766) Pause Young (Allocation Failure) 7M->2M(15M) 0.283ms
[80.915s][info][gc] GC(767) Pause Young (Allocation Failure) 7M->2M(15M) 0.553ms
[80.919s][info][gc] GC(768) Pause Young (Allocation Failure) 7M->2M(15M) 0.331ms
[80.924s][info][gc] GC(769) Pause Young (Allocation Failure) 7M->2M(15M) 0.285ms
[80.928s][info][gc] GC(770) Pause Young (Allocation Failure) 7M->2M(15M) 0.297ms
[80.932s][info][gc] GC(771) Pause Young (Allocation Failure) 7M->2M(15M) 0.668ms
[80.936s][info][gc] GC(772) Pause Young (Allocation Failure) 7M->2M(15M) 0.278ms
[80.940s][info][gc] GC(773) Pause Young (Allocation Failure) 7M->3M(15M) 0.310ms
[80.944s][info][gc] GC(774) Pause Young (Allocation Failure) 7M->2M(15M) 0.269ms
[80.949s][info][gc] GC(775) Pause Young (Allocation Failure) 7M->2M(15M) 0.980ms
[80.955s][info][gc] GC(776) Pause Young (Allocation Failure) 7M->2M(15M) 0.784ms
[80.959s][info][gc] GC(777) Pause Young (Allocation Failure) 7M->2M(15M) 0.283ms
[80.963s][info][gc] GC(778) Pause Young (Allocation Failure) 7M->3M(15M) 0.489ms
[80.967s][info][gc] GC(779) Pause Young (Allocation Failure) 7M->2M(15M) 0.581ms
[80.972s][info][gc] GC(780) Pause Young (Allocation Failure) 7M->2M(15M) 0.635ms
[80.984s][info][gc] GC(781) Pause Young (Allocation Failure) 7M->2M(15M) 0.646ms
[80.988s][info][gc] GC(782) Pause Young (Allocation Failure) 7M->3M(15M) 0.416ms
[80.991s][info][gc] GC(783) Pause Young (Allocation Failure) 7M->3M(15M) 0.329ms
[80.995s][info][gc] GC(784) Pause Young (Allocation Failure) 7M->2M(15M) 0.193ms
[80.999s][info][gc] GC(785) Pause Young (Allocation Failure) 7M->2M(15M) 0.590ms
[81.003s][info][gc] GC(786) Pause Young (Allocation Failure) 7M->2M(15M) 0.240ms
[81.007s][info][gc] GC(787) Pause Young (Allocation Failure) 7M->2M(15M) 0.201ms
[81.010s][info][gc] GC(788) Pause Young (Allocation Failure) 7M->3M(15M) 0.241ms
[81.013s][info][gc] GC(789) Pause Young (Allocation Failure) 7M->3M(15M) 0.483ms
[81.018s][info][gc] GC(790) Pause Young (Allocation Failure) 7M->3M(15M) 0.633ms
[81.022s][info][gc] GC(791) Pause Young (Allocation Failure) 7M->3M(15M) 0.703ms
[81.025s][info][gc] GC(792) Pause Young (Allocation Failure) 7M->3M(15M) 0.268ms
[81.028s][info][gc] GC(793) Pause Young (Allocation Failure) 7M->3M(15M) 0.257ms
[81.032s][info][gc] GC(794) Pause Young (Allocation Failure) 7M->3M(15M) 0.553ms
[81.036s][info][gc] GC(795) Pause Young (Allocation Failure) 7M->3M(15M) 0.263ms
[81.040s][info][gc] GC(796) Pause Young (Allocation Failure) 7M->3M(15M) 0.318ms
[81.043s][info][gc] GC(797) Pause Young (Allocation Failure) 7M->3M(15M) 0.227ms
[81.046s][info][gc] GC(798) Pause Young (Allocation Failure) 7M->3M(15M) 0.353ms
[81.051s][info][gc] GC(799) Pause Young (Allocation Failure) 7M->3M(15M) 0.963ms
[81.055s][info][gc] GC(800) Pause Young (Allocation Failure) 7M->3M(15M) 0.572ms
[81.058s][info][gc] GC(801) Pause Young (Allocation Failure) 7M->3M(15M) 0.252ms
[81.062s][info][gc] GC(802) Pause Young (Allocation Failure) 7M->3M(15M) 0.273ms
[81.066s][info][gc] GC(803) Pause Young (Allocation Failure) 7M->3M(15M) 0.710ms
[81.070s][info][gc] GC(804) Pause Young (Allocation Failure) 7M->3M(15M) 0.285ms
[81.074s][info][gc] GC(805) Pause Young (Allocation Failure) 7M->3M(15M) 0.290ms
[81.077s][info][gc] GC(806) Pause Young (Allocation Failure) 7M->3M(15M) 0.271ms
[81.081s][info][gc] GC(807) Pause Young (Allocation Failure) 7M->3M(15M) 0.431ms
[81.086s][info][gc] GC(808) Pause Young (Allocation Failure) 7M->3M(15M) 0.294ms
[81.090s][info][gc] GC(809) Pause Young (Allocation Failure) 7M->3M(15M) 0.310ms
[81.093s][info][gc] GC(810) Pause Young (Allocation Failure) 7M->3M(15M) 0.278ms
[81.097s][info][gc] GC(811) Pause Young (Allocation Failure) 7M->3M(15M) 0.531ms
[81.101s][info][gc] GC(812) Pause Young (Allocation Failure) 7M->3M(15M) 0.268ms
[81.105s][info][gc] GC(813) Pause Young (Allocation Failure) 7M->3M(15M) 0.489ms
[81.109s][info][gc] GC(814) Pause Young (Allocation Failure) 7M->3M(15M) 0.278ms
[81.112s][info][gc] GC(815) Pause Young (Allocation Failure) 7M->3M(15M) 0.256ms
[81.117s][info][gc] GC(816) Pause Young (Allocation Failure) 7M->3M(15M) 0.865ms
[81.122s][info][gc] GC(817) Pause Young (Allocation Failure) 7M->3M(15M) 0.650ms
[81.125s][info][gc] GC(818) Pause Young (Allocation Failure) 7M->3M(15M) 0.271ms
[81.128s][info][gc] GC(819) Pause Young (Allocation Failure) 7M->3M(15M) 0.260ms
[81.133s][info][gc] GC(820) Pause Young (Allocation Failure) 7M->3M(15M) 0.592ms
[81.136s][info][gc] GC(821) Pause Young (Allocation Failure) 7M->3M(15M) 0.268ms
[81.141s][info][gc] GC(822) Pause Young (Allocation Failure) 7M->3M(15M) 0.347ms
[81.144s][info][gc] GC(823) Pause Young (Allocation Failure) 7M->3M(15M) 0.283ms
[81.148s][info][gc] GC(824) Pause Young (Allocation Failure) 7M->3M(15M) 0.522ms
[81.154s][info][gc] GC(825) Pause Young (Allocation Failure) 7M->3M(15M) 0.354ms
[81.158s][info][gc] GC(826) Pause Young (Allocation Failure) 7M->3M(15M) 0.330ms
[81.162s][info][gc] GC(827) Pause Young (Allocation Failure) 7M->3M(15M) 0.250ms
[81.166s][info][gc] GC(828) Pause Young (Allocation Failure) 7M->3M(15M) 0.484ms
[81.170s][info][gc] GC(829) Pause Young (Allocation Failure) 7M->3M(15M) 0.306ms
[81.174s][info][gc] GC(830) Pause Young (Allocation Failure) 7M->3M(15M) 0.348ms
[81.178s][info][gc] GC(831) Pause Young (Allocation Failure) 7M->3M(15M) 0.274ms
[81.182s][info][gc] GC(832) Pause Young (Allocation Failure) 7M->3M(15M) 0.502ms
[81.187s][info][gc] GC(833) Pause Young (Allocation Failure) 7M->3M(15M) 0.351ms
[81.191s][info][gc] GC(834) Pause Young (Allocation Failure) 7M->3M(15M) 0.282ms
[81.194s][info][gc] GC(835) Pause Young (Allocation Failure) 7M->3M(15M) 0.343ms
[81.198s][info][gc] GC(836) Pause Young (Allocation Failure) 7M->3M(15M) 0.504ms
[81.203s][info][gc] GC(837) Pause Young (Allocation Failure) 7M->3M(15M) 0.298ms
[81.208s][info][gc] GC(838) Pause Young (Allocation Failure) 7M->3M(15M) 0.309ms
[81.211s][info][gc] GC(839) Pause Young (Allocation Failure) 7M->3M(15M) 0.273ms
[81.215s][info][gc] GC(840) Pause Young (Allocation Failure) 7M->3M(15M) 0.394ms
[81.220s][info][gc] GC(841) Pause Young (Allocation Failure) 7M->3M(15M) 0.291ms
[81.224s][info][gc] GC(842) Pause Young (Allocation Failure) 7M->3M(15M) 0.438ms
[81.227s][info][gc] GC(843) Pause Young (Allocation Failure) 7M->3M(15M) 0.248ms
[81.231s][info][gc] GC(844) Pause Young (Allocation Failure) 7M->3M(15M) 0.670ms
[81.236s][info][gc] GC(845) Pause Young (Allocation Failure) 7M->3M(15M) 0.452ms
[81.240s][info][gc] GC(846) Pause Young (Allocation Failure) 7M->3M(15M) 0.561ms
[81.243s][info][gc] GC(847) Pause Young (Allocation Failure) 7M->3M(15M) 0.210ms
[81.247s][info][gc] GC(848) Pause Young (Allocation Failure) 7M->3M(15M) 0.288ms
[81.252s][info][gc] GC(849) Pause Young (Allocation Failure) 7M->3M(15M) 0.853ms
[81.256s][info][gc] GC(850) Pause Young (Allocation Failure) 7M->3M(15M) 0.463ms
[81.260s][info][gc] GC(851) Pause Young (Allocation Failure) 7M->3M(15M) 0.306ms
[81.263s][info][gc] GC(852) Pause Young (Allocation Failure) 7M->3M(15M) 0.318ms
[81.269s][info][gc] GC(853) Pause Young (Allocation Failure) 7M->3M(15M) 0.918ms
[81.273s][info][gc] GC(854) Pause Young (Allocation Failure) 7M->3M(15M) 0.641ms
[81.277s][info][gc] GC(855) Pause Young (Allocation Failure) 7M->3M(15M) 0.360ms
[81.281s][info][gc] GC(856) Pause Young (Allocation Failure) 7M->3M(15M) 0.563ms
[81.286s][info][gc] GC(857) Pause Young (Allocation Failure) 7M->3M(15M) 0.380ms
[81.289s][info][gc] GC(858) Pause Young (Allocation Failure) 7M->3M(15M) 0.563ms
[81.293s][info][gc] GC(859) Pause Young (Allocation Failure) 7M->3M(15M) 0.279ms
[81.297s][info][gc] GC(860) Pause Young (Allocation Failure) 7M->3M(15M) 0.253ms
[81.302s][info][gc] GC(861) Pause Young (Allocation Failure) 7M->3M(15M) 0.640ms
[81.305s][info][gc] GC(862) Pause Young (Allocation Failure) 7M->3M(15M) 0.328ms
[81.309s][info][gc] GC(863) Pause Young (Allocation Failure) 7M->3M(15M) 0.240ms
[81.312s][info][gc] GC(864) Pause Young (Allocation Failure) 7M->3M(15M) 0.230ms
[81.316s][info][gc] GC(865) Pause Young (Allocation Failure) 7M->3M(15M) 0.442ms
[81.320s][info][gc] GC(866) Pause Young (Allocation Failure) 7M->3M(15M) 0.213ms
[81.325s][info][gc] GC(867) Pause Young (Allocation Failure) 7M->3M(15M) 0.572ms
[81.328s][info][gc] GC(868) Pause Young (Allocation Failure) 7M->3M(15M) 0.180ms
[81.332s][info][gc] GC(869) Pause Young (Allocation Failure) 7M->3M(15M) 0.482ms
[81.336s][info][gc] GC(870) Pause Young (Allocation Failure) 7M->3M(15M) 0.239ms
[81.339s][info][gc] GC(871) Pause Young (Allocation Failure) 7M->3M(15M) 0.365ms
[81.343s][info][gc] GC(872) Pause Young (Allocation Failure) 7M->3M(15M) 0.230ms
[81.346s][info][gc] GC(873) Pause Young (Allocation Failure) 7M->3M(15M) 0.204ms
[81.351s][info][gc] GC(874) Pause Young (Allocation Failure) 7M->3M(15M) 0.619ms
[81.354s][info][gc] GC(875) Pause Young (Allocation Failure) 7M->3M(15M) 0.256ms
[81.358s][info][gc] GC(876) Pause Young (Allocation Failure) 7M->3M(15M) 0.577ms
[81.362s][info][gc] GC(877) Pause Young (Allocation Failure) 7M->3M(15M) 0.270ms
[81.367s][info][gc] GC(878) Pause Young (Allocation Failure) 7M->3M(15M) 0.616ms
[81.373s][info][gc] GC(879) Pause Young (Allocation Failure) 7M->3M(15M) 1.057ms
[81.378s][info][gc] GC(880) Pause Young (Allocation Failure) 7M->3M(15M) 0.355ms
[81.384s][info][gc] GC(881) Pause Young (Allocation Failure) 7M->3M(15M) 0.633ms
[81.391s][info][gc] GC(882) Pause Young (Allocation Failure) 7M->3M(15M) 0.575ms
[81.397s][info][gc] GC(883) Pause Young (Allocation Failure) 7M->3M(15M) 0.587ms
[81.403s][info][gc] GC(884) Pause Young (Allocation Failure) 7M->3M(15M) 0.670ms
[81.408s][info][gc] GC(885) Pause Young (Allocation Failure) 7M->3M(15M) 0.598ms
[81.413s][info][gc] GC(886) Pause Young (Allocation Failure) 7M->3M(15M) 0.397ms
[81.418s][info][gc] GC(887) Pause Young (Allocation Failure) 7M->3M(15M) 0.536ms
[81.423s][info][gc] GC(888) Pause Young (Allocation Failure) 7M->3M(15M) 0.424ms
[81.427s][info][gc] GC(889) Pause Young (Allocation Failure) 7M->3M(15M) 0.279ms
[81.431s][info][gc] GC(890) Pause Young (Allocation Failure) 7M->3M(15M) 0.469ms
[81.436s][info][gc] GC(891) Pause Young (Allocation Failure) 7M->3M(15M) 0.327ms
[81.441s][info][gc] GC(892) Pause Young (Allocation Failure) 7M->3M(15M) 0.395ms
[81.445s][info][gc] GC(893) Pause Young (Allocation Failure) 7M->3M(15M) 0.274ms
[81.449s][info][gc] GC(894) Pause Young (Allocation Failure) 7M->3M(15M) 0.403ms
[81.453s][info][gc] GC(895) Pause Young (Allocation Failure) 7M->3M(15M) 0.321ms
[81.457s][info][gc] GC(896) Pause Young (Allocation Failure) 7M->3M(15M) 0.404ms
[81.461s][info][gc] GC(897) Pause Young (Allocation Failure) 7M->3M(15M) 0.271ms
[81.465s][info][gc] GC(898) Pause Young (Allocation Failure) 7M->3M(15M) 0.406ms
[81.469s][info][gc] GC(899) Pause Young (Allocation Failure) 7M->3M(15M) 0.321ms
[81.473s][info][gc] GC(900) Pause Young (Allocation Failure) 7M->3M(15M) 0.408ms
[81.478s][info][gc] GC(901) Pause Young (Allocation Failure) 7M->3M(15M) 0.319ms
[81.482s][info][gc] GC(902) Pause Young (Allocation Failure) 7M->3M(15M) 0.605ms
[81.486s][info][gc] GC(903) Pause Young (Allocation Failure) 7M->3M(15M) 0.316ms
[81.491s][info][gc] GC(904) Pause Young (Allocation Failure) 7M->3M(15M) 0.736ms
[81.495s][info][gc] GC(905) Pause Young (Allocation Failure) 7M->3M(15M) 0.295ms
[81.499s][info][gc] GC(906) Pause Young (Allocation Failure) 7M->3M(15M) 0.533ms
[81.504s][info][gc] GC(907) Pause Young (Allocation Failure) 7M->3M(15M) 0.401ms
[81.508s][info][gc] GC(908) Pause Young (Allocation Failure) 7M->3M(15M) 0.277ms
[81.512s][info][gc] GC(909) Pause Young (Allocation Failure) 7M->3M(15M) 0.272ms
[81.516s][info][gc] GC(910) Pause Young (Allocation Failure) 7M->3M(15M) 0.418ms
[81.520s][info][gc] GC(911) Pause Young (Allocation Failure) 7M->3M(15M) 0.291ms
[81.523s][info][gc] GC(912) Pause Young (Allocation Failure) 7M->3M(15M) 0.342ms
[81.527s][info][gc] GC(913) Pause Young (Allocation Failure) 7M->3M(15M) 0.278ms
[81.531s][info][gc] GC(914) Pause Young (Allocation Failure) 7M->3M(15M) 0.253ms
[81.536s][info][gc] GC(915) Pause Young (Allocation Failure) 7M->3M(15M) 0.715ms
[81.539s][info][gc] GC(916) Pause Young (Allocation Failure) 7M->3M(15M) 0.267ms
[81.543s][info][gc] GC(917) Pause Young (Allocation Failure) 7M->3M(15M) 0.276ms
[81.546s][info][gc] GC(918) Pause Young (Allocation Failure) 7M->3M(15M) 0.255ms
[81.552s][info][gc] GC(919) Pause Young (Allocation Failure) 7M->3M(15M) 0.767ms
[81.557s][info][gc] GC(920) Pause Young (Allocation Failure) 7M->3M(15M) 0.496ms
[81.563s][info][gc] GC(921) Pause Young (Allocation Failure) 7M->3M(15M) 0.855ms
[81.567s][info][gc] GC(922) Pause Young (Allocation Failure) 7M->3M(15M) 0.541ms
[81.572s][info][gc] GC(923) Pause Young (Allocation Failure) 7M->3M(15M) 0.754ms
[81.577s][info][gc] GC(924) Pause Young (Allocation Failure) 7M->3M(15M) 0.315ms
[81.581s][info][gc] GC(925) Pause Young (Allocation Failure) 7M->3M(15M) 0.350ms
[81.586s][info][gc] GC(926) Pause Young (Allocation Failure) 7M->3M(15M) 0.629ms
[81.591s][info][gc] GC(927) Pause Young (Allocation Failure) 7M->3M(15M) 0.751ms
[81.595s][info][gc] GC(928) Pause Young (Allocation Failure) 7M->3M(15M) 0.225ms
[81.599s][info][gc] GC(929) Pause Young (Allocation Failure) 7M->3M(15M) 0.818ms
[81.604s][info][gc] GC(930) Pause Young (Allocation Failure) 7M->3M(15M) 0.525ms
[81.609s][info][gc] GC(931) Pause Young (Allocation Failure) 7M->3M(15M) 0.647ms
[81.612s][info][gc] GC(932) Pause Young (Allocation Failure) 7M->3M(15M) 0.189ms
[81.617s][info][gc] GC(933) Pause Young (Allocation Failure) 7M->3M(15M) 0.569ms
[81.622s][info][gc] GC(934) Pause Young (Allocation Failure) 7M->3M(15M) 0.751ms
[81.627s][info][gc] GC(935) Pause Young (Allocation Failure) 7M->3M(15M) 0.266ms
[81.630s][info][gc] GC(936) Pause Young (Allocation Failure) 7M->3M(15M) 0.248ms
[81.634s][info][gc] GC(937) Pause Young (Allocation Failure) 7M->3M(15M) 0.693ms
[81.639s][info][gc] GC(938) Pause Young (Allocation Failure) 7M->3M(15M) 0.526ms
[81.644s][info][gc] GC(939) Pause Young (Allocation Failure) 7M->3M(15M) 0.450ms
[81.647s][info][gc] GC(940) Pause Young (Allocation Failure) 7M->3M(15M) 0.258ms
[81.651s][info][gc] GC(941) Pause Young (Allocation Failure) 7M->3M(15M) 0.654ms
[81.656s][info][gc] GC(942) Pause Young (Allocation Failure) 7M->3M(15M) 0.619ms
[81.660s][info][gc] GC(943) Pause Young (Allocation Failure) 7M->3M(15M) 0.265ms
[81.663s][info][gc] GC(944) Pause Young (Allocation Failure) 7M->3M(15M) 0.260ms
[81.668s][info][gc] GC(945) Pause Young (Allocation Failure) 7M->3M(15M) 0.596ms
[81.673s][info][gc] GC(946) Pause Young (Allocation Failure) 7M->3M(15M) 0.724ms
[81.677s][info][gc] GC(947) Pause Young (Allocation Failure) 7M->3M(15M) 0.280ms
[81.680s][info][gc] GC(948) Pause Young (Allocation Failure) 7M->3M(15M) 0.236ms
[81.684s][info][gc] GC(949) Pause Young (Allocation Failure) 7M->3M(15M) 0.664ms
[81.689s][info][gc] GC(950) Pause Young (Allocation Failure) 7M->3M(15M) 0.607ms
[81.694s][info][gc] GC(951) Pause Young (Allocation Failure) 7M->3M(15M) 0.271ms
[81.697s][info][gc] GC(952) Pause Young (Allocation Failure) 7M->3M(15M) 0.266ms
[81.701s][info][gc] GC(953) Pause Young (Allocation Failure) 7M->3M(15M) 0.499ms
[81.705s][info][gc] GC(954) Pause Young (Allocation Failure) 7M->3M(15M) 0.561ms
[81.710s][info][gc] GC(955) Pause Young (Allocation Failure) 7M->3M(15M) 0.291ms
[81.713s][info][gc] GC(956) Pause Young (Allocation Failure) 7M->3M(15M) 0.220ms
[81.717s][info][gc] GC(957) Pause Young (Allocation Failure) 7M->3M(15M) 0.395ms
[81.721s][info][gc] GC(958) Pause Young (Allocation Failure) 7M->3M(15M) 0.709ms
[81.726s][info][gc] GC(959) Pause Young (Allocation Failure) 7M->3M(15M) 0.513ms
[81.730s][info][gc] GC(960) Pause Young (Allocation Failure) 7M->3M(15M) 0.254ms
[81.734s][info][gc] GC(961) Pause Young (Allocation Failure) 7M->3M(15M) 0.540ms
[81.738s][info][gc] GC(962) Pause Young (Allocation Failure) 7M->3M(15M) 0.569ms
[81.743s][info][gc] GC(963) Pause Young (Allocation Failure) 7M->3M(15M) 0.339ms
[81.747s][info][gc] GC(964) Pause Young (Allocation Failure) 7M->3M(15M) 0.264ms
[81.751s][info][gc] GC(965) Pause Young (Allocation Failure) 7M->3M(15M) 0.550ms
[81.756s][info][gc] GC(966) Pause Young (Allocation Failure) 7M->3M(15M) 0.566ms
[81.760s][info][gc] GC(967) Pause Young (Allocation Failure) 7M->3M(15M) 0.300ms
[81.763s][info][gc] GC(968) Pause Young (Allocation Failure) 7M->3M(15M) 0.242ms
[81.768s][info][gc] GC(969) Pause Young (Allocation Failure) 7M->3M(15M) 0.530ms
[81.772s][info][gc] GC(970) Pause Young (Allocation Failure) 7M->3M(15M) 0.585ms
[81.777s][info][gc] GC(971) Pause Young (Allocation Failure) 7M->3M(15M) 0.294ms
[81.780s][info][gc] GC(972) Pause Young (Allocation Failure) 7M->3M(15M) 0.258ms
[81.784s][info][gc] GC(973) Pause Young (Allocation Failure) 7M->3M(15M) 0.370ms
[81.789s][info][gc] GC(974) Pause Young (Allocation Failure) 7M->3M(15M) 0.612ms
[81.794s][info][gc] GC(975) Pause Young (Allocation Failure) 7M->3M(15M) 0.340ms
[81.797s][info][gc] GC(976) Pause Young (Allocation Failure) 7M->3M(15M) 0.291ms
[81.801s][info][gc] GC(977) Pause Young (Allocation Failure) 7M->3M(15M) 0.529ms
[81.806s][info][gc] GC(978) Pause Young (Allocation Failure) 7M->3M(15M) 0.677ms
[81.811s][info][gc] GC(979) Pause Young (Allocation Failure) 7M->3M(15M) 0.290ms
[81.814s][info][gc] GC(980) Pause Young (Allocation Failure) 7M->3M(15M) 0.285ms
[81.818s][info][gc] GC(981) Pause Young (Allocation Failure) 7M->3M(15M) 0.617ms
[81.824s][info][gc] GC(982) Pause Young (Allocation Failure) 7M->3M(15M) 0.908ms
[81.828s][info][gc] GC(983) Pause Young (Allocation Failure) 7M->3M(15M) 0.260ms
[81.831s][info][gc] GC(984) Pause Young (Allocation Failure) 7M->3M(15M) 0.264ms
[81.836s][info][gc] GC(985) Pause Young (Allocation Failure) 7M->3M(15M) 0.656ms
[81.841s][info][gc] GC(986) Pause Young (Allocation Failure) 7M->3M(15M) 0.896ms
[81.845s][info][gc] GC(987) Pause Young (Allocation Failure) 7M->3M(15M) 0.253ms
[81.848s][info][gc] GC(988) Pause Young (Allocation Failure) 7M->3M(15M) 0.172ms
[81.852s][info][gc] GC(989) Pause Young (Allocation Failure) 7M->3M(15M) 0.632ms
[81.857s][info][gc] GC(990) Pause Young (Allocation Failure) 7M->3M(15M) 0.661ms
[81.861s][info][gc] GC(991) Pause Young (Allocation Failure) 7M->3M(15M) 0.259ms
[81.864s][info][gc] GC(992) Pause Young (Allocation Failure) 7M->3M(15M) 0.277ms
[81.868s][info][gc] GC(993) Pause Young (Allocation Failure) 7M->3M(15M) 0.524ms
[81.872s][info][gc] GC(994) Pause Young (Allocation Failure) 7M->3M(15M) 0.703ms
[81.877s][info][gc] GC(995) Pause Young (Allocation Failure) 7M->3M(15M) 0.295ms
[81.880s][info][gc] GC(996) Pause Young (Allocation Failure) 7M->3M(15M) 0.227ms
[81.884s][info][gc] GC(997) Pause Young (Allocation Failure) 7M->3M(15M) 0.460ms
[81.888s][info][gc] GC(998) Pause Young (Allocation Failure) 7M->3M(15M) 0.572ms
[81.893s][info][gc] GC(999) Pause Young (Allocation Failure) 7M->3M(15M) 0.730ms
[81.897s][info][gc] GC(1000) Pause Young (Allocation Failure) 7M->3M(15M) 0.264ms
[81.901s][info][gc] GC(1001) Pause Young (Allocation Failure) 7M->3M(15M) 0.491ms
[81.906s][info][gc] GC(1002) Pause Young (Allocation Failure) 7M->3M(15M) 0.592ms
[81.911s][info][gc] GC(1003) Pause Young (Allocation Failure) 7M->3M(15M) 0.306ms
[81.914s][info][gc] GC(1004) Pause Young (Allocation Failure) 7M->3M(15M) 0.277ms
[81.919s][info][gc] GC(1005) Pause Young (Allocation Failure) 7M->3M(15M) 0.738ms
[81.924s][info][gc] GC(1006) Pause Young (Allocation Failure) 7M->3M(15M) 0.889ms
[81.928s][info][gc] GC(1007) Pause Young (Allocation Failure) 7M->3M(15M) 0.298ms
[81.932s][info][gc] GC(1008) Pause Young (Allocation Failure) 7M->3M(15M) 0.248ms
[81.937s][info][gc] GC(1009) Pause Young (Allocation Failure) 7M->3M(15M) 0.761ms
[81.942s][info][gc] GC(1010) Pause Young (Allocation Failure) 7M->3M(15M) 0.568ms
[81.946s][info][gc] GC(1011) Pause Young (Allocation Failure) 7M->3M(15M) 0.268ms
[81.950s][info][gc] GC(1012) Pause Young (Allocation Failure) 7M->3M(15M) 0.702ms
[81.955s][info][gc] GC(1013) Pause Young (Allocation Failure) 7M->3M(15M) 0.663ms
[81.960s][info][gc] GC(1014) Pause Young (Allocation Failure) 7M->3M(15M) 0.988ms
[81.963s][info][gc] GC(1015) Pause Young (Allocation Failure) 7M->3M(15M) 0.265ms
[81.967s][info][gc] GC(1016) Pause Young (Allocation Failure) 7M->3M(15M) 0.431ms
[81.972s][info][gc] GC(1017) Pause Young (Allocation Failure) 7M->3M(15M) 0.576ms
[81.977s][info][gc] GC(1018) Pause Young (Allocation Failure) 7M->3M(15M) 0.790ms
[81.980s][info][gc] GC(1019) Pause Young (Allocation Failure) 7M->3M(15M) 0.254ms
[81.984s][info][gc] GC(1020) Pause Young (Allocation Failure) 7M->3M(15M) 0.481ms
[81.989s][info][gc] GC(1021) Pause Young (Allocation Failure) 7M->3M(15M) 0.621ms
[81.994s][info][gc] GC(1022) Pause Young (Allocation Failure) 7M->3M(15M) 0.492ms
[81.998s][info][gc] GC(1023) Pause Young (Allocation Failure) 7M->3M(15M) 0.337ms
[82.002s][info][gc] GC(1024) Pause Young (Allocation Failure) 7M->3M(15M) 0.498ms
[82.007s][info][gc] GC(1025) Pause Young (Allocation Failure) 7M->3M(15M) 0.519ms
[82.011s][info][gc] GC(1026) Pause Young (Allocation Failure) 7M->3M(15M) 0.316ms
[82.015s][info][gc] GC(1027) Pause Young (Allocation Failure) 7M->3M(15M) 0.193ms
[82.019s][info][gc] GC(1028) Pause Young (Allocation Failure) 7M->3M(15M) 0.505ms
[82.024s][info][gc] GC(1029) Pause Young (Allocation Failure) 7M->3M(15M) 0.726ms
[82.029s][info][gc] GC(1030) Pause Young (Allocation Failure) 7M->3M(15M) 0.290ms
[82.032s][info][gc] GC(1031) Pause Young (Allocation Failure) 7M->3M(15M) 0.190ms
[82.036s][info][gc] GC(1032) Pause Young (Allocation Failure) 7M->3M(15M) 0.635ms
[82.041s][info][gc] GC(1033) Pause Young (Allocation Failure) 7M->3M(15M) 0.577ms
[82.046s][info][gc] GC(1034) Pause Young (Allocation Failure) 7M->3M(15M) 0.266ms
[82.049s][info][gc] GC(1035) Pause Young (Allocation Failure) 7M->3M(15M) 0.350ms
[82.053s][info][gc] GC(1036) Pause Young (Allocation Failure) 7M->3M(15M) 0.590ms
[82.059s][info][gc] GC(1037) Pause Young (Allocation Failure) 7M->3M(15M) 1.138ms
[82.063s][info][gc] GC(1038) Pause Young (Allocation Failure) 7M->3M(15M) 0.253ms
[82.066s][info][gc] GC(1039) Pause Young (Allocation Failure) 7M->3M(15M) 0.248ms
[82.070s][info][gc] GC(1040) Pause Young (Allocation Failure) 7M->3M(15M) 0.602ms
[82.075s][info][gc] GC(1041) Pause Young (Allocation Failure) 7M->3M(15M) 0.596ms
[82.079s][info][gc] GC(1042) Pause Young (Allocation Failure) 7M->3M(15M) 0.249ms
[82.083s][info][gc] GC(1043) Pause Young (Allocation Failure) 7M->3M(15M) 0.373ms
[82.087s][info][gc] GC(1044) Pause Young (Allocation Failure) 7M->3M(15M) 0.807ms
[82.092s][info][gc] GC(1045) Pause Young (Allocation Failure) 7M->3M(15M) 0.409ms
[82.096s][info][gc] GC(1046) Pause Young (Allocation Failure) 7M->3M(15M) 0.260ms
[82.100s][info][gc] GC(1047) Pause Young (Allocation Failure) 7M->3M(15M) 0.624ms
[82.105s][info][gc] GC(1048) Pause Young (Allocation Failure) 7M->3M(15M) 0.984ms
[82.111s][info][gc] GC(1049) Pause Young (Allocation Failure) 7M->3M(15M) 0.858ms
[82.116s][info][gc] GC(1050) Pause Young (Allocation Failure) 7M->3M(15M) 0.529ms
[82.122s][info][gc] GC(1051) Pause Young (Allocation Failure) 7M->3M(15M) 0.525ms
[82.128s][info][gc] GC(1052) Pause Young (Allocation Failure) 7M->3M(15M) 0.598ms
[82.134s][info][gc] GC(1053) Pause Young (Allocation Failure) 7M->3M(15M) 0.370ms
[82.139s][info][gc] GC(1054) Pause Young (Allocation Failure) 7M->3M(15M) 0.471ms
[82.145s][info][gc] GC(1055) Pause Young (Allocation Failure) 7M->3M(15M) 0.588ms
[82.151s][info][gc] GC(1056) Pause Young (Allocation Failure) 7M->3M(15M) 0.586ms
[82.156s][info][gc] GC(1057) Pause Young (Allocation Failure) 7M->3M(15M) 0.398ms
[82.161s][info][gc] GC(1058) Pause Young (Allocation Failure) 7M->3M(15M) 0.460ms
[82.166s][info][gc] GC(1059) Pause Young (Allocation Failure) 7M->3M(15M) 0.371ms
[82.172s][info][gc] GC(1060) Pause Young (Allocation Failure) 7M->3M(15M) 0.713ms
[82.178s][info][gc] GC(1061) Pause Young (Allocation Failure) 7M->3M(15M) 0.547ms
[82.183s][info][gc] GC(1062) Pause Young (Allocation Failure) 7M->3M(15M) 0.478ms
[82.187s][info][gc] GC(1063) Pause Young (Allocation Failure) 7M->3M(15M) 0.333ms
[82.193s][info][gc] GC(1064) Pause Young (Allocation Failure) 7M->3M(15M) 0.584ms
[82.199s][info][gc] GC(1065) Pause Young (Allocation Failure) 7M->3M(15M) 0.790ms
[82.206s][info][gc] GC(1066) Pause Young (Allocation Failure) 7M->3M(15M) 0.430ms
[82.210s][info][gc] GC(1067) Pause Young (Allocation Failure) 7M->3M(15M) 0.370ms
[82.215s][info][gc] GC(1068) Pause Young (Allocation Failure) 7M->3M(15M) 0.441ms
[82.220s][info][gc] GC(1069) Pause Young (Allocation Failure) 7M->3M(15M) 0.403ms
[82.226s][info][gc] GC(1070) Pause Young (Allocation Failure) 7M->3M(15M) 0.560ms
[82.232s][info][gc] GC(1071) Pause Young (Allocation Failure) 7M->3M(15M) 0.559ms
[82.238s][info][gc] GC(1072) Pause Young (Allocation Failure) 7M->3M(15M) 0.530ms
[82.243s][info][gc] GC(1073) Pause Young (Allocation Failure) 7M->3M(15M) 0.482ms
[82.249s][info][gc] GC(1074) Pause Young (Allocation Failure) 7M->3M(15M) 0.572ms
[82.258s][info][gc] GC(1075) Pause Young (Allocation Failure) 7M->3M(15M) 0.579ms
[82.263s][info][gc] GC(1076) Pause Young (Allocation Failure) 7M->3M(15M) 0.372ms
[82.268s][info][gc] GC(1077) Pause Young (Allocation Failure) 7M->3M(15M) 0.342ms
[82.272s][info][gc] GC(1078) Pause Young (Allocation Failure) 7M->3M(15M) 0.363ms
[82.278s][info][gc] GC(1079) Pause Young (Allocation Failure) 7M->3M(15M) 0.407ms
[82.282s][info][gc] GC(1080) Pause Young (Allocation Failure) 7M->3M(15M) 0.483ms
[82.287s][info][gc] GC(1081) Pause Young (Allocation Failure) 7M->3M(15M) 0.406ms
[82.292s][info][gc] GC(1082) Pause Young (Allocation Failure) 7M->3M(15M) 0.568ms
[82.297s][info][gc] GC(1083) Pause Young (Allocation Failure) 7M->3M(15M) 0.431ms
[82.301s][info][gc] GC(1084) Pause Young (Allocation Failure) 7M->3M(15M) 0.339ms
[82.305s][info][gc] GC(1085) Pause Young (Allocation Failure) 7M->3M(15M) 0.257ms
[82.309s][info][gc] GC(1086) Pause Young (Allocation Failure) 7M->3M(15M) 0.545ms
[82.315s][info][gc] GC(1087) Pause Young (Allocation Failure) 7M->3M(15M) 0.333ms
[82.319s][info][gc] GC(1088) Pause Young (Allocation Failure) 7M->3M(15M) 0.428ms
[82.323s][info][gc] GC(1089) Pause Young (Allocation Failure) 7M->3M(15M) 0.332ms
[82.329s][info][gc] GC(1090) Pause Young (Allocation Failure) 7M->3M(15M) 0.681ms
[82.333s][info][gc] GC(1091) Pause Young (Allocation Failure) 7M->3M(15M) 0.444ms
[82.338s][info][gc] GC(1092) Pause Young (Allocation Failure) 7M->3M(15M) 0.453ms
[82.343s][info][gc] GC(1093) Pause Young (Allocation Failure) 7M->3M(15M) 0.571ms
[82.349s][info][gc] GC(1094) Pause Young (Allocation Failure) 7M->3M(15M) 0.539ms
[82.355s][info][gc] GC(1095) Pause Young (Allocation Failure) 7M->3M(15M) 0.403ms
[82.361s][info][gc] GC(1096) Pause Young (Allocation Failure) 7M->3M(15M) 0.515ms
[82.367s][info][gc] GC(1097) Pause Young (Allocation Failure) 7M->3M(15M) 0.676ms
[82.373s][info][gc] GC(1098) Pause Young (Allocation Failure) 7M->3M(15M) 0.443ms
[82.379s][info][gc] GC(1099) Pause Young (Allocation Failure) 7M->3M(15M) 0.623ms
[82.385s][info][gc] GC(1100) Pause Young (Allocation Failure) 7M->3M(15M) 0.582ms
[82.391s][info][gc] GC(1101) Pause Young (Allocation Failure) 7M->3M(15M) 0.658ms
[82.397s][info][gc] GC(1102) Pause Young (Allocation Failure) 7M->3M(15M) 0.493ms
[82.404s][info][gc] GC(1103) Pause Young (Allocation Failure) 7M->3M(15M) 0.898ms
[82.411s][info][gc] GC(1104) Pause Young (Allocation Failure) 7M->3M(15M) 0.660ms
[82.417s][info][gc] GC(1105) Pause Young (Allocation Failure) 7M->3M(15M) 0.569ms
[82.423s][info][gc] GC(1106) Pause Young (Allocation Failure) 7M->3M(15M) 0.339ms
[82.429s][info][gc] GC(1107) Pause Young (Allocation Failure) 7M->3M(15M) 0.614ms
[82.435s][info][gc] GC(1108) Pause Young (Allocation Failure) 7M->3M(15M) 0.571ms
[82.442s][info][gc] GC(1109) Pause Young (Allocation Failure) 7M->3M(15M) 0.706ms
[82.447s][info][gc] GC(1110) Pause Young (Allocation Failure) 7M->3M(15M) 0.450ms
[82.453s][info][gc] GC(1111) Pause Young (Allocation Failure) 7M->3M(15M) 0.922ms
[82.460s][info][gc] GC(1112) Pause Young (Allocation Failure) 7M->3M(15M) 0.740ms
[82.465s][info][gc] GC(1113) Pause Young (Allocation Failure) 7M->3M(15M) 0.269ms
[82.471s][info][gc] GC(1114) Pause Young (Allocation Failure) 7M->3M(15M) 0.630ms
[82.476s][info][gc] GC(1115) Pause Young (Allocation Failure) 7M->3M(15M) 0.775ms
[82.481s][info][gc] GC(1116) Pause Young (Allocation Failure) 7M->3M(15M) 0.281ms
[82.487s][info][gc] GC(1117) Pause Young (Allocation Failure) 7M->3M(15M) 0.541ms
[82.492s][info][gc] GC(1118) Pause Young (Allocation Failure) 7M->3M(15M) 0.569ms
[82.498s][info][gc] GC(1119) Pause Young (Allocation Failure) 7M->3M(15M) 0.353ms
[82.503s][info][gc] GC(1120) Pause Young (Allocation Failure) 7M->3M(15M) 0.455ms
[82.508s][info][gc] GC(1121) Pause Young (Allocation Failure) 7M->3M(15M) 0.617ms
[82.513s][info][gc] GC(1122) Pause Young (Allocation Failure) 7M->3M(15M) 0.333ms
[82.518s][info][gc] GC(1123) Pause Young (Allocation Failure) 7M->3M(15M) 0.372ms
[82.524s][info][gc] GC(1124) Pause Young (Allocation Failure) 7M->3M(15M) 0.518ms
[82.530s][info][gc] GC(1125) Pause Young (Allocation Failure) 7M->3M(15M) 0.432ms
[82.534s][info][gc] GC(1126) Pause Young (Allocation Failure) 7M->3M(15M) 0.335ms
[82.540s][info][gc] GC(1127) Pause Young (Allocation Failure) 7M->3M(15M) 0.593ms
[82.545s][info][gc] GC(1128) Pause Young (Allocation Failure) 7M->3M(15M) 0.637ms
[82.550s][info][gc] GC(1129) Pause Young (Allocation Failure) 7M->3M(15M) 0.407ms
[82.555s][info][gc] GC(1130) Pause Young (Allocation Failure) 7M->3M(15M) 0.526ms
[82.562s][info][gc] GC(1131) Pause Young (Allocation Failure) 7M->3M(15M) 0.688ms
[82.566s][info][gc] GC(1132) Pause Young (Allocation Failure) 7M->3M(15M) 0.418ms
[82.572s][info][gc] GC(1133) Pause Young (Allocation Failure) 7M->3M(15M) 0.723ms
[82.578s][info][gc] GC(1134) Pause Young (Allocation Failure) 7M->3M(15M) 0.779ms
[82.583s][info][gc] GC(1135) Pause Young (Allocation Failure) 7M->3M(15M) 0.334ms
[82.588s][info][gc] GC(1136) Pause Young (Allocation Failure) 7M->3M(15M) 0.708ms
[82.594s][info][gc] GC(1137) Pause Young (Allocation Failure) 7M->3M(15M) 0.530ms
[82.600s][info][gc] GC(1138) Pause Young (Allocation Failure) 7M->3M(15M) 0.416ms
[82.606s][info][gc] GC(1139) Pause Young (Allocation Failure) 7M->3M(15M) 0.709ms
[82.612s][info][gc] GC(1140) Pause Young (Allocation Failure) 7M->3M(15M) 0.900ms
[82.617s][info][gc] GC(1141) Pause Young (Allocation Failure) 7M->3M(15M) 0.364ms
[82.623s][info][gc] GC(1142) Pause Young (Allocation Failure) 7M->3M(15M) 0.798ms
[82.630s][info][gc] GC(1143) Pause Young (Allocation Failure) 7M->3M(15M) 1.020ms
[82.635s][info][gc] GC(1144) Pause Young (Allocation Failure) 7M->3M(15M) 0.752ms
[82.644s][info][gc] GC(1145) Pause Young (Allocation Failure) 7M->3M(15M) 0.834ms
[82.650s][info][gc] GC(1146) Pause Young (Allocation Failure) 7M->3M(15M) 0.492ms
[82.658s][info][gc] GC(1147) Pause Young (Allocation Failure) 7M->3M(15M) 0.855ms
[82.664s][info][gc] GC(1148) Pause Young (Allocation Failure) 7M->3M(15M) 0.621ms
[82.669s][info][gc] GC(1149) Pause Young (Allocation Failure) 7M->3M(15M) 0.649ms
[82.676s][info][gc] GC(1150) Pause Young (Allocation Failure) 7M->3M(15M) 1.316ms
[82.682s][info][gc] GC(1151) Pause Young (Allocation Failure) 7M->3M(15M) 0.635ms
[82.688s][info][gc] GC(1152) Pause Young (Allocation Failure) 7M->3M(15M) 0.526ms
[82.695s][info][gc] GC(1153) Pause Young (Allocation Failure) 7M->3M(15M) 0.760ms
[82.702s][info][gc] GC(1154) Pause Young (Allocation Failure) 7M->3M(15M) 0.717ms
[82.708s][info][gc] GC(1155) Pause Young (Allocation Failure) 7M->3M(15M) 0.540ms
[82.714s][info][gc] GC(1156) Pause Young (Allocation Failure) 7M->3M(15M) 0.587ms
[82.720s][info][gc] GC(1157) Pause Young (Allocation Failure) 7M->3M(15M) 0.714ms
[82.725s][info][gc] GC(1158) Pause Young (Allocation Failure) 7M->3M(15M) 0.463ms
[82.732s][info][gc] GC(1159) Pause Young (Allocation Failure) 7M->3M(15M) 0.601ms
[82.739s][info][gc] GC(1160) Pause Young (Allocation Failure) 7M->3M(15M) 0.911ms
[82.747s][info][gc] GC(1161) Pause Young (Allocation Failure) 7M->3M(15M) 0.886ms
[82.754s][info][gc] GC(1162) Pause Young (Allocation Failure) 7M->3M(15M) 0.612ms
[82.761s][info][gc] GC(1163) Pause Young (Allocation Failure) 7M->3M(15M) 0.606ms
[82.767s][info][gc] GC(1164) Pause Young (Allocation Failure) 7M->3M(15M) 0.766ms
[82.773s][info][gc] GC(1165) Pause Young (Allocation Failure) 7M->3M(15M) 0.694ms
[82.780s][info][gc] GC(1166) Pause Young (Allocation Failure) 7M->3M(15M) 0.688ms
[82.788s][info][gc] GC(1167) Pause Young (Allocation Failure) 7M->3M(15M) 0.865ms
[82.799s][info][gc] GC(1168) Pause Young (Allocation Failure) 7M->3M(15M) 0.912ms
[82.810s][info][gc] GC(1169) Pause Young (Allocation Failure) 7M->3M(15M) 0.537ms
[82.821s][info][gc] GC(1170) Pause Young (Allocation Failure) 7M->3M(15M) 0.550ms
[82.833s][info][gc] GC(1171) Pause Young (Allocation Failure) 7M->3M(15M) 0.515ms
[82.847s][info][gc] GC(1172) Pause Young (Allocation Failure) 7M->3M(15M) 1.419ms
[82.861s][info][gc] GC(1173) Pause Young (Allocation Failure) 7M->3M(15M) 1.169ms
[82.879s][info][gc] GC(1174) Pause Young (Allocation Failure) 7M->3M(15M) 0.916ms
[82.885s][info][gc] GC(1175) Pause Young (Allocation Failure) 7M->3M(15M) 0.556ms
[82.893s][info][gc] GC(1176) Pause Young (Allocation Failure) 7M->3M(15M) 0.809ms
[82.902s][info][gc] GC(1177) Pause Young (Allocation Failure) 7M->3M(15M) 0.627ms
[82.910s][info][gc] GC(1178) Pause Young (Allocation Failure) 7M->3M(15M) 1.051ms
[82.917s][info][gc] GC(1179) Pause Young (Allocation Failure) 7M->3M(15M) 0.435ms
[82.924s][info][gc] GC(1180) Pause Young (Allocation Failure) 7M->3M(15M) 0.721ms
[82.932s][info][gc] GC(1181) Pause Young (Allocation Failure) 7M->3M(15M) 0.680ms
[82.938s][info][gc] GC(1182) Pause Young (Allocation Failure) 7M->3M(15M) 0.610ms
[82.946s][info][gc] GC(1183) Pause Young (Allocation Failure) 7M->3M(15M) 0.853ms
[82.955s][info][gc] GC(1184) Pause Young (Allocation Failure) 7M->3M(15M) 0.621ms
[82.963s][info][gc] GC(1185) Pause Young (Allocation Failure) 7M->3M(15M) 1.099ms
[82.971s][info][gc] GC(1186) Pause Young (Allocation Failure) 7M->3M(15M) 1.020ms
[82.978s][info][gc] GC(1187) Pause Young (Allocation Failure) 7M->3M(15M) 1.088ms
[82.986s][info][gc] GC(1188) Pause Young (Allocation Failure) 7M->3M(15M) 0.856ms
[82.995s][info][gc] GC(1189) Pause Young (Allocation Failure) 7M->3M(15M) 1.055ms
[83.008s][info][gc] GC(1190) Pause Young (Allocation Failure) 7M->3M(15M) 0.688ms
[83.017s][info][gc] GC(1191) Pause Young (Allocation Failure) 7M->3M(15M) 0.900ms
[83.026s][info][gc] GC(1192) Pause Young (Allocation Failure) 7M->3M(15M) 0.814ms
[83.034s][info][gc] GC(1193) Pause Young (Allocation Failure) 7M->3M(15M) 0.902ms
[83.042s][info][gc] GC(1194) Pause Young (Allocation Failure) 7M->3M(15M) 1.179ms
[83.050s][info][gc] GC(1195) Pause Young (Allocation Failure) 7M->3M(15M) 0.824ms
[83.059s][info][gc] GC(1196) Pause Young (Allocation Failure) 7M->3M(15M) 0.838ms
[83.068s][info][gc] GC(1197) Pause Young (Allocation Failure) 7M->3M(15M) 1.369ms
[83.076s][info][gc] GC(1198) Pause Young (Allocation Failure) 7M->3M(15M) 0.767ms
[83.083s][info][gc] GC(1199) Pause Young (Allocation Failure) 7M->3M(15M) 0.526ms
[83.091s][info][gc] GC(1200) Pause Young (Allocation Failure) 7M->3M(15M) 0.871ms
[83.097s][info][gc] GC(1201) Pause Young (Allocation Failure) 7M->3M(15M) 0.634ms
[83.102s][info][gc] GC(1202) Pause Young (Allocation Failure) 7M->3M(15M) 0.396ms
[83.108s][info][gc] GC(1203) Pause Young (Allocation Failure) 7M->3M(15M) 0.662ms
[83.114s][info][gc] GC(1204) Pause Young (Allocation Failure) 7M->3M(15M) 0.577ms
[83.119s][info][gc] GC(1205) Pause Young (Allocation Failure) 7M->3M(15M) 0.414ms
[83.125s][info][gc] GC(1206) Pause Young (Allocation Failure) 7M->3M(15M) 0.472ms
[83.131s][info][gc] GC(1207) Pause Young (Allocation Failure) 7M->3M(15M) 0.652ms
[83.137s][info][gc] GC(1208) Pause Young (Allocation Failure) 7M->3M(15M) 0.648ms
[83.143s][info][gc] GC(1209) Pause Young (Allocation Failure) 7M->3M(15M) 0.376ms
[83.149s][info][gc] GC(1210) Pause Young (Allocation Failure) 7M->3M(15M) 0.575ms
[83.155s][info][gc] GC(1211) Pause Young (Allocation Failure) 7M->3M(15M) 0.505ms
[83.162s][info][gc] GC(1212) Pause Young (Allocation Failure) 7M->3M(15M) 0.674ms
[83.168s][info][gc] GC(1213) Pause Young (Allocation Failure) 7M->3M(15M) 0.514ms
[83.174s][info][gc] GC(1214) Pause Young (Allocation Failure) 7M->3M(15M) 0.600ms
[83.180s][info][gc] GC(1215) Pause Young (Allocation Failure) 7M->3M(15M) 0.537ms
[83.186s][info][gc] GC(1216) Pause Young (Allocation Failure) 7M->3M(15M) 0.385ms
[83.193s][info][gc] GC(1217) Pause Young (Allocation Failure) 7M->3M(15M) 0.531ms
[83.200s][info][gc] GC(1218) Pause Young (Allocation Failure) 7M->3M(15M) 0.519ms
[83.209s][info][gc] GC(1219) Pause Young (Allocation Failure) 7M->3M(15M) 0.950ms
[83.217s][info][gc] GC(1220) Pause Young (Allocation Failure) 7M->3M(15M) 0.382ms
[83.223s][info][gc] GC(1221) Pause Young (Allocation Failure) 7M->3M(15M) 0.578ms
[83.229s][info][gc] GC(1222) Pause Young (Allocation Failure) 7M->3M(15M) 0.633ms
[83.236s][info][gc] GC(1223) Pause Young (Allocation Failure) 7M->3M(15M) 0.478ms
[83.243s][info][gc] GC(1224) Pause Young (Allocation Failure) 7M->3M(15M) 0.758ms
[83.250s][info][gc] GC(1225) Pause Young (Allocation Failure) 7M->3M(15M) 0.714ms
[83.255s][info][gc] GC(1226) Pause Young (Allocation Failure) 7M->3M(15M) 0.739ms
[83.262s][info][gc] GC(1227) Pause Young (Allocation Failure) 7M->3M(15M) 0.694ms
[83.267s][info][gc] GC(1228) Pause Young (Allocation Failure) 7M->3M(15M) 0.250ms
[83.271s][info][gc] GC(1229) Pause Young (Allocation Failure) 7M->3M(15M) 0.514ms
[83.276s][info][gc] GC(1230) Pause Young (Allocation Failure) 7M->3M(15M) 0.288ms
[83.282s][info][gc] GC(1231) Pause Young (Allocation Failure) 7M->3M(15M) 0.702ms
[83.287s][info][gc] GC(1232) Pause Young (Allocation Failure) 8M->3M(15M) 0.845ms
[83.292s][info][gc] GC(1233) Pause Young (Allocation Failure) 8M->3M(15M) 0.432ms
[83.296s][info][gc] GC(1234) Pause Young (Allocation Failure) 8M->3M(15M) 0.484ms
[83.301s][info][gc] GC(1235) Pause Young (Allocation Failure) 8M->3M(15M) 0.286ms
[83.306s][info][gc] GC(1236) Pause Young (Allocation Failure) 8M->3M(15M) 0.460ms
[83.310s][info][gc] GC(1237) Pause Young (Allocation Failure) 8M->3M(15M) 0.349ms
[83.315s][info][gc] GC(1238) Pause Young (Allocation Failure) 8M->3M(15M) 0.555ms
[83.319s][info][gc] GC(1239) Pause Young (Allocation Failure) 8M->3M(15M) 0.321ms
[83.324s][info][gc] GC(1240) Pause Young (Allocation Failure) 8M->3M(15M) 0.571ms
[83.328s][info][gc] GC(1241) Pause Young (Allocation Failure) 8M->3M(15M) 0.318ms
[83.332s][info][gc] GC(1242) Pause Young (Allocation Failure) 8M->3M(15M) 0.228ms
[83.336s][info][gc] GC(1243) Pause Young (Allocation Failure) 8M->3M(15M) 0.182ms
[83.340s][info][gc] GC(1244) Pause Young (Allocation Failure) 8M->3M(15M) 0.541ms
[83.345s][info][gc] GC(1245) Pause Young (Allocation Failure) 8M->3M(15M) 0.486ms
[83.349s][info][gc] GC(1246) Pause Young (Allocation Failure) 8M->3M(15M) 0.332ms
[83.353s][info][gc] GC(1247) Pause Young (Allocation Failure) 8M->3M(15M) 0.418ms
[83.358s][info][gc] GC(1248) Pause Young (Allocation Failure) 8M->3M(15M) 0.549ms
[83.363s][info][gc] GC(1249) Pause Young (Allocation Failure) 8M->3M(15M) 0.677ms
[83.368s][info][gc] GC(1250) Pause Young (Allocation Failure) 8M->3M(15M) 0.432ms
[83.374s][info][gc] GC(1251) Pause Young (Allocation Failure) 8M->3M(15M) 0.569ms
[83.380s][info][gc] GC(1252) Pause Young (Allocation Failure) 8M->3M(15M) 0.730ms
[83.385s][info][gc] GC(1253) Pause Young (Allocation Failure) 8M->3M(15M) 0.435ms
[83.391s][info][gc] GC(1254) Pause Young (Allocation Failure) 8M->3M(15M) 0.719ms
[83.397s][info][gc] GC(1255) Pause Young (Allocation Failure) 8M->3M(15M) 0.661ms
[83.402s][info][gc] GC(1256) Pause Young (Allocation Failure) 8M->3M(15M) 0.442ms
[83.408s][info][gc] GC(1257) Pause Young (Allocation Failure) 8M->3M(15M) 0.579ms
[83.413s][info][gc] GC(1258) Pause Young (Allocation Failure) 8M->3M(15M) 0.726ms
[83.419s][info][gc] GC(1259) Pause Young (Allocation Failure) 8M->3M(15M) 0.534ms
[83.425s][info][gc] GC(1260) Pause Young (Allocation Failure) 8M->3M(15M) 0.768ms
[83.431s][info][gc] GC(1261) Pause Young (Allocation Failure) 8M->3M(15M) 0.389ms
[83.435s][info][gc] GC(1262) Pause Young (Allocation Failure) 8M->3M(15M) 0.326ms
[83.440s][info][gc] GC(1263) Pause Young (Allocation Failure) 8M->3M(15M) 0.605ms
[83.445s][info][gc] GC(1264) Pause Young (Allocation Failure) 8M->3M(15M) 0.506ms
[83.450s][info][gc] GC(1265) Pause Young (Allocation Failure) 8M->3M(15M) 0.308ms
[83.454s][info][gc] GC(1266) Pause Young (Allocation Failure) 8M->3M(15M) 0.452ms
[83.459s][info][gc] GC(1267) Pause Young (Allocation Failure) 8M->3M(15M) 0.340ms
[83.463s][info][gc] GC(1268) Pause Young (Allocation Failure) 8M->3M(15M) 0.419ms
[83.468s][info][gc] GC(1269) Pause Young (Allocation Failure) 8M->3M(15M) 0.294ms
[83.472s][info][gc] GC(1270) Pause Young (Allocation Failure) 8M->3M(15M) 0.400ms
[83.476s][info][gc] GC(1271) Pause Young (Allocation Failure) 8M->3M(15M) 0.324ms
[83.481s][info][gc] GC(1272) Pause Young (Allocation Failure) 8M->3M(15M) 0.335ms
[83.484s][info][gc] GC(1273) Pause Young (Allocation Failure) 8M->3M(15M) 0.268ms
[83.489s][info][gc] GC(1274) Pause Young (Allocation Failure) 8M->3M(15M) 0.440ms
[83.493s][info][gc] GC(1275) Pause Young (Allocation Failure) 8M->3M(15M) 0.352ms
[83.498s][info][gc] GC(1276) Pause Young (Allocation Failure) 8M->3M(15M) 0.392ms
[83.501s][info][gc] GC(1277) Pause Young (Allocation Failure) 8M->3M(15M) 0.349ms
[83.505s][info][gc] GC(1278) Pause Young (Allocation Failure) 8M->3M(15M) 0.442ms
[83.510s][info][gc] GC(1279) Pause Young (Allocation Failure) 8M->3M(15M) 0.318ms
[83.514s][info][gc] GC(1280) Pause Young (Allocation Failure) 8M->3M(15M) 0.549ms
[83.518s][info][gc] GC(1281) Pause Young (Allocation Failure) 8M->3M(15M) 0.291ms
[83.522s][info][gc] GC(1282) Pause Young (Allocation Failure) 8M->3M(15M) 0.488ms
[83.526s][info][gc] GC(1283) Pause Young (Allocation Failure) 8M->3M(15M) 0.330ms
[83.530s][info][gc] GC(1284) Pause Young (Allocation Failure) 8M->3M(15M) 0.502ms
[83.534s][info][gc] GC(1285) Pause Young (Allocation Failure) 8M->3M(15M) 0.268ms
[83.537s][info][gc] GC(1286) Pause Young (Allocation Failure) 8M->3M(15M) 0.343ms
[83.542s][info][gc] GC(1287) Pause Young (Allocation Failure) 8M->3M(15M) 0.652ms
[83.546s][info][gc] GC(1288) Pause Young (Allocation Failure) 8M->3M(15M) 0.338ms
[83.550s][info][gc] GC(1289) Pause Young (Allocation Failure) 8M->3M(15M) 0.331ms
[83.553s][info][gc] GC(1290) Pause Young (Allocation Failure) 8M->3M(15M) 0.257ms
[83.557s][info][gc] GC(1291) Pause Young (Allocation Failure) 8M->3M(15M) 0.578ms
[83.561s][info][gc] GC(1292) Pause Young (Allocation Failure) 8M->3M(15M) 0.286ms
[83.565s][info][gc] GC(1293) Pause Young (Allocation Failure) 8M->3M(15M) 0.281ms
[83.568s][info][gc] GC(1294) Pause Young (Allocation Failure) 8M->3M(15M) 0.256ms
[83.572s][info][gc] GC(1295) Pause Young (Allocation Failure) 8M->3M(15M) 0.439ms
[83.577s][info][gc] GC(1296) Pause Young (Allocation Failure) 8M->3M(15M) 0.289ms
[83.580s][info][gc] GC(1297) Pause Young (Allocation Failure) 8M->3M(15M) 0.502ms
[83.584s][info][gc] GC(1298) Pause Young (Allocation Failure) 8M->3M(15M) 0.342ms
[83.588s][info][gc] GC(1299) Pause Young (Allocation Failure) 8M->3M(15M) 0.476ms
[83.593s][info][gc] GC(1300) Pause Young (Allocation Failure) 8M->3M(15M) 0.558ms
[83.597s][info][gc] GC(1301) Pause Young (Allocation Failure) 8M->3M(15M) 0.641ms
[83.600s][info][gc] GC(1302) Pause Young (Allocation Failure) 8M->3M(15M) 0.228ms
[83.604s][info][gc] GC(1303) Pause Young (Allocation Failure) 8M->3M(15M) 0.270ms
[83.608s][info][gc] GC(1304) Pause Young (Allocation Failure) 8M->3M(15M) 0.871ms
[83.613s][info][gc] GC(1305) Pause Young (Allocation Failure) 8M->3M(15M) 0.530ms
[83.617s][info][gc] GC(1306) Pause Young (Allocation Failure) 8M->3M(15M) 0.389ms
[83.620s][info][gc] GC(1307) Pause Young (Allocation Failure) 8M->3M(15M) 0.253ms
[83.624s][info][gc] GC(1308) Pause Young (Allocation Failure) 8M->3M(15M) 0.714ms
[83.629s][info][gc] GC(1309) Pause Young (Allocation Failure) 8M->3M(15M) 0.377ms
[83.633s][info][gc] GC(1310) Pause Young (Allocation Failure) 8M->3M(15M) 0.272ms
[83.636s][info][gc] GC(1311) Pause Young (Allocation Failure) 8M->3M(15M) 0.192ms
[83.640s][info][gc] GC(1312) Pause Young (Allocation Failure) 8M->3M(15M) 0.733ms
[83.644s][info][gc] GC(1313) Pause Young (Allocation Failure) 8M->3M(15M) 0.230ms
[83.648s][info][gc] GC(1314) Pause Young (Allocation Failure) 8M->3M(15M) 0.535ms
[83.652s][info][gc] GC(1315) Pause Young (Allocation Failure) 8M->3M(15M) 0.324ms
[83.655s][info][gc] GC(1316) Pause Young (Allocation Failure) 8M->3M(15M) 0.409ms
[83.660s][info][gc] GC(1317) Pause Young (Allocation Failure) 8M->4M(15M) 0.293ms
[83.664s][info][gc] GC(1318) Pause Young (Allocation Failure) 8M->4M(15M) 0.637ms
[83.668s][info][gc] GC(1319) Pause Young (Allocation Failure) 8M->4M(15M) 0.270ms
[83.671s][info][gc] GC(1320) Pause Young (Allocation Failure) 8M->3M(15M) 0.214ms
[83.676s][info][gc] GC(1321) Pause Young (Allocation Failure) 8M->4M(15M) 0.593ms
[83.680s][info][gc] GC(1322) Pause Young (Allocation Failure) 8M->3M(15M) 0.636ms
[83.684s][info][gc] GC(1323) Pause Young (Allocation Failure) 8M->4M(15M) 0.324ms
[83.687s][info][gc] GC(1324) Pause Young (Allocation Failure) 8M->3M(15M) 0.238ms
[83.692s][info][gc] GC(1325) Pause Young (Allocation Failure) 8M->4M(15M) 0.863ms
[83.696s][info][gc] GC(1326) Pause Young (Allocation Failure) 8M->4M(15M) 0.548ms
[83.700s][info][gc] GC(1327) Pause Young (Allocation Failure) 8M->4M(15M) 0.278ms
[83.704s][info][gc] GC(1328) Pause Young (Allocation Failure) 8M->4M(15M) 0.316ms
[83.710s][info][gc] GC(1329) Pause Young (Allocation Failure) 8M->4M(15M) 0.972ms
[83.715s][info][gc] GC(1330) Pause Young (Allocation Failure) 8M->4M(15M) 0.785ms
[83.720s][info][gc] GC(1331) Pause Young (Allocation Failure) 8M->3M(15M) 0.460ms
[83.725s][info][gc] GC(1332) Pause Young (Allocation Failure) 8M->3M(15M) 0.766ms
[83.731s][info][gc] GC(1333) Pause Young (Allocation Failure) 8M->4M(15M) 0.756ms
[83.735s][info][gc] GC(1334) Pause Young (Allocation Failure) 8M->3M(15M) 0.300ms
[83.740s][info][gc] GC(1335) Pause Young (Allocation Failure) 8M->4M(15M) 0.562ms
[83.746s][info][gc] GC(1336) Pause Young (Allocation Failure) 8M->4M(15M) 0.595ms
[83.750s][info][gc] GC(1337) Pause Young (Allocation Failure) 8M->3M(15M) 0.397ms
[83.754s][info][gc] GC(1338) Pause Young (Allocation Failure) 8M->4M(15M) 0.312ms
[83.760s][info][gc] GC(1339) Pause Young (Allocation Failure) 8M->4M(15M) 0.696ms
[83.765s][info][gc] GC(1340) Pause Young (Allocation Failure) 8M->4M(15M) 0.869ms
[83.769s][info][gc] GC(1341) Pause Young (Allocation Failure) 8M->4M(15M) 0.282ms
[83.773s][info][gc] GC(1342) Pause Young (Allocation Failure) 8M->4M(15M) 0.631ms
[83.778s][info][gc] GC(1343) Pause Young (Allocation Failure) 8M->3M(15M) 0.331ms
[83.783s][info][gc] GC(1344) Pause Young (Allocation Failure) 8M->4M(15M) 0.299ms
[83.787s][info][gc] GC(1345) Pause Young (Allocation Failure) 8M->3M(15M) 0.236ms
[83.791s][info][gc] GC(1346) Pause Young (Allocation Failure) 8M->3M(15M) 0.578ms
[83.795s][info][gc] GC(1347) Pause Young (Allocation Failure) 8M->4M(15M) 0.303ms
[83.800s][info][gc] GC(1348) Pause Young (Allocation Failure) 8M->4M(15M) 0.306ms
[83.803s][info][gc] GC(1349) Pause Young (Allocation Failure) 8M->3M(15M) 0.208ms
[83.808s][info][gc] GC(1350) Pause Young (Allocation Failure) 8M->4M(15M) 0.709ms
[83.814s][info][gc] GC(1351) Pause Young (Allocation Failure) 8M->4M(15M) 1.142ms
[83.818s][info][gc] GC(1352) Pause Young (Allocation Failure) 8M->3M(15M) 0.216ms
[83.821s][info][gc] GC(1353) Pause Young (Allocation Failure) 8M->3M(15M) 0.189ms
[83.825s][info][gc] GC(1354) Pause Young (Allocation Failure) 8M->3M(15M) 0.531ms
[83.829s][info][gc] GC(1355) Pause Young (Allocation Failure) 8M->3M(15M) 0.207ms
[83.833s][info][gc] GC(1356) Pause Young (Allocation Failure) 8M->3M(15M) 0.205ms
[83.836s][info][gc] GC(1357) Pause Young (Allocation Failure) 8M->4M(15M) 0.259ms
[83.840s][info][gc] GC(1358) Pause Young (Allocation Failure) 8M->4M(15M) 0.513ms
[83.845s][info][gc] GC(1359) Pause Young (Allocation Failure) 8M->4M(15M) 0.283ms
[83.849s][info][gc] GC(1360) Pause Young (Allocation Failure) 8M->4M(15M) 0.491ms
[83.852s][info][gc] GC(1361) Pause Young (Allocation Failure) 8M->4M(15M) 0.253ms
[83.855s][info][gc] GC(1362) Pause Young (Allocation Failure) 8M->4M(15M) 0.289ms
[83.859s][info][gc] GC(1363) Pause Young (Allocation Failure) 8M->4M(15M) 0.593ms
[83.863s][info][gc] GC(1364) Pause Young (Allocation Failure) 8M->4M(15M) 0.251ms
[83.867s][info][gc] GC(1365) Pause Young (Allocation Failure) 8M->4M(15M) 0.205ms
[83.870s][info][gc] GC(1366) Pause Young (Allocation Failure) 8M->4M(15M) 0.209ms
[83.874s][info][gc] GC(1367) Pause Young (Allocation Failure) 8M->4M(15M) 0.546ms
[83.878s][info][gc] GC(1368) Pause Young (Allocation Failure) 8M->3M(15M) 0.214ms
[83.882s][info][gc] GC(1369) Pause Young (Allocation Failure) 8M->4M(15M) 0.567ms
[83.885s][info][gc] GC(1370) Pause Young (Allocation Failure) 8M->4M(15M) 0.174ms
[83.888s][info][gc] GC(1371) Pause Young (Allocation Failure) 8M->4M(15M) 0.325ms
[83.892s][info][gc] GC(1372) Pause Young (Allocation Failure) 8M->4M(15M) 0.627ms
[83.896s][info][gc] GC(1373) Pause Young (Allocation Failure) 8M->4M(15M) 0.238ms
[83.900s][info][gc] GC(1374) Pause Young (Allocation Failure) 8M->4M(15M) 0.242ms
[83.903s][info][gc] GC(1375) Pause Young (Allocation Failure) 8M->4M(15M) 0.169ms
[83.907s][info][gc] GC(1376) Pause Young (Allocation Failure) 8M->4M(15M) 0.724ms
[83.911s][info][gc] GC(1377) Pause Young (Allocation Failure) 8M->4M(15M) 0.418ms
[83.916s][info][gc] GC(1378) Pause Young (Allocation Failure) 8M->4M(15M) 0.368ms
[83.919s][info][gc] GC(1379) Pause Young (Allocation Failure) 8M->4M(15M) 0.183ms
[83.923s][info][gc] GC(1380) Pause Young (Allocation Failure) 8M->4M(15M) 0.571ms
[83.927s][info][gc] GC(1381) Pause Young (Allocation Failure) 8M->4M(15M) 0.586ms
[83.931s][info][gc] GC(1382) Pause Young (Allocation Failure) 8M->4M(15M) 0.332ms
[83.934s][info][gc] GC(1383) Pause Young (Allocation Failure) 8M->4M(15M) 0.277ms
[83.938s][info][gc] GC(1384) Pause Young (Allocation Failure) 8M->4M(15M) 0.256ms
[83.943s][info][gc] GC(1385) Pause Young (Allocation Failure) 8M->4M(15M) 0.644ms
[83.947s][info][gc] GC(1386) Pause Young (Allocation Failure) 8M->4M(15M) 0.602ms
[83.951s][info][gc] GC(1387) Pause Young (Allocation Failure) 8M->4M(15M) 0.266ms
[83.954s][info][gc] GC(1388) Pause Young (Allocation Failure) 8M->4M(15M) 0.259ms
[83.958s][info][gc] GC(1389) Pause Young (Allocation Failure) 8M->4M(15M) 0.620ms
[83.963s][info][gc] GC(1390) Pause Young (Allocation Failure) 8M->4M(15M) 0.242ms
[83.967s][info][gc] GC(1391) Pause Young (Allocation Failure) 8M->4M(15M) 0.563ms
[83.970s][info][gc] GC(1392) Pause Young (Allocation Failure) 8M->4M(15M) 0.263ms
[83.974s][info][gc] GC(1393) Pause Young (Allocation Failure) 8M->4M(15M) 0.602ms
[83.979s][info][gc] GC(1394) Pause Young (Allocation Failure) 8M->4M(15M) 0.330ms
[83.983s][info][gc] GC(1395) Pause Young (Allocation Failure) 8M->4M(15M) 0.279ms
[83.986s][info][gc] GC(1396) Pause Young (Allocation Failure) 8M->4M(15M) 0.276ms
[83.991s][info][gc] GC(1397) Pause Young (Allocation Failure) 8M->4M(15M) 0.451ms
[83.995s][info][gc] GC(1398) Pause Young (Allocation Failure) 8M->4M(15M) 0.315ms
[84.000s][info][gc] GC(1399) Pause Young (Allocation Failure) 8M->4M(15M) 0.357ms
[84.003s][info][gc] GC(1400) Pause Young (Allocation Failure) 8M->4M(15M) 0.282ms
[84.007s][info][gc] GC(1401) Pause Young (Allocation Failure) 8M->4M(15M) 0.590ms
[84.012s][info][gc] GC(1402) Pause Young (Allocation Failure) 8M->4M(15M) 0.307ms
[84.016s][info][gc] GC(1403) Pause Young (Allocation Failure) 8M->4M(15M) 0.286ms
[84.020s][info][gc] GC(1404) Pause Young (Allocation Failure) 8M->4M(15M) 0.321ms
[84.024s][info][gc] GC(1405) Pause Young (Allocation Failure) 8M->4M(15M) 0.416ms
[84.028s][info][gc] GC(1406) Pause Young (Allocation Failure) 8M->4M(15M) 0.317ms
[84.033s][info][gc] GC(1407) Pause Young (Allocation Failure) 8M->4M(15M) 0.327ms
[84.036s][info][gc] GC(1408) Pause Young (Allocation Failure) 8M->4M(15M) 0.257ms
[84.040s][info][gc] GC(1409) Pause Young (Allocation Failure) 8M->4M(15M) 0.543ms
[84.045s][info][gc] GC(1410) Pause Young (Allocation Failure) 8M->4M(15M) 0.280ms
[84.049s][info][gc] GC(1411) Pause Young (Allocation Failure) 8M->4M(15M) 0.629ms
[84.053s][info][gc] GC(1412) Pause Young (Allocation Failure) 8M->4M(15M) 0.270ms
[84.057s][info][gc] GC(1413) Pause Young (Allocation Failure) 8M->4M(15M) 0.465ms
[84.061s][info][gc] GC(1414) Pause Young (Allocation Failure) 8M->4M(15M) 0.311ms
[84.066s][info][gc] GC(1415) Pause Young (Allocation Failure) 8M->4M(15M) 0.463ms
[84.069s][info][gc] GC(1416) Pause Young (Allocation Failure) 8M->4M(15M) 0.308ms
[84.073s][info][gc] GC(1417) Pause Young (Allocation Failure) 8M->4M(15M) 0.483ms
[84.078s][info][gc] GC(1418) Pause Young (Allocation Failure) 8M->4M(15M) 0.384ms
[84.082s][info][gc] GC(1419) Pause Young (Allocation Failure) 8M->4M(15M) 0.543ms
[84.086s][info][gc] GC(1420) Pause Young (Allocation Failure) 8M->4M(15M) 0.321ms
[84.089s][info][gc] GC(1421) Pause Young (Allocation Failure) 8M->4M(15M) 0.280ms
[84.093s][info][gc] GC(1422) Pause Young (Allocation Failure) 8M->4M(15M) 0.526ms
[84.098s][info][gc] GC(1423) Pause Young (Allocation Failure) 8M->4M(15M) 0.726ms
[84.102s][info][gc] GC(1424) Pause Young (Allocation Failure) 8M->4M(15M) 0.307ms
[84.105s][info][gc] GC(1425) Pause Young (Allocation Failure) 8M->4M(15M) 0.268ms
[84.109s][info][gc] GC(1426) Pause Young (Allocation Failure) 8M->4M(15M) 0.788ms
[84.114s][info][gc] GC(1427) Pause Young (Allocation Failure) 8M->4M(15M) 0.606ms
[84.118s][info][gc] GC(1428) Pause Young (Allocation Failure) 8M->4M(15M) 0.298ms
[84.122s][info][gc] GC(1429) Pause Young (Allocation Failure) 8M->4M(15M) 0.333ms
[84.126s][info][gc] GC(1430) Pause Young (Allocation Failure) 8M->4M(15M) 0.641ms
[84.130s][info][gc] GC(1431) Pause Young (Allocation Failure) 8M->4M(15M) 0.408ms
[84.136s][info][gc] GC(1432) Pause Young (Allocation Failure) 8M->4M(15M) 0.326ms
[84.139s][info][gc] GC(1433) Pause Young (Allocation Failure) 8M->4M(15M) 0.382ms
[84.145s][info][gc] GC(1434) Pause Young (Allocation Failure) 8M->4M(15M) 0.697ms
[84.149s][info][gc] GC(1435) Pause Young (Allocation Failure) 8M->4M(15M) 0.590ms
[84.153s][info][gc] GC(1436) Pause Young (Allocation Failure) 8M->4M(15M) 0.289ms
[84.158s][info][gc] GC(1437) Pause Young (Allocation Failure) 8M->4M(15M) 0.670ms
[84.162s][info][gc] GC(1438) Pause Young (Allocation Failure) 8M->4M(15M) 0.361ms
[84.167s][info][gc] GC(1439) Pause Young (Allocation Failure) 8M->4M(15M) 0.277ms
[84.171s][info][gc] GC(1440) Pause Young (Allocation Failure) 8M->4M(15M) 0.357ms
[84.176s][info][gc] GC(1441) Pause Young (Allocation Failure) 8M->4M(15M) 0.668ms
[84.181s][info][gc] GC(1442) Pause Young (Allocation Failure) 8M->4M(15M) 0.397ms
[84.185s][info][gc] GC(1443) Pause Young (Allocation Failure) 8M->4M(15M) 0.301ms
[84.189s][info][gc] GC(1444) Pause Young (Allocation Failure) 8M->4M(15M) 0.358ms
[84.194s][info][gc] GC(1445) Pause Young (Allocation Failure) 8M->4M(15M) 0.704ms
[84.199s][info][gc] GC(1446) Pause Young (Allocation Failure) 8M->4M(15M) 0.748ms
[84.203s][info][gc] GC(1447) Pause Young (Allocation Failure) 8M->4M(15M) 0.330ms
[84.207s][info][gc] GC(1448) Pause Young (Allocation Failure) 8M->4M(15M) 0.720ms
[84.212s][info][gc] GC(1449) Pause Young (Allocation Failure) 8M->4M(15M) 0.380ms
[84.217s][info][gc] GC(1450) Pause Young (Allocation Failure) 8M->4M(15M) 0.602ms
[84.221s][info][gc] GC(1451) Pause Young (Allocation Failure) 8M->4M(15M) 0.320ms
[84.226s][info][gc] GC(1452) Pause Young (Allocation Failure) 8M->4M(15M) 0.709ms
[84.231s][info][gc] GC(1453) Pause Young (Allocation Failure) 8M->4M(15M) 0.385ms
[84.236s][info][gc] GC(1454) Pause Young (Allocation Failure) 8M->4M(15M) 0.342ms
[84.241s][info][gc] GC(1455) Pause Young (Allocation Failure) 8M->4M(15M) 0.911ms
[84.246s][info][gc] GC(1456) Pause Young (Allocation Failure) 8M->4M(15M) 0.328ms
[84.251s][info][gc] GC(1457) Pause Young (Allocation Failure) 8M->4M(15M) 0.598ms
[84.255s][info][gc] GC(1458) Pause Young (Allocation Failure) 8M->4M(15M) 0.326ms
[84.259s][info][gc] GC(1459) Pause Young (Allocation Failure) 8M->4M(15M) 0.596ms
[84.264s][info][gc] GC(1460) Pause Young (Allocation Failure) 8M->4M(15M) 0.417ms
[84.268s][info][gc] GC(1461) Pause Young (Allocation Failure) 8M->4M(15M) 0.286ms
[84.272s][info][gc] GC(1462) Pause Young (Allocation Failure) 8M->4M(15M) 0.282ms
[84.277s][info][gc] GC(1463) Pause Young (Allocation Failure) 8M->4M(15M) 0.801ms
[84.281s][info][gc] GC(1464) Pause Young (Allocation Failure) 8M->4M(15M) 0.290ms
[84.285s][info][gc] GC(1465) Pause Young (Allocation Failure) 8M->4M(15M) 0.301ms
[84.288s][info][gc] GC(1466) Pause Young (Allocation Failure) 8M->4M(15M) 0.269ms
[84.292s][info][gc] GC(1467) Pause Young (Allocation Failure) 8M->4M(15M) 0.571ms
[84.297s][info][gc] GC(1468) Pause Young (Allocation Failure) 8M->4M(15M) 0.309ms
[84.301s][info][gc] GC(1469) Pause Young (Allocation Failure) 8M->4M(15M) 0.270ms
[84.304s][info][gc] GC(1470) Pause Young (Allocation Failure) 8M->4M(15M) 0.257ms
[84.308s][info][gc] GC(1471) Pause Young (Allocation Failure) 8M->4M(15M) 0.412ms
[84.312s][info][gc] GC(1472) Pause Young (Allocation Failure) 8M->4M(15M) 0.290ms
[84.317s][info][gc] GC(1473) Pause Young (Allocation Failure) 8M->4M(15M) 0.513ms
[84.320s][info][gc] GC(1474) Pause Young (Allocation Failure) 8M->4M(15M) 0.271ms
[84.323s][info][gc] GC(1475) Pause Young (Allocation Failure) 8M->4M(15M) 0.260ms
[84.328s][info][gc] GC(1476) Pause Young (Allocation Failure) 8M->4M(15M) 0.826ms
[84.331s][info][gc] GC(1477) Pause Young (Allocation Failure) 8M->4M(15M) 0.370ms
[84.335s][info][gc] GC(1478) Pause Young (Allocation Failure) 8M->4M(15M) 0.257ms
[84.338s][info][gc] GC(1479) Pause Young (Allocation Failure) 8M->4M(15M) 0.267ms
[84.343s][info][gc] GC(1480) Pause Young (Allocation Failure) 8M->4M(15M) 0.658ms
[84.347s][info][gc] GC(1481) Pause Young (Allocation Failure) 8M->4M(15M) 0.261ms
[84.350s][info][gc] GC(1482) Pause Young (Allocation Failure) 8M->4M(15M) 0.241ms
[84.353s][info][gc] GC(1483) Pause Young (Allocation Failure) 8M->4M(15M) 0.220ms
[84.357s][info][gc] GC(1484) Pause Young (Allocation Failure) 8M->4M(15M) 0.717ms
[84.362s][info][gc] GC(1485) Pause Young (Allocation Failure) 8M->4M(15M) 0.507ms
[84.366s][info][gc] GC(1486) Pause Young (Allocation Failure) 8M->4M(15M) 0.722ms
[84.370s][info][gc] GC(1487) Pause Young (Allocation Failure) 8M->4M(15M) 0.260ms
[84.373s][info][gc] GC(1488) Pause Young (Allocation Failure) 8M->4M(15M) 0.377ms
[84.378s][info][gc] GC(1489) Pause Young (Allocation Failure) 8M->4M(15M) 0.897ms
[84.383s][info][gc] GC(1490) Pause Young (Allocation Failure) 8M->4M(15M) 0.802ms
[84.387s][info][gc] GC(1491) Pause Young (Allocation Failure) 8M->4M(15M) 0.333ms
[84.392s][info][gc] GC(1492) Pause Young (Allocation Failure) 8M->4M(15M) 0.812ms
[84.398s][info][gc] GC(1493) Pause Young (Allocation Failure) 8M->4M(15M) 0.463ms
[84.404s][info][gc] GC(1494) Pause Young (Allocation Failure) 8M->4M(15M) 0.426ms
[84.410s][info][gc] GC(1495) Pause Young (Allocation Failure) 8M->4M(15M) 0.751ms
[84.416s][info][gc] GC(1496) Pause Young (Allocation Failure) 8M->4M(15M) 0.601ms
[84.421s][info][gc] GC(1497) Pause Young (Allocation Failure) 8M->4M(15M) 0.476ms
[84.428s][info][gc] GC(1498) Pause Young (Allocation Failure) 8M->4M(15M) 0.874ms
[84.433s][info][gc] GC(1499) Pause Young (Allocation Failure) 8M->4M(15M) 0.745ms
[84.438s][info][gc] GC(1500) Pause Young (Allocation Failure) 8M->4M(15M) 0.345ms
[84.442s][info][gc] GC(1501) Pause Young (Allocation Failure) 8M->4M(15M) 0.485ms
[84.447s][info][gc] GC(1502) Pause Young (Allocation Failure) 8M->4M(15M) 0.352ms
[84.452s][info][gc] GC(1503) Pause Young (Allocation Failure) 8M->4M(15M) 0.311ms
[84.456s][info][gc] GC(1504) Pause Young (Allocation Failure) 8M->4M(15M) 0.294ms
[84.461s][info][gc] GC(1505) Pause Young (Allocation Failure) 8M->4M(15M) 0.643ms
[84.465s][info][gc] GC(1506) Pause Young (Allocation Failure) 8M->4M(15M) 0.519ms
[84.470s][info][gc] GC(1507) Pause Young (Allocation Failure) 8M->4M(15M) 0.278ms
[84.474s][info][gc] GC(1508) Pause Young (Allocation Failure) 8M->4M(15M) 0.246ms
[84.479s][info][gc] GC(1509) Pause Young (Allocation Failure) 8M->4M(15M) 0.785ms
[84.483s][info][gc] GC(1510) Pause Young (Allocation Failure) 8M->4M(15M) 0.449ms
[84.487s][info][gc] GC(1511) Pause Young (Allocation Failure) 8M->4M(15M) 0.229ms
[84.491s][info][gc] GC(1512) Pause Young (Allocation Failure) 8M->4M(15M) 0.518ms
[84.496s][info][gc] GC(1513) Pause Young (Allocation Failure) 8M->4M(15M) 0.367ms
[84.500s][info][gc] GC(1514) Pause Young (Allocation Failure) 8M->4M(15M) 0.392ms
[84.504s][info][gc] GC(1515) Pause Young (Allocation Failure) 8M->4M(15M) 0.201ms
[84.507s][info][gc] GC(1516) Pause Young (Allocation Failure) 8M->4M(15M) 0.284ms
[84.512s][info][gc] GC(1517) Pause Young (Allocation Failure) 8M->4M(15M) 0.719ms
[84.516s][info][gc] GC(1518) Pause Young (Allocation Failure) 8M->4M(15M) 0.552ms
[84.520s][info][gc] GC(1519) Pause Young (Allocation Failure) 8M->4M(15M) 0.281ms
[84.523s][info][gc] GC(1520) Pause Young (Allocation Failure) 8M->4M(15M) 0.300ms
[84.528s][info][gc] GC(1521) Pause Young (Allocation Failure) 8M->4M(15M) 0.761ms
[84.532s][info][gc] GC(1522) Pause Young (Allocation Failure) 8M->4M(15M) 0.627ms
[84.536s][info][gc] GC(1523) Pause Young (Allocation Failure) 8M->4M(15M) 0.266ms
[84.539s][info][gc] GC(1524) Pause Young (Allocation Failure) 8M->4M(15M) 0.273ms
[84.543s][info][gc] GC(1525) Pause Young (Allocation Failure) 8M->4M(15M) 0.503ms
[84.547s][info][gc] GC(1526) Pause Young (Allocation Failure) 8M->4M(15M) 0.286ms
[84.551s][info][gc] GC(1527) Pause Young (Allocation Failure) 8M->4M(15M) 0.397ms
[84.554s][info][gc] GC(1528) Pause Young (Allocation Failure) 8M->4M(15M) 0.205ms
[84.558s][info][gc] GC(1529) Pause Young (Allocation Failure) 8M->4M(15M) 0.345ms
[84.562s][info][gc] GC(1530) Pause Young (Allocation Failure) 8M->4M(15M) 0.541ms
[84.565s][info][gc] GC(1531) Pause Young (Allocation Failure) 8M->4M(15M) 0.317ms
[84.569s][info][gc] GC(1532) Pause Young (Allocation Failure) 8M->4M(15M) 0.205ms
[84.572s][info][gc] GC(1533) Pause Young (Allocation Failure) 8M->4M(15M) 0.202ms
[84.576s][info][gc] GC(1534) Pause Young (Allocation Failure) 8M->4M(15M) 0.374ms
[84.580s][info][gc] GC(1535) Pause Young (Allocation Failure) 8M->4M(15M) 0.257ms
[84.584s][info][gc] GC(1536) Pause Young (Allocation Failure) 8M->4M(15M) 0.475ms
[84.587s][info][gc] GC(1537) Pause Young (Allocation Failure) 8M->4M(15M) 0.199ms
[84.589s][info][gc] GC(1538) Pause Young (Allocation Failure) 8M->4M(15M) 0.266ms
[84.594s][info][gc] GC(1539) Pause Young (Allocation Failure) 8M->4M(15M) 0.669ms
[84.598s][info][gc] GC(1540) Pause Young (Allocation Failure) 8M->4M(15M) 0.370ms
[84.602s][info][gc] GC(1541) Pause Young (Allocation Failure) 8M->4M(15M) 0.250ms
[84.605s][info][gc] GC(1542) Pause Young (Allocation Failure) 8M->4M(15M) 0.238ms
[84.608s][info][gc] GC(1543) Pause Young (Allocation Failure) 8M->4M(15M) 0.380ms
[84.612s][info][gc] GC(1544) Pause Young (Allocation Failure) 8M->4M(15M) 0.561ms
[84.615s][info][gc] GC(1545) Pause Young (Allocation Failure) 8M->4M(15M) 0.396ms
[84.619s][info][gc] GC(1546) Pause Young (Allocation Failure) 8M->4M(15M) 0.238ms
[84.621s][info][gc] GC(1547) Pause Young (Allocation Failure) 8M->4M(15M) 0.228ms
[84.625s][info][gc] GC(1548) Pause Young (Allocation Failure) 8M->4M(15M) 0.384ms
[84.630s][info][gc] GC(1549) Pause Young (Allocation Failure) 8M->4M(15M) 0.751ms
[84.633s][info][gc] GC(1550) Pause Young (Allocation Failure) 8M->4M(15M) 0.515ms
[84.636s][info][gc] GC(1551) Pause Young (Allocation Failure) 8M->4M(15M) 0.251ms
[84.640s][info][gc] GC(1552) Pause Young (Allocation Failure) 8M->4M(15M) 0.375ms
[84.644s][info][gc] GC(1553) Pause Young (Allocation Failure) 8M->4M(15M) 0.584ms
[84.648s][info][gc] GC(1554) Pause Young (Allocation Failure) 8M->4M(15M) 0.417ms
[84.652s][info][gc] GC(1555) Pause Young (Allocation Failure) 8M->4M(15M) 0.326ms
[84.655s][info][gc] GC(1556) Pause Young (Allocation Failure) 8M->4M(15M) 0.214ms
[84.659s][info][gc] GC(1557) Pause Young (Allocation Failure) 8M->4M(15M) 0.592ms
[84.663s][info][gc] GC(1558) Pause Young (Allocation Failure) 8M->4M(15M) 0.251ms
[84.668s][info][gc] GC(1559) Pause Young (Allocation Failure) 8M->4M(15M) 0.509ms
[84.672s][info][gc] GC(1560) Pause Young (Allocation Failure) 8M->4M(15M) 0.248ms
[84.676s][info][gc] GC(1561) Pause Young (Allocation Failure) 8M->4M(15M) 0.436ms
[84.680s][info][gc] GC(1562) Pause Young (Allocation Failure) 8M->4M(15M) 0.303ms
[84.685s][info][gc] GC(1563) Pause Young (Allocation Failure) 8M->4M(15M) 0.261ms
[84.689s][info][gc] GC(1564) Pause Young (Allocation Failure) 8M->4M(15M) 0.301ms
[84.694s][info][gc] GC(1565) Pause Young (Allocation Failure) 8M->4M(15M) 1.048ms
[84.699s][info][gc] GC(1566) Pause Young (Allocation Failure) 8M->4M(15M) 0.430ms
[84.703s][info][gc] GC(1567) Pause Young (Allocation Failure) 8M->4M(15M) 0.293ms
[84.707s][info][gc] GC(1568) Pause Young (Allocation Failure) 8M->4M(15M) 0.363ms
[84.711s][info][gc] GC(1569) Pause Young (Allocation Failure) 8M->4M(15M) 0.766ms
[84.716s][info][gc] GC(1570) Pause Young (Allocation Failure) 8M->4M(15M) 0.769ms
[84.720s][info][gc] GC(1571) Pause Young (Allocation Failure) 8M->4M(15M) 0.295ms
[84.724s][info][gc] GC(1572) Pause Young (Allocation Failure) 8M->4M(15M) 0.270ms
[84.729s][info][gc] GC(1573) Pause Young (Allocation Failure) 8M->4M(15M) 0.762ms
[84.734s][info][gc] GC(1574) Pause Young (Allocation Failure) 8M->4M(15M) 0.682ms
[84.737s][info][gc] GC(1575) Pause Young (Allocation Failure) 8M->4M(15M) 0.290ms
[84.741s][info][gc] GC(1576) Pause Young (Allocation Failure) 8M->4M(15M) 0.582ms
[84.746s][info][gc] GC(1577) Pause Young (Allocation Failure) 8M->4M(15M) 0.681ms
[84.750s][info][gc] GC(1578) Pause Young (Allocation Failure) 8M->4M(15M) 0.528ms
[84.754s][info][gc] GC(1579) Pause Young (Allocation Failure) 8M->4M(15M) 0.277ms
[84.757s][info][gc] GC(1580) Pause Young (Allocation Failure) 8M->4M(15M) 0.287ms
[84.762s][info][gc] GC(1581) Pause Young (Allocation Failure) 8M->4M(15M) 0.928ms
[84.767s][info][gc] GC(1582) Pause Young (Allocation Failure) 8M->4M(15M) 0.618ms
[84.771s][info][gc] GC(1583) Pause Young (Allocation Failure) 8M->4M(15M) 0.250ms
[84.774s][info][gc] GC(1584) Pause Young (Allocation Failure) 8M->4M(15M) 0.290ms
[84.780s][info][gc] GC(1585) Pause Young (Allocation Failure) 8M->4M(15M) 0.579ms
[84.785s][info][gc] GC(1586) Pause Young (Allocation Failure) 8M->4M(15M) 0.645ms
[84.789s][info][gc] GC(1587) Pause Young (Allocation Failure) 8M->4M(15M) 0.315ms
[84.793s][info][gc] GC(1588) Pause Young (Allocation Failure) 8M->4M(15M) 0.472ms
[84.798s][info][gc] GC(1589) Pause Young (Allocation Failure) 8M->4M(15M) 0.310ms
[84.802s][info][gc] GC(1590) Pause Young (Allocation Failure) 8M->4M(15M) 0.634ms
[84.806s][info][gc] GC(1591) Pause Young (Allocation Failure) 8M->4M(15M) 0.270ms
[84.811s][info][gc] GC(1592) Pause Young (Allocation Failure) 8M->4M(15M) 0.610ms
[84.815s][info][gc] GC(1593) Pause Young (Allocation Failure) 8M->4M(15M) 0.293ms
[84.819s][info][gc] GC(1594) Pause Young (Allocation Failure) 8M->4M(15M) 0.223ms
[84.823s][info][gc] GC(1595) Pause Young (Allocation Failure) 8M->4M(15M) 0.308ms
[84.827s][info][gc] GC(1596) Pause Young (Allocation Failure) 8M->4M(15M) 0.564ms
[84.832s][info][gc] GC(1597) Pause Young (Allocation Failure) 8M->4M(15M) 0.372ms
[84.837s][info][gc] GC(1598) Pause Young (Allocation Failure) 8M->4M(15M) 0.297ms
[84.840s][info][gc] GC(1599) Pause Young (Allocation Failure) 8M->4M(15M) 0.293ms
[84.846s][info][gc] GC(1600) Pause Young (Allocation Failure) 8M->4M(15M) 0.656ms
[84.851s][info][gc] GC(1601) Pause Young (Allocation Failure) 8M->4M(15M) 0.984ms
[84.855s][info][gc] GC(1602) Pause Young (Allocation Failure) 8M->4M(15M) 0.319ms
[84.859s][info][gc] GC(1603) Pause Young (Allocation Failure) 8M->4M(15M) 0.541ms
[84.864s][info][gc] GC(1604) Pause Young (Allocation Failure) 8M->4M(15M) 0.267ms
[84.869s][info][gc] GC(1605) Pause Young (Allocation Failure) 8M->4M(15M) 0.603ms
[84.873s][info][gc] GC(1606) Pause Young (Allocation Failure) 8M->4M(15M) 0.498ms
[84.879s][info][gc] GC(1607) Pause Young (Allocation Failure) 8M->4M(15M) 0.825ms
[84.883s][info][gc] GC(1608) Pause Young (Allocation Failure) 8M->4M(15M) 0.442ms
[84.888s][info][gc] GC(1609) Pause Young (Allocation Failure) 8M->4M(15M) 0.425ms
[84.893s][info][gc] GC(1610) Pause Young (Allocation Failure) 8M->4M(15M) 0.573ms
[84.898s][info][gc] GC(1611) Pause Young (Allocation Failure) 8M->4M(15M) 0.320ms
[84.902s][info][gc] GC(1612) Pause Young (Allocation Failure) 8M->4M(15M) 0.616ms
[84.906s][info][gc] GC(1613) Pause Young (Allocation Failure) 8M->4M(15M) 0.279ms
[84.911s][info][gc] GC(1614) Pause Young (Allocation Failure) 8M->4M(15M) 0.570ms
[84.916s][info][gc] GC(1615) Pause Young (Allocation Failure) 8M->4M(15M) 0.596ms
[84.920s][info][gc] GC(1616) Pause Young (Allocation Failure) 8M->4M(15M) 0.317ms
[84.924s][info][gc] GC(1617) Pause Young (Allocation Failure) 8M->4M(15M) 0.324ms
[84.928s][info][gc] GC(1618) Pause Young (Allocation Failure) 8M->4M(15M) 0.560ms
[84.933s][info][gc] GC(1619) Pause Young (Allocation Failure) 8M->4M(15M) 0.345ms
[84.937s][info][gc] GC(1620) Pause Young (Allocation Failure) 8M->4M(15M) 0.292ms
[84.941s][info][gc] GC(1621) Pause Young (Allocation Failure) 8M->4M(15M) 0.378ms
[84.945s][info][gc] GC(1622) Pause Young (Allocation Failure) 8M->4M(15M) 0.735ms
[84.949s][info][gc] GC(1623) Pause Young (Allocation Failure) 8M->4M(15M) 0.371ms
[84.953s][info][gc] GC(1624) Pause Young (Allocation Failure) 8M->4M(15M) 0.257ms
[84.956s][info][gc] GC(1625) Pause Young (Allocation Failure) 8M->4M(15M) 0.263ms
[84.960s][info][gc] GC(1626) Pause Young (Allocation Failure) 8M->4M(15M) 0.500ms
[84.965s][info][gc] GC(1627) Pause Young (Allocation Failure) 8M->4M(15M) 0.288ms
[84.970s][info][gc] GC(1628) Pause Young (Allocation Failure) 8M->4M(15M) 0.691ms
[84.973s][info][gc] GC(1629) Pause Young (Allocation Failure) 8M->4M(15M) 0.265ms
[84.977s][info][gc] GC(1630) Pause Young (Allocation Failure) 8M->4M(15M) 0.379ms
[84.981s][info][gc] GC(1631) Pause Young (Allocation Failure) 8M->4M(15M) 0.243ms
[84.985s][info][gc] GC(1632) Pause Young (Allocation Failure) 8M->4M(15M) 0.533ms
[84.989s][info][gc] GC(1633) Pause Young (Allocation Failure) 8M->4M(15M) 0.263ms
[84.992s][info][gc] GC(1634) Pause Young (Allocation Failure) 8M->4M(15M) 0.202ms
[84.996s][info][gc] GC(1635) Pause Young (Allocation Failure) 8M->4M(15M) 0.467ms
[85.000s][info][gc] GC(1636) Pause Young (Allocation Failure) 8M->4M(15M) 0.285ms
[85.004s][info][gc] GC(1637) Pause Young (Allocation Failure) 8M->4M(15M) 0.260ms
[85.007s][info][gc] GC(1638) Pause Young (Allocation Failure) 8M->4M(15M) 0.250ms
[85.011s][info][gc] GC(1639) Pause Young (Allocation Failure) 8M->4M(15M) 0.432ms
[85.015s][info][gc] GC(1640) Pause Young (Allocation Failure) 8M->4M(15M) 0.288ms
[85.019s][info][gc] GC(1641) Pause Young (Allocation Failure) 8M->4M(15M) 0.444ms
[85.022s][info][gc] GC(1642) Pause Young (Allocation Failure) 8M->4M(15M) 0.255ms
[85.025s][info][gc] GC(1643) Pause Young (Allocation Failure) 8M->4M(15M) 0.249ms
[85.029s][info][gc] GC(1644) Pause Young (Allocation Failure) 8M->4M(15M) 0.578ms
[85.033s][info][gc] GC(1645) Pause Young (Allocation Failure) 8M->4M(15M) 0.268ms
[85.036s][info][gc] GC(1646) Pause Young (Allocation Failure) 8M->4M(15M) 0.237ms
[85.039s][info][gc] GC(1647) Pause Young (Allocation Failure) 8M->4M(15M) 0.224ms
[85.043s][info][gc] GC(1648) Pause Young (Allocation Failure) 8M->4M(15M) 0.403ms
[85.047s][info][gc] GC(1649) Pause Young (Allocation Failure) 8M->4M(15M) 0.586ms
[85.050s][info][gc] GC(1650) Pause Young (Allocation Failure) 8M->4M(15M) 0.258ms
[85.054s][info][gc] GC(1651) Pause Young (Allocation Failure) 8M->4M(15M) 0.232ms
[85.057s][info][gc] GC(1652) Pause Young (Allocation Failure) 8M->4M(15M) 0.173ms
[85.060s][info][gc] GC(1653) Pause Young (Allocation Failure) 8M->4M(15M) 0.405ms
[85.064s][info][gc] GC(1654) Pause Young (Allocation Failure) 8M->4M(15M) 0.378ms
[85.067s][info][gc] GC(1655) Pause Young (Allocation Failure) 8M->4M(15M) 0.300ms
[85.071s][info][gc] GC(1656) Pause Young (Allocation Failure) 8M->4M(15M) 0.245ms
[85.074s][info][gc] GC(1657) Pause Young (Allocation Failure) 8M->4M(15M) 0.238ms
[85.078s][info][gc] GC(1658) Pause Young (Allocation Failure) 8M->4M(15M) 0.543ms
[85.082s][info][gc] GC(1659) Pause Young (Allocation Failure) 8M->4M(15M) 0.303ms
[85.086s][info][gc] GC(1660) Pause Young (Allocation Failure) 8M->4M(15M) 0.543ms
[85.089s][info][gc] GC(1661) Pause Young (Allocation Failure) 8M->4M(15M) 0.246ms
[85.092s][info][gc] GC(1662) Pause Young (Allocation Failure) 8M->4M(15M) 0.299ms
[85.097s][info][gc] GC(1663) Pause Young (Allocation Failure) 8M->4M(15M) 0.599ms
[85.101s][info][gc] GC(1664) Pause Young (Allocation Failure) 8M->4M(15M) 0.290ms
[85.105s][info][gc] GC(1665) Pause Young (Allocation Failure) 8M->4M(15M) 0.270ms
[85.108s][info][gc] GC(1666) Pause Young (Allocation Failure) 8M->4M(15M) 0.235ms
[85.113s][info][gc] GC(1667) Pause Young (Allocation Failure) 8M->4M(15M) 0.606ms
[85.118s][info][gc] GC(1668) Pause Young (Allocation Failure) 8M->4M(15M) 0.963ms
[85.122s][info][gc] GC(1669) Pause Young (Allocation Failure) 8M->4M(15M) 0.284ms
[85.126s][info][gc] GC(1670) Pause Young (Allocation Failure) 8M->4M(15M) 0.659ms
[85.131s][info][gc] GC(1671) Pause Young (Allocation Failure) 8M->4M(15M) 0.352ms
[85.135s][info][gc] GC(1672) Pause Young (Allocation Failure) 8M->4M(15M) 0.499ms
[85.140s][info][gc] GC(1673) Pause Young (Allocation Failure) 8M->4M(15M) 0.332ms
[85.145s][info][gc] GC(1674) Pause Young (Allocation Failure) 8M->4M(15M) 0.561ms
[85.150s][info][gc] GC(1675) Pause Young (Allocation Failure) 8M->4M(15M) 0.631ms
[85.155s][info][gc] GC(1676) Pause Young (Allocation Failure) 8M->4M(15M) 0.323ms
[85.160s][info][gc] GC(1677) Pause Young (Allocation Failure) 8M->4M(15M) 0.601ms
[85.165s][info][gc] GC(1678) Pause Young (Allocation Failure) 8M->4M(15M) 0.330ms
[85.170s][info][gc] GC(1679) Pause Young (Allocation Failure) 8M->4M(15M) 0.778ms
[85.174s][info][gc] GC(1680) Pause Young (Allocation Failure) 8M->4M(15M) 0.288ms
[85.179s][info][gc] GC(1681) Pause Young (Allocation Failure) 8M->4M(15M) 0.639ms
[85.184s][info][gc] GC(1682) Pause Young (Allocation Failure) 8M->4M(15M) 0.815ms
[85.188s][info][gc] GC(1683) Pause Young (Allocation Failure) 8M->4M(15M) 0.330ms
[85.193s][info][gc] GC(1684) Pause Young (Allocation Failure) 8M->4M(15M) 0.499ms
[85.198s][info][gc] GC(1685) Pause Young (Allocation Failure) 8M->4M(15M) 0.730ms
[85.202s][info][gc] GC(1686) Pause Young (Allocation Failure) 8M->4M(15M) 0.574ms
[85.206s][info][gc] GC(1687) Pause Young (Allocation Failure) 8M->4M(15M) 0.272ms
[85.210s][info][gc] GC(1688) Pause Young (Allocation Failure) 8M->4M(15M) 0.980ms
[85.215s][info][gc] GC(1689) Pause Young (Allocation Failure) 8M->4M(15M) 0.284ms
[85.220s][info][gc] GC(1690) Pause Young (Allocation Failure) 8M->4M(15M) 0.268ms
[85.224s][info][gc] GC(1691) Pause Young (Allocation Failure) 8M->4M(15M) 0.389ms
[85.230s][info][gc] GC(1692) Pause Young (Allocation Failure) 8M->4M(15M) 0.540ms
[85.235s][info][gc] GC(1693) Pause Young (Allocation Failure) 8M->4M(15M) 0.699ms
[85.240s][info][gc] GC(1694) Pause Young (Allocation Failure) 8M->4M(15M) 0.353ms
[85.244s][info][gc] GC(1695) Pause Young (Allocation Failure) 8M->4M(15M) 0.504ms
[85.249s][info][gc] GC(1696) Pause Young (Allocation Failure) 8M->4M(15M) 0.358ms
[85.254s][info][gc] GC(1697) Pause Young (Allocation Failure) 8M->4M(15M) 0.313ms
[85.258s][info][gc] GC(1698) Pause Young (Allocation Failure) 8M->4M(15M) 0.393ms
[85.263s][info][gc] GC(1699) Pause Young (Allocation Failure) 8M->4M(15M) 0.704ms
[85.267s][info][gc] GC(1700) Pause Young (Allocation Failure) 8M->4M(15M) 0.308ms
[85.272s][info][gc] GC(1701) Pause Young (Allocation Failure) 8M->4M(15M) 0.318ms
[85.276s][info][gc] GC(1702) Pause Young (Allocation Failure) 8M->4M(15M) 0.318ms
[85.281s][info][gc] GC(1703) Pause Young (Allocation Failure) 8M->4M(15M) 0.698ms
[85.285s][info][gc] GC(1704) Pause Young (Allocation Failure) 8M->4M(15M) 0.559ms
[85.289s][info][gc] GC(1705) Pause Young (Allocation Failure) 8M->4M(15M) 0.322ms
[85.293s][info][gc] GC(1706) Pause Young (Allocation Failure) 8M->4M(15M) 0.386ms
[85.298s][info][gc] GC(1707) Pause Young (Allocation Failure) 8M->4M(15M) 0.577ms
[85.303s][info][gc] GC(1708) Pause Young (Allocation Failure) 8M->4M(15M) 0.624ms
[85.307s][info][gc] GC(1709) Pause Young (Allocation Failure) 8M->4M(15M) 0.304ms
[85.311s][info][gc] GC(1710) Pause Young (Allocation Failure) 8M->4M(15M) 0.474ms
[85.315s][info][gc] GC(1711) Pause Young (Allocation Failure) 8M->4M(15M) 0.285ms
[85.320s][info][gc] GC(1712) Pause Young (Allocation Failure) 8M->4M(15M) 0.365ms
[85.323s][info][gc] GC(1713) Pause Young (Allocation Failure) 8M->4M(15M) 0.234ms
[85.328s][info][gc] GC(1714) Pause Young (Allocation Failure) 8M->4M(15M) 0.370ms
[85.332s][info][gc] GC(1715) Pause Young (Allocation Failure) 8M->4M(15M) 0.252ms
[85.337s][info][gc] GC(1716) Pause Young (Allocation Failure) 8M->4M(15M) 0.350ms
[85.341s][info][gc] GC(1717) Pause Young (Allocation Failure) 8M->4M(15M) 0.279ms
[85.346s][info][gc] GC(1718) Pause Young (Allocation Failure) 8M->4M(15M) 0.668ms
[85.351s][info][gc] GC(1719) Pause Young (Allocation Failure) 8M->4M(15M) 0.302ms
[85.355s][info][gc] GC(1720) Pause Young (Allocation Failure) 8M->4M(15M) 0.224ms
[85.359s][info][gc] GC(1721) Pause Young (Allocation Failure) 8M->4M(15M) 0.306ms
[85.364s][info][gc] GC(1722) Pause Young (Allocation Failure) 8M->4M(15M) 0.684ms
[85.370s][info][gc] GC(1723) Pause Young (Allocation Failure) 8M->4M(15M) 0.921ms
[85.374s][info][gc] GC(1724) Pause Young (Allocation Failure) 8M->4M(15M) 0.259ms
[85.378s][info][gc] GC(1725) Pause Young (Allocation Failure) 8M->4M(15M) 0.785ms
[85.384s][info][gc] GC(1726) Pause Young (Allocation Failure) 8M->4M(15M) 0.517ms
[85.389s][info][gc] GC(1727) Pause Young (Allocation Failure) 8M->4M(15M) 0.335ms
[85.393s][info][gc] GC(1728) Pause Young (Allocation Failure) 8M->4M(15M) 0.378ms
[85.399s][info][gc] GC(1729) Pause Young (Allocation Failure) 8M->4M(15M) 0.631ms
[85.404s][info][gc] GC(1730) Pause Young (Allocation Failure) 8M->4M(15M) 0.884ms
[85.409s][info][gc] GC(1731) Pause Young (Allocation Failure) 8M->4M(15M) 0.441ms
[85.415s][info][gc] GC(1732) Pause Young (Allocation Failure) 8M->4M(15M) 1.116ms
[85.421s][info][gc] GC(1733) Pause Young (Allocation Failure) 8M->4M(15M) 0.664ms
[85.426s][info][gc] GC(1734) Pause Young (Allocation Failure) 8M->4M(15M) 0.507ms
[85.432s][info][gc] GC(1735) Pause Young (Allocation Failure) 8M->4M(15M) 0.560ms
[85.438s][info][gc] GC(1736) Pause Young (Allocation Failure) 8M->4M(15M) 0.439ms
[85.444s][info][gc] GC(1737) Pause Young (Allocation Failure) 8M->4M(15M) 0.393ms
[85.449s][info][gc] GC(1738) Pause Young (Allocation Failure) 8M->4M(15M) 0.284ms
[85.454s][info][gc] GC(1739) Pause Young (Allocation Failure) 8M->4M(15M) 0.758ms
[85.459s][info][gc] GC(1740) Pause Young (Allocation Failure) 8M->4M(15M) 0.365ms
[85.465s][info][gc] GC(1741) Pause Young (Allocation Failure) 8M->4M(15M) 0.703ms
[85.469s][info][gc] GC(1742) Pause Young (Allocation Failure) 8M->4M(15M) 0.655ms
[85.474s][info][gc] GC(1743) Pause Young (Allocation Failure) 8M->4M(15M) 0.316ms
[85.478s][info][gc] GC(1744) Pause Young (Allocation Failure) 8M->4M(15M) 0.557ms
[85.483s][info][gc] GC(1745) Pause Young (Allocation Failure) 8M->4M(15M) 0.332ms
[85.488s][info][gc] GC(1746) Pause Young (Allocation Failure) 8M->4M(15M) 0.466ms
[85.491s][info][gc] GC(1747) Pause Young (Allocation Failure) 8M->4M(15M) 0.370ms
[85.497s][info][gc] GC(1748) Pause Young (Allocation Failure) 8M->4M(15M) 0.725ms
[85.501s][info][gc] GC(1749) Pause Young (Allocation Failure) 8M->4M(15M) 0.305ms
[85.505s][info][gc] GC(1750) Pause Young (Allocation Failure) 8M->4M(15M) 0.328ms
[85.509s][info][gc] GC(1751) Pause Young (Allocation Failure) 8M->4M(15M) 0.354ms
[85.513s][info][gc] GC(1752) Pause Young (Allocation Failure) 8M->4M(15M) 0.573ms
[85.518s][info][gc] GC(1753) Pause Young (Allocation Failure) 8M->4M(15M) 0.405ms
[85.523s][info][gc] GC(1754) Pause Young (Allocation Failure) 8M->4M(15M) 0.290ms
[85.526s][info][gc] GC(1755) Pause Young (Allocation Failure) 8M->4M(15M) 0.365ms
[85.531s][info][gc] GC(1756) Pause Young (Allocation Failure) 8M->4M(15M) 0.711ms
[85.535s][info][gc] GC(1757) Pause Young (Allocation Failure) 8M->4M(15M) 0.574ms
[85.539s][info][gc] GC(1758) Pause Young (Allocation Failure) 8M->4M(15M) 0.266ms
[85.543s][info][gc] GC(1759) Pause Young (Allocation Failure) 8M->4M(15M) 0.246ms
[85.547s][info][gc] GC(1760) Pause Young (Allocation Failure) 8M->4M(15M) 0.703ms
[85.551s][info][gc] GC(1761) Pause Young (Allocation Failure) 8M->4M(15M) 0.258ms
[85.555s][info][gc] GC(1762) Pause Young (Allocation Failure) 8M->4M(15M) 0.225ms
[85.558s][info][gc] GC(1763) Pause Young (Allocation Failure) 8M->4M(15M) 0.264ms
[85.562s][info][gc] GC(1764) Pause Young (Allocation Failure) 8M->4M(15M) 0.438ms
[85.566s][info][gc] GC(1765) Pause Young (Allocation Failure) 8M->4M(15M) 0.248ms
[85.571s][info][gc] GC(1766) Pause Young (Allocation Failure) 8M->4M(15M) 0.668ms
[85.574s][info][gc] GC(1767) Pause Young (Allocation Failure) 8M->4M(15M) 0.362ms
[85.578s][info][gc] GC(1768) Pause Young (Allocation Failure) 8M->4M(15M) 0.540ms
[85.583s][info][gc] GC(1769) Pause Young (Allocation Failure) 8M->4M(15M) 0.316ms
[85.587s][info][gc] GC(1770) Pause Young (Allocation Failure) 8M->4M(15M) 0.575ms
[85.590s][info][gc] GC(1771) Pause Young (Allocation Failure) 8M->4M(15M) 0.309ms
[85.593s][info][gc] GC(1772) Pause Young (Allocation Failure) 8M->4M(15M) 0.264ms
[85.598s][info][gc] GC(1773) Pause Young (Allocation Failure) 8M->4M(15M) 0.605ms
[85.602s][info][gc] GC(1774) Pause Young (Allocation Failure) 8M->4M(15M) 0.305ms
[85.606s][info][gc] GC(1775) Pause Young (Allocation Failure) 8M->4M(15M) 0.287ms
[85.610s][info][gc] GC(1776) Pause Young (Allocation Failure) 8M->4M(15M) 0.222ms
[85.614s][info][gc] GC(1777) Pause Young (Allocation Failure) 8M->4M(15M) 0.576ms
[85.619s][info][gc] GC(1778) Pause Young (Allocation Failure) 8M->4M(15M) 0.301ms
[85.624s][info][gc] GC(1779) Pause Young (Allocation Failure) 8M->4M(15M) 0.343ms
[85.629s][info][gc] GC(1780) Pause Young (Allocation Failure) 8M->4M(15M) 0.772ms
[85.634s][info][gc] GC(1781) Pause Young (Allocation Failure) 8M->4M(15M) 0.357ms
[85.639s][info][gc] GC(1782) Pause Young (Allocation Failure) 8M->4M(15M) 0.330ms
[85.642s][info][gc] GC(1783) Pause Young (Allocation Failure) 8M->4M(15M) 0.268ms
[85.647s][info][gc] GC(1784) Pause Young (Allocation Failure) 8M->4M(15M) 0.548ms
[85.652s][info][gc] GC(1785) Pause Young (Allocation Failure) 8M->4M(15M) 0.263ms
[85.656s][info][gc] GC(1786) Pause Young (Allocation Failure) 8M->4M(15M) 0.308ms
[85.660s][info][gc] GC(1787) Pause Young (Allocation Failure) 8M->4M(15M) 0.342ms
[85.665s][info][gc] GC(1788) Pause Young (Allocation Failure) 8M->4M(15M) 0.778ms
[85.670s][info][gc] GC(1789) Pause Young (Allocation Failure) 8M->4M(15M) 0.625ms
[85.674s][info][gc] GC(1790) Pause Young (Allocation Failure) 8M->4M(15M) 0.312ms
[85.678s][info][gc] GC(1791) Pause Young (Allocation Failure) 8M->4M(15M) 0.485ms
[85.683s][info][gc] GC(1792) Pause Young (Allocation Failure) 8M->4M(15M) 0.603ms
[85.687s][info][gc] GC(1793) Pause Young (Allocation Failure) 8M->4M(15M) 0.533ms
[85.691s][info][gc] GC(1794) Pause Young (Allocation Failure) 8M->4M(15M) 0.275ms
[85.694s][info][gc] GC(1795) Pause Young (Allocation Failure) 8M->4M(15M) 0.280ms
[85.699s][info][gc] GC(1796) Pause Young (Allocation Failure) 8M->4M(15M) 0.584ms
[85.703s][info][gc] GC(1797) Pause Young (Allocation Failure) 8M->4M(15M) 0.561ms
[85.707s][info][gc] GC(1798) Pause Young (Allocation Failure) 8M->4M(15M) 0.276ms
[85.710s][info][gc] GC(1799) Pause Young (Allocation Failure) 8M->4M(15M) 0.298ms
[85.714s][info][gc] GC(1800) Pause Young (Allocation Failure) 8M->4M(15M) 0.546ms
[85.718s][info][gc] GC(1801) Pause Young (Allocation Failure) 8M->4M(15M) 0.286ms
[85.722s][info][gc] GC(1802) Pause Young (Allocation Failure) 8M->4M(15M) 0.321ms
[85.726s][info][gc] GC(1803) Pause Young (Allocation Failure) 8M->4M(15M) 0.250ms
[85.729s][info][gc] GC(1804) Pause Young (Allocation Failure) 8M->4M(15M) 0.343ms
[85.733s][info][gc] GC(1805) Pause Young (Allocation Failure) 8M->4M(15M) 0.297ms
[85.737s][info][gc] GC(1806) Pause Young (Allocation Failure) 8M->4M(15M) 0.487ms
[85.741s][info][gc] GC(1807) Pause Young (Allocation Failure) 8M->4M(15M) 0.255ms
[85.744s][info][gc] GC(1808) Pause Young (Allocation Failure) 8M->4M(15M) 0.279ms
[85.748s][info][gc] GC(1809) Pause Young (Allocation Failure) 8M->4M(15M) 0.585ms
[85.751s][info][gc] GC(1810) Pause Young (Allocation Failure) 8M->4M(15M) 0.271ms
[85.755s][info][gc] GC(1811) Pause Young (Allocation Failure) 8M->4M(15M) 0.380ms
[85.759s][info][gc] GC(1812) Pause Young (Allocation Failure) 8M->4M(15M) 0.243ms
[85.763s][info][gc] GC(1813) Pause Young (Allocation Failure) 8M->4M(15M) 0.367ms
[85.767s][info][gc] GC(1814) Pause Young (Allocation Failure) 8M->4M(15M) 0.255ms
[85.770s][info][gc] GC(1815) Pause Young (Allocation Failure) 8M->4M(15M) 0.412ms
[85.773s][info][gc] GC(1816) Pause Young (Allocation Failure) 8M->4M(15M) 0.246ms
[85.776s][info][gc] GC(1817) Pause Young (Allocation Failure) 8M->4M(15M) 0.220ms
[85.780s][info][gc] GC(1818) Pause Young (Allocation Failure) 8M->4M(15M) 0.388ms
[85.783s][info][gc] GC(1819) Pause Young (Allocation Failure) 8M->4M(15M) 0.246ms
[85.787s][info][gc] GC(1820) Pause Young (Allocation Failure) 8M->4M(15M) 0.359ms
[85.790s][info][gc] GC(1821) Pause Young (Allocation Failure) 8M->4M(15M) 0.202ms
[85.793s][info][gc] GC(1822) Pause Young (Allocation Failure) 8M->4M(15M) 0.211ms
[85.796s][info][gc] GC(1823) Pause Young (Allocation Failure) 8M->4M(15M) 0.330ms
[85.800s][info][gc] GC(1824) Pause Young (Allocation Failure) 8M->4M(15M) 0.302ms
[85.803s][info][gc] GC(1825) Pause Young (Allocation Failure) 9M->4M(15M) 0.483ms
[85.807s][info][gc] GC(1826) Pause Young (Allocation Failure) 9M->4M(15M) 0.265ms
[85.810s][info][gc] GC(1827) Pause Young (Allocation Failure) 9M->4M(15M) 0.265ms
[85.813s][info][gc] GC(1828) Pause Young (Allocation Failure) 8M->4M(15M) 0.350ms
[85.817s][info][gc] GC(1829) Pause Young (Allocation Failure) 8M->4M(15M) 0.264ms
[85.822s][info][gc] GC(1830) Pause Young (Allocation Failure) 8M->4M(15M) 0.263ms
[85.825s][info][gc] GC(1831) Pause Young (Allocation Failure) 8M->4M(15M) 0.317ms
[85.829s][info][gc] GC(1832) Pause Young (Allocation Failure) 9M->4M(15M) 0.420ms
[85.834s][info][gc] GC(1833) Pause Young (Allocation Failure) 8M->4M(15M) 0.352ms
[85.838s][info][gc] GC(1834) Pause Young (Allocation Failure) 9M->4M(15M) 0.317ms
[85.842s][info][gc] GC(1835) Pause Young (Allocation Failure) 9M->4M(15M) 0.219ms
[85.847s][info][gc] GC(1836) Pause Young (Allocation Failure) 8M->4M(15M) 0.386ms
[85.851s][info][gc] GC(1837) Pause Young (Allocation Failure) 8M->4M(15M) 0.275ms
[85.855s][info][gc] GC(1838) Pause Young (Allocation Failure) 8M->4M(15M) 0.297ms
[85.859s][info][gc] GC(1839) Pause Young (Allocation Failure) 9M->4M(15M) 0.272ms
[85.863s][info][gc] GC(1840) Pause Young (Allocation Failure) 9M->4M(15M) 0.452ms
[85.867s][info][gc] GC(1841) Pause Young (Allocation Failure) 9M->4M(15M) 0.377ms
[85.872s][info][gc] GC(1842) Pause Young (Allocation Failure) 8M->4M(15M) 0.281ms
[85.875s][info][gc] GC(1843) Pause Young (Allocation Failure) 8M->4M(15M) 0.241ms
[85.880s][info][gc] GC(1844) Pause Young (Allocation Failure) 8M->4M(15M) 0.714ms
[85.884s][info][gc] GC(1845) Pause Young (Allocation Failure) 9M->4M(15M) 0.477ms
[85.888s][info][gc] GC(1846) Pause Young (Allocation Failure) 9M->4M(15M) 0.603ms
[85.892s][info][gc] GC(1847) Pause Young (Allocation Failure) 9M->4M(15M) 0.283ms
[85.895s][info][gc] GC(1848) Pause Young (Allocation Failure) 9M->4M(15M) 0.363ms
[85.900s][info][gc] GC(1849) Pause Young (Allocation Failure) 9M->4M(15M) 0.535ms
[85.905s][info][gc] GC(1850) Pause Young (Allocation Failure) 9M->4M(15M) 0.559ms
[85.908s][info][gc] GC(1851) Pause Young (Allocation Failure) 9M->4M(15M) 0.384ms
[85.913s][info][gc] GC(1852) Pause Young (Allocation Failure) 9M->4M(15M) 0.830ms
[85.917s][info][gc] GC(1853) Pause Young (Allocation Failure) 9M->4M(15M) 0.345ms
[85.922s][info][gc] GC(1854) Pause Young (Allocation Failure) 9M->4M(15M) 0.524ms
[85.925s][info][gc] GC(1855) Pause Young (Allocation Failure) 8M->4M(15M) 0.209ms
[85.929s][info][gc] GC(1856) Pause Young (Allocation Failure) 8M->4M(15M) 0.249ms
[85.933s][info][gc] GC(1857) Pause Young (Allocation Failure) 8M->4M(15M) 0.555ms
[85.938s][info][gc] GC(1858) Pause Young (Allocation Failure) 8M->4M(15M) 0.670ms
[85.941s][info][gc] GC(1859) Pause Young (Allocation Failure) 9M->4M(15M) 0.322ms
[85.945s][info][gc] GC(1860) Pause Young (Allocation Failure) 9M->4M(15M) 0.309ms
[85.949s][info][gc] GC(1861) Pause Young (Allocation Failure) 9M->4M(15M) 0.637ms
[85.954s][info][gc] GC(1862) Pause Young (Allocation Failure) 9M->4M(15M) 0.689ms
[85.958s][info][gc] GC(1863) Pause Young (Allocation Failure) 9M->4M(15M) 0.279ms
[85.961s][info][gc] GC(1864) Pause Young (Allocation Failure) 9M->4M(15M) 0.290ms
[85.966s][info][gc] GC(1865) Pause Young (Allocation Failure) 9M->4M(15M) 0.524ms
[85.969s][info][gc] GC(1866) Pause Young (Allocation Failure) 9M->4M(15M) 0.280ms
[85.974s][info][gc] GC(1867) Pause Young (Allocation Failure) 9M->4M(15M) 0.285ms
[85.977s][info][gc] GC(1868) Pause Young (Allocation Failure) 9M->4M(15M) 0.264ms
[85.981s][info][gc] GC(1869) Pause Young (Allocation Failure) 9M->4M(15M) 0.375ms
[85.985s][info][gc] GC(1870) Pause Young (Allocation Failure) 9M->4M(15M) 0.315ms
[85.989s][info][gc] GC(1871) Pause Young (Allocation Failure) 9M->4M(15M) 0.282ms
[85.992s][info][gc] GC(1872) Pause Young (Allocation Failure) 9M->4M(15M) 0.241ms
[85.996s][info][gc] GC(1873) Pause Young (Allocation Failure) 9M->4M(15M) 0.277ms
[86.000s][info][gc] GC(1874) Pause Young (Allocation Failure) 9M->4M(15M) 0.622ms
[86.003s][info][gc] GC(1875) Pause Young (Allocation Failure) 9M->4M(15M) 0.328ms
[86.007s][info][gc] GC(1876) Pause Young (Allocation Failure) 9M->4M(15M) 0.260ms
[86.010s][info][gc] GC(1877) Pause Young (Allocation Failure) 9M->4M(15M) 0.241ms
[86.014s][info][gc] GC(1878) Pause Young (Allocation Failure) 9M->4M(15M) 0.322ms
[86.018s][info][gc] GC(1879) Pause Young (Allocation Failure) 9M->4M(15M) 0.310ms
[86.021s][info][gc] GC(1880) Pause Young (Allocation Failure) 9M->4M(15M) 0.467ms
[86.025s][info][gc] GC(1881) Pause Young (Allocation Failure) 9M->4M(15M) 0.253ms
[86.028s][info][gc] GC(1882) Pause Young (Allocation Failure) 9M->4M(15M) 0.235ms
[86.032s][info][gc] GC(1883) Pause Young (Allocation Failure) 9M->4M(15M) 0.598ms
[86.035s][info][gc] GC(1884) Pause Young (Allocation Failure) 9M->4M(15M) 0.290ms
[86.039s][info][gc] GC(1885) Pause Young (Allocation Failure) 9M->4M(15M) 0.367ms
[86.042s][info][gc] GC(1886) Pause Young (Allocation Failure) 9M->4M(15M) 0.236ms
[86.045s][info][gc] GC(1887) Pause Young (Allocation Failure) 9M->4M(15M) 0.280ms
[86.049s][info][gc] GC(1888) Pause Young (Allocation Failure) 9M->4M(15M) 0.526ms
[86.052s][info][gc] GC(1889) Pause Young (Allocation Failure) 9M->4M(15M) 0.262ms
[86.056s][info][gc] GC(1890) Pause Young (Allocation Failure) 9M->4M(15M) 0.249ms
[86.059s][info][gc] GC(1891) Pause Young (Allocation Failure) 9M->4M(15M) 0.226ms
[86.062s][info][gc] GC(1892) Pause Young (Allocation Failure) 9M->4M(15M) 0.262ms
[86.065s][info][gc] GC(1893) Pause Young (Allocation Failure) 9M->4M(15M) 0.631ms
[86.069s][info][gc] GC(1894) Pause Young (Allocation Failure) 9M->4M(15M) 0.266ms
[86.073s][info][gc] GC(1895) Pause Young (Allocation Failure) 9M->4M(15M) 0.253ms
[86.076s][info][gc] GC(1896) Pause Young (Allocation Failure) 9M->4M(15M) 0.254ms
[86.079s][info][gc] GC(1897) Pause Young (Allocation Failure) 9M->4M(15M) 0.260ms
[86.083s][info][gc] GC(1898) Pause Young (Allocation Failure) 9M->4M(15M) 0.505ms
[86.087s][info][gc] GC(1899) Pause Young (Allocation Failure) 9M->4M(15M) 0.279ms
[86.090s][info][gc] GC(1900) Pause Young (Allocation Failure) 9M->4M(15M) 0.258ms
[86.094s][info][gc] GC(1901) Pause Young (Allocation Failure) 9M->4M(15M) 0.255ms
[86.097s][info][gc] GC(1902) Pause Young (Allocation Failure) 9M->4M(15M) 0.301ms
[86.101s][info][gc] GC(1903) Pause Young (Allocation Failure) 9M->4M(15M) 0.573ms
[86.105s][info][gc] GC(1904) Pause Young (Allocation Failure) 9M->4M(15M) 0.438ms
[86.108s][info][gc] GC(1905) Pause Young (Allocation Failure) 9M->4M(15M) 0.253ms
[86.111s][info][gc] GC(1906) Pause Young (Allocation Failure) 9M->4M(15M) 0.304ms
[86.115s][info][gc] GC(1907) Pause Young (Allocation Failure) 9M->4M(15M) 0.408ms
[86.119s][info][gc] GC(1908) Pause Young (Allocation Failure) 9M->4M(15M) 0.289ms
[86.123s][info][gc] GC(1909) Pause Young (Allocation Failure) 9M->4M(15M) 0.273ms
[86.126s][info][gc] GC(1910) Pause Young (Allocation Failure) 9M->4M(15M) 0.256ms
[86.129s][info][gc] GC(1911) Pause Young (Allocation Failure) 9M->4M(15M) 0.254ms
[86.132s][info][gc] GC(1912) Pause Young (Allocation Failure) 9M->4M(15M) 0.474ms
[86.136s][info][gc] GC(1913) Pause Young (Allocation Failure) 9M->4M(15M) 0.287ms
[86.140s][info][gc] GC(1914) Pause Young (Allocation Failure) 9M->4M(15M) 0.465ms
[86.143s][info][gc] GC(1915) Pause Young (Allocation Failure) 9M->4M(15M) 0.234ms
[86.146s][info][gc] GC(1916) Pause Young (Allocation Failure) 9M->4M(15M) 0.262ms
[86.149s][info][gc] GC(1917) Pause Young (Allocation Failure) 9M->4M(15M) 0.518ms
[86.153s][info][gc] GC(1918) Pause Young (Allocation Failure) 9M->4M(15M) 0.256ms
[86.156s][info][gc] GC(1919) Pause Young (Allocation Failure) 9M->4M(15M) 0.255ms
[86.159s][info][gc] GC(1920) Pause Young (Allocation Failure) 9M->4M(15M) 0.224ms
[86.162s][info][gc] GC(1921) Pause Young (Allocation Failure) 9M->4M(15M) 0.247ms
[86.166s][info][gc] GC(1922) Pause Young (Allocation Failure) 9M->4M(15M) 0.433ms
[86.169s][info][gc] GC(1923) Pause Young (Allocation Failure) 9M->4M(15M) 0.222ms
[86.173s][info][gc] GC(1924) Pause Young (Allocation Failure) 9M->4M(15M) 0.418ms
[86.176s][info][gc] GC(1925) Pause Young (Allocation Failure) 9M->4M(15M) 0.187ms
[86.179s][info][gc] GC(1926) Pause Young (Allocation Failure) 9M->4M(15M) 0.167ms
[86.182s][info][gc] GC(1927) Pause Young (Allocation Failure) 9M->4M(15M) 0.442ms
[86.186s][info][gc] GC(1928) Pause Young (Allocation Failure) 9M->4M(15M) 0.301ms
[86.190s][info][gc] GC(1929) Pause Young (Allocation Failure) 9M->4M(15M) 0.470ms
[86.193s][info][gc] GC(1930) Pause Young (Allocation Failure) 9M->4M(15M) 0.295ms
[86.197s][info][gc] GC(1931) Pause Young (Allocation Failure) 9M->4M(15M) 0.425ms
[86.202s][info][gc] GC(1932) Pause Young (Allocation Failure) 9M->4M(15M) 0.384ms
[86.206s][info][gc] GC(1933) Pause Young (Allocation Failure) 9M->4M(15M) 0.564ms
[86.210s][info][gc] GC(1934) Pause Young (Allocation Failure) 9M->4M(15M) 0.282ms
[86.213s][info][gc] GC(1935) Pause Young (Allocation Failure) 9M->4M(15M) 0.446ms
[86.218s][info][gc] GC(1936) Pause Young (Allocation Failure) 9M->4M(15M) 0.631ms
[86.222s][info][gc] GC(1937) Pause Young (Allocation Failure) 9M->4M(15M) 0.509ms
[86.225s][info][gc] GC(1938) Pause Young (Allocation Failure) 9M->4M(15M) 0.279ms
[86.229s][info][gc] GC(1939) Pause Young (Allocation Failure) 9M->4M(15M) 0.251ms
[86.233s][info][gc] GC(1940) Pause Young (Allocation Failure) 9M->4M(15M) 0.430ms
[86.237s][info][gc] GC(1941) Pause Young (Allocation Failure) 9M->4M(15M) 0.316ms
[86.240s][info][gc] GC(1942) Pause Young (Allocation Failure) 9M->4M(15M) 0.219ms
[86.243s][info][gc] GC(1943) Pause Young (Allocation Failure) 9M->4M(15M) 0.195ms
[86.247s][info][gc] GC(1944) Pause Young (Allocation Failure) 9M->4M(15M) 0.316ms
[86.251s][info][gc] GC(1945) Pause Young (Allocation Failure) 9M->4M(15M) 0.460ms
[86.254s][info][gc] GC(1946) Pause Young (Allocation Failure) 9M->4M(15M) 0.235ms
[86.258s][info][gc] GC(1947) Pause Young (Allocation Failure) 9M->4M(15M) 0.203ms
[86.261s][info][gc] GC(1948) Pause Young (Allocation Failure) 9M->4M(15M) 0.185ms
[86.265s][info][gc] GC(1949) Pause Young (Allocation Failure) 9M->4M(15M) 0.319ms
[86.269s][info][gc] GC(1950) Pause Young (Allocation Failure) 9M->4M(15M) 0.367ms
[86.272s][info][gc] GC(1951) Pause Young (Allocation Failure) 9M->4M(15M) 0.435ms
[86.276s][info][gc] GC(1952) Pause Young (Allocation Failure) 9M->4M(15M) 0.245ms
[86.279s][info][gc] GC(1953) Pause Young (Allocation Failure) 9M->4M(15M) 0.305ms
[86.282s][info][gc] GC(1954) Pause Young (Allocation Failure) 9M->4M(15M) 0.370ms
[86.286s][info][gc] GC(1955) Pause Young (Allocation Failure) 9M->4M(15M) 0.276ms
[86.290s][info][gc] GC(1956) Pause Young (Allocation Failure) 9M->4M(15M) 0.490ms
[86.293s][info][gc] GC(1957) Pause Young (Allocation Failure) 9M->4M(15M) 0.241ms
[86.296s][info][gc] GC(1958) Pause Young (Allocation Failure) 9M->4M(15M) 0.256ms
[86.299s][info][gc] GC(1959) Pause Young (Allocation Failure) 9M->4M(15M) 0.405ms
[86.303s][info][gc] GC(1960) Pause Young (Allocation Failure) 9M->4M(15M) 0.271ms
[86.307s][info][gc] GC(1961) Pause Young (Allocation Failure) 9M->4M(15M) 0.480ms
[86.310s][info][gc] GC(1962) Pause Young (Allocation Failure) 9M->4M(15M) 0.247ms
[86.313s][info][gc] GC(1963) Pause Young (Allocation Failure) 9M->4M(15M) 0.280ms
[86.317s][info][gc] GC(1964) Pause Young (Allocation Failure) 9M->4M(15M) 0.547ms
[86.320s][info][gc] GC(1965) Pause Young (Allocation Failure) 9M->4M(15M) 0.281ms
[86.324s][info][gc] GC(1966) Pause Young (Allocation Failure) 9M->4M(15M) 0.253ms
[86.327s][info][gc] GC(1967) Pause Young (Allocation Failure) 9M->4M(15M) 0.257ms
[86.330s][info][gc] GC(1968) Pause Young (Allocation Failure) 9M->4M(15M) 0.307ms
[86.334s][info][gc] GC(1969) Pause Young (Allocation Failure) 9M->4M(15M) 0.453ms
[86.338s][info][gc] GC(1970) Pause Young (Allocation Failure) 9M->4M(15M) 0.281ms
[86.342s][info][gc] GC(1971) Pause Young (Allocation Failure) 9M->4M(15M) 0.279ms
[86.345s][info][gc] GC(1972) Pause Young (Allocation Failure) 9M->4M(15M) 0.263ms
[86.349s][info][gc] GC(1973) Pause Young (Allocation Failure) 9M->4M(15M) 0.604ms
[86.353s][info][gc] GC(1974) Pause Young (Allocation Failure) 9M->4M(15M) 0.345ms
[86.357s][info][gc] GC(1975) Pause Young (Allocation Failure) 9M->4M(15M) 0.273ms
[86.362s][info][gc] GC(1976) Pause Young (Allocation Failure) 9M->4M(15M) 0.318ms
[86.366s][info][gc] GC(1977) Pause Young (Allocation Failure) 9M->4M(15M) 0.444ms
[86.371s][info][gc] GC(1978) Pause Young (Allocation Failure) 9M->4M(15M) 0.353ms
[86.377s][info][gc] GC(1979) Pause Young (Allocation Failure) 9M->4M(15M) 0.358ms
[86.382s][info][gc] GC(1980) Pause Young (Allocation Failure) 9M->4M(15M) 0.756ms
[86.387s][info][gc] GC(1981) Pause Young (Allocation Failure) 9M->4M(15M) 0.384ms
[86.393s][info][gc] GC(1982) Pause Young (Allocation Failure) 9M->4M(15M) 0.383ms
[86.398s][info][gc] GC(1983) Pause Young (Allocation Failure) 9M->4M(15M) 0.506ms
[86.403s][info][gc] GC(1984) Pause Young (Allocation Failure) 9M->4M(15M) 0.609ms
[86.408s][info][gc] GC(1985) Pause Young (Allocation Failure) 9M->4M(15M) 0.399ms
[86.413s][info][gc] GC(1986) Pause Young (Allocation Failure) 9M->4M(15M) 0.321ms
[86.418s][info][gc] GC(1987) Pause Young (Allocation Failure) 9M->4M(15M) 0.822ms
[86.424s][info][gc] GC(1988) Pause Young (Allocation Failure) 9M->4M(15M) 0.356ms
[86.429s][info][gc] GC(1989) Pause Young (Allocation Failure) 9M->4M(15M) 0.477ms
[86.434s][info][gc] GC(1990) Pause Young (Allocation Failure) 9M->4M(15M) 0.649ms
[86.439s][info][gc] GC(1991) Pause Young (Allocation Failure) 9M->4M(15M) 0.285ms
[86.444s][info][gc] GC(1992) Pause Young (Allocation Failure) 9M->4M(15M) 0.349ms
[86.447s][info][gc] GC(1993) Pause Young (Allocation Failure) 9M->4M(15M) 0.305ms
[86.452s][info][gc] GC(1994) Pause Young (Allocation Failure) 9M->4M(15M) 0.411ms
[86.456s][info][gc] GC(1995) Pause Young (Allocation Failure) 9M->4M(15M) 0.468ms
[86.460s][info][gc] GC(1996) Pause Young (Allocation Failure) 9M->4M(15M) 0.293ms
[86.464s][info][gc] GC(1997) Pause Young (Allocation Failure) 9M->4M(15M) 0.289ms
[86.468s][info][gc] GC(1998) Pause Young (Allocation Failure) 9M->4M(15M) 0.460ms
[86.472s][info][gc] GC(1999) Pause Young (Allocation Failure) 9M->4M(15M) 0.218ms
[86.476s][info][gc] GC(2000) Pause Young (Allocation Failure) 9M->4M(15M) 0.201ms
[86.479s][info][gc] GC(2001) Pause Young (Allocation Failure) 9M->4M(15M) 0.275ms
[86.483s][info][gc] GC(2002) Pause Young (Allocation Failure) 9M->4M(15M) 0.457ms
[86.487s][info][gc] GC(2003) Pause Young (Allocation Failure) 9M->4M(15M) 0.350ms
[86.491s][info][gc] GC(2004) Pause Young (Allocation Failure) 9M->4M(15M) 0.282ms
[86.494s][info][gc] GC(2005) Pause Young (Allocation Failure) 9M->4M(15M) 0.248ms
[86.498s][info][gc] GC(2006) Pause Young (Allocation Failure) 9M->4M(15M) 0.299ms
[86.502s][info][gc] GC(2007) Pause Young (Allocation Failure) 9M->4M(15M) 0.719ms
[86.506s][info][gc] GC(2008) Pause Young (Allocation Failure) 9M->4M(15M) 0.523ms
[86.509s][info][gc] GC(2009) Pause Young (Allocation Failure) 9M->4M(15M) 0.275ms
[86.513s][info][gc] GC(2010) Pause Young (Allocation Failure) 9M->4M(15M) 0.199ms
[86.516s][info][gc] GC(2011) Pause Young (Allocation Failure) 9M->4M(15M) 0.329ms
[86.520s][info][gc] GC(2012) Pause Young (Allocation Failure) 9M->4M(15M) 0.288ms
[86.524s][info][gc] GC(2013) Pause Young (Allocation Failure) 9M->4M(15M) 0.506ms
[86.527s][info][gc] GC(2014) Pause Young (Allocation Failure) 9M->4M(15M) 0.242ms
[86.530s][info][gc] GC(2015) Pause Young (Allocation Failure) 9M->4M(15M) 0.254ms
[86.534s][info][gc] GC(2016) Pause Young (Allocation Failure) 9M->4M(15M) 0.575ms
[86.537s][info][gc] GC(2017) Pause Young (Allocation Failure) 9M->4M(15M) 0.296ms
[86.541s][info][gc] GC(2018) Pause Young (Allocation Failure) 9M->4M(15M) 0.255ms
[86.544s][info][gc] GC(2019) Pause Young (Allocation Failure) 9M->4M(15M) 0.234ms
[86.547s][info][gc] GC(2020) Pause Young (Allocation Failure) 9M->4M(15M) 0.235ms
[86.551s][info][gc] GC(2021) Pause Young (Allocation Failure) 9M->4M(15M) 0.523ms
[86.554s][info][gc] GC(2022) Pause Young (Allocation Failure) 9M->4M(15M) 0.313ms
[86.558s][info][gc] GC(2023) Pause Young (Allocation Failure) 9M->4M(15M) 0.243ms
[86.561s][info][gc] GC(2024) Pause Young (Allocation Failure) 9M->4M(15M) 0.238ms
[86.564s][info][gc] GC(2025) Pause Young (Allocation Failure) 9M->4M(15M) 0.230ms
[86.567s][info][gc] GC(2026) Pause Young (Allocation Failure) 9M->4M(15M) 0.494ms
[86.571s][info][gc] GC(2027) Pause Young (Allocation Failure) 9M->4M(15M) 0.244ms
[86.574s][info][gc] GC(2028) Pause Young (Allocation Failure) 9M->4M(15M) 0.263ms
[86.577s][info][gc] GC(2029) Pause Young (Allocation Failure) 9M->4M(15M) 0.168ms
[86.580s][info][gc] GC(2030) Pause Young (Allocation Failure) 9M->4M(15M) 0.240ms
[86.583s][info][gc] GC(2031) Pause Young (Allocation Failure) 9M->4M(15M) 0.359ms
[86.587s][info][gc] GC(2032) Pause Young (Allocation Failure) 9M->4M(15M) 0.221ms
[86.590s][info][gc] GC(2033) Pause Young (Allocation Failure) 9M->4M(15M) 0.434ms
[86.593s][info][gc] GC(2034) Pause Young (Allocation Failure) 9M->4M(15M) 0.189ms
[86.596s][info][gc] GC(2035) Pause Young (Allocation Failure) 9M->4M(15M) 0.179ms
[86.599s][info][gc] GC(2036) Pause Young (Allocation Failure) 9M->4M(15M) 0.254ms
[86.603s][info][gc] GC(2037) Pause Young (Allocation Failure) 9M->4M(15M) 0.313ms
[86.607s][info][gc] GC(2038) Pause Young (Allocation Failure) 9M->4M(15M) 0.537ms
[86.610s][info][gc] GC(2039) Pause Young (Allocation Failure) 9M->4M(15M) 0.239ms
[86.613s][info][gc] GC(2040) Pause Young (Allocation Failure) 9M->4M(15M) 0.260ms
[86.616s][info][gc] GC(2041) Pause Young (Allocation Failure) 9M->4M(15M) 0.349ms
[86.620s][info][gc] GC(2042) Pause Young (Allocation Failure) 9M->4M(15M) 0.393ms
[86.623s][info][gc] GC(2043) Pause Young (Allocation Failure) 9M->4M(15M) 0.421ms
[86.626s][info][gc] GC(2044) Pause Young (Allocation Failure) 9M->4M(15M) 0.241ms
[86.629s][info][gc] GC(2045) Pause Young (Allocation Failure) 9M->4M(15M) 0.214ms
[86.632s][info][gc] GC(2046) Pause Young (Allocation Failure) 9M->4M(15M) 0.359ms
[86.636s][info][gc] GC(2047) Pause Young (Allocation Failure) 9M->4M(15M) 0.541ms
[86.640s][info][gc] GC(2048) Pause Young (Allocation Failure) 9M->5M(15M) 0.522ms
[86.644s][info][gc] GC(2049) Pause Young (Allocation Failure) 9M->4M(15M) 0.237ms
[86.647s][info][gc] GC(2050) Pause Young (Allocation Failure) 9M->4M(15M) 0.229ms
[86.650s][info][gc] GC(2051) Pause Young (Allocation Failure) 9M->4M(15M) 0.509ms
[86.654s][info][gc] GC(2052) Pause Young (Allocation Failure) 9M->5M(15M) 0.298ms
[86.659s][info][gc] GC(2053) Pause Young (Allocation Failure) 9M->4M(15M) 0.250ms
[86.662s][info][gc] GC(2054) Pause Young (Allocation Failure) 9M->5M(15M) 0.383ms
[86.670s][info][gc] GC(2055) Pause Young (Allocation Failure) 9M->4M(15M) 0.640ms
[86.679s][info][gc] GC(2056) Pause Young (Allocation Failure) 9M->4M(15M) 0.281ms
[86.689s][info][gc] GC(2057) Pause Young (Allocation Failure) 9M->4M(15M) 0.334ms
[86.699s][info][gc] GC(2058) Pause Young (Allocation Failure) 9M->4M(15M) 0.790ms
[86.709s][info][gc] GC(2059) Pause Young (Allocation Failure) 9M->4M(15M) 0.300ms
[86.721s][info][gc] GC(2060) Pause Young (Allocation Failure) 9M->4M(15M) 0.304ms
[86.731s][info][gc] GC(2061) Pause Young (Allocation Failure) 9M->4M(15M) 0.364ms
[86.744s][info][gc] GC(2062) Pause Young (Allocation Failure) 9M->5M(15M) 0.344ms
[86.755s][info][gc] GC(2063) Pause Young (Allocation Failure) 9M->5M(15M) 0.315ms
[86.766s][info][gc] GC(2064) Pause Young (Allocation Failure) 9M->5M(15M) 0.684ms
[86.771s][info][gc] GC(2065) Pause Young (Allocation Failure) 9M->5M(15M) 0.475ms
[86.776s][info][gc] GC(2066) Pause Young (Allocation Failure) 9M->4M(15M) 0.285ms
[86.780s][info][gc] GC(2067) Pause Young (Allocation Failure) 9M->5M(15M) 0.297ms
[86.784s][info][gc] GC(2068) Pause Young (Allocation Failure) 9M->5M(15M) 0.395ms
[86.788s][info][gc] GC(2069) Pause Young (Allocation Failure) 9M->5M(15M) 0.312ms
[86.793s][info][gc] GC(2070) Pause Young (Allocation Failure) 9M->5M(15M) 0.319ms
[86.797s][info][gc] GC(2071) Pause Young (Allocation Failure) 9M->5M(15M) 0.277ms
[86.801s][info][gc] GC(2072) Pause Young (Allocation Failure) 9M->5M(15M) 0.477ms
[86.805s][info][gc] GC(2073) Pause Young (Allocation Failure) 9M->4M(15M) 0.321ms
[86.810s][info][gc] GC(2074) Pause Young (Allocation Failure) 9M->5M(15M) 0.345ms
[86.814s][info][gc] GC(2075) Pause Young (Allocation Failure) 9M->5M(15M) 0.309ms
[86.818s][info][gc] GC(2076) Pause Young (Allocation Failure) 9M->5M(15M) 0.715ms
[86.823s][info][gc] GC(2077) Pause Young (Allocation Failure) 9M->4M(15M) 0.269ms
[86.827s][info][gc] GC(2078) Pause Young (Allocation Failure) 9M->4M(15M) 0.254ms
[86.831s][info][gc] GC(2079) Pause Young (Allocation Failure) 9M->4M(15M) 0.236ms
[86.835s][info][gc] GC(2080) Pause Young (Allocation Failure) 9M->5M(15M) 0.700ms
[86.840s][info][gc] GC(2081) Pause Young (Allocation Failure) 9M->5M(15M) 0.648ms
[86.844s][info][gc] GC(2082) Pause Young (Allocation Failure) 9M->5M(15M) 0.296ms
[86.848s][info][gc] GC(2083) Pause Young (Allocation Failure) 9M->5M(15M) 0.308ms
[86.852s][info][gc] GC(2084) Pause Young (Allocation Failure) 9M->5M(15M) 0.518ms
[86.856s][info][gc] GC(2085) Pause Young (Allocation Failure) 9M->4M(15M) 0.348ms
[86.860s][info][gc] GC(2086) Pause Young (Allocation Failure) 9M->5M(15M) 0.232ms
[86.863s][info][gc] GC(2087) Pause Young (Allocation Failure) 9M->5M(15M) 0.282ms
[86.867s][info][gc] GC(2088) Pause Young (Allocation Failure) 9M->5M(15M) 0.420ms
[86.872s][info][gc] GC(2089) Pause Young (Allocation Failure) 9M->4M(15M) 0.321ms
[86.877s][info][gc] GC(2090) Pause Young (Allocation Failure) 9M->5M(15M) 0.262ms
[86.880s][info][gc] GC(2091) Pause Young (Allocation Failure) 9M->5M(15M) 0.266ms
[86.884s][info][gc] GC(2092) Pause Young (Allocation Failure) 9M->5M(15M) 0.367ms
[86.888s][info][gc] GC(2093) Pause Young (Allocation Failure) 9M->5M(15M) 0.280ms
[86.892s][info][gc] GC(2094) Pause Young (Allocation Failure) 9M->5M(15M) 0.491ms
[86.896s][info][gc] GC(2095) Pause Young (Allocation Failure) 9M->5M(15M) 0.271ms
[86.900s][info][gc] GC(2096) Pause Young (Allocation Failure) 9M->5M(15M) 0.488ms
[86.904s][info][gc] GC(2097) Pause Young (Allocation Failure) 9M->5M(15M) 0.438ms
[86.908s][info][gc] GC(2098) Pause Young (Allocation Failure) 9M->5M(15M) 0.441ms
[86.912s][info][gc] GC(2099) Pause Young (Allocation Failure) 9M->5M(15M) 0.273ms
[86.915s][info][gc] GC(2100) Pause Young (Allocation Failure) 9M->5M(15M) 0.276ms
[86.919s][info][gc] GC(2101) Pause Young (Allocation Failure) 9M->5M(15M) 0.413ms
[86.923s][info][gc] GC(2102) Pause Young (Allocation Failure) 9M->5M(15M) 0.232ms
[86.927s][info][gc] GC(2103) Pause Young (Allocation Failure) 9M->5M(15M) 0.287ms
[86.930s][info][gc] GC(2104) Pause Young (Allocation Failure) 9M->5M(15M) 0.261ms
[86.934s][info][gc] GC(2105) Pause Young (Allocation Failure) 9M->5M(15M) 0.479ms
[86.939s][info][gc] GC(2106) Pause Young (Allocation Failure) 9M->5M(15M) 0.367ms
[86.943s][info][gc] GC(2107) Pause Young (Allocation Failure) 9M->5M(15M) 0.390ms
[86.946s][info][gc] GC(2108) Pause Young (Allocation Failure) 9M->5M(15M) 0.392ms
[86.950s][info][gc] GC(2109) Pause Young (Allocation Failure) 9M->5M(15M) 0.378ms
[86.954s][info][gc] GC(2110) Pause Young (Allocation Failure) 9M->5M(15M) 0.576ms
[86.958s][info][gc] GC(2111) Pause Young (Allocation Failure) 9M->5M(15M) 0.593ms
[86.962s][info][gc] GC(2112) Pause Young (Allocation Failure) 9M->5M(15M) 0.279ms
[86.966s][info][gc] GC(2113) Pause Young (Allocation Failure) 9M->5M(15M) 0.531ms
[86.971s][info][gc] GC(2114) Pause Young (Allocation Failure) 9M->5M(15M) 0.522ms
[86.975s][info][gc] GC(2115) Pause Young (Allocation Failure) 9M->5M(15M) 0.592ms
[86.980s][info][gc] GC(2116) Pause Young (Allocation Failure) 9M->5M(15M) 0.433ms
[86.985s][info][gc] GC(2117) Pause Young (Allocation Failure) 9M->5M(15M) 0.422ms
[86.989s][info][gc] GC(2118) Pause Young (Allocation Failure) 9M->5M(15M) 0.410ms
[86.994s][info][gc] GC(2119) Pause Young (Allocation Failure) 9M->5M(15M) 0.540ms
[86.998s][info][gc] GC(2120) Pause Young (Allocation Failure) 9M->5M(15M) 0.250ms
[87.002s][info][gc] GC(2121) Pause Young (Allocation Failure) 9M->5M(15M) 0.533ms
[87.008s][info][gc] GC(2122) Pause Young (Allocation Failure) 9M->5M(15M) 0.645ms
[87.012s][info][gc] GC(2123) Pause Young (Allocation Failure) 9M->5M(15M) 0.243ms
[87.015s][info][gc] GC(2124) Pause Young (Allocation Failure) 9M->5M(15M) 0.294ms
[87.019s][info][gc] GC(2125) Pause Young (Allocation Failure) 9M->5M(15M) 0.378ms
[87.025s][info][gc] GC(2126) Pause Young (Allocation Failure) 9M->5M(15M) 0.766ms
[87.028s][info][gc] GC(2127) Pause Young (Allocation Failure) 9M->5M(15M) 0.208ms
[87.032s][info][gc] GC(2128) Pause Young (Allocation Failure) 9M->5M(15M) 0.286ms
[87.037s][info][gc] GC(2129) Pause Young (Allocation Failure) 9M->5M(15M) 0.575ms
[87.041s][info][gc] GC(2130) Pause Young (Allocation Failure) 9M->5M(15M) 0.653ms
[87.045s][info][gc] GC(2131) Pause Young (Allocation Failure) 9M->5M(15M) 0.284ms
[87.048s][info][gc] GC(2132) Pause Young (Allocation Failure) 9M->5M(15M) 0.289ms
[87.052s][info][gc] GC(2133) Pause Young (Allocation Failure) 9M->5M(15M) 0.451ms
[87.056s][info][gc] GC(2134) Pause Young (Allocation Failure) 9M->5M(15M) 0.389ms
[87.060s][info][gc] GC(2135) Pause Young (Allocation Failure) 9M->5M(15M) 0.269ms
[87.063s][info][gc] GC(2136) Pause Young (Allocation Failure) 9M->5M(15M) 0.244ms
[87.067s][info][gc] GC(2137) Pause Young (Allocation Failure) 9M->5M(15M) 0.304ms
[87.071s][info][gc] GC(2138) Pause Young (Allocation Failure) 9M->5M(15M) 0.522ms
[87.075s][info][gc] GC(2139) Pause Young (Allocation Failure) 9M->5M(15M) 0.537ms
[87.078s][info][gc] GC(2140) Pause Young (Allocation Failure) 9M->5M(15M) 0.227ms
[87.081s][info][gc] GC(2141) Pause Young (Allocation Failure) 9M->5M(15M) 0.222ms
[87.085s][info][gc] GC(2142) Pause Young (Allocation Failure) 9M->5M(15M) 0.334ms
[87.089s][info][gc] GC(2143) Pause Young (Allocation Failure) 9M->5M(15M) 0.310ms
[87.093s][info][gc] GC(2144) Pause Young (Allocation Failure) 9M->5M(15M) 0.269ms
[87.096s][info][gc] GC(2145) Pause Young (Allocation Failure) 9M->5M(15M) 0.248ms
[87.099s][info][gc] GC(2146) Pause Young (Allocation Failure) 9M->5M(15M) 0.204ms
[87.102s][info][gc] GC(2147) Pause Young (Allocation Failure) 9M->5M(15M) 0.420ms
[87.106s][info][gc] GC(2148) Pause Young (Allocation Failure) 9M->5M(15M) 0.271ms
[87.110s][info][gc] GC(2149) Pause Young (Allocation Failure) 9M->5M(15M) 0.333ms
[87.113s][info][gc] GC(2150) Pause Young (Allocation Failure) 9M->5M(15M) 0.181ms
[87.116s][info][gc] GC(2151) Pause Young (Allocation Failure) 9M->5M(15M) 0.268ms
[87.119s][info][gc] GC(2152) Pause Young (Allocation Failure) 9M->5M(15M) 0.458ms
[87.123s][info][gc] GC(2153) Pause Young (Allocation Failure) 9M->5M(15M) 0.339ms
[87.127s][info][gc] GC(2154) Pause Young (Allocation Failure) 9M->5M(15M) 0.253ms
[87.130s][info][gc] GC(2155) Pause Young (Allocation Failure) 9M->5M(15M) 0.256ms
[87.133s][info][gc] GC(2156) Pause Young (Allocation Failure) 9M->5M(15M) 0.281ms
[87.137s][info][gc] GC(2157) Pause Young (Allocation Failure) 9M->5M(15M) 0.397ms
[87.140s][info][gc] GC(2158) Pause Young (Allocation Failure) 9M->5M(15M) 0.354ms
[87.144s][info][gc] GC(2159) Pause Young (Allocation Failure) 9M->5M(15M) 0.246ms
[87.147s][info][gc] GC(2160) Pause Young (Allocation Failure) 9M->5M(15M) 0.234ms
[87.150s][info][gc] GC(2161) Pause Young (Allocation Failure) 9M->5M(15M) 0.288ms
[87.154s][info][gc] GC(2162) Pause Young (Allocation Failure) 9M->5M(15M) 0.404ms
[87.157s][info][gc] GC(2163) Pause Young (Allocation Failure) 9M->5M(15M) 0.473ms
[87.161s][info][gc] GC(2164) Pause Young (Allocation Failure) 9M->5M(15M) 0.260ms
[87.164s][info][gc] GC(2165) Pause Young (Allocation Failure) 9M->5M(15M) 0.232ms
[87.167s][info][gc] GC(2166) Pause Young (Allocation Failure) 9M->5M(15M) 0.287ms
[87.170s][info][gc] GC(2167) Pause Young (Allocation Failure) 9M->5M(15M) 0.410ms
[87.174s][info][gc] GC(2168) Pause Young (Allocation Failure) 9M->5M(15M) 0.430ms
[87.178s][info][gc] GC(2169) Pause Young (Allocation Failure) 9M->5M(15M) 0.246ms
[87.181s][info][gc] GC(2170) Pause Young (Allocation Failure) 9M->5M(15M) 0.201ms
[87.184s][info][gc] GC(2171) Pause Young (Allocation Failure) 9M->5M(15M) 0.311ms
[87.187s][info][gc] GC(2172) Pause Young (Allocation Failure) 9M->5M(15M) 0.432ms
[87.191s][info][gc] GC(2173) Pause Young (Allocation Failure) 9M->5M(15M) 0.752ms
[87.195s][info][gc] GC(2174) Pause Young (Allocation Failure) 9M->5M(15M) 0.306ms
[87.199s][info][gc] GC(2175) Pause Young (Allocation Failure) 9M->5M(15M) 0.280ms
[87.202s][info][gc] GC(2176) Pause Young (Allocation Failure) 9M->5M(15M) 0.379ms
[87.206s][info][gc] GC(2177) Pause Young (Allocation Failure) 9M->5M(15M) 0.290ms
[87.210s][info][gc] GC(2178) Pause Young (Allocation Failure) 9M->5M(15M) 0.381ms
[87.213s][info][gc] GC(2179) Pause Young (Allocation Failure) 9M->5M(15M) 0.266ms
[87.216s][info][gc] GC(2180) Pause Young (Allocation Failure) 9M->5M(15M) 0.305ms
[87.220s][info][gc] GC(2181) Pause Young (Allocation Failure) 9M->5M(15M) 0.502ms
[87.224s][info][gc] GC(2182) Pause Young (Allocation Failure) 9M->5M(15M) 0.314ms
[87.227s][info][gc] GC(2183) Pause Young (Allocation Failure) 9M->5M(15M) 0.261ms
[87.230s][info][gc] GC(2184) Pause Young (Allocation Failure) 9M->5M(15M) 0.236ms
[87.234s][info][gc] GC(2185) Pause Young (Allocation Failure) 9M->5M(15M) 0.271ms
[87.238s][info][gc] GC(2186) Pause Young (Allocation Failure) 9M->5M(15M) 0.598ms
[87.242s][info][gc] GC(2187) Pause Young (Allocation Failure) 9M->5M(15M) 0.810ms
[87.246s][info][gc] GC(2188) Pause Young (Allocation Failure) 9M->5M(15M) 0.257ms
[87.249s][info][gc] GC(2189) Pause Young (Allocation Failure) 9M->5M(15M) 0.283ms
[87.253s][info][gc] GC(2190) Pause Young (Allocation Failure) 9M->5M(15M) 0.411ms
[87.257s][info][gc] GC(2191) Pause Young (Allocation Failure) 9M->5M(15M) 0.281ms
[87.260s][info][gc] GC(2192) Pause Young (Allocation Failure) 9M->5M(15M) 0.269ms
[87.264s][info][gc] GC(2193) Pause Young (Allocation Failure) 9M->5M(15M) 0.232ms
[87.267s][info][gc] GC(2194) Pause Young (Allocation Failure) 9M->5M(15M) 0.255ms
[87.270s][info][gc] GC(2195) Pause Young (Allocation Failure) 9M->5M(15M) 0.455ms
[87.274s][info][gc] GC(2196) Pause Young (Allocation Failure) 9M->5M(15M) 0.355ms
[87.277s][info][gc] GC(2197) Pause Young (Allocation Failure) 9M->5M(15M) 0.233ms
[87.280s][info][gc] GC(2198) Pause Young (Allocation Failure) 9M->5M(15M) 0.220ms
[87.284s][info][gc] GC(2199) Pause Young (Allocation Failure) 9M->5M(15M) 0.391ms
[87.287s][info][gc] GC(2200) Pause Young (Allocation Failure) 9M->5M(15M) 0.351ms
[87.291s][info][gc] GC(2201) Pause Young (Allocation Failure) 9M->5M(15M) 0.201ms
[87.295s][info][gc] GC(2202) Pause Young (Allocation Failure) 9M->5M(15M) 0.254ms
[87.298s][info][gc] GC(2203) Pause Young (Allocation Failure) 9M->5M(15M) 0.207ms
[87.301s][info][gc] GC(2204) Pause Young (Allocation Failure) 9M->5M(15M) 0.293ms
[87.306s][info][gc] GC(2205) Pause Young (Allocation Failure) 9M->5M(15M) 0.697ms
[87.310s][info][gc] GC(2206) Pause Young (Allocation Failure) 9M->5M(15M) 0.423ms
[87.313s][info][gc] GC(2207) Pause Young (Allocation Failure) 9M->5M(15M) 0.198ms
[87.317s][info][gc] GC(2208) Pause Young (Allocation Failure) 9M->5M(15M) 0.450ms
[87.322s][info][gc] GC(2209) Pause Young (Allocation Failure) 9M->5M(15M) 0.443ms
[87.326s][info][gc] GC(2210) Pause Young (Allocation Failure) 9M->5M(15M) 0.421ms
[87.330s][info][gc] GC(2211) Pause Young (Allocation Failure) 9M->5M(15M) 0.287ms
[87.333s][info][gc] GC(2212) Pause Young (Allocation Failure) 9M->5M(15M) 0.318ms
[87.338s][info][gc] GC(2213) Pause Young (Allocation Failure) 9M->5M(15M) 0.781ms
[87.342s][info][gc] GC(2214) Pause Young (Allocation Failure) 9M->5M(15M) 0.554ms
[87.346s][info][gc] GC(2215) Pause Young (Allocation Failure) 9M->5M(15M) 0.302ms
[87.350s][info][gc] GC(2216) Pause Young (Allocation Failure) 9M->5M(15M) 0.338ms
[87.354s][info][gc] GC(2217) Pause Young (Allocation Failure) 9M->5M(15M) 0.408ms
[87.359s][info][gc] GC(2218) Pause Young (Allocation Failure) 9M->5M(15M) 0.648ms
[87.363s][info][gc] GC(2219) Pause Young (Allocation Failure) 9M->5M(15M) 0.379ms
[87.367s][info][gc] GC(2220) Pause Young (Allocation Failure) 9M->5M(15M) 0.348ms
[87.371s][info][gc] GC(2221) Pause Young (Allocation Failure) 9M->5M(15M) 0.563ms
[87.375s][info][gc] GC(2222) Pause Young (Allocation Failure) 9M->5M(15M) 0.292ms
[87.380s][info][gc] GC(2223) Pause Young (Allocation Failure) 9M->5M(15M) 0.305ms
[87.384s][info][gc] GC(2224) Pause Young (Allocation Failure) 9M->5M(15M) 0.472ms
[87.388s][info][gc] GC(2225) Pause Young (Allocation Failure) 9M->5M(15M) 0.398ms
[87.394s][info][gc] GC(2226) Pause Young (Allocation Failure) 9M->5M(15M) 1.038ms
[87.399s][info][gc] GC(2227) Pause Young (Allocation Failure) 9M->5M(15M) 0.461ms
[87.405s][info][gc] GC(2228) Pause Young (Allocation Failure) 9M->5M(15M) 0.861ms
[87.411s][info][gc] GC(2229) Pause Young (Allocation Failure) 9M->5M(15M) 0.769ms
[87.417s][info][gc] GC(2230) Pause Young (Allocation Failure) 9M->5M(15M) 0.595ms
[87.422s][info][gc] GC(2231) Pause Young (Allocation Failure) 9M->5M(15M) 0.555ms
[87.428s][info][gc] GC(2232) Pause Young (Allocation Failure) 9M->5M(15M) 0.479ms
[87.434s][info][gc] GC(2233) Pause Young (Allocation Failure) 9M->5M(15M) 0.460ms
[87.440s][info][gc] GC(2234) Pause Young (Allocation Failure) 9M->5M(15M) 0.513ms
[87.446s][info][gc] GC(2235) Pause Young (Allocation Failure) 9M->5M(15M) 0.633ms
[87.450s][info][gc] GC(2236) Pause Young (Allocation Failure) 9M->5M(15M) 0.325ms
[87.454s][info][gc] GC(2237) Pause Young (Allocation Failure) 9M->5M(15M) 0.566ms
[87.459s][info][gc] GC(2238) Pause Young (Allocation Failure) 9M->5M(15M) 0.573ms
[87.464s][info][gc] GC(2239) Pause Young (Allocation Failure) 9M->5M(15M) 0.465ms
[87.468s][info][gc] GC(2240) Pause Young (Allocation Failure) 9M->5M(15M) 0.562ms
[87.473s][info][gc] GC(2241) Pause Young (Allocation Failure) 9M->5M(15M) 0.438ms
[87.477s][info][gc] GC(2242) Pause Young (Allocation Failure) 9M->5M(15M) 0.595ms
[87.481s][info][gc] GC(2243) Pause Young (Allocation Failure) 9M->5M(15M) 0.310ms
[87.485s][info][gc] GC(2244) Pause Young (Allocation Failure) 9M->5M(15M) 0.456ms
[87.490s][info][gc] GC(2245) Pause Young (Allocation Failure) 9M->5M(15M) 0.388ms
[87.494s][info][gc] GC(2246) Pause Young (Allocation Failure) 9M->5M(15M) 0.384ms
[87.498s][info][gc] GC(2247) Pause Young (Allocation Failure) 9M->5M(15M) 0.290ms
[87.502s][info][gc] GC(2248) Pause Young (Allocation Failure) 9M->5M(15M) 0.363ms
[87.507s][info][gc] GC(2249) Pause Young (Allocation Failure) 9M->5M(15M) 0.456ms
[87.511s][info][gc] GC(2250) Pause Young (Allocation Failure) 9M->5M(15M) 0.494ms
[87.514s][info][gc] GC(2251) Pause Young (Allocation Failure) 9M->5M(15M) 0.283ms
[87.518s][info][gc] GC(2252) Pause Young (Allocation Failure) 9M->5M(15M) 0.359ms
[87.523s][info][gc] GC(2253) Pause Young (Allocation Failure) 9M->5M(15M) 0.437ms
[87.527s][info][gc] GC(2254) Pause Young (Allocation Failure) 9M->5M(15M) 0.410ms
[87.531s][info][gc] GC(2255) Pause Young (Allocation Failure) 9M->5M(15M) 0.280ms
[87.534s][info][gc] GC(2256) Pause Young (Allocation Failure) 9M->5M(15M) 0.320ms
[87.538s][info][gc] GC(2257) Pause Young (Allocation Failure) 9M->5M(15M) 0.484ms
[87.542s][info][gc] GC(2258) Pause Young (Allocation Failure) 9M->5M(15M) 0.346ms
[87.546s][info][gc] GC(2259) Pause Young (Allocation Failure) 9M->5M(15M) 0.277ms
[87.549s][info][gc] GC(2260) Pause Young (Allocation Failure) 9M->5M(15M) 0.263ms
[87.553s][info][gc] GC(2261) Pause Young (Allocation Failure) 9M->5M(15M) 0.436ms
[87.557s][info][gc] GC(2262) Pause Young (Allocation Failure) 9M->5M(15M) 0.289ms
[87.561s][info][gc] GC(2263) Pause Young (Allocation Failure) 9M->5M(15M) 0.500ms
[87.564s][info][gc] GC(2264) Pause Young (Allocation Failure) 9M->5M(15M) 0.233ms
[87.568s][info][gc] GC(2265) Pause Young (Allocation Failure) 9M->5M(15M) 0.322ms
[87.572s][info][gc] GC(2266) Pause Young (Allocation Failure) 9M->5M(15M) 0.448ms
[87.577s][info][gc] GC(2267) Pause Young (Allocation Failure) 9M->5M(15M) 0.679ms
[87.581s][info][gc] GC(2268) Pause Young (Allocation Failure) 9M->5M(15M) 0.260ms
[87.584s][info][gc] GC(2269) Pause Young (Allocation Failure) 9M->5M(15M) 0.374ms
[87.589s][info][gc] GC(2270) Pause Young (Allocation Failure) 9M->5M(15M) 0.417ms
[87.593s][info][gc] GC(2271) Pause Young (Allocation Failure) 9M->5M(15M) 0.645ms
[87.597s][info][gc] GC(2272) Pause Young (Allocation Failure) 9M->5M(15M) 0.262ms
[87.600s][info][gc] GC(2273) Pause Young (Allocation Failure) 9M->5M(15M) 0.276ms
[87.604s][info][gc] GC(2274) Pause Young (Allocation Failure) 9M->5M(15M) 0.490ms
[87.609s][info][gc] GC(2275) Pause Young (Allocation Failure) 9M->5M(15M) 0.797ms
[87.613s][info][gc] GC(2276) Pause Young (Allocation Failure) 9M->5M(15M) 0.292ms
[87.617s][info][gc] GC(2277) Pause Young (Allocation Failure) 9M->5M(15M) 0.228ms
[87.621s][info][gc] GC(2278) Pause Young (Allocation Failure) 9M->5M(15M) 0.475ms
[87.625s][info][gc] GC(2279) Pause Young (Allocation Failure) 9M->5M(15M) 0.289ms
[87.629s][info][gc] GC(2280) Pause Young (Allocation Failure) 9M->5M(15M) 0.303ms
[87.632s][info][gc] GC(2281) Pause Young (Allocation Failure) 9M->5M(15M) 0.274ms
[87.636s][info][gc] GC(2282) Pause Young (Allocation Failure) 9M->5M(15M) 0.329ms
[87.639s][info][gc] GC(2283) Pause Young (Allocation Failure) 9M->5M(15M) 0.539ms
[87.643s][info][gc] GC(2284) Pause Young (Allocation Failure) 9M->5M(15M) 0.270ms
[87.647s][info][gc] GC(2285) Pause Young (Allocation Failure) 9M->5M(15M) 0.268ms
[87.650s][info][gc] GC(2286) Pause Young (Allocation Failure) 9M->5M(15M) 0.264ms
[87.654s][info][gc] GC(2287) Pause Young (Allocation Failure) 9M->5M(15M) 0.549ms
[87.658s][info][gc] GC(2288) Pause Young (Allocation Failure) 9M->5M(15M) 0.282ms
[87.662s][info][gc] GC(2289) Pause Young (Allocation Failure) 9M->5M(15M) 0.274ms
[87.665s][info][gc] GC(2290) Pause Young (Allocation Failure) 9M->5M(15M) 0.267ms
[87.668s][info][gc] GC(2291) Pause Young (Allocation Failure) 9M->5M(15M) 0.351ms
[87.672s][info][gc] GC(2292) Pause Young (Allocation Failure) 9M->5M(15M) 0.413ms
[87.675s][info][gc] GC(2293) Pause Young (Allocation Failure) 9M->5M(15M) 0.254ms
[87.679s][info][gc] GC(2294) Pause Young (Allocation Failure) 9M->5M(15M) 0.208ms
[87.682s][info][gc] GC(2295) Pause Young (Allocation Failure) 9M->5M(15M) 0.212ms
[87.685s][info][gc] GC(2296) Pause Young (Allocation Failure) 9M->5M(15M) 0.320ms
[87.690s][info][gc] GC(2297) Pause Young (Allocation Failure) 9M->5M(15M) 0.524ms
[87.694s][info][gc] GC(2298) Pause Young (Allocation Failure) 9M->5M(15M) 0.507ms
[87.697s][info][gc] GC(2299) Pause Young (Allocation Failure) 9M->5M(15M) 0.225ms
[87.700s][info][gc] GC(2300) Pause Young (Allocation Failure) 9M->5M(15M) 0.190ms
[87.703s][info][gc] GC(2301) Pause Young (Allocation Failure) 9M->5M(15M) 0.268ms
[87.707s][info][gc] GC(2302) Pause Young (Allocation Failure) 9M->5M(15M) 0.645ms
[87.711s][info][gc] GC(2303) Pause Young (Allocation Failure) 9M->5M(15M) 0.504ms
[87.715s][info][gc] GC(2304) Pause Young (Allocation Failure) 9M->5M(15M) 0.305ms
[87.718s][info][gc] GC(2305) Pause Young (Allocation Failure) 9M->5M(15M) 0.287ms
[87.722s][info][gc] GC(2306) Pause Young (Allocation Failure) 9M->5M(15M) 0.428ms
[87.726s][info][gc] GC(2307) Pause Young (Allocation Failure) 9M->5M(15M) 0.592ms
[87.730s][info][gc] GC(2308) Pause Young (Allocation Failure) 9M->5M(15M) 0.281ms
[87.733s][info][gc] GC(2309) Pause Young (Allocation Failure) 9M->5M(15M) 0.260ms
[87.737s][info][gc] GC(2310) Pause Young (Allocation Failure) 9M->5M(15M) 0.397ms
[87.740s][info][gc] GC(2311) Pause Young (Allocation Failure) 9M->5M(15M) 0.428ms
[87.745s][info][gc] GC(2312) Pause Young (Allocation Failure) 9M->5M(15M) 0.549ms
[87.748s][info][gc] GC(2313) Pause Young (Allocation Failure) 9M->5M(15M) 0.216ms
[87.751s][info][gc] GC(2314) Pause Young (Allocation Failure) 9M->5M(15M) 0.201ms
[87.754s][info][gc] GC(2315) Pause Young (Allocation Failure) 9M->5M(15M) 0.370ms
[87.758s][info][gc] GC(2316) Pause Young (Allocation Failure) 9M->5M(15M) 0.284ms
[87.761s][info][gc] GC(2317) Pause Young (Allocation Failure) 9M->5M(15M) 0.473ms
[87.765s][info][gc] GC(2318) Pause Young (Allocation Failure) 9M->5M(15M) 0.191ms
[87.768s][info][gc] GC(2319) Pause Young (Allocation Failure) 9M->5M(15M) 0.222ms
[87.771s][info][gc] GC(2320) Pause Young (Allocation Failure) 9M->5M(15M) 0.357ms
[87.774s][info][gc] GC(2321) Pause Young (Allocation Failure) 9M->5M(15M) 0.250ms
[87.778s][info][gc] GC(2322) Pause Young (Allocation Failure) 9M->5M(15M) 0.226ms
[87.781s][info][gc] GC(2323) Pause Young (Allocation Failure) 9M->5M(15M) 0.190ms
[87.784s][info][gc] GC(2324) Pause Young (Allocation Failure) 9M->5M(15M) 0.190ms
[87.787s][info][gc] GC(2325) Pause Young (Allocation Failure) 9M->5M(15M) 0.273ms
[87.791s][info][gc] GC(2326) Pause Young (Allocation Failure) 9M->5M(15M) 0.510ms
[87.794s][info][gc] GC(2327) Pause Young (Allocation Failure) 9M->5M(15M) 0.431ms
[87.797s][info][gc] GC(2328) Pause Young (Allocation Failure) 9M->5M(15M) 0.196ms
[87.800s][info][gc] GC(2329) Pause Young (Allocation Failure) 9M->5M(15M) 0.240ms
[87.803s][info][gc] GC(2330) Pause Young (Allocation Failure) 9M->5M(15M) 0.293ms
[87.807s][info][gc] GC(2331) Pause Young (Allocation Failure) 9M->5M(15M) 0.396ms
[87.811s][info][gc] GC(2332) Pause Young (Allocation Failure) 9M->5M(15M) 0.661ms
[87.814s][info][gc] GC(2333) Pause Young (Allocation Failure) 9M->5M(15M) 0.249ms
[87.817s][info][gc] GC(2334) Pause Young (Allocation Failure) 9M->5M(15M) 0.223ms
[87.820s][info][gc] GC(2335) Pause Young (Allocation Failure) 9M->5M(15M) 0.338ms
[87.824s][info][gc] GC(2336) Pause Young (Allocation Failure) 9M->5M(15M) 0.378ms
[87.827s][info][gc] GC(2337) Pause Young (Allocation Failure) 9M->5M(15M) 0.515ms
[87.830s][info][gc] GC(2338) Pause Young (Allocation Failure) 9M->5M(15M) 0.240ms
[87.833s][info][gc] GC(2339) Pause Young (Allocation Failure) 9M->5M(15M) 0.267ms
[87.836s][info][gc] GC(2340) Pause Young (Allocation Failure) 9M->5M(15M) 0.254ms
[87.839s][info][gc] GC(2341) Pause Young (Allocation Failure) 9M->5M(15M) 0.237ms
[87.842s][info][gc] GC(2342) Pause Young (Allocation Failure) 9M->5M(15M) 0.288ms
[87.846s][info][gc] GC(2343) Pause Young (Allocation Failure) 9M->5M(15M) 0.325ms
[87.849s][info][gc] GC(2344) Pause Young (Allocation Failure) 9M->5M(15M) 0.418ms
[87.853s][info][gc] GC(2345) Pause Young (Allocation Failure) 9M->5M(15M) 0.307ms
[87.857s][info][gc] GC(2346) Pause Young (Allocation Failure) 9M->5M(15M) 0.392ms
[87.861s][info][gc] GC(2347) Pause Young (Allocation Failure) 9M->5M(15M) 0.340ms
[87.865s][info][gc] GC(2348) Pause Young (Allocation Failure) 9M->5M(15M) 0.437ms
[87.869s][info][gc] GC(2349) Pause Young (Allocation Failure) 9M->5M(15M) 0.326ms
[87.872s][info][gc] GC(2350) Pause Young (Allocation Failure) 9M->5M(15M) 0.265ms
[87.876s][info][gc] GC(2351) Pause Young (Allocation Failure) 9M->5M(15M) 0.362ms
[87.880s][info][gc] GC(2352) Pause Young (Allocation Failure) 9M->5M(15M) 0.433ms
[87.884s][info][gc] GC(2353) Pause Young (Allocation Failure) 9M->5M(15M) 0.200ms
[87.887s][info][gc] GC(2354) Pause Young (Allocation Failure) 9M->5M(15M) 0.250ms
[87.891s][info][gc] GC(2355) Pause Young (Allocation Failure) 9M->5M(15M) 0.379ms
[87.895s][info][gc] GC(2356) Pause Young (Allocation Failure) 9M->5M(15M) 0.614ms
[87.899s][info][gc] GC(2357) Pause Young (Allocation Failure) 9M->5M(15M) 0.304ms
[87.903s][info][gc] GC(2358) Pause Young (Allocation Failure) 9M->5M(15M) 0.273ms
[87.906s][info][gc] GC(2359) Pause Young (Allocation Failure) 9M->5M(15M) 0.228ms
[87.910s][info][gc] GC(2360) Pause Young (Allocation Failure) 9M->5M(15M) 0.294ms
[87.914s][info][gc] GC(2361) Pause Young (Allocation Failure) 9M->5M(15M) 0.371ms
[87.917s][info][gc] GC(2362) Pause Young (Allocation Failure) 9M->5M(15M) 0.250ms
[87.921s][info][gc] GC(2363) Pause Young (Allocation Failure) 9M->5M(15M) 0.327ms
[87.925s][info][gc] GC(2364) Pause Young (Allocation Failure) 9M->5M(15M) 0.289ms
[87.928s][info][gc] GC(2365) Pause Young (Allocation Failure) 9M->5M(15M) 0.292ms
[87.932s][info][gc] GC(2366) Pause Young (Allocation Failure) 9M->5M(15M) 0.305ms
[87.936s][info][gc] GC(2367) Pause Young (Allocation Failure) 9M->5M(15M) 0.302ms
[87.940s][info][gc] GC(2368) Pause Young (Allocation Failure) 9M->5M(15M) 0.346ms
[87.944s][info][gc] GC(2369) Pause Young (Allocation Failure) 9M->5M(15M) 0.493ms
[87.948s][info][gc] GC(2370) Pause Young (Allocation Failure) 9M->5M(15M) 0.451ms
[87.951s][info][gc] GC(2371) Pause Young (Allocation Failure) 9M->5M(15M) 0.265ms
[87.955s][info][gc] GC(2372) Pause Young (Allocation Failure) 9M->5M(15M) 0.328ms
[87.958s][info][gc] GC(2373) Pause Young (Allocation Failure) 9M->5M(15M) 0.479ms
[87.963s][info][gc] GC(2374) Pause Young (Allocation Failure) 9M->5M(15M) 0.471ms
[87.966s][info][gc] GC(2375) Pause Young (Allocation Failure) 9M->5M(15M) 0.230ms
[87.969s][info][gc] GC(2376) Pause Young (Allocation Failure) 9M->5M(15M) 0.271ms
[87.973s][info][gc] GC(2377) Pause Young (Allocation Failure) 9M->5M(15M) 0.396ms
[87.977s][info][gc] GC(2378) Pause Young (Allocation Failure) 9M->5M(15M) 0.466ms
[87.981s][info][gc] GC(2379) Pause Young (Allocation Failure) 9M->5M(15M) 0.456ms
[87.985s][info][gc] GC(2380) Pause Young (Allocation Failure) 9M->5M(15M) 0.221ms
[87.988s][info][gc] GC(2381) Pause Young (Allocation Failure) 9M->5M(15M) 0.370ms
[87.992s][info][gc] GC(2382) Pause Young (Allocation Failure) 9M->5M(15M) 0.285ms
[87.996s][info][gc] GC(2383) Pause Young (Allocation Failure) 9M->5M(15M) 0.330ms
[87.999s][info][gc] GC(2384) Pause Young (Allocation Failure) 9M->5M(15M) 0.196ms
[88.003s][info][gc] GC(2385) Pause Young (Allocation Failure) 9M->5M(15M) 0.263ms
[88.006s][info][gc] GC(2386) Pause Young (Allocation Failure) 9M->5M(15M) 0.373ms
[88.009s][info][gc] GC(2387) Pause Young (Allocation Failure) 9M->5M(15M) 0.195ms
[88.013s][info][gc] GC(2388) Pause Young (Allocation Failure) 9M->5M(15M) 0.177ms
[88.016s][info][gc] GC(2389) Pause Young (Allocation Failure) 9M->5M(15M) 0.250ms
[88.019s][info][gc] GC(2390) Pause Young (Allocation Failure) 9M->5M(15M) 0.292ms
[88.023s][info][gc] GC(2391) Pause Young (Allocation Failure) 9M->5M(15M) 0.799ms
[88.027s][info][gc] GC(2392) Pause Young (Allocation Failure) 9M->5M(15M) 0.226ms
[88.030s][info][gc] GC(2393) Pause Young (Allocation Failure) 9M->5M(15M) 0.250ms
[88.033s][info][gc] GC(2394) Pause Young (Allocation Failure) 9M->5M(15M) 0.238ms
[88.037s][info][gc] GC(2395) Pause Young (Allocation Failure) 9M->5M(15M) 0.581ms
[88.041s][info][gc] GC(2396) Pause Young (Allocation Failure) 9M->5M(15M) 0.412ms
[88.045s][info][gc] GC(2397) Pause Young (Allocation Failure) 9M->5M(15M) 0.524ms
[88.048s][info][gc] GC(2398) Pause Young (Allocation Failure) 9M->5M(15M) 0.249ms
[88.053s][info][gc] GC(2399) Pause Young (Allocation Failure) 9M->5M(15M) 0.425ms
[88.058s][info][gc] GC(2400) Pause Young (Allocation Failure) 9M->5M(15M) 0.401ms
[88.063s][info][gc] GC(2401) Pause Young (Allocation Failure) 9M->5M(15M) 0.400ms
[88.068s][info][gc] GC(2402) Pause Young (Allocation Failure) 9M->5M(15M) 0.346ms
[88.073s][info][gc] GC(2403) Pause Young (Allocation Failure) 9M->5M(15M) 0.624ms
[88.079s][info][gc] GC(2404) Pause Young (Allocation Failure) 9M->5M(15M) 0.753ms
[88.083s][info][gc] GC(2405) Pause Young (Allocation Failure) 9M->5M(15M) 0.337ms
[88.088s][info][gc] GC(2406) Pause Young (Allocation Failure) 9M->5M(15M) 0.469ms
[88.093s][info][gc] GC(2407) Pause Young (Allocation Failure) 9M->5M(15M) 0.353ms
[88.098s][info][gc] GC(2408) Pause Young (Allocation Failure) 9M->5M(15M) 0.380ms
[88.102s][info][gc] GC(2409) Pause Young (Allocation Failure) 9M->5M(15M) 0.349ms
[88.108s][info][gc] GC(2410) Pause Young (Allocation Failure) 9M->5M(15M) 0.653ms
[88.113s][info][gc] GC(2411) Pause Young (Allocation Failure) 9M->5M(15M) 0.430ms
[88.118s][info][gc] GC(2412) Pause Young (Allocation Failure) 9M->5M(15M) 0.301ms
[88.123s][info][gc] GC(2413) Pause Young (Allocation Failure) 9M->5M(15M) 0.535ms
[88.128s][info][gc] GC(2414) Pause Young (Allocation Failure) 9M->5M(15M) 0.277ms
[88.132s][info][gc] GC(2415) Pause Young (Allocation Failure) 9M->5M(15M) 0.243ms
[88.136s][info][gc] GC(2416) Pause Young (Allocation Failure) 9M->5M(15M) 0.440ms
[88.141s][info][gc] GC(2417) Pause Young (Allocation Failure) 9M->5M(15M) 0.451ms
[88.145s][info][gc] GC(2418) Pause Young (Allocation Failure) 9M->5M(15M) 0.520ms
[88.149s][info][gc] GC(2419) Pause Young (Allocation Failure) 9M->5M(15M) 0.287ms
[88.153s][info][gc] GC(2420) Pause Young (Allocation Failure) 9M->5M(15M) 0.572ms
[88.158s][info][gc] GC(2421) Pause Young (Allocation Failure) 9M->5M(15M) 0.315ms
[88.162s][info][gc] GC(2422) Pause Young (Allocation Failure) 9M->5M(15M) 0.585ms
[88.166s][info][gc] GC(2423) Pause Young (Allocation Failure) 9M->5M(15M) 0.300ms
[88.170s][info][gc] GC(2424) Pause Young (Allocation Failure) 9M->5M(15M) 0.440ms
[88.175s][info][gc] GC(2425) Pause Young (Allocation Failure) 9M->5M(15M) 0.334ms
[88.179s][info][gc] GC(2426) Pause Young (Allocation Failure) 9M->5M(15M) 0.558ms
[88.183s][info][gc] GC(2427) Pause Young (Allocation Failure) 9M->5M(15M) 0.274ms
[88.186s][info][gc] GC(2428) Pause Young (Allocation Failure) 9M->5M(15M) 0.414ms
[88.191s][info][gc] GC(2429) Pause Young (Allocation Failure) 9M->5M(15M) 0.690ms
[88.195s][info][gc] GC(2430) Pause Young (Allocation Failure) 9M->5M(15M) 0.529ms
[88.199s][info][gc] GC(2431) Pause Young (Allocation Failure) 9M->5M(15M) 0.278ms
[88.202s][info][gc] GC(2432) Pause Young (Allocation Failure) 9M->5M(15M) 0.232ms
[88.206s][info][gc] GC(2433) Pause Young (Allocation Failure) 9M->5M(15M) 0.540ms
[88.210s][info][gc] GC(2434) Pause Young (Allocation Failure) 9M->5M(15M) 0.289ms
[88.214s][info][gc] GC(2435) Pause Young (Allocation Failure) 9M->5M(15M) 0.286ms
[88.217s][info][gc] GC(2436) Pause Young (Allocation Failure) 9M->5M(15M) 0.273ms
[88.221s][info][gc] GC(2437) Pause Young (Allocation Failure) 9M->5M(15M) 0.413ms
[88.225s][info][gc] GC(2438) Pause Young (Allocation Failure) 9M->5M(15M) 0.283ms
[88.228s][info][gc] GC(2439) Pause Young (Allocation Failure) 9M->5M(15M) 0.471ms
[88.232s][info][gc] GC(2440) Pause Young (Allocation Failure) 9M->5M(15M) 0.249ms
[88.235s][info][gc] GC(2441) Pause Young (Allocation Failure) 9M->5M(15M) 0.231ms
[88.239s][info][gc] GC(2442) Pause Young (Allocation Failure) 9M->5M(15M) 0.494ms
[88.243s][info][gc] GC(2443) Pause Young (Allocation Failure) 9M->5M(15M) 0.286ms
[88.246s][info][gc] GC(2444) Pause Young (Allocation Failure) 9M->5M(15M) 0.248ms
[88.249s][info][gc] GC(2445) Pause Young (Allocation Failure) 9M->5M(15M) 0.230ms
[88.252s][info][gc] GC(2446) Pause Young (Allocation Failure) 9M->5M(15M) 0.266ms
[88.256s][info][gc] GC(2447) Pause Young (Allocation Failure) 9M->5M(15M) 0.518ms
[88.260s][info][gc] GC(2448) Pause Young (Allocation Failure) 9M->5M(15M) 0.267ms
[88.264s][info][gc] GC(2449) Pause Young (Allocation Failure) 9M->5M(15M) 0.282ms
[88.267s][info][gc] GC(2450) Pause Young (Allocation Failure) 9M->5M(15M) 0.223ms
[88.270s][info][gc] GC(2451) Pause Young (Allocation Failure) 9M->5M(15M) 0.386ms
[88.274s][info][gc] GC(2452) Pause Young (Allocation Failure) 9M->5M(15M) 0.506ms
[88.277s][info][gc] GC(2453) Pause Young (Allocation Failure) 9M->5M(15M) 0.183ms
[88.280s][info][gc] GC(2454) Pause Young (Allocation Failure) 9M->5M(15M) 0.257ms
[88.283s][info][gc] GC(2455) Pause Young (Allocation Failure) 9M->5M(15M) 0.219ms
[88.286s][info][gc] GC(2456) Pause Young (Allocation Failure) 9M->5M(15M) 0.305ms
[88.290s][info][gc] GC(2457) Pause Young (Allocation Failure) 9M->5M(15M) 0.605ms
[88.294s][info][gc] GC(2458) Pause Young (Allocation Failure) 9M->5M(15M) 0.414ms
[88.297s][info][gc] GC(2459) Pause Young (Allocation Failure) 9M->5M(15M) 0.233ms
[88.300s][info][gc] GC(2460) Pause Young (Allocation Failure) 9M->5M(15M) 0.228ms
[88.303s][info][gc] GC(2461) Pause Young (Allocation Failure) 9M->5M(15M) 0.430ms
[88.310s][info][gc] GC(2462) Pause Young (Allocation Failure) 9M->6M(15M) 0.873ms
[88.315s][info][gc] GC(2463) Pause Young (Allocation Failure) 10M->6M(15M) 0.342ms
[88.319s][info][gc] GC(2464) Pause Young (Allocation Failure) 10M->6M(15M) 0.269ms
[88.325s][info][gc] GC(2465) Pause Young (Allocation Failure) 10M->6M(15M) 0.581ms
[88.330s][info][gc] GC(2466) Pause Young (Allocation Failure) 10M->6M(15M) 0.466ms
[88.334s][info][gc] GC(2467) Pause Young (Allocation Failure) 10M->6M(15M) 0.344ms
[88.339s][info][gc] GC(2468) Pause Young (Allocation Failure) 10M->6M(15M) 0.617ms
[88.344s][info][gc] GC(2469) Pause Young (Allocation Failure) 10M->6M(15M) 0.413ms
[88.349s][info][gc] GC(2470) Pause Young (Allocation Failure) 10M->6M(15M) 0.323ms
[88.353s][info][gc] GC(2471) Pause Young (Allocation Failure) 10M->6M(15M) 0.344ms
[88.358s][info][gc] GC(2472) Pause Young (Allocation Failure) 10M->6M(15M) 0.522ms
[88.363s][info][gc] GC(2473) Pause Young (Allocation Failure) 10M->6M(15M) 0.469ms
[88.367s][info][gc] GC(2474) Pause Young (Allocation Failure) 10M->6M(15M) 0.241ms
[88.371s][info][gc] GC(2475) Pause Young (Allocation Failure) 10M->6M(15M) 0.582ms
[88.376s][info][gc] GC(2476) Pause Young (Allocation Failure) 10M->6M(15M) 0.341ms
[88.380s][info][gc] GC(2477) Pause Young (Allocation Failure) 10M->6M(15M) 0.420ms
[88.384s][info][gc] GC(2478) Pause Young (Allocation Failure) 10M->6M(15M) 0.313ms
[88.389s][info][gc] GC(2479) Pause Young (Allocation Failure) 10M->6M(15M) 0.492ms
[88.394s][info][gc] GC(2480) Pause Young (Allocation Failure) 10M->6M(15M) 0.564ms
[88.399s][info][gc] GC(2481) Pause Young (Allocation Failure) 10M->6M(15M) 0.342ms
[88.404s][info][gc] GC(2482) Pause Young (Allocation Failure) 10M->6M(15M) 0.602ms
[88.409s][info][gc] GC(2483) Pause Young (Allocation Failure) 10M->6M(15M) 0.569ms
[88.414s][info][gc] GC(2484) Pause Young (Allocation Failure) 10M->6M(15M) 0.435ms
[88.418s][info][gc] GC(2485) Pause Young (Allocation Failure) 10M->6M(15M) 0.334ms
[88.423s][info][gc] GC(2486) Pause Young (Allocation Failure) 10M->6M(15M) 0.532ms
[88.428s][info][gc] GC(2487) Pause Young (Allocation Failure) 10M->6M(15M) 0.934ms
[88.433s][info][gc] GC(2488) Pause Young (Allocation Failure) 10M->6M(15M) 0.342ms
[88.437s][info][gc] GC(2489) Pause Young (Allocation Failure) 10M->6M(15M) 0.325ms
[88.441s][info][gc] GC(2490) Pause Young (Allocation Failure) 10M->6M(15M) 0.651ms
[88.446s][info][gc] GC(2491) Pause Young (Allocation Failure) 10M->6M(15M) 0.559ms
[88.449s][info][gc] GC(2492) Pause Young (Allocation Failure) 10M->6M(15M) 0.278ms
[88.453s][info][gc] GC(2493) Pause Young (Allocation Failure) 10M->6M(15M) 0.253ms
[88.457s][info][gc] GC(2494) Pause Young (Allocation Failure) 10M->6M(15M) 0.619ms
[88.461s][info][gc] GC(2495) Pause Young (Allocation Failure) 10M->6M(15M) 0.354ms
[88.465s][info][gc] GC(2496) Pause Young (Allocation Failure) 10M->6M(15M) 0.259ms
[88.468s][info][gc] GC(2497) Pause Young (Allocation Failure) 10M->6M(15M) 0.258ms
[88.471s][info][gc] GC(2498) Pause Young (Allocation Failure) 10M->6M(15M) 0.354ms
[88.476s][info][gc] GC(2499) Pause Young (Allocation Failure) 10M->6M(15M) 0.290ms
[88.479s][info][gc] GC(2500) Pause Young (Allocation Failure) 10M->6M(15M) 0.536ms
[88.483s][info][gc] GC(2501) Pause Young (Allocation Failure) 10M->6M(15M) 0.245ms
[88.486s][info][gc] GC(2502) Pause Young (Allocation Failure) 10M->6M(15M) 0.245ms
[88.490s][info][gc] GC(2503) Pause Young (Allocation Failure) 10M->6M(15M) 0.760ms
[88.494s][info][gc] GC(2504) Pause Young (Allocation Failure) 10M->6M(15M) 0.338ms
[88.498s][info][gc] GC(2505) Pause Young (Allocation Failure) 10M->6M(15M) 0.248ms
[88.501s][info][gc] GC(2506) Pause Young (Allocation Failure) 10M->6M(15M) 0.235ms
[88.504s][info][gc] GC(2507) Pause Young (Allocation Failure) 10M->6M(15M) 0.372ms
[88.508s][info][gc] GC(2508) Pause Young (Allocation Failure) 10M->6M(15M) 0.649ms
[88.512s][info][gc] GC(2509) Pause Young (Allocation Failure) 10M->6M(15M) 0.432ms
[88.515s][info][gc] GC(2510) Pause Young (Allocation Failure) 10M->6M(15M) 0.250ms
[88.518s][info][gc] GC(2511) Pause Young (Allocation Failure) 10M->6M(15M) 0.234ms
[88.521s][info][gc] GC(2512) Pause Young (Allocation Failure) 10M->6M(15M) 0.340ms
[88.525s][info][gc] GC(2513) Pause Young (Allocation Failure) 10M->6M(15M) 0.485ms
[88.528s][info][gc] GC(2514) Pause Young (Allocation Failure) 10M->6M(15M) 0.316ms
[88.532s][info][gc] GC(2515) Pause Young (Allocation Failure) 10M->6M(15M) 0.222ms
[88.535s][info][gc] GC(2516) Pause Young (Allocation Failure) 10M->6M(15M) 0.231ms
[88.538s][info][gc] GC(2517) Pause Young (Allocation Failure) 10M->6M(15M) 0.418ms
[88.542s][info][gc] GC(2518) Pause Young (Allocation Failure) 10M->6M(15M) 0.387ms
[88.546s][info][gc] GC(2519) Pause Young (Allocation Failure) 10M->6M(15M) 0.448ms
[88.549s][info][gc] GC(2520) Pause Young (Allocation Failure) 10M->6M(15M) 0.244ms
[88.552s][info][gc] GC(2521) Pause Young (Allocation Failure) 10M->6M(15M) 0.238ms
[88.555s][info][gc] GC(2522) Pause Young (Allocation Failure) 10M->6M(15M) 0.351ms
[88.559s][info][gc] GC(2523) Pause Young (Allocation Failure) 10M->6M(15M) 0.346ms
[88.562s][info][gc] GC(2524) Pause Young (Allocation Failure) 10M->6M(15M) 0.240ms
[88.565s][info][gc] GC(2525) Pause Young (Allocation Failure) 10M->6M(15M) 0.213ms
[88.568s][info][gc] GC(2526) Pause Young (Allocation Failure) 10M->6M(15M) 0.265ms
[88.571s][info][gc] GC(2527) Pause Young (Allocation Failure) 10M->6M(15M) 0.325ms
[88.576s][info][gc] GC(2528) Pause Young (Allocation Failure) 10M->6M(15M) 0.400ms
[88.579s][info][gc] GC(2529) Pause Young (Allocation Failure) 10M->6M(15M) 0.366ms
[88.582s][info][gc] GC(2530) Pause Young (Allocation Failure) 10M->6M(15M) 0.241ms
[88.585s][info][gc] GC(2531) Pause Young (Allocation Failure) 10M->6M(15M) 0.252ms
[88.589s][info][gc] GC(2532) Pause Young (Allocation Failure) 10M->6M(15M) 0.309ms
[88.593s][info][gc] GC(2533) Pause Young (Allocation Failure) 10M->6M(15M) 0.296ms
[88.598s][info][gc] GC(2534) Pause Young (Allocation Failure) 10M->6M(15M) 0.267ms
[88.603s][info][gc] GC(2535) Pause Young (Allocation Failure) 10M->6M(15M) 0.368ms
[88.608s][info][gc] GC(2536) Pause Young (Allocation Failure) 10M->6M(15M) 0.759ms
[88.614s][info][gc] GC(2537) Pause Young (Allocation Failure) 10M->6M(15M) 0.659ms
[88.618s][info][gc] GC(2538) Pause Young (Allocation Failure) 10M->6M(15M) 0.339ms
[88.623s][info][gc] GC(2539) Pause Young (Allocation Failure) 10M->6M(15M) 0.664ms
[88.628s][info][gc] GC(2540) Pause Young (Allocation Failure) 10M->6M(15M) 0.372ms
[88.633s][info][gc] GC(2541) Pause Young (Allocation Failure) 10M->6M(15M) 0.326ms
[88.637s][info][gc] GC(2542) Pause Young (Allocation Failure) 10M->6M(15M) 0.354ms
[88.643s][info][gc] GC(2543) Pause Young (Allocation Failure) 10M->6M(15M) 0.477ms
[88.647s][info][gc] GC(2544) Pause Young (Allocation Failure) 10M->6M(15M) 0.531ms
[88.651s][info][gc] GC(2545) Pause Young (Allocation Failure) 10M->6M(15M) 0.320ms
[88.656s][info][gc] GC(2546) Pause Young (Allocation Failure) 10M->6M(15M) 0.407ms
[88.660s][info][gc] GC(2547) Pause Young (Allocation Failure) 10M->6M(15M) 0.346ms
[88.665s][info][gc] GC(2548) Pause Young (Allocation Failure) 10M->6M(15M) 0.334ms
[88.669s][info][gc] GC(2549) Pause Young (Allocation Failure) 10M->6M(15M) 0.286ms
[88.673s][info][gc] GC(2550) Pause Young (Allocation Failure) 10M->6M(15M) 0.490ms
[88.678s][info][gc] GC(2551) Pause Young (Allocation Failure) 10M->6M(15M) 0.331ms
[88.682s][info][gc] GC(2552) Pause Young (Allocation Failure) 10M->6M(15M) 0.285ms
[88.686s][info][gc] GC(2553) Pause Young (Allocation Failure) 10M->6M(15M) 0.272ms
[88.690s][info][gc] GC(2554) Pause Young (Allocation Failure) 10M->6M(15M) 0.459ms
[88.694s][info][gc] GC(2555) Pause Young (Allocation Failure) 10M->6M(15M) 0.317ms
[88.698s][info][gc] GC(2556) Pause Young (Allocation Failure) 10M->6M(15M) 0.304ms
[88.702s][info][gc] GC(2557) Pause Young (Allocation Failure) 10M->6M(15M) 0.284ms
[88.706s][info][gc] GC(2558) Pause Young (Allocation Failure) 10M->6M(15M) 0.313ms
[88.710s][info][gc] GC(2559) Pause Young (Allocation Failure) 10M->6M(15M) 0.237ms
[88.714s][info][gc] GC(2560) Pause Young (Allocation Failure) 10M->6M(15M) 0.478ms
[88.717s][info][gc] GC(2561) Pause Young (Allocation Failure) 10M->6M(15M) 0.220ms
[88.721s][info][gc] GC(2562) Pause Young (Allocation Failure) 10M->6M(15M) 0.223ms
[88.725s][info][gc] GC(2563) Pause Young (Allocation Failure) 10M->6M(15M) 0.601ms
[88.729s][info][gc] GC(2564) Pause Young (Allocation Failure) 10M->6M(15M) 0.396ms
[88.733s][info][gc] GC(2565) Pause Young (Allocation Failure) 10M->6M(15M) 0.276ms
[88.736s][info][gc] GC(2566) Pause Young (Allocation Failure) 10M->6M(15M) 0.438ms
[88.740s][info][gc] GC(2567) Pause Young (Allocation Failure) 10M->6M(15M) 0.473ms
[88.744s][info][gc] GC(2568) Pause Young (Allocation Failure) 10M->6M(15M) 0.306ms
[88.748s][info][gc] GC(2569) Pause Young (Allocation Failure) 10M->6M(15M) 0.281ms
[88.751s][info][gc] GC(2570) Pause Young (Allocation Failure) 10M->6M(15M) 0.256ms
[88.755s][info][gc] GC(2571) Pause Young (Allocation Failure) 10M->6M(15M) 0.342ms
[88.759s][info][gc] GC(2572) Pause Young (Allocation Failure) 10M->6M(15M) 0.489ms
[88.764s][info][gc] GC(2573) Pause Young (Allocation Failure) 10M->6M(15M) 0.520ms
[88.767s][info][gc] GC(2574) Pause Young (Allocation Failure) 10M->6M(15M) 0.270ms
[88.771s][info][gc] GC(2575) Pause Young (Allocation Failure) 10M->6M(15M) 0.307ms
[88.775s][info][gc] GC(2576) Pause Young (Allocation Failure) 10M->6M(15M) 0.688ms
[88.778s][info][gc] GC(2577) Pause Young (Allocation Failure) 10M->6M(15M) 0.303ms
[88.782s][info][gc] GC(2578) Pause Young (Allocation Failure) 10M->6M(15M) 0.247ms
[88.785s][info][gc] GC(2579) Pause Young (Allocation Failure) 10M->6M(15M) 0.234ms
[88.788s][info][gc] GC(2580) Pause Young (Allocation Failure) 10M->6M(15M) 0.265ms
[88.792s][info][gc] GC(2581) Pause Young (Allocation Failure) 10M->6M(15M) 0.516ms
[88.795s][info][gc] GC(2582) Pause Young (Allocation Failure) 10M->6M(15M) 0.264ms
[88.799s][info][gc] GC(2583) Pause Young (Allocation Failure) 10M->6M(15M) 0.173ms
[88.802s][info][gc] GC(2584) Pause Young (Allocation Failure) 10M->6M(15M) 0.227ms
[88.805s][info][gc] GC(2585) Pause Young (Allocation Failure) 10M->6M(15M) 0.335ms
[88.809s][info][gc] GC(2586) Pause Young (Allocation Failure) 10M->6M(15M) 0.489ms
[88.812s][info][gc] GC(2587) Pause Young (Allocation Failure) 10M->6M(15M) 0.235ms
[88.815s][info][gc] GC(2588) Pause Young (Allocation Failure) 10M->6M(15M) 0.276ms
[88.818s][info][gc] GC(2589) Pause Young (Allocation Failure) 10M->6M(15M) 0.220ms
[88.822s][info][gc] GC(2590) Pause Young (Allocation Failure) 10M->6M(15M) 0.367ms
[88.825s][info][gc] GC(2591) Pause Young (Allocation Failure) 10M->6M(15M) 0.543ms
[88.829s][info][gc] GC(2592) Pause Young (Allocation Failure) 10M->6M(15M) 0.238ms
[88.832s][info][gc] GC(2593) Pause Young (Allocation Failure) 10M->6M(15M) 0.227ms
[88.835s][info][gc] GC(2594) Pause Young (Allocation Failure) 10M->6M(15M) 0.279ms
[88.838s][info][gc] GC(2595) Pause Young (Allocation Failure) 10M->6M(15M) 0.324ms
[88.842s][info][gc] GC(2596) Pause Young (Allocation Failure) 10M->6M(15M) 0.491ms
[88.845s][info][gc] GC(2597) Pause Young (Allocation Failure) 10M->6M(15M) 0.255ms
[88.849s][info][gc] GC(2598) Pause Young (Allocation Failure) 10M->6M(15M) 0.200ms
[88.852s][info][gc] GC(2599) Pause Young (Allocation Failure) 10M->6M(15M) 0.185ms
[88.854s][info][gc] GC(2600) Pause Young (Allocation Failure) 10M->6M(15M) 0.240ms
[88.858s][info][gc] GC(2601) Pause Young (Allocation Failure) 10M->6M(15M) 0.505ms
[88.862s][info][gc] GC(2602) Pause Young (Allocation Failure) 10M->6M(15M) 0.260ms
[88.866s][info][gc] GC(2603) Pause Young (Allocation Failure) 10M->6M(15M) 0.261ms
[88.869s][info][gc] GC(2604) Pause Young (Allocation Failure) 10M->6M(15M) 0.220ms
[88.872s][info][gc] GC(2605) Pause Young (Allocation Failure) 10M->6M(15M) 0.291ms
[88.875s][info][gc] GC(2606) Pause Young (Allocation Failure) 10M->6M(15M) 0.499ms
[88.879s][info][gc] GC(2607) Pause Young (Allocation Failure) 10M->6M(15M) 0.243ms
[88.882s][info][gc] GC(2608) Pause Young (Allocation Failure) 10M->6M(15M) 0.316ms
[88.885s][info][gc] GC(2609) Pause Young (Allocation Failure) 10M->6M(15M) 0.175ms
[88.888s][info][gc] GC(2610) Pause Young (Allocation Failure) 10M->6M(15M) 0.261ms
[88.892s][info][gc] GC(2611) Pause Young (Allocation Failure) 10M->6M(15M) 0.546ms
[88.895s][info][gc] GC(2612) Pause Young (Allocation Failure) 10M->6M(15M) 0.295ms
[88.899s][info][gc] GC(2613) Pause Young (Allocation Failure) 10M->6M(15M) 0.223ms
[88.902s][info][gc] GC(2614) Pause Young (Allocation Failure) 10M->6M(15M) 0.223ms
[88.905s][info][gc] GC(2615) Pause Young (Allocation Failure) 10M->6M(15M) 0.265ms
[88.909s][info][gc] GC(2616) Pause Young (Allocation Failure) 10M->6M(15M) 0.502ms
[88.912s][info][gc] GC(2617) Pause Young (Allocation Failure) 10M->6M(15M) 0.258ms
[88.916s][info][gc] GC(2618) Pause Young (Allocation Failure) 10M->6M(15M) 0.216ms
[88.918s][info][gc] GC(2619) Pause Young (Allocation Failure) 10M->6M(15M) 0.161ms
[88.921s][info][gc] GC(2620) Pause Young (Allocation Failure) 10M->6M(15M) 0.240ms
[88.925s][info][gc] GC(2621) Pause Young (Allocation Failure) 10M->6M(15M) 0.518ms
[88.929s][info][gc] GC(2622) Pause Young (Allocation Failure) 10M->6M(15M) 0.321ms
[88.932s][info][gc] GC(2623) Pause Young (Allocation Failure) 10M->6M(15M) 0.195ms
[88.935s][info][gc] GC(2624) Pause Young (Allocation Failure) 10M->6M(15M) 0.164ms
[88.938s][info][gc] GC(2625) Pause Young (Allocation Failure) 10M->6M(15M) 0.233ms
[88.942s][info][gc] GC(2626) Pause Young (Allocation Failure) 10M->6M(15M) 0.542ms
[88.945s][info][gc] GC(2627) Pause Young (Allocation Failure) 10M->6M(15M) 0.294ms
[88.949s][info][gc] GC(2628) Pause Young (Allocation Failure) 10M->6M(15M) 0.198ms
[88.952s][info][gc] GC(2629) Pause Young (Allocation Failure) 10M->6M(15M) 0.224ms
[88.955s][info][gc] GC(2630) Pause Young (Allocation Failure) 10M->6M(15M) 0.237ms
[88.958s][info][gc] GC(2631) Pause Young (Allocation Failure) 10M->6M(15M) 0.543ms
[88.963s][info][gc] GC(2632) Pause Young (Allocation Failure) 10M->6M(15M) 0.401ms
[88.966s][info][gc] GC(2633) Pause Young (Allocation Failure) 10M->6M(15M) 0.235ms
[88.969s][info][gc] GC(2634) Pause Young (Allocation Failure) 10M->6M(15M) 0.234ms
[88.972s][info][gc] GC(2635) Pause Young (Allocation Failure) 10M->6M(15M) 0.300ms
[88.976s][info][gc] GC(2636) Pause Young (Allocation Failure) 10M->6M(15M) 0.457ms
[88.979s][info][gc] GC(2637) Pause Young (Allocation Failure) 10M->6M(15M) 0.260ms
[88.983s][info][gc] GC(2638) Pause Young (Allocation Failure) 10M->6M(15M) 0.233ms
[88.986s][info][gc] GC(2639) Pause Young (Allocation Failure) 10M->6M(15M) 0.197ms
[88.989s][info][gc] GC(2640) Pause Young (Allocation Failure) 10M->6M(15M) 0.323ms
[88.994s][info][gc] GC(2641) Pause Young (Allocation Failure) 10M->6M(15M) 0.427ms
[88.997s][info][gc] GC(2642) Pause Young (Allocation Failure) 10M->6M(15M) 0.540ms
[89.001s][info][gc] GC(2643) Pause Young (Allocation Failure) 10M->6M(15M) 0.250ms
[89.004s][info][gc] GC(2644) Pause Young (Allocation Failure) 10M->6M(15M) 0.238ms
[89.007s][info][gc] GC(2645) Pause Young (Allocation Failure) 10M->6M(15M) 0.392ms
[89.011s][info][gc] GC(2646) Pause Young (Allocation Failure) 10M->6M(15M) 0.311ms
[89.016s][info][gc] GC(2647) Pause Young (Allocation Failure) 10M->6M(15M) 0.285ms
[89.019s][info][gc] GC(2648) Pause Young (Allocation Failure) 10M->6M(15M) 0.288ms
[89.023s][info][gc] GC(2649) Pause Young (Allocation Failure) 10M->6M(15M) 0.360ms
[89.027s][info][gc] GC(2650) Pause Young (Allocation Failure) 10M->6M(15M) 0.432ms
[89.031s][info][gc] GC(2651) Pause Young (Allocation Failure) 10M->6M(15M) 0.562ms
[89.035s][info][gc] GC(2652) Pause Young (Allocation Failure) 10M->6M(15M) 0.269ms
[89.039s][info][gc] GC(2653) Pause Young (Allocation Failure) 10M->6M(15M) 0.336ms
[89.043s][info][gc] GC(2654) Pause Young (Allocation Failure) 10M->6M(15M) 0.551ms
[89.047s][info][gc] GC(2655) Pause Young (Allocation Failure) 10M->6M(15M) 0.372ms
[89.051s][info][gc] GC(2656) Pause Young (Allocation Failure) 10M->6M(15M) 0.263ms
[89.054s][info][gc] GC(2657) Pause Young (Allocation Failure) 10M->6M(15M) 0.265ms
[89.058s][info][gc] GC(2658) Pause Young (Allocation Failure) 10M->6M(15M) 0.381ms
[89.062s][info][gc] GC(2659) Pause Young (Allocation Failure) 10M->6M(15M) 0.414ms
[89.066s][info][gc] GC(2660) Pause Young (Allocation Failure) 10M->6M(15M) 0.260ms
[89.069s][info][gc] GC(2661) Pause Young (Allocation Failure) 10M->6M(15M) 0.248ms
[89.073s][info][gc] GC(2662) Pause Young (Allocation Failure) 10M->6M(15M) 0.335ms
[89.077s][info][gc] GC(2663) Pause Young (Allocation Failure) 10M->6M(15M) 0.580ms
[89.081s][info][gc] GC(2664) Pause Young (Allocation Failure) 10M->6M(15M) 0.533ms
[89.084s][info][gc] GC(2665) Pause Young (Allocation Failure) 10M->6M(15M) 0.274ms
[89.088s][info][gc] GC(2666) Pause Young (Allocation Failure) 10M->6M(15M) 0.284ms
[89.092s][info][gc] GC(2667) Pause Young (Allocation Failure) 10M->6M(15M) 0.471ms
[89.096s][info][gc] GC(2668) Pause Young (Allocation Failure) 10M->6M(15M) 0.287ms
[89.099s][info][gc] GC(2669) Pause Young (Allocation Failure) 10M->6M(15M) 0.443ms
[89.102s][info][gc] GC(2670) Pause Young (Allocation Failure) 10M->6M(15M) 0.243ms
[89.106s][info][gc] GC(2671) Pause Young (Allocation Failure) 10M->6M(15M) 0.323ms
[89.110s][info][gc] GC(2672) Pause Young (Allocation Failure) 10M->6M(15M) 0.480ms
[89.114s][info][gc] GC(2673) Pause Young (Allocation Failure) 10M->6M(15M) 0.331ms
[89.117s][info][gc] GC(2674) Pause Young (Allocation Failure) 10M->6M(15M) 0.249ms
[89.120s][info][gc] GC(2675) Pause Young (Allocation Failure) 10M->6M(15M) 0.212ms
[89.123s][info][gc] GC(2676) Pause Young (Allocation Failure) 10M->6M(15M) 0.260ms
[89.127s][info][gc] GC(2677) Pause Young (Allocation Failure) 10M->6M(15M) 0.492ms
[89.130s][info][gc] GC(2678) Pause Young (Allocation Failure) 10M->6M(15M) 0.474ms
[89.134s][info][gc] GC(2679) Pause Young (Allocation Failure) 10M->6M(15M) 0.267ms
[89.136s][info][gc] GC(2680) Pause Young (Allocation Failure) 10M->6M(15M) 0.164ms
[89.140s][info][gc] GC(2681) Pause Young (Allocation Failure) 10M->6M(15M) 0.297ms
[89.143s][info][gc] GC(2682) Pause Young (Allocation Failure) 10M->6M(15M) 0.620ms
[89.147s][info][gc] GC(2683) Pause Young (Allocation Failure) 10M->6M(15M) 0.247ms
[89.150s][info][gc] GC(2684) Pause Young (Allocation Failure) 10M->6M(15M) 0.240ms
[89.153s][info][gc] GC(2685) Pause Young (Allocation Failure) 10M->6M(15M) 0.178ms
[89.156s][info][gc] GC(2686) Pause Young (Allocation Failure) 10M->6M(15M) 0.211ms
[89.159s][info][gc] GC(2687) Pause Young (Allocation Failure) 10M->6M(15M) 0.345ms
[89.163s][info][gc] GC(2688) Pause Young (Allocation Failure) 10M->6M(15M) 0.207ms
[89.167s][info][gc] GC(2689) Pause Young (Allocation Failure) 10M->6M(15M) 0.276ms
[89.170s][info][gc] GC(2690) Pause Young (Allocation Failure) 10M->6M(15M) 0.270ms
[89.174s][info][gc] GC(2691) Pause Young (Allocation Failure) 10M->6M(15M) 0.353ms
[89.178s][info][gc] GC(2692) Pause Young (Allocation Failure) 10M->6M(15M) 0.612ms
[89.182s][info][gc] GC(2693) Pause Young (Allocation Failure) 10M->6M(15M) 0.562ms
[89.185s][info][gc] GC(2694) Pause Young (Allocation Failure) 10M->6M(15M) 0.277ms
[89.188s][info][gc] GC(2695) Pause Young (Allocation Failure) 10M->6M(15M) 0.262ms
[89.192s][info][gc] GC(2696) Pause Young (Allocation Failure) 10M->6M(15M) 0.352ms
[89.196s][info][gc] GC(2697) Pause Young (Allocation Failure) 10M->6M(15M) 0.249ms
[89.200s][info][gc] GC(2698) Pause Young (Allocation Failure) 10M->6M(15M) 0.373ms
[89.203s][info][gc] GC(2699) Pause Young (Allocation Failure) 10M->6M(15M) 0.261ms
[89.206s][info][gc] GC(2700) Pause Young (Allocation Failure) 10M->6M(15M) 0.301ms
[89.210s][info][gc] GC(2701) Pause Young (Allocation Failure) 10M->6M(15M) 0.528ms
[89.214s][info][gc] GC(2702) Pause Young (Allocation Failure) 10M->6M(15M) 0.685ms
[89.218s][info][gc] GC(2703) Pause Young (Allocation Failure) 10M->6M(15M) 0.261ms
[89.221s][info][gc] GC(2704) Pause Young (Allocation Failure) 10M->6M(15M) 0.283ms
[89.224s][info][gc] GC(2705) Pause Young (Allocation Failure) 10M->6M(15M) 0.359ms
[89.228s][info][gc] GC(2706) Pause Young (Allocation Failure) 10M->6M(15M) 0.340ms
[89.232s][info][gc] GC(2707) Pause Young (Allocation Failure) 10M->6M(15M) 0.422ms
[89.235s][info][gc] GC(2708) Pause Young (Allocation Failure) 10M->6M(15M) 0.245ms
[89.238s][info][gc] GC(2709) Pause Young (Allocation Failure) 10M->6M(15M) 0.417ms
[89.242s][info][gc] GC(2710) Pause Young (Allocation Failure) 10M->6M(15M) 0.429ms
[89.246s][info][gc] GC(2711) Pause Young (Allocation Failure) 10M->6M(15M) 0.284ms
[89.250s][info][gc] GC(2712) Pause Young (Allocation Failure) 10M->6M(15M) 0.199ms
[89.252s][info][gc] GC(2713) Pause Young (Allocation Failure) 10M->6M(15M) 0.226ms
[89.255s][info][gc] GC(2714) Pause Young (Allocation Failure) 10M->6M(15M) 0.219ms
[89.259s][info][gc] GC(2715) Pause Young (Allocation Failure) 10M->6M(15M) 0.293ms
[89.262s][info][gc] GC(2716) Pause Young (Allocation Failure) 10M->6M(15M) 0.238ms
[89.266s][info][gc] GC(2717) Pause Young (Allocation Failure) 10M->6M(15M) 0.429ms
[89.269s][info][gc] GC(2718) Pause Young (Allocation Failure) 10M->6M(15M) 0.194ms
[89.272s][info][gc] GC(2719) Pause Young (Allocation Failure) 10M->6M(15M) 0.192ms
[89.275s][info][gc] GC(2720) Pause Young (Allocation Failure) 10M->6M(15M) 0.343ms
[89.279s][info][gc] GC(2721) Pause Young (Allocation Failure) 10M->6M(15M) 0.303ms
[89.282s][info][gc] GC(2722) Pause Young (Allocation Failure) 10M->6M(15M) 0.584ms
[89.285s][info][gc] GC(2723) Pause Young (Allocation Failure) 10M->6M(15M) 0.236ms
[89.288s][info][gc] GC(2724) Pause Young (Allocation Failure) 10M->6M(15M) 0.448ms
[89.292s][info][gc] GC(2725) Pause Young (Allocation Failure) 10M->6M(15M) 0.380ms
[89.295s][info][gc] GC(2726) Pause Young (Allocation Failure) 10M->6M(15M) 0.278ms
[89.299s][info][gc] GC(2727) Pause Young (Allocation Failure) 10M->6M(15M) 0.482ms
[89.303s][info][gc] GC(2728) Pause Young (Allocation Failure) 10M->6M(15M) 0.280ms
[89.306s][info][gc] GC(2729) Pause Young (Allocation Failure) 10M->6M(15M) 0.297ms
[89.310s][info][gc] GC(2730) Pause Young (Allocation Failure) 10M->6M(15M) 0.424ms
[89.314s][info][gc] GC(2731) Pause Young (Allocation Failure) 10M->6M(15M) 0.341ms
[89.318s][info][gc] GC(2732) Pause Young (Allocation Failure) 10M->6M(15M) 0.257ms
[89.321s][info][gc] GC(2733) Pause Young (Allocation Failure) 10M->6M(15M) 0.194ms
[89.324s][info][gc] GC(2734) Pause Young (Allocation Failure) 10M->6M(15M) 0.245ms
[89.328s][info][gc] GC(2735) Pause Young (Allocation Failure) 10M->6M(15M) 0.351ms
[89.332s][info][gc] GC(2736) Pause Young (Allocation Failure) 10M->6M(15M) 0.461ms
[89.336s][info][gc] GC(2737) Pause Young (Allocation Failure) 10M->6M(15M) 0.239ms
[89.339s][info][gc] GC(2738) Pause Young (Allocation Failure) 10M->6M(15M) 0.280ms
[89.343s][info][gc] GC(2739) Pause Young (Allocation Failure) 10M->6M(15M) 0.343ms
[89.346s][info][gc] GC(2740) Pause Young (Allocation Failure) 10M->6M(15M) 0.243ms
[89.350s][info][gc] GC(2741) Pause Young (Allocation Failure) 10M->6M(15M) 0.240ms
[89.353s][info][gc] GC(2742) Pause Young (Allocation Failure) 10M->6M(15M) 0.198ms
[89.356s][info][gc] GC(2743) Pause Young (Allocation Failure) 10M->6M(15M) 0.199ms
[89.359s][info][gc] GC(2744) Pause Young (Allocation Failure) 10M->6M(15M) 0.337ms
[89.363s][info][gc] GC(2745) Pause Young (Allocation Failure) 10M->6M(15M) 0.224ms
[89.367s][info][gc] GC(2746) Pause Young (Allocation Failure) 10M->6M(15M) 0.549ms
[89.370s][info][gc] GC(2747) Pause Young (Allocation Failure) 10M->6M(15M) 0.238ms
[89.373s][info][gc] GC(2748) Pause Young (Allocation Failure) 10M->6M(15M) 0.253ms
[89.376s][info][gc] GC(2749) Pause Young (Allocation Failure) 10M->6M(15M) 0.406ms
[89.380s][info][gc] GC(2750) Pause Young (Allocation Failure) 10M->6M(15M) 0.260ms
[89.383s][info][gc] GC(2751) Pause Young (Allocation Failure) 10M->6M(15M) 0.477ms
[89.386s][info][gc] GC(2752) Pause Young (Allocation Failure) 10M->6M(15M) 0.236ms
[89.389s][info][gc] GC(2753) Pause Young (Allocation Failure) 10M->6M(15M) 0.385ms
[89.393s][info][gc] GC(2754) Pause Young (Allocation Failure) 10M->6M(15M) 0.342ms
[89.396s][info][gc] GC(2755) Pause Young (Allocation Failure) 10M->6M(15M) 0.369ms
[89.400s][info][gc] GC(2756) Pause Young (Allocation Failure) 10M->6M(15M) 0.355ms
[89.404s][info][gc] GC(2757) Pause Young (Allocation Failure) 10M->6M(15M) 0.379ms
[89.409s][info][gc] GC(2758) Pause Young (Allocation Failure) 10M->6M(15M) 0.624ms
[89.414s][info][gc] GC(2759) Pause Young (Allocation Failure) 10M->6M(15M) 0.611ms
[89.420s][info][gc] GC(2760) Pause Young (Allocation Failure) 10M->6M(15M) 0.367ms
[89.425s][info][gc] GC(2761) Pause Young (Allocation Failure) 10M->6M(15M) 0.415ms
[89.430s][info][gc] GC(2762) Pause Young (Allocation Failure) 10M->6M(15M) 0.373ms
[89.435s][info][gc] GC(2763) Pause Young (Allocation Failure) 10M->6M(15M) 0.402ms
[89.441s][info][gc] GC(2764) Pause Young (Allocation Failure) 10M->6M(15M) 0.976ms
[89.447s][info][gc] GC(2765) Pause Young (Allocation Failure) 10M->6M(15M) 0.511ms
[89.453s][info][gc] GC(2766) Pause Young (Allocation Failure) 10M->6M(15M) 0.508ms
[89.459s][info][gc] GC(2767) Pause Young (Allocation Failure) 10M->6M(15M) 0.538ms
[89.464s][info][gc] GC(2768) Pause Young (Allocation Failure) 10M->6M(15M) 0.435ms
[89.468s][info][gc] GC(2769) Pause Young (Allocation Failure) 10M->6M(15M) 0.473ms
[89.474s][info][gc] GC(2770) Pause Young (Allocation Failure) 10M->6M(15M) 0.420ms
[89.479s][info][gc] GC(2771) Pause Young (Allocation Failure) 10M->6M(15M) 0.546ms
[89.483s][info][gc] GC(2772) Pause Young (Allocation Failure) 10M->6M(15M) 0.372ms
[89.488s][info][gc] GC(2773) Pause Young (Allocation Failure) 10M->6M(15M) 0.333ms
[89.493s][info][gc] GC(2774) Pause Young (Allocation Failure) 10M->6M(15M) 0.362ms
[89.497s][info][gc] GC(2775) Pause Young (Allocation Failure) 10M->6M(15M) 0.445ms
[89.502s][info][gc] GC(2776) Pause Young (Allocation Failure) 10M->6M(15M) 0.346ms
[89.507s][info][gc] GC(2777) Pause Young (Allocation Failure) 10M->6M(15M) 0.313ms
[89.511s][info][gc] GC(2778) Pause Young (Allocation Failure) 10M->6M(15M) 0.414ms
[89.516s][info][gc] GC(2779) Pause Young (Allocation Failure) 10M->6M(15M) 0.722ms
[89.520s][info][gc] GC(2780) Pause Young (Allocation Failure) 10M->6M(15M) 0.316ms
[89.524s][info][gc] GC(2781) Pause Young (Allocation Failure) 10M->6M(15M) 0.402ms
[89.528s][info][gc] GC(2782) Pause Young (Allocation Failure) 10M->6M(15M) 0.399ms
[89.533s][info][gc] GC(2783) Pause Young (Allocation Failure) 10M->6M(15M) 0.496ms
[89.537s][info][gc] GC(2784) Pause Young (Allocation Failure) 10M->6M(15M) 0.294ms
[89.540s][info][gc] GC(2785) Pause Young (Allocation Failure) 10M->6M(15M) 0.321ms
[89.545s][info][gc] GC(2786) Pause Young (Allocation Failure) 10M->6M(15M) 0.407ms
[89.550s][info][gc] GC(2787) Pause Young (Allocation Failure) 10M->6M(15M) 0.901ms
[89.555s][info][gc] GC(2788) Pause Young (Allocation Failure) 10M->6M(15M) 0.315ms
[89.559s][info][gc] GC(2789) Pause Young (Allocation Failure) 10M->6M(15M) 0.343ms
[89.563s][info][gc] GC(2790) Pause Young (Allocation Failure) 10M->6M(15M) 0.357ms
[89.568s][info][gc] GC(2791) Pause Young (Allocation Failure) 10M->6M(15M) 0.283ms
[89.571s][info][gc] GC(2792) Pause Young (Allocation Failure) 10M->6M(15M) 0.385ms
[89.575s][info][gc] GC(2793) Pause Young (Allocation Failure) 10M->6M(15M) 0.326ms
[89.579s][info][gc] GC(2794) Pause Young (Allocation Failure) 10M->6M(15M) 0.580ms
[89.584s][info][gc] GC(2795) Pause Young (Allocation Failure) 10M->6M(15M) 0.276ms
[89.588s][info][gc] GC(2796) Pause Young (Allocation Failure) 10M->6M(15M) 0.231ms
[89.592s][info][gc] GC(2797) Pause Young (Allocation Failure) 10M->6M(15M) 0.344ms
[89.596s][info][gc] GC(2798) Pause Young (Allocation Failure) 10M->6M(15M) 0.569ms
[89.601s][info][gc] GC(2799) Pause Young (Allocation Failure) 10M->6M(15M) 0.332ms
[89.605s][info][gc] GC(2800) Pause Young (Allocation Failure) 10M->6M(15M) 0.313ms
[89.608s][info][gc] GC(2801) Pause Young (Allocation Failure) 10M->6M(15M) 0.374ms
[89.613s][info][gc] GC(2802) Pause Young (Allocation Failure) 10M->6M(15M) 0.304ms
[89.617s][info][gc] GC(2803) Pause Young (Allocation Failure) 10M->6M(15M) 0.201ms
[89.620s][info][gc] GC(2804) Pause Young (Allocation Failure) 10M->6M(15M) 0.185ms
[89.624s][info][gc] GC(2805) Pause Young (Allocation Failure) 10M->6M(15M) 0.304ms
[89.628s][info][gc] GC(2806) Pause Young (Allocation Failure) 10M->6M(15M) 0.436ms
[89.633s][info][gc] GC(2807) Pause Young (Allocation Failure) 10M->6M(15M) 0.432ms
[89.636s][info][gc] GC(2808) Pause Young (Allocation Failure) 10M->6M(15M) 0.342ms
[89.640s][info][gc] GC(2809) Pause Young (Allocation Failure) 10M->6M(15M) 0.277ms
[89.644s][info][gc] GC(2810) Pause Young (Allocation Failure) 10M->6M(15M) 0.521ms
[89.648s][info][gc] GC(2811) Pause Young (Allocation Failure) 10M->6M(15M) 0.360ms
[89.652s][info][gc] GC(2812) Pause Young (Allocation Failure) 10M->6M(15M) 0.274ms
[89.656s][info][gc] GC(2813) Pause Young (Allocation Failure) 10M->6M(15M) 0.353ms
[89.660s][info][gc] GC(2814) Pause Young (Allocation Failure) 10M->6M(15M) 0.509ms
[89.664s][info][gc] GC(2815) Pause Young (Allocation Failure) 10M->6M(15M) 0.300ms
[89.668s][info][gc] GC(2816) Pause Young (Allocation Failure) 10M->6M(15M) 0.315ms
[89.672s][info][gc] GC(2817) Pause Young (Allocation Failure) 10M->6M(15M) 0.248ms
[89.676s][info][gc] GC(2818) Pause Young (Allocation Failure) 10M->6M(15M) 0.293ms
[89.680s][info][gc] GC(2819) Pause Young (Allocation Failure) 10M->6M(15M) 0.297ms
[89.685s][info][gc] GC(2820) Pause Young (Allocation Failure) 10M->6M(15M) 0.289ms
[89.688s][info][gc] GC(2821) Pause Young (Allocation Failure) 10M->6M(15M) 0.299ms
[89.692s][info][gc] GC(2822) Pause Young (Allocation Failure) 10M->6M(15M) 0.535ms
[89.696s][info][gc] GC(2823) Pause Young (Allocation Failure) 10M->6M(15M) 0.284ms
[89.700s][info][gc] GC(2824) Pause Young (Allocation Failure) 10M->6M(15M) 0.699ms
[89.704s][info][gc] GC(2825) Pause Young (Allocation Failure) 10M->6M(15M) 0.303ms
[89.707s][info][gc] GC(2826) Pause Young (Allocation Failure) 10M->6M(15M) 0.326ms
[89.712s][info][gc] GC(2827) Pause Young (Allocation Failure) 10M->6M(15M) 0.975ms
[89.716s][info][gc] GC(2828) Pause Young (Allocation Failure) 10M->6M(15M) 0.587ms
[89.720s][info][gc] GC(2829) Pause Young (Allocation Failure) 10M->6M(15M) 0.261ms
[89.724s][info][gc] GC(2830) Pause Young (Allocation Failure) 10M->6M(15M) 0.319ms
[89.729s][info][gc] GC(2831) Pause Young (Allocation Failure) 10M->6M(15M) 0.714ms
[89.734s][info][gc] GC(2832) Pause Young (Allocation Failure) 10M->6M(15M) 0.616ms
[89.737s][info][gc] GC(2833) Pause Young (Allocation Failure) 10M->6M(15M) 0.293ms
[89.741s][info][gc] GC(2834) Pause Young (Allocation Failure) 10M->6M(15M) 0.393ms
[89.746s][info][gc] GC(2835) Pause Young (Allocation Failure) 10M->6M(15M) 0.584ms
[89.751s][info][gc] GC(2836) Pause Young (Allocation Failure) 10M->6M(15M) 0.753ms
[89.756s][info][gc] GC(2837) Pause Young (Allocation Failure) 10M->6M(15M) 0.352ms
[89.761s][info][gc] GC(2838) Pause Young (Allocation Failure) 10M->6M(15M) 0.942ms
[89.766s][info][gc] GC(2839) Pause Young (Allocation Failure) 10M->6M(15M) 0.797ms
[89.771s][info][gc] GC(2840) Pause Young (Allocation Failure) 10M->6M(15M) 0.384ms
[89.776s][info][gc] GC(2841) Pause Young (Allocation Failure) 10M->6M(15M) 0.524ms
[89.780s][info][gc] GC(2842) Pause Young (Allocation Failure) 10M->6M(15M) 0.327ms
[89.785s][info][gc] GC(2843) Pause Young (Allocation Failure) 10M->6M(15M) 0.660ms
[89.789s][info][gc] GC(2844) Pause Young (Allocation Failure) 10M->6M(15M) 0.234ms
[89.794s][info][gc] GC(2845) Pause Young (Allocation Failure) 10M->6M(15M) 0.574ms
[89.799s][info][gc] GC(2846) Pause Young (Allocation Failure) 10M->6M(15M) 0.612ms
[89.804s][info][gc] GC(2847) Pause Young (Allocation Failure) 10M->6M(15M) 0.310ms
[89.809s][info][gc] GC(2848) Pause Young (Allocation Failure) 10M->6M(15M) 0.549ms
[89.814s][info][gc] GC(2849) Pause Young (Allocation Failure) 10M->6M(15M) 0.289ms
[89.819s][info][gc] GC(2850) Pause Young (Allocation Failure) 10M->6M(15M) 0.389ms
[89.824s][info][gc] GC(2851) Pause Young (Allocation Failure) 10M->6M(15M) 0.381ms
[89.830s][info][gc] GC(2852) Pause Young (Allocation Failure) 10M->6M(15M) 0.705ms
[89.835s][info][gc] GC(2853) Pause Young (Allocation Failure) 10M->6M(15M) 0.260ms
[89.839s][info][gc] GC(2854) Pause Young (Allocation Failure) 10M->6M(15M) 0.286ms
[89.843s][info][gc] GC(2855) Pause Young (Allocation Failure) 10M->6M(15M) 0.505ms
[89.848s][info][gc] GC(2856) Pause Young (Allocation Failure) 10M->6M(15M) 0.299ms
[89.852s][info][gc] GC(2857) Pause Young (Allocation Failure) 10M->6M(15M) 0.261ms
[89.856s][info][gc] GC(2858) Pause Young (Allocation Failure) 10M->6M(15M) 0.249ms
[89.860s][info][gc] GC(2859) Pause Young (Allocation Failure) 10M->6M(15M) 0.546ms
[89.866s][info][gc] GC(2860) Pause Young (Allocation Failure) 10M->6M(15M) 0.376ms
[89.870s][info][gc] GC(2861) Pause Young (Allocation Failure) 10M->6M(15M) 0.241ms
[89.875s][info][gc] GC(2862) Pause Young (Allocation Failure) 10M->6M(15M) 0.395ms
[89.880s][info][gc] GC(2863) Pause Young (Allocation Failure) 10M->6M(15M) 0.603ms
[89.884s][info][gc] GC(2864) Pause Young (Allocation Failure) 10M->6M(15M) 0.695ms
[89.888s][info][gc] GC(2865) Pause Young (Allocation Failure) 10M->6M(15M) 0.291ms
[89.892s][info][gc] GC(2866) Pause Young (Allocation Failure) 10M->6M(15M) 0.635ms
[89.897s][info][gc] GC(2867) Pause Young (Allocation Failure) 10M->6M(15M) 0.456ms
[89.901s][info][gc] GC(2868) Pause Young (Allocation Failure) 10M->6M(15M) 0.617ms
[89.905s][info][gc] GC(2869) Pause Young (Allocation Failure) 10M->6M(15M) 0.331ms
[89.909s][info][gc] GC(2870) Pause Young (Allocation Failure) 10M->6M(15M) 0.574ms
[89.914s][info][gc] GC(2871) Pause Young (Allocation Failure) 10M->6M(15M) 0.308ms
[89.919s][info][gc] GC(2872) Pause Young (Allocation Failure) 10M->6M(15M) 0.643ms
[89.922s][info][gc] GC(2873) Pause Young (Allocation Failure) 10M->6M(15M) 0.290ms
[89.927s][info][gc] GC(2874) Pause Young (Allocation Failure) 10M->6M(15M) 0.653ms
[89.932s][info][gc] GC(2875) Pause Young (Allocation Failure) 10M->6M(15M) 0.334ms
[89.936s][info][gc] GC(2876) Pause Young (Allocation Failure) 10M->6M(15M) 0.298ms
[89.940s][info][gc] GC(2877) Pause Young (Allocation Failure) 10M->6M(15M) 0.287ms
[89.945s][info][gc] GC(2878) Pause Young (Allocation Failure) 10M->6M(15M) 0.771ms
[89.949s][info][gc] GC(2879) Pause Young (Allocation Failure) 10M->6M(15M) 0.297ms
[89.953s][info][gc] GC(2880) Pause Young (Allocation Failure) 10M->6M(15M) 0.278ms
[89.957s][info][gc] GC(2881) Pause Young (Allocation Failure) 10M->6M(15M) 0.258ms
[89.961s][info][gc] GC(2882) Pause Young (Allocation Failure) 10M->6M(15M) 0.617ms
[89.966s][info][gc] GC(2883) Pause Young (Allocation Failure) 10M->6M(15M) 0.737ms
[89.970s][info][gc] GC(2884) Pause Young (Allocation Failure) 10M->6M(15M) 0.387ms
[89.975s][info][gc] GC(2885) Pause Young (Allocation Failure) 10M->6M(15M) 0.307ms
[89.980s][info][gc] GC(2886) Pause Young (Allocation Failure) 10M->6M(15M) 0.583ms
[89.983s][info][gc] GC(2887) Pause Young (Allocation Failure) 10M->6M(15M) 0.338ms
[89.987s][info][gc] GC(2888) Pause Young (Allocation Failure) 10M->6M(15M) 0.344ms
[89.991s][info][gc] GC(2889) Pause Young (Allocation Failure) 10M->6M(15M) 0.261ms
[89.996s][info][gc] GC(2890) Pause Young (Allocation Failure) 10M->6M(15M) 0.866ms
[90.000s][info][gc] GC(2891) Pause Young (Allocation Failure) 10M->6M(15M) 0.519ms
[90.004s][info][gc] GC(2892) Pause Young (Allocation Failure) 10M->6M(15M) 0.266ms
[90.007s][info][gc] GC(2893) Pause Young (Allocation Failure) 10M->6M(15M) 0.276ms
[90.012s][info][gc] GC(2894) Pause Young (Allocation Failure) 10M->6M(15M) 0.569ms
[90.016s][info][gc] GC(2895) Pause Young (Allocation Failure) 10M->6M(15M) 0.313ms
[90.020s][info][gc] GC(2896) Pause Young (Allocation Failure) 10M->6M(15M) 0.278ms
[90.023s][info][gc] GC(2897) Pause Young (Allocation Failure) 10M->6M(15M) 0.250ms
[90.027s][info][gc] GC(2898) Pause Young (Allocation Failure) 10M->6M(15M) 0.366ms
[90.031s][info][gc] GC(2899) Pause Young (Allocation Failure) 10M->6M(15M) 0.346ms
[90.035s][info][gc] GC(2900) Pause Young (Allocation Failure) 10M->6M(15M) 0.424ms
[90.038s][info][gc] GC(2901) Pause Young (Allocation Failure) 10M->6M(15M) 0.248ms
[90.042s][info][gc] GC(2902) Pause Young (Allocation Failure) 10M->6M(15M) 0.309ms
[90.046s][info][gc] GC(2903) Pause Young (Allocation Failure) 10M->6M(15M) 0.644ms
[90.051s][info][gc] GC(2904) Pause Young (Allocation Failure) 10M->6M(15M) 0.611ms
[90.054s][info][gc] GC(2905) Pause Young (Allocation Failure) 10M->6M(15M) 0.255ms
[90.058s][info][gc] GC(2906) Pause Young (Allocation Failure) 10M->6M(15M) 0.246ms
[90.062s][info][gc] GC(2907) Pause Young (Allocation Failure) 10M->6M(15M) 0.691ms
[90.066s][info][gc] GC(2908) Pause Young (Allocation Failure) 10M->6M(15M) 0.261ms
[90.070s][info][gc] GC(2909) Pause Young (Allocation Failure) 10M->6M(15M) 0.258ms
[90.073s][info][gc] GC(2910) Pause Young (Allocation Failure) 10M->6M(15M) 0.254ms
[90.076s][info][gc] GC(2911) Pause Young (Allocation Failure) 10M->6M(15M) 0.368ms
[90.080s][info][gc] GC(2912) Pause Young (Allocation Failure) 10M->6M(15M) 0.462ms
[90.084s][info][gc] GC(2913) Pause Young (Allocation Failure) 10M->6M(15M) 0.290ms
[90.087s][info][gc] GC(2914) Pause Young (Allocation Failure) 10M->6M(15M) 0.196ms
[90.090s][info][gc] GC(2915) Pause Young (Allocation Failure) 10M->6M(15M) 0.194ms
[90.093s][info][gc] GC(2916) Pause Young (Allocation Failure) 10M->6M(15M) 0.306ms
[90.097s][info][gc] GC(2917) Pause Young (Allocation Failure) 10M->6M(15M) 0.236ms
[90.101s][info][gc] GC(2918) Pause Young (Allocation Failure) 10M->6M(15M) 0.391ms
[90.104s][info][gc] GC(2919) Pause Young (Allocation Failure) 10M->6M(15M) 0.251ms
[90.107s][info][gc] GC(2920) Pause Young (Allocation Failure) 11M->6M(15M) 0.224ms
[90.111s][info][gc] GC(2921) Pause Young (Allocation Failure) 11M->6M(15M) 0.403ms
[90.114s][info][gc] GC(2922) Pause Young (Allocation Failure) 11M->6M(15M) 0.287ms
[90.118s][info][gc] GC(2923) Pause Young (Allocation Failure) 11M->6M(15M) 0.319ms
[90.121s][info][gc] GC(2924) Pause Young (Allocation Failure) 10M->6M(15M) 0.222ms
[90.124s][info][gc] GC(2925) Pause Young (Allocation Failure) 10M->6M(15M) 0.193ms
[90.127s][info][gc] GC(2926) Pause Young (Allocation Failure) 10M->6M(15M) 0.272ms
[90.131s][info][gc] GC(2927) Pause Young (Allocation Failure) 10M->6M(15M) 0.286ms
[90.134s][info][gc] GC(2928) Pause Young (Allocation Failure) 11M->6M(15M) 0.493ms
[90.138s][info][gc] GC(2929) Pause Young (Allocation Failure) 11M->6M(15M) 0.251ms
[90.141s][info][gc] GC(2930) Pause Young (Allocation Failure) 11M->6M(15M) 0.465ms
[90.145s][info][gc] GC(2931) Pause Young (Allocation Failure) 11M->6M(15M) 0.561ms
[90.149s][info][gc] GC(2932) Pause Young (Allocation Failure) 11M->6M(15M) 0.193ms
[90.153s][info][gc] GC(2933) Pause Young (Allocation Failure) 10M->6M(15M) 0.209ms
[90.157s][info][gc] GC(2934) Pause Young (Allocation Failure) 10M->6M(15M) 0.234ms
[90.161s][info][gc] GC(2935) Pause Young (Allocation Failure) 10M->6M(15M) 0.427ms
[90.166s][info][gc] GC(2936) Pause Young (Allocation Failure) 10M->6M(15M) 0.466ms
[90.171s][info][gc] GC(2937) Pause Young (Allocation Failure) 10M->6M(15M) 0.327ms
[90.176s][info][gc] GC(2938) Pause Young (Allocation Failure) 11M->6M(15M) 0.926ms
[90.182s][info][gc] GC(2939) Pause Young (Allocation Failure) 11M->6M(15M) 0.350ms
[90.187s][info][gc] GC(2940) Pause Young (Allocation Failure) 11M->6M(15M) 0.234ms
[90.191s][info][gc] GC(2941) Pause Young (Allocation Failure) 10M->6M(15M) 0.234ms
[90.196s][info][gc] GC(2942) Pause Young (Allocation Failure) 10M->6M(15M) 0.650ms
[90.201s][info][gc] GC(2943) Pause Young (Allocation Failure) 11M->6M(15M) 0.663ms
[90.206s][info][gc] GC(2944) Pause Young (Allocation Failure) 10M->6M(15M) 0.338ms
[90.211s][info][gc] GC(2945) Pause Young (Allocation Failure) 10M->6M(15M) 0.524ms
[90.216s][info][gc] GC(2946) Pause Young (Allocation Failure) 11M->6M(15M) 0.252ms
[90.221s][info][gc] GC(2947) Pause Young (Allocation Failure) 10M->6M(15M) 0.406ms
[90.225s][info][gc] GC(2948) Pause Young (Allocation Failure) 11M->6M(15M) 0.312ms
[90.230s][info][gc] GC(2949) Pause Young (Allocation Failure) 11M->6M(15M) 0.727ms
[90.235s][info][gc] GC(2950) Pause Young (Allocation Failure) 11M->6M(15M) 0.739ms
[90.239s][info][gc] GC(2951) Pause Young (Allocation Failure) 11M->6M(15M) 0.310ms
[90.244s][info][gc] GC(2952) Pause Young (Allocation Failure) 11M->6M(15M) 0.751ms
[90.249s][info][gc] GC(2953) Pause Young (Allocation Failure) 11M->6M(15M) 0.338ms
[90.253s][info][gc] GC(2954) Pause Young (Allocation Failure) 11M->6M(15M) 0.473ms
[90.257s][info][gc] GC(2955) Pause Young (Allocation Failure) 11M->6M(15M) 0.289ms
[90.261s][info][gc] GC(2956) Pause Young (Allocation Failure) 11M->6M(15M) 0.514ms
[90.266s][info][gc] GC(2957) Pause Young (Allocation Failure) 11M->6M(15M) 0.390ms
[90.271s][info][gc] GC(2958) Pause Young (Allocation Failure) 11M->6M(15M) 0.297ms
[90.274s][info][gc] GC(2959) Pause Young (Allocation Failure) 11M->6M(15M) 0.318ms
[90.279s][info][gc] GC(2960) Pause Young (Allocation Failure) 11M->6M(15M) 0.693ms
[90.283s][info][gc] GC(2961) Pause Young (Allocation Failure) 11M->6M(15M) 0.417ms
[90.288s][info][gc] GC(2962) Pause Young (Allocation Failure) 11M->6M(15M) 0.289ms
[90.292s][info][gc] GC(2963) Pause Young (Allocation Failure) 11M->6M(15M) 0.280ms
[90.297s][info][gc] GC(2964) Pause Young (Allocation Failure) 11M->6M(15M) 0.874ms
[90.302s][info][gc] GC(2965) Pause Young (Allocation Failure) 11M->6M(15M) 0.780ms
[90.306s][info][gc] GC(2966) Pause Young (Allocation Failure) 11M->6M(15M) 0.278ms
[90.310s][info][gc] GC(2967) Pause Young (Allocation Failure) 11M->6M(15M) 0.805ms
[90.315s][info][gc] GC(2968) Pause Young (Allocation Failure) 11M->6M(15M) 0.428ms
[90.320s][info][gc] GC(2969) Pause Young (Allocation Failure) 11M->6M(15M) 0.289ms
[90.324s][info][gc] GC(2970) Pause Young (Allocation Failure) 11M->6M(15M) 0.340ms
[90.328s][info][gc] GC(2971) Pause Young (Allocation Failure) 11M->6M(15M) 0.413ms
[90.332s][info][gc] GC(2972) Pause Young (Allocation Failure) 11M->6M(15M) 0.303ms
[90.337s][info][gc] GC(2973) Pause Young (Allocation Failure) 11M->6M(15M) 0.303ms
[90.341s][info][gc] GC(2974) Pause Young (Allocation Failure) 11M->6M(15M) 0.311ms
[90.345s][info][gc] GC(2975) Pause Young (Allocation Failure) 11M->6M(15M) 0.720ms
[90.350s][info][gc] GC(2976) Pause Young (Allocation Failure) 11M->6M(15M) 0.330ms
[90.354s][info][gc] GC(2977) Pause Young (Allocation Failure) 11M->6M(15M) 0.281ms
[90.358s][info][gc] GC(2978) Pause Young (Allocation Failure) 11M->6M(15M) 0.284ms
[90.362s][info][gc] GC(2979) Pause Young (Allocation Failure) 11M->6M(15M) 0.509ms
[90.366s][info][gc] GC(2980) Pause Young (Allocation Failure) 11M->6M(15M) 0.260ms
[90.370s][info][gc] GC(2981) Pause Young (Allocation Failure) 11M->6M(15M) 0.399ms
[90.374s][info][gc] GC(2982) Pause Young (Allocation Failure) 11M->6M(15M) 0.221ms
[90.377s][info][gc] GC(2983) Pause Young (Allocation Failure) 11M->6M(15M) 0.331ms
[90.381s][info][gc] GC(2984) Pause Young (Allocation Failure) 11M->6M(15M) 0.244ms
[90.386s][info][gc] GC(2985) Pause Young (Allocation Failure) 11M->6M(15M) 0.564ms
[90.389s][info][gc] GC(2986) Pause Young (Allocation Failure) 11M->6M(15M) 0.268ms
[90.393s][info][gc] GC(2987) Pause Young (Allocation Failure) 11M->6M(15M) 0.414ms
[90.398s][info][gc] GC(2988) Pause Young (Allocation Failure) 11M->6M(15M) 0.748ms
[90.403s][info][gc] GC(2989) Pause Young (Allocation Failure) 11M->6M(15M) 0.844ms
[90.406s][info][gc] GC(2990) Pause Young (Allocation Failure) 11M->6M(15M) 0.299ms
[90.411s][info][gc] GC(2991) Pause Young (Allocation Failure) 11M->6M(15M) 0.705ms
[90.416s][info][gc] GC(2992) Pause Young (Allocation Failure) 11M->6M(15M) 0.439ms
[90.422s][info][gc] GC(2993) Pause Young (Allocation Failure) 11M->6M(15M) 0.614ms
[90.427s][info][gc] GC(2994) Pause Young (Allocation Failure) 11M->6M(15M) 0.697ms
[90.432s][info][gc] GC(2995) Pause Young (Allocation Failure) 11M->6M(15M) 0.381ms
[90.438s][info][gc] GC(2996) Pause Young (Allocation Failure) 11M->6M(15M) 0.368ms
[90.442s][info][gc] GC(2997) Pause Young (Allocation Failure) 11M->6M(15M) 0.482ms
[90.448s][info][gc] GC(2998) Pause Young (Allocation Failure) 11M->6M(15M) 0.561ms
[90.453s][info][gc] GC(2999) Pause Young (Allocation Failure) 11M->6M(15M) 0.628ms
[90.457s][info][gc] GC(3000) Pause Young (Allocation Failure) 11M->6M(15M) 0.305ms
[90.461s][info][gc] GC(3001) Pause Young (Allocation Failure) 11M->6M(15M) 0.505ms
[90.467s][info][gc] GC(3002) Pause Young (Allocation Failure) 11M->6M(15M) 0.343ms
[90.471s][info][gc] GC(3003) Pause Young (Allocation Failure) 11M->6M(15M) 0.667ms
[90.476s][info][gc] GC(3004) Pause Young (Allocation Failure) 11M->6M(15M) 0.313ms
[90.482s][info][gc] GC(3005) Pause Young (Allocation Failure) 11M->6M(15M) 0.980ms
[90.487s][info][gc] GC(3006) Pause Young (Allocation Failure) 11M->6M(15M) 0.526ms
[90.491s][info][gc] GC(3007) Pause Young (Allocation Failure) 11M->6M(15M) 0.301ms
[90.495s][info][gc] GC(3008) Pause Young (Allocation Failure) 11M->6M(15M) 0.438ms
[90.500s][info][gc] GC(3009) Pause Young (Allocation Failure) 11M->6M(15M) 0.330ms
[90.505s][info][gc] GC(3010) Pause Young (Allocation Failure) 11M->6M(15M) 0.420ms
[90.509s][info][gc] GC(3011) Pause Young (Allocation Failure) 11M->6M(15M) 0.406ms
[90.515s][info][gc] GC(3012) Pause Young (Allocation Failure) 11M->6M(15M) 0.701ms
[90.520s][info][gc] GC(3013) Pause Young (Allocation Failure) 11M->6M(15M) 0.465ms
[90.524s][info][gc] GC(3014) Pause Young (Allocation Failure) 11M->6M(15M) 0.366ms
[90.528s][info][gc] GC(3015) Pause Young (Allocation Failure) 11M->6M(15M) 0.576ms
[90.532s][info][gc] GC(3016) Pause Young (Allocation Failure) 11M->6M(15M) 0.319ms
[90.537s][info][gc] GC(3017) Pause Young (Allocation Failure) 11M->6M(15M) 0.672ms
[90.541s][info][gc] GC(3018) Pause Young (Allocation Failure) 11M->6M(15M) 0.284ms
[90.545s][info][gc] GC(3019) Pause Young (Allocation Failure) 11M->6M(15M) 0.630ms
[90.550s][info][gc] GC(3020) Pause Young (Allocation Failure) 11M->6M(15M) 0.447ms
[90.554s][info][gc] GC(3021) Pause Young (Allocation Failure) 11M->6M(15M) 0.301ms
[90.558s][info][gc] GC(3022) Pause Young (Allocation Failure) 11M->6M(15M) 0.272ms
[90.562s][info][gc] GC(3023) Pause Young (Allocation Failure) 11M->6M(15M) 0.417ms
[90.567s][info][gc] GC(3024) Pause Young (Allocation Failure) 11M->6M(15M) 0.433ms
[90.572s][info][gc] GC(3025) Pause Young (Allocation Failure) 11M->6M(15M) 0.858ms
[90.576s][info][gc] GC(3026) Pause Young (Allocation Failure) 11M->6M(15M) 0.320ms
[90.581s][info][gc] GC(3027) Pause Young (Allocation Failure) 11M->6M(15M) 0.866ms
[90.586s][info][gc] GC(3028) Pause Young (Allocation Failure) 11M->6M(15M) 0.437ms
[90.590s][info][gc] GC(3029) Pause Young (Allocation Failure) 11M->6M(15M) 0.316ms
[90.595s][info][gc] GC(3030) Pause Young (Allocation Failure) 11M->6M(15M) 0.526ms
[90.601s][info][gc] GC(3031) Pause Young (Allocation Failure) 11M->6M(15M) 0.433ms
[90.605s][info][gc] GC(3032) Pause Young (Allocation Failure) 11M->6M(15M) 0.618ms
[90.609s][info][gc] GC(3033) Pause Young (Allocation Failure) 11M->6M(15M) 0.333ms
[90.614s][info][gc] GC(3034) Pause Young (Allocation Failure) 11M->6M(15M) 0.704ms
[90.620s][info][gc] GC(3035) Pause Young (Allocation Failure) 11M->6M(15M) 0.730ms
[90.623s][info][gc] GC(3036) Pause Young (Allocation Failure) 11M->6M(15M) 0.329ms
[90.628s][info][gc] GC(3037) Pause Young (Allocation Failure) 11M->6M(15M) 0.656ms
[90.633s][info][gc] GC(3038) Pause Young (Allocation Failure) 11M->6M(15M) 0.322ms
[90.637s][info][gc] GC(3039) Pause Young (Allocation Failure) 11M->6M(15M) 0.588ms
[90.641s][info][gc] GC(3040) Pause Young (Allocation Failure) 11M->6M(15M) 0.287ms
[90.645s][info][gc] GC(3041) Pause Young (Allocation Failure) 11M->6M(15M) 0.478ms
[90.650s][info][gc] GC(3042) Pause Young (Allocation Failure) 11M->6M(15M) 0.233ms
[90.654s][info][gc] GC(3043) Pause Young (Allocation Failure) 11M->6M(15M) 0.293ms
[90.658s][info][gc] GC(3044) Pause Young (Allocation Failure) 11M->6M(15M) 0.332ms
[90.662s][info][gc] GC(3045) Pause Young (Allocation Failure) 11M->6M(15M) 0.417ms
[90.666s][info][gc] GC(3046) Pause Young (Allocation Failure) 11M->6M(15M) 0.298ms
[90.671s][info][gc] GC(3047) Pause Young (Allocation Failure) 11M->6M(15M) 0.374ms
[90.674s][info][gc] GC(3048) Pause Young (Allocation Failure) 11M->6M(15M) 0.274ms
[90.678s][info][gc] GC(3049) Pause Young (Allocation Failure) 11M->6M(15M) 0.750ms
[90.683s][info][gc] GC(3050) Pause Young (Allocation Failure) 11M->6M(15M) 0.365ms
[90.688s][info][gc] GC(3051) Pause Young (Allocation Failure) 11M->6M(15M) 0.629ms
[90.692s][info][gc] GC(3052) Pause Young (Allocation Failure) 11M->6M(15M) 0.476ms
[90.697s][info][gc] GC(3053) Pause Young (Allocation Failure) 11M->6M(15M) 0.681ms
[90.703s][info][gc] GC(3054) Pause Young (Allocation Failure) 11M->6M(15M) 0.817ms
[90.707s][info][gc] GC(3055) Pause Young (Allocation Failure) 11M->6M(15M) 0.313ms
[90.711s][info][gc] GC(3056) Pause Young (Allocation Failure) 11M->6M(15M) 0.564ms
[90.716s][info][gc] GC(3057) Pause Young (Allocation Failure) 11M->6M(15M) 0.290ms
[90.721s][info][gc] GC(3058) Pause Young (Allocation Failure) 11M->6M(15M) 0.489ms
[90.725s][info][gc] GC(3059) Pause Young (Allocation Failure) 11M->6M(15M) 0.327ms
[90.729s][info][gc] GC(3060) Pause Young (Allocation Failure) 11M->6M(15M) 0.366ms
[90.734s][info][gc] GC(3061) Pause Young (Allocation Failure) 11M->6M(15M) 0.336ms
[90.739s][info][gc] GC(3062) Pause Young (Allocation Failure) 11M->6M(15M) 0.380ms
[90.742s][info][gc] GC(3063) Pause Young (Allocation Failure) 11M->6M(15M) 0.306ms
[90.747s][info][gc] GC(3064) Pause Young (Allocation Failure) 11M->6M(15M) 0.779ms
[90.751s][info][gc] GC(3065) Pause Young (Allocation Failure) 11M->6M(15M) 0.311ms
[90.755s][info][gc] GC(3066) Pause Young (Allocation Failure) 11M->6M(15M) 0.294ms
[90.759s][info][gc] GC(3067) Pause Young (Allocation Failure) 11M->6M(15M) 0.268ms
[90.763s][info][gc] GC(3068) Pause Young (Allocation Failure) 11M->6M(15M) 0.631ms
[90.767s][info][gc] GC(3069) Pause Young (Allocation Failure) 11M->6M(15M) 0.302ms
[90.772s][info][gc] GC(3070) Pause Young (Allocation Failure) 11M->6M(15M) 0.292ms
[90.775s][info][gc] GC(3071) Pause Young (Allocation Failure) 11M->6M(15M) 0.257ms
[90.779s][info][gc] GC(3072) Pause Young (Allocation Failure) 11M->6M(15M) 0.573ms
[90.784s][info][gc] GC(3073) Pause Young (Allocation Failure) 11M->6M(15M) 0.353ms
[90.788s][info][gc] GC(3074) Pause Young (Allocation Failure) 11M->6M(15M) 0.266ms
[90.791s][info][gc] GC(3075) Pause Young (Allocation Failure) 11M->6M(15M) 0.263ms
[90.795s][info][gc] GC(3076) Pause Young (Allocation Failure) 11M->6M(15M) 0.456ms
[90.799s][info][gc] GC(3077) Pause Young (Allocation Failure) 11M->6M(15M) 0.286ms
[90.804s][info][gc] GC(3078) Pause Young (Allocation Failure) 11M->6M(15M) 0.676ms
[90.807s][info][gc] GC(3079) Pause Young (Allocation Failure) 11M->6M(15M) 0.268ms
[90.811s][info][gc] GC(3080) Pause Young (Allocation Failure) 11M->6M(15M) 0.283ms
[90.815s][info][gc] GC(3081) Pause Young (Allocation Failure) 11M->6M(15M) 0.815ms
[90.819s][info][gc] GC(3082) Pause Young (Allocation Failure) 11M->6M(15M) 0.609ms
[90.823s][info][gc] GC(3083) Pause Young (Allocation Failure) 11M->6M(15M) 0.265ms
[90.826s][info][gc] GC(3084) Pause Young (Allocation Failure) 11M->6M(15M) 0.347ms
[90.830s][info][gc] GC(3085) Pause Young (Allocation Failure) 11M->6M(15M) 0.667ms
[90.835s][info][gc] GC(3086) Pause Young (Allocation Failure) 11M->6M(15M) 0.289ms
[90.839s][info][gc] GC(3087) Pause Young (Allocation Failure) 11M->6M(15M) 0.284ms
[90.842s][info][gc] GC(3088) Pause Young (Allocation Failure) 11M->6M(15M) 0.264ms
[90.846s][info][gc] GC(3089) Pause Young (Allocation Failure) 11M->6M(15M) 0.449ms
[90.851s][info][gc] GC(3090) Pause Young (Allocation Failure) 11M->6M(15M) 0.305ms
[90.855s][info][gc] GC(3091) Pause Young (Allocation Failure) 11M->6M(15M) 0.281ms
[90.858s][info][gc] GC(3092) Pause Young (Allocation Failure) 11M->6M(15M) 0.286ms
[90.862s][info][gc] GC(3093) Pause Young (Allocation Failure) 11M->6M(15M) 0.429ms
[90.866s][info][gc] GC(3094) Pause Young (Allocation Failure) 11M->6M(15M) 0.295ms
[90.871s][info][gc] GC(3095) Pause Young (Allocation Failure) 11M->6M(15M) 0.712ms
[90.875s][info][gc] GC(3096) Pause Young (Allocation Failure) 11M->6M(15M) 0.376ms
[90.879s][info][gc] GC(3097) Pause Young (Allocation Failure) 11M->6M(15M) 0.589ms
[90.884s][info][gc] GC(3098) Pause Young (Allocation Failure) 11M->6M(15M) 0.315ms
[90.888s][info][gc] GC(3099) Pause Young (Allocation Failure) 11M->6M(15M) 0.467ms
[90.892s][info][gc] GC(3100) Pause Young (Allocation Failure) 11M->6M(15M) 0.306ms
[90.897s][info][gc] GC(3101) Pause Young (Allocation Failure) 11M->6M(15M) 0.581ms
[90.902s][info][gc] GC(3102) Pause Young (Allocation Failure) 11M->6M(15M) 0.285ms
[90.907s][info][gc] GC(3103) Pause Young (Allocation Failure) 11M->6M(15M) 0.235ms
[90.911s][info][gc] GC(3104) Pause Young (Allocation Failure) 11M->6M(15M) 0.316ms
[90.915s][info][gc] GC(3105) Pause Young (Allocation Failure) 11M->6M(15M) 0.795ms
[90.920s][info][gc] GC(3106) Pause Young (Allocation Failure) 11M->6M(15M) 0.689ms
[90.925s][info][gc] GC(3107) Pause Young (Allocation Failure) 11M->6M(15M) 0.323ms
[90.929s][info][gc] GC(3108) Pause Young (Allocation Failure) 11M->6M(15M) 0.704ms
[90.934s][info][gc] GC(3109) Pause Young (Allocation Failure) 11M->6M(15M) 0.330ms
[90.938s][info][gc] GC(3110) Pause Young (Allocation Failure) 11M->6M(15M) 0.558ms
[90.942s][info][gc] GC(3111) Pause Young (Allocation Failure) 11M->6M(15M) 0.219ms
[90.946s][info][gc] GC(3112) Pause Young (Allocation Failure) 11M->6M(15M) 0.556ms
[90.950s][info][gc] GC(3113) Pause Young (Allocation Failure) 11M->6M(15M) 0.484ms
[90.954s][info][gc] GC(3114) Pause Young (Allocation Failure) 11M->6M(15M) 0.566ms
[90.958s][info][gc] GC(3115) Pause Young (Allocation Failure) 11M->6M(15M) 0.278ms
[90.961s][info][gc] GC(3116) Pause Young (Allocation Failure) 11M->6M(15M) 0.263ms
[90.966s][info][gc] GC(3117) Pause Young (Allocation Failure) 11M->6M(15M) 0.753ms
[90.970s][info][gc] GC(3118) Pause Young (Allocation Failure) 11M->6M(15M) 0.619ms
[90.974s][info][gc] GC(3119) Pause Young (Allocation Failure) 11M->6M(15M) 0.289ms
[90.978s][info][gc] GC(3120) Pause Young (Allocation Failure) 11M->6M(15M) 0.297ms
[90.983s][info][gc] GC(3121) Pause Young (Allocation Failure) 11M->6M(15M) 0.907ms
[90.987s][info][gc] GC(3122) Pause Young (Allocation Failure) 11M->6M(15M) 0.592ms
[90.991s][info][gc] GC(3123) Pause Young (Allocation Failure) 11M->6M(15M) 0.234ms
[90.995s][info][gc] GC(3124) Pause Young (Allocation Failure) 11M->6M(15M) 0.266ms
[90.999s][info][gc] GC(3125) Pause Young (Allocation Failure) 11M->6M(15M) 0.454ms
[91.003s][info][gc] GC(3126) Pause Young (Allocation Failure) 11M->6M(15M) 0.255ms
[91.007s][info][gc] GC(3127) Pause Young (Allocation Failure) 11M->6M(15M) 0.282ms
[91.010s][info][gc] GC(3128) Pause Young (Allocation Failure) 11M->6M(15M) 0.254ms
[91.014s][info][gc] GC(3129) Pause Young (Allocation Failure) 11M->6M(15M) 0.507ms
[91.018s][info][gc] GC(3130) Pause Young (Allocation Failure) 11M->6M(15M) 0.334ms
[91.023s][info][gc] GC(3131) Pause Young (Allocation Failure) 11M->6M(15M) 0.402ms
[91.026s][info][gc] GC(3132) Pause Young (Allocation Failure) 11M->6M(15M) 0.278ms
[91.030s][info][gc] GC(3133) Pause Young (Allocation Failure) 11M->6M(15M) 0.536ms
[91.035s][info][gc] GC(3134) Pause Young (Allocation Failure) 11M->6M(15M) 0.326ms
[91.039s][info][gc] GC(3135) Pause Young (Allocation Failure) 11M->6M(15M) 0.578ms
[91.043s][info][gc] GC(3136) Pause Young (Allocation Failure) 11M->6M(15M) 0.325ms
[91.048s][info][gc] GC(3137) Pause Young (Allocation Failure) 11M->6M(15M) 0.598ms
[91.053s][info][gc] GC(3138) Pause Young (Allocation Failure) 11M->6M(15M) 0.466ms
[91.058s][info][gc] GC(3139) Pause Young (Allocation Failure) 11M->6M(15M) 0.327ms
[91.062s][info][gc] GC(3140) Pause Young (Allocation Failure) 11M->6M(15M) 0.628ms
[91.068s][info][gc] GC(3141) Pause Young (Allocation Failure) 11M->6M(15M) 0.356ms
[91.072s][info][gc] GC(3142) Pause Young (Allocation Failure) 11M->6M(15M) 0.242ms
[91.076s][info][gc] GC(3143) Pause Young (Allocation Failure) 11M->6M(15M) 0.234ms
[91.081s][info][gc] GC(3144) Pause Young (Allocation Failure) 11M->6M(15M) 0.420ms
[91.085s][info][gc] GC(3145) Pause Young (Allocation Failure) 11M->6M(15M) 0.315ms
[91.090s][info][gc] GC(3146) Pause Young (Allocation Failure) 11M->6M(15M) 0.316ms
[91.094s][info][gc] GC(3147) Pause Young (Allocation Failure) 11M->7M(15M) 0.358ms
[91.098s][info][gc] GC(3148) Pause Young (Allocation Failure) 11M->6M(15M) 0.653ms
[91.103s][info][gc] GC(3149) Pause Young (Allocation Failure) 11M->6M(15M) 0.409ms
[91.107s][info][gc] GC(3150) Pause Young (Allocation Failure) 11M->7M(15M) 0.307ms
[91.111s][info][gc] GC(3151) Pause Young (Allocation Failure) 11M->7M(15M) 0.334ms
[91.116s][info][gc] GC(3152) Pause Young (Allocation Failure) 11M->6M(15M) 0.585ms
[91.120s][info][gc] GC(3153) Pause Young (Allocation Failure) 11M->6M(15M) 0.262ms
[91.124s][info][gc] GC(3154) Pause Young (Allocation Failure) 11M->6M(15M) 0.244ms
[91.128s][info][gc] GC(3155) Pause Young (Allocation Failure) 11M->6M(15M) 0.274ms
[91.133s][info][gc] GC(3156) Pause Young (Allocation Failure) 11M->7M(15M) 0.710ms
[91.137s][info][gc] GC(3157) Pause Young (Allocation Failure) 11M->7M(15M) 0.391ms
[91.141s][info][gc] GC(3158) Pause Young (Allocation Failure) 11M->7M(15M) 0.287ms
[91.144s][info][gc] GC(3159) Pause Young (Allocation Failure) 11M->7M(15M) 0.265ms
[91.149s][info][gc] GC(3160) Pause Young (Allocation Failure) 11M->7M(15M) 0.644ms
[91.153s][info][gc] GC(3161) Pause Young (Allocation Failure) 11M->7M(15M) 0.311ms
[91.157s][info][gc] GC(3162) Pause Young (Allocation Failure) 11M->7M(15M) 0.263ms
[91.160s][info][gc] GC(3163) Pause Young (Allocation Failure) 11M->7M(15M) 0.263ms
[91.164s][info][gc] GC(3164) Pause Young (Allocation Failure) 11M->7M(15M) 0.398ms
[91.168s][info][gc] GC(3165) Pause Young (Allocation Failure) 11M->7M(15M) 0.309ms
[91.172s][info][gc] GC(3166) Pause Young (Allocation Failure) 11M->7M(15M) 0.599ms
[91.175s][info][gc] GC(3167) Pause Young (Allocation Failure) 11M->7M(15M) 0.281ms
[91.179s][info][gc] GC(3168) Pause Young (Allocation Failure) 11M->7M(15M) 0.282ms
[91.183s][info][gc] GC(3169) Pause Young (Allocation Failure) 11M->7M(15M) 0.908ms
[91.188s][info][gc] GC(3170) Pause Young (Allocation Failure) 11M->7M(15M) 0.607ms
[91.191s][info][gc] GC(3171) Pause Young (Allocation Failure) 11M->7M(15M) 0.266ms
[91.194s][info][gc] GC(3172) Pause Young (Allocation Failure) 11M->7M(15M) 0.259ms
[91.198s][info][gc] GC(3173) Pause Young (Allocation Failure) 11M->7M(15M) 0.561ms
[91.202s][info][gc] GC(3174) Pause Young (Allocation Failure) 11M->7M(15M) 0.256ms
[91.206s][info][gc] GC(3175) Pause Young (Allocation Failure) 11M->6M(15M) 0.408ms
[91.209s][info][gc] GC(3176) Pause Young (Allocation Failure) 11M->7M(15M) 0.242ms
[91.212s][info][gc] GC(3177) Pause Young (Allocation Failure) 11M->7M(15M) 0.285ms
[91.216s][info][gc] GC(3178) Pause Young (Allocation Failure) 11M->7M(15M) 0.886ms
[91.220s][info][gc] GC(3179) Pause Young (Allocation Failure) 11M->7M(15M) 0.286ms
[91.224s][info][gc] GC(3180) Pause Young (Allocation Failure) 11M->7M(15M) 0.325ms
[91.227s][info][gc] GC(3181) Pause Young (Allocation Failure) 11M->7M(15M) 0.266ms
[91.231s][info][gc] GC(3182) Pause Young (Allocation Failure) 11M->7M(15M) 0.379ms
[91.235s][info][gc] GC(3183) Pause Young (Allocation Failure) 11M->7M(15M) 0.279ms
[91.239s][info][gc] GC(3184) Pause Young (Allocation Failure) 11M->7M(15M) 0.380ms
[91.242s][info][gc] GC(3185) Pause Young (Allocation Failure) 11M->7M(15M) 0.242ms
[91.245s][info][gc] GC(3186) Pause Young (Allocation Failure) 11M->6M(15M) 0.198ms
[91.249s][info][gc] GC(3187) Pause Young (Allocation Failure) 11M->6M(15M) 0.429ms
[91.252s][info][gc] GC(3188) Pause Young (Allocation Failure) 11M->7M(15M) 0.274ms
[91.256s][info][gc] GC(3189) Pause Young (Allocation Failure) 11M->7M(15M) 0.270ms
[91.259s][info][gc] GC(3190) Pause Young (Allocation Failure) 11M->7M(15M) 0.254ms
[91.262s][info][gc] GC(3191) Pause Young (Allocation Failure) 11M->6M(15M) 0.175ms
[91.266s][info][gc] GC(3192) Pause Young (Allocation Failure) 11M->7M(15M) 0.595ms
[91.270s][info][gc] GC(3193) Pause Young (Allocation Failure) 11M->7M(15M) 0.253ms
[91.274s][info][gc] GC(3194) Pause Young (Allocation Failure) 11M->7M(15M) 0.262ms
[91.277s][info][gc] GC(3195) Pause Young (Allocation Failure) 11M->7M(15M) 0.284ms
[91.281s][info][gc] GC(3196) Pause Young (Allocation Failure) 11M->7M(15M) 0.406ms
[91.285s][info][gc] GC(3197) Pause Young (Allocation Failure) 11M->7M(15M) 0.310ms
[91.289s][info][gc] GC(3198) Pause Young (Allocation Failure) 11M->7M(15M) 0.521ms
[91.293s][info][gc] GC(3199) Pause Young (Allocation Failure) 11M->7M(15M) 0.271ms
[91.297s][info][gc] GC(3200) Pause Young (Allocation Failure) 11M->7M(15M) 0.550ms
[91.301s][info][gc] GC(3201) Pause Young (Allocation Failure) 11M->7M(15M) 0.535ms
[91.305s][info][gc] GC(3202) Pause Young (Allocation Failure) 11M->7M(15M) 0.400ms
[91.309s][info][gc] GC(3203) Pause Young (Allocation Failure) 11M->7M(15M) 0.197ms
[91.312s][info][gc] GC(3204) Pause Young (Allocation Failure) 11M->7M(15M) 0.278ms
[91.316s][info][gc] GC(3205) Pause Young (Allocation Failure) 11M->7M(15M) 0.454ms
[91.320s][info][gc] GC(3206) Pause Young (Allocation Failure) 11M->7M(15M) 0.431ms
[91.324s][info][gc] GC(3207) Pause Young (Allocation Failure) 11M->7M(15M) 0.269ms
[91.327s][info][gc] GC(3208) Pause Young (Allocation Failure) 11M->7M(15M) 0.255ms
[91.332s][info][gc] GC(3209) Pause Young (Allocation Failure) 11M->7M(15M) 0.733ms
[91.336s][info][gc] GC(3210) Pause Young (Allocation Failure) 11M->7M(15M) 0.331ms
[91.340s][info][gc] GC(3211) Pause Young (Allocation Failure) 11M->7M(15M) 0.354ms
[91.344s][info][gc] GC(3212) Pause Young (Allocation Failure) 11M->7M(15M) 0.278ms
[91.347s][info][gc] GC(3213) Pause Young (Allocation Failure) 11M->7M(15M) 0.330ms
[91.351s][info][gc] GC(3214) Pause Young (Allocation Failure) 11M->7M(15M) 0.375ms
[91.355s][info][gc] GC(3215) Pause Young (Allocation Failure) 11M->7M(15M) 0.481ms
[91.359s][info][gc] GC(3216) Pause Young (Allocation Failure) 11M->7M(15M) 0.200ms
[91.362s][info][gc] GC(3217) Pause Young (Allocation Failure) 11M->7M(15M) 0.258ms
[91.367s][info][gc] GC(3218) Pause Young (Allocation Failure) 11M->7M(15M) 0.772ms
[91.372s][info][gc] GC(3219) Pause Young (Allocation Failure) 11M->7M(15M) 0.749ms
[91.376s][info][gc] GC(3220) Pause Young (Allocation Failure) 11M->7M(15M) 0.371ms
[91.379s][info][gc] GC(3221) Pause Young (Allocation Failure) 11M->7M(15M) 0.322ms
[91.383s][info][gc] GC(3222) Pause Young (Allocation Failure) 11M->7M(15M) 0.451ms
[91.388s][info][gc] GC(3223) Pause Young (Allocation Failure) 11M->7M(15M) 0.658ms
[91.392s][info][gc] GC(3224) Pause Young (Allocation Failure) 11M->7M(15M) 0.344ms
[91.396s][info][gc] GC(3225) Pause Young (Allocation Failure) 11M->7M(15M) 0.388ms
[91.402s][info][gc] GC(3226) Pause Young (Allocation Failure) 11M->7M(15M) 0.975ms
[91.407s][info][gc] GC(3227) Pause Young (Allocation Failure) 11M->7M(15M) 0.697ms
[91.412s][info][gc] GC(3228) Pause Young (Allocation Failure) 11M->7M(15M) 0.349ms
[91.417s][info][gc] GC(3229) Pause Young (Allocation Failure) 11M->7M(15M) 0.713ms
[91.424s][info][gc] GC(3230) Pause Young (Allocation Failure) 11M->7M(15M) 0.431ms
[91.430s][info][gc] GC(3231) Pause Young (Allocation Failure) 11M->7M(15M) 0.518ms
[91.436s][info][gc] GC(3232) Pause Young (Allocation Failure) 11M->7M(15M) 0.423ms
[91.441s][info][gc] GC(3233) Pause Young (Allocation Failure) 11M->7M(15M) 0.399ms
[91.448s][info][gc] GC(3234) Pause Young (Allocation Failure) 11M->7M(15M) 0.959ms
[91.454s][info][gc] GC(3235) Pause Young (Allocation Failure) 11M->7M(15M) 0.554ms
[91.460s][info][gc] GC(3236) Pause Young (Allocation Failure) 11M->7M(15M) 0.589ms
[91.465s][info][gc] GC(3237) Pause Young (Allocation Failure) 11M->7M(15M) 0.476ms
[91.470s][info][gc] GC(3238) Pause Young (Allocation Failure) 11M->7M(15M) 0.388ms
[91.475s][info][gc] GC(3239) Pause Young (Allocation Failure) 11M->7M(15M) 0.340ms
[91.480s][info][gc] GC(3240) Pause Young (Allocation Failure) 11M->7M(15M) 0.539ms
[91.485s][info][gc] GC(3241) Pause Young (Allocation Failure) 11M->7M(15M) 0.450ms
[91.490s][info][gc] GC(3242) Pause Young (Allocation Failure) 11M->7M(15M) 0.562ms
[91.495s][info][gc] GC(3243) Pause Young (Allocation Failure) 11M->7M(15M) 0.327ms
[91.499s][info][gc] GC(3244) Pause Young (Allocation Failure) 11M->7M(15M) 0.509ms
[91.504s][info][gc] GC(3245) Pause Young (Allocation Failure) 11M->7M(15M) 0.341ms
[91.508s][info][gc] GC(3246) Pause Young (Allocation Failure) 11M->7M(15M) 0.342ms
[91.512s][info][gc] GC(3247) Pause Young (Allocation Failure) 11M->7M(15M) 0.329ms
[91.516s][info][gc] GC(3248) Pause Young (Allocation Failure) 11M->7M(15M) 0.548ms
[91.521s][info][gc] GC(3249) Pause Young (Allocation Failure) 11M->7M(15M) 0.414ms
[91.525s][info][gc] GC(3250) Pause Young (Allocation Failure) 11M->7M(15M) 0.289ms
[91.528s][info][gc] GC(3251) Pause Young (Allocation Failure) 11M->7M(15M) 0.278ms
[91.533s][info][gc] GC(3252) Pause Young (Allocation Failure) 11M->7M(15M) 0.625ms
[91.537s][info][gc] GC(3253) Pause Young (Allocation Failure) 11M->7M(15M) 0.314ms
[91.541s][info][gc] GC(3254) Pause Young (Allocation Failure) 11M->7M(15M) 0.205ms
[91.544s][info][gc] GC(3255) Pause Young (Allocation Failure) 11M->7M(15M) 0.285ms
[91.548s][info][gc] GC(3256) Pause Young (Allocation Failure) 11M->7M(15M) 0.379ms
[91.552s][info][gc] GC(3257) Pause Young (Allocation Failure) 11M->7M(15M) 0.226ms
[91.556s][info][gc] GC(3258) Pause Young (Allocation Failure) 11M->7M(15M) 0.436ms
[91.560s][info][gc] GC(3259) Pause Young (Allocation Failure) 11M->7M(15M) 0.208ms
[91.563s][info][gc] GC(3260) Pause Young (Allocation Failure) 11M->7M(15M) 0.214ms
[91.567s][info][gc] GC(3261) Pause Young (Allocation Failure) 11M->7M(15M) 0.585ms
[91.571s][info][gc] GC(3262) Pause Young (Allocation Failure) 11M->7M(15M) 0.214ms
[91.575s][info][gc] GC(3263) Pause Young (Allocation Failure) 11M->7M(15M) 0.229ms
[91.578s][info][gc] GC(3264) Pause Young (Allocation Failure) 11M->7M(15M) 0.204ms
[91.581s][info][gc] GC(3265) Pause Young (Allocation Failure) 11M->7M(15M) 0.396ms
[91.586s][info][gc] GC(3266) Pause Young (Allocation Failure) 11M->7M(15M) 0.251ms
[91.589s][info][gc] GC(3267) Pause Young (Allocation Failure) 11M->7M(15M) 0.405ms
[91.592s][info][gc] GC(3268) Pause Young (Allocation Failure) 11M->7M(15M) 0.293ms
[91.596s][info][gc] GC(3269) Pause Young (Allocation Failure) 11M->7M(15M) 0.350ms
[91.599s][info][gc] GC(3270) Pause Young (Allocation Failure) 11M->7M(15M) 0.488ms
[91.603s][info][gc] GC(3271) Pause Young (Allocation Failure) 11M->7M(15M) 0.289ms
[91.607s][info][gc] GC(3272) Pause Young (Allocation Failure) 11M->7M(15M) 0.471ms
[91.610s][info][gc] GC(3273) Pause Young (Allocation Failure) 11M->7M(15M) 0.273ms
[91.613s][info][gc] GC(3274) Pause Young (Allocation Failure) 11M->7M(15M) 0.269ms
[91.617s][info][gc] GC(3275) Pause Young (Allocation Failure) 11M->7M(15M) 0.637ms
[91.621s][info][gc] GC(3276) Pause Young (Allocation Failure) 11M->7M(15M) 0.274ms
[91.625s][info][gc] GC(3277) Pause Young (Allocation Failure) 11M->7M(15M) 0.380ms
[91.628s][info][gc] GC(3278) Pause Young (Allocation Failure) 11M->7M(15M) 0.285ms
[91.631s][info][gc] GC(3279) Pause Young (Allocation Failure) 11M->7M(15M) 0.378ms
[91.636s][info][gc] GC(3280) Pause Young (Allocation Failure) 11M->7M(15M) 0.380ms
[91.639s][info][gc] GC(3281) Pause Young (Allocation Failure) 11M->7M(15M) 0.370ms
[91.643s][info][gc] GC(3282) Pause Young (Allocation Failure) 11M->7M(15M) 0.233ms
[91.646s][info][gc] GC(3283) Pause Young (Allocation Failure) 11M->7M(15M) 0.216ms
[91.650s][info][gc] GC(3284) Pause Young (Allocation Failure) 11M->7M(15M) 0.459ms
[91.654s][info][gc] GC(3285) Pause Young (Allocation Failure) 11M->7M(15M) 0.235ms
[91.657s][info][gc] GC(3286) Pause Young (Allocation Failure) 11M->7M(15M) 0.358ms
[91.660s][info][gc] GC(3287) Pause Young (Allocation Failure) 11M->7M(15M) 0.247ms
[91.664s][info][gc] GC(3288) Pause Young (Allocation Failure) 11M->7M(15M) 0.252ms
[91.668s][info][gc] GC(3289) Pause Young (Allocation Failure) 11M->7M(15M) 0.662ms
[91.671s][info][gc] GC(3290) Pause Young (Allocation Failure) 11M->7M(15M) 0.309ms
[91.675s][info][gc] GC(3291) Pause Young (Allocation Failure) 11M->7M(15M) 0.244ms
[91.678s][info][gc] GC(3292) Pause Young (Allocation Failure) 11M->7M(15M) 0.260ms
[91.682s][info][gc] GC(3293) Pause Young (Allocation Failure) 11M->7M(15M) 0.394ms
[91.686s][info][gc] GC(3294) Pause Young (Allocation Failure) 11M->7M(15M) 0.331ms
[91.689s][info][gc] GC(3295) Pause Young (Allocation Failure) 11M->7M(15M) 0.503ms
[91.693s][info][gc] GC(3296) Pause Young (Allocation Failure) 11M->7M(15M) 0.239ms
[91.696s][info][gc] GC(3297) Pause Young (Allocation Failure) 11M->7M(15M) 0.234ms
[91.700s][info][gc] GC(3298) Pause Young (Allocation Failure) 11M->7M(15M) 0.504ms
[91.704s][info][gc] GC(3299) Pause Young (Allocation Failure) 11M->7M(15M) 0.265ms
[91.708s][info][gc] GC(3300) Pause Young (Allocation Failure) 11M->7M(15M) 0.354ms
[91.710s][info][gc] GC(3301) Pause Young (Allocation Failure) 11M->7M(15M) 0.200ms
[91.713s][info][gc] GC(3302) Pause Young (Allocation Failure) 11M->7M(15M) 0.177ms
[91.717s][info][gc] GC(3303) Pause Young (Allocation Failure) 11M->7M(15M) 0.608ms
[91.721s][info][gc] GC(3304) Pause Young (Allocation Failure) 11M->7M(15M) 0.199ms
[91.724s][info][gc] GC(3305) Pause Young (Allocation Failure) 11M->7M(15M) 0.265ms
[91.727s][info][gc] GC(3306) Pause Young (Allocation Failure) 11M->7M(15M) 0.246ms
[91.730s][info][gc] GC(3307) Pause Young (Allocation Failure) 11M->7M(15M) 0.233ms
[91.734s][info][gc] GC(3308) Pause Young (Allocation Failure) 11M->7M(15M) 0.504ms
[91.738s][info][gc] GC(3309) Pause Young (Allocation Failure) 11M->7M(15M) 0.310ms
[91.741s][info][gc] GC(3310) Pause Young (Allocation Failure) 11M->7M(15M) 0.242ms
[91.744s][info][gc] GC(3311) Pause Young (Allocation Failure) 11M->7M(15M) 0.215ms
[91.747s][info][gc] GC(3312) Pause Young (Allocation Failure) 11M->7M(15M) 0.194ms
[91.751s][info][gc] GC(3313) Pause Young (Allocation Failure) 11M->7M(15M) 0.550ms
[91.754s][info][gc] GC(3314) Pause Young (Allocation Failure) 11M->7M(15M) 0.268ms
[91.758s][info][gc] GC(3315) Pause Young (Allocation Failure) 11M->7M(15M) 0.409ms
[91.761s][info][gc] GC(3316) Pause Young (Allocation Failure) 11M->7M(15M) 0.241ms
[91.765s][info][gc] GC(3317) Pause Young (Allocation Failure) 11M->7M(15M) 0.389ms
[91.769s][info][gc] GC(3318) Pause Young (Allocation Failure) 11M->7M(15M) 0.732ms
[91.773s][info][gc] GC(3319) Pause Young (Allocation Failure) 11M->7M(15M) 0.513ms
[91.777s][info][gc] GC(3320) Pause Young (Allocation Failure) 11M->7M(15M) 0.285ms
[91.780s][info][gc] GC(3321) Pause Young (Allocation Failure) 11M->7M(15M) 0.298ms
[91.784s][info][gc] GC(3322) Pause Young (Allocation Failure) 11M->7M(15M) 0.607ms
[91.788s][info][gc] GC(3323) Pause Young (Allocation Failure) 11M->7M(15M) 0.350ms
[91.792s][info][gc] GC(3324) Pause Young (Allocation Failure) 11M->7M(15M) 0.273ms
[91.795s][info][gc] GC(3325) Pause Young (Allocation Failure) 11M->7M(15M) 0.182ms
[91.799s][info][gc] GC(3326) Pause Young (Allocation Failure) 11M->7M(15M) 0.382ms
[91.803s][info][gc] GC(3327) Pause Young (Allocation Failure) 11M->7M(15M) 0.379ms
[91.807s][info][gc] GC(3328) Pause Young (Allocation Failure) 11M->7M(15M) 0.569ms
[91.811s][info][gc] GC(3329) Pause Young (Allocation Failure) 11M->7M(15M) 0.274ms
[91.814s][info][gc] GC(3330) Pause Young (Allocation Failure) 11M->7M(15M) 0.276ms
[91.818s][info][gc] GC(3331) Pause Young (Allocation Failure) 11M->7M(15M) 0.581ms
[91.822s][info][gc] GC(3332) Pause Young (Allocation Failure) 11M->7M(15M) 0.524ms
[91.826s][info][gc] GC(3333) Pause Young (Allocation Failure) 11M->7M(15M) 0.268ms
[91.829s][info][gc] GC(3334) Pause Young (Allocation Failure) 11M->7M(15M) 0.267ms
[91.833s][info][gc] GC(3335) Pause Young (Allocation Failure) 11M->7M(15M) 0.386ms
[91.837s][info][gc] GC(3336) Pause Young (Allocation Failure) 11M->7M(15M) 0.274ms
[91.841s][info][gc] GC(3337) Pause Young (Allocation Failure) 11M->7M(15M) 0.469ms
[91.844s][info][gc] GC(3338) Pause Young (Allocation Failure) 11M->7M(15M) 0.212ms
[91.847s][info][gc] GC(3339) Pause Young (Allocation Failure) 11M->7M(15M) 0.177ms
[91.851s][info][gc] GC(3340) Pause Young (Allocation Failure) 11M->7M(15M) 0.584ms
[91.854s][info][gc] GC(3341) Pause Young (Allocation Failure) 11M->7M(15M) 0.214ms
[91.858s][info][gc] GC(3342) Pause Young (Allocation Failure) 11M->7M(15M) 0.239ms
[91.862s][info][gc] GC(3343) Pause Young (Allocation Failure) 11M->7M(15M) 0.283ms
[91.866s][info][gc] GC(3344) Pause Young (Allocation Failure) 11M->7M(15M) 0.358ms
[91.870s][info][gc] GC(3345) Pause Young (Allocation Failure) 11M->7M(15M) 0.631ms
[91.873s][info][gc] GC(3346) Pause Young (Allocation Failure) 11M->7M(15M) 0.554ms
[91.876s][info][gc] GC(3347) Pause Young (Allocation Failure) 11M->7M(15M) 0.243ms
[91.879s][info][gc] GC(3348) Pause Young (Allocation Failure) 11M->7M(15M) 0.225ms
[91.883s][info][gc] GC(3349) Pause Young (Allocation Failure) 11M->7M(15M) 0.356ms
[91.886s][info][gc] GC(3350) Pause Young (Allocation Failure) 11M->7M(15M) 0.346ms
[91.890s][info][gc] GC(3351) Pause Young (Allocation Failure) 11M->7M(15M) 0.446ms
[91.893s][info][gc] GC(3352) Pause Young (Allocation Failure) 11M->7M(15M) 0.243ms
[91.896s][info][gc] GC(3353) Pause Young (Allocation Failure) 11M->7M(15M) 0.226ms
[91.899s][info][gc] GC(3354) Pause Young (Allocation Failure) 11M->7M(15M) 0.323ms
[91.903s][info][gc] GC(3355) Pause Young (Allocation Failure) 11M->7M(15M) 0.513ms
[91.907s][info][gc] GC(3356) Pause Young (Allocation Failure) 11M->7M(15M) 0.555ms
[91.910s][info][gc] GC(3357) Pause Young (Allocation Failure) 11M->7M(15M) 0.249ms
[91.913s][info][gc] GC(3358) Pause Young (Allocation Failure) 11M->7M(15M) 0.230ms
[91.918s][info][gc] GC(3359) Pause Young (Allocation Failure) 11M->7M(15M) 0.880ms
[91.922s][info][gc] GC(3360) Pause Young (Allocation Failure) 11M->7M(15M) 0.541ms
[91.926s][info][gc] GC(3361) Pause Young (Allocation Failure) 11M->7M(15M) 0.262ms
[91.930s][info][gc] GC(3362) Pause Young (Allocation Failure) 11M->7M(15M) 0.362ms
[91.934s][info][gc] GC(3363) Pause Young (Allocation Failure) 11M->7M(15M) 0.485ms
[91.938s][info][gc] GC(3364) Pause Young (Allocation Failure) 11M->7M(15M) 0.374ms
[91.942s][info][gc] GC(3365) Pause Young (Allocation Failure) 11M->7M(15M) 0.303ms
[91.946s][info][gc] GC(3366) Pause Young (Allocation Failure) 11M->7M(15M) 0.295ms
[91.951s][info][gc] GC(3367) Pause Young (Allocation Failure) 11M->7M(15M) 0.518ms
[91.955s][info][gc] GC(3368) Pause Young (Allocation Failure) 11M->7M(15M) 0.383ms
[91.960s][info][gc] GC(3369) Pause Young (Allocation Failure) 11M->7M(15M) 0.292ms
[91.963s][info][gc] GC(3370) Pause Young (Allocation Failure) 11M->7M(15M) 0.349ms
[91.968s][info][gc] GC(3371) Pause Young (Allocation Failure) 11M->7M(15M) 0.551ms
[91.973s][info][gc] GC(3372) Pause Young (Allocation Failure) 11M->7M(15M) 0.923ms
[91.978s][info][gc] GC(3373) Pause Young (Allocation Failure) 11M->7M(15M) 0.375ms
[91.982s][info][gc] GC(3374) Pause Young (Allocation Failure) 11M->7M(15M) 0.438ms
[91.987s][info][gc] GC(3375) Pause Young (Allocation Failure) 11M->7M(15M) 0.642ms
[91.992s][info][gc] GC(3376) Pause Young (Allocation Failure) 11M->7M(15M) 0.629ms
[91.996s][info][gc] GC(3377) Pause Young (Allocation Failure) 11M->7M(15M) 0.300ms
[92.000s][info][gc] GC(3378) Pause Young (Allocation Failure) 11M->7M(15M) 0.498ms
[92.004s][info][gc] GC(3379) Pause Young (Allocation Failure) 11M->7M(15M) 0.313ms
[92.009s][info][gc] GC(3380) Pause Young (Allocation Failure) 11M->7M(15M) 0.485ms
[92.013s][info][gc] GC(3381) Pause Young (Allocation Failure) 11M->7M(15M) 0.302ms
[92.017s][info][gc] GC(3382) Pause Young (Allocation Failure) 11M->7M(15M) 0.524ms
[92.022s][info][gc] GC(3383) Pause Young (Allocation Failure) 11M->7M(15M) 0.336ms
[92.026s][info][gc] GC(3384) Pause Young (Allocation Failure) 11M->7M(15M) 0.307ms
[92.029s][info][gc] GC(3385) Pause Young (Allocation Failure) 11M->7M(15M) 0.252ms
[92.033s][info][gc] GC(3386) Pause Young (Allocation Failure) 11M->7M(15M) 0.322ms
[92.038s][info][gc] GC(3387) Pause Young (Allocation Failure) 11M->7M(15M) 0.287ms
[92.042s][info][gc] GC(3388) Pause Young (Allocation Failure) 11M->7M(15M) 0.429ms
[92.045s][info][gc] GC(3389) Pause Young (Allocation Failure) 11M->7M(15M) 0.193ms
[92.048s][info][gc] GC(3390) Pause Young (Allocation Failure) 11M->7M(15M) 0.228ms
[92.052s][info][gc] GC(3391) Pause Young (Allocation Failure) 11M->7M(15M) 0.510ms
[92.056s][info][gc] GC(3392) Pause Young (Allocation Failure) 11M->7M(15M) 0.305ms
[92.060s][info][gc] GC(3393) Pause Young (Allocation Failure) 11M->7M(15M) 0.297ms
[92.064s][info][gc] GC(3394) Pause Young (Allocation Failure) 11M->7M(15M) 0.292ms
[92.067s][info][gc] GC(3395) Pause Young (Allocation Failure) 11M->7M(15M) 0.415ms
[92.072s][info][gc] GC(3396) Pause Young (Allocation Failure) 11M->7M(15M) 0.295ms
[92.076s][info][gc] GC(3397) Pause Young (Allocation Failure) 11M->7M(15M) 0.287ms
[92.079s][info][gc] GC(3398) Pause Young (Allocation Failure) 11M->7M(15M) 0.252ms
[92.082s][info][gc] GC(3399) Pause Young (Allocation Failure) 11M->7M(15M) 0.313ms
[92.086s][info][gc] GC(3400) Pause Young (Allocation Failure) 11M->7M(15M) 0.689ms
[92.090s][info][gc] GC(3401) Pause Young (Allocation Failure) 11M->7M(15M) 0.391ms
[92.093s][info][gc] GC(3402) Pause Young (Allocation Failure) 11M->7M(15M) 0.242ms
[92.096s][info][gc] GC(3403) Pause Young (Allocation Failure) 11M->7M(15M) 0.244ms
[92.100s][info][gc] GC(3404) Pause Young (Allocation Failure) 11M->7M(15M) 0.326ms
[92.104s][info][gc] GC(3405) Pause Young (Allocation Failure) 11M->7M(15M) 0.527ms
[92.107s][info][gc] GC(3406) Pause Young (Allocation Failure) 11M->7M(15M) 0.485ms
[92.111s][info][gc] GC(3407) Pause Young (Allocation Failure) 11M->7M(15M) 0.235ms
[92.114s][info][gc] GC(3408) Pause Young (Allocation Failure) 11M->7M(15M) 0.230ms
[92.117s][info][gc] GC(3409) Pause Young (Allocation Failure) 11M->7M(15M) 0.396ms
[92.121s][info][gc] GC(3410) Pause Young (Allocation Failure) 11M->7M(15M) 0.266ms
[92.125s][info][gc] GC(3411) Pause Young (Allocation Failure) 11M->7M(15M) 0.434ms
[92.128s][info][gc] GC(3412) Pause Young (Allocation Failure) 11M->7M(15M) 0.236ms
[92.131s][info][gc] GC(3413) Pause Young (Allocation Failure) 11M->7M(15M) 0.232ms
[92.134s][info][gc] GC(3414) Pause Young (Allocation Failure) 11M->7M(15M) 0.373ms
[92.138s][info][gc] GC(3415) Pause Young (Allocation Failure) 11M->7M(15M) 0.272ms
[92.141s][info][gc] GC(3416) Pause Young (Allocation Failure) 11M->7M(15M) 0.668ms
[92.145s][info][gc] GC(3417) Pause Young (Allocation Failure) 11M->7M(15M) 0.300ms
[92.148s][info][gc] GC(3418) Pause Young (Allocation Failure) 11M->7M(15M) 0.285ms
[92.152s][info][gc] GC(3419) Pause Young (Allocation Failure) 11M->7M(15M) 0.578ms
[92.156s][info][gc] GC(3420) Pause Young (Allocation Failure) 11M->7M(15M) 0.299ms
[92.159s][info][gc] GC(3421) Pause Young (Allocation Failure) 11M->7M(15M) 0.245ms
[92.162s][info][gc] GC(3422) Pause Young (Allocation Failure) 11M->7M(15M) 0.244ms
[92.165s][info][gc] GC(3423) Pause Young (Allocation Failure) 11M->7M(15M) 0.295ms
[92.169s][info][gc] GC(3424) Pause Young (Allocation Failure) 11M->7M(15M) 0.455ms
[92.173s][info][gc] GC(3425) Pause Young (Allocation Failure) 11M->7M(15M) 0.320ms
[92.177s][info][gc] GC(3426) Pause Young (Allocation Failure) 11M->7M(15M) 0.292ms
[92.180s][info][gc] GC(3427) Pause Young (Allocation Failure) 11M->7M(15M) 0.281ms
[92.184s][info][gc] GC(3428) Pause Young (Allocation Failure) 11M->7M(15M) 0.369ms
[92.188s][info][gc] GC(3429) Pause Young (Allocation Failure) 11M->7M(15M) 0.328ms
[92.193s][info][gc] GC(3430) Pause Young (Allocation Failure) 11M->7M(15M) 0.468ms
[92.196s][info][gc] GC(3431) Pause Young (Allocation Failure) 11M->7M(15M) 0.266ms
[92.200s][info][gc] GC(3432) Pause Young (Allocation Failure) 11M->7M(15M) 0.365ms
[92.204s][info][gc] GC(3433) Pause Young (Allocation Failure) 11M->7M(15M) 0.522ms
[92.208s][info][gc] GC(3434) Pause Young (Allocation Failure) 11M->7M(15M) 0.512ms
[92.211s][info][gc] GC(3435) Pause Young (Allocation Failure) 11M->7M(15M) 0.266ms
[92.215s][info][gc] GC(3436) Pause Young (Allocation Failure) 11M->7M(15M) 0.266ms
[92.219s][info][gc] GC(3437) Pause Young (Allocation Failure) 11M->7M(15M) 0.606ms
[92.223s][info][gc] GC(3438) Pause Young (Allocation Failure) 11M->7M(15M) 0.510ms
[92.227s][info][gc] GC(3439) Pause Young (Allocation Failure) 11M->7M(15M) 0.267ms
[92.230s][info][gc] GC(3440) Pause Young (Allocation Failure) 11M->7M(15M) 0.293ms
[92.235s][info][gc] GC(3441) Pause Young (Allocation Failure) 11M->7M(15M) 0.530ms
[92.239s][info][gc] GC(3442) Pause Young (Allocation Failure) 11M->7M(15M) 0.268ms
[92.243s][info][gc] GC(3443) Pause Young (Allocation Failure) 11M->7M(15M) 0.433ms
[92.246s][info][gc] GC(3444) Pause Young (Allocation Failure) 11M->7M(15M) 0.196ms
[92.250s][info][gc] GC(3445) Pause Young (Allocation Failure) 11M->7M(15M) 0.342ms
[92.254s][info][gc] GC(3446) Pause Young (Allocation Failure) 11M->7M(15M) 0.872ms
[92.259s][info][gc] GC(3447) Pause Young (Allocation Failure) 11M->7M(15M) 0.800ms
[92.263s][info][gc] GC(3448) Pause Young (Allocation Failure) 11M->7M(15M) 0.281ms
[92.267s][info][gc] GC(3449) Pause Young (Allocation Failure) 11M->7M(15M) 0.812ms
[92.271s][info][gc] GC(3450) Pause Young (Allocation Failure) 11M->7M(15M) 0.494ms
[92.275s][info][gc] GC(3451) Pause Young (Allocation Failure) 11M->7M(15M) 0.556ms
[92.279s][info][gc] GC(3452) Pause Young (Allocation Failure) 11M->7M(15M) 0.342ms
[92.283s][info][gc] GC(3453) Pause Young (Allocation Failure) 11M->7M(15M) 0.441ms
[92.288s][info][gc] GC(3454) Pause Young (Allocation Failure) 11M->7M(15M) 0.691ms
[92.292s][info][gc] GC(3455) Pause Young (Allocation Failure) 11M->7M(15M) 0.715ms
[92.296s][info][gc] GC(3456) Pause Young (Allocation Failure) 11M->7M(15M) 0.248ms
[92.300s][info][gc] GC(3457) Pause Young (Allocation Failure) 11M->7M(15M) 0.646ms
[92.305s][info][gc] GC(3458) Pause Young (Allocation Failure) 11M->7M(15M) 0.379ms
[92.310s][info][gc] GC(3459) Pause Young (Allocation Failure) 11M->7M(15M) 0.380ms
[92.313s][info][gc] GC(3460) Pause Young (Allocation Failure) 11M->7M(15M) 0.321ms
[92.317s][info][gc] GC(3461) Pause Young (Allocation Failure) 11M->7M(15M) 0.370ms
[92.321s][info][gc] GC(3462) Pause Young (Allocation Failure) 11M->7M(15M) 0.618ms
[92.325s][info][gc] GC(3463) Pause Young (Allocation Failure) 11M->7M(15M) 0.562ms
[92.329s][info][gc] GC(3464) Pause Young (Allocation Failure) 11M->7M(15M) 0.226ms
[92.333s][info][gc] GC(3465) Pause Young (Allocation Failure) 11M->7M(15M) 0.399ms
[92.339s][info][gc] GC(3466) Pause Young (Allocation Failure) 11M->7M(15M) 0.634ms
[92.343s][info][gc] GC(3467) Pause Young (Allocation Failure) 11M->7M(15M) 0.332ms
[92.347s][info][gc] GC(3468) Pause Young (Allocation Failure) 11M->7M(15M) 0.417ms
[92.351s][info][gc] GC(3469) Pause Young (Allocation Failure) 11M->7M(15M) 0.418ms
[92.356s][info][gc] GC(3470) Pause Young (Allocation Failure) 11M->7M(15M) 0.319ms
[92.360s][info][gc] GC(3471) Pause Young (Allocation Failure) 11M->7M(15M) 0.623ms
[92.364s][info][gc] GC(3472) Pause Young (Allocation Failure) 11M->7M(15M) 0.285ms
[92.368s][info][gc] GC(3473) Pause Young (Allocation Failure) 11M->7M(15M) 0.430ms
[92.373s][info][gc] GC(3474) Pause Young (Allocation Failure) 11M->7M(15M) 0.319ms
[92.377s][info][gc] GC(3475) Pause Young (Allocation Failure) 11M->7M(15M) 0.406ms
[92.381s][info][gc] GC(3476) Pause Young (Allocation Failure) 11M->7M(15M) 0.294ms
[92.385s][info][gc] GC(3477) Pause Young (Allocation Failure) 11M->7M(15M) 0.563ms
[92.390s][info][gc] GC(3478) Pause Young (Allocation Failure) 11M->7M(15M) 0.309ms
[92.394s][info][gc] GC(3479) Pause Young (Allocation Failure) 11M->7M(15M) 0.600ms
[92.398s][info][gc] GC(3480) Pause Young (Allocation Failure) 11M->7M(15M) 0.316ms
[92.403s][info][gc] GC(3481) Pause Young (Allocation Failure) 11M->7M(15M) 0.705ms
[92.409s][info][gc] GC(3482) Pause Young (Allocation Failure) 11M->7M(15M) 0.924ms
[92.414s][info][gc] GC(3483) Pause Young (Allocation Failure) 11M->7M(15M) 0.403ms
[92.418s][info][gc] GC(3484) Pause Young (Allocation Failure) 11M->7M(15M) 0.459ms
[92.424s][info][gc] GC(3485) Pause Young (Allocation Failure) 11M->7M(15M) 0.575ms
[92.430s][info][gc] GC(3486) Pause Young (Allocation Failure) 11M->7M(15M) 0.517ms
[92.436s][info][gc] GC(3487) Pause Young (Allocation Failure) 11M->7M(15M) 0.819ms
[92.442s][info][gc] GC(3488) Pause Young (Allocation Failure) 11M->7M(15M) 0.728ms
[92.447s][info][gc] GC(3489) Pause Young (Allocation Failure) 11M->7M(15M) 0.616ms
[92.452s][info][gc] GC(3490) Pause Young (Allocation Failure) 11M->7M(15M) 0.579ms
[92.458s][info][gc] GC(3491) Pause Young (Allocation Failure) 11M->7M(15M) 0.369ms
[92.462s][info][gc] GC(3492) Pause Young (Allocation Failure) 11M->7M(15M) 0.273ms
[92.466s][info][gc] GC(3493) Pause Young (Allocation Failure) 11M->7M(15M) 0.295ms
[92.472s][info][gc] GC(3494) Pause Young (Allocation Failure) 11M->7M(15M) 0.698ms
[92.476s][info][gc] GC(3495) Pause Young (Allocation Failure) 11M->7M(15M) 0.272ms
[92.480s][info][gc] GC(3496) Pause Young (Allocation Failure) 11M->7M(15M) 0.247ms
[92.485s][info][gc] GC(3497) Pause Young (Allocation Failure) 11M->7M(15M) 0.373ms
[92.489s][info][gc] GC(3498) Pause Young (Allocation Failure) 11M->7M(15M) 0.431ms
[92.494s][info][gc] GC(3499) Pause Young (Allocation Failure) 11M->7M(15M) 0.573ms
[92.498s][info][gc] GC(3500) Pause Young (Allocation Failure) 11M->7M(15M) 0.270ms
[92.502s][info][gc] GC(3501) Pause Young (Allocation Failure) 11M->7M(15M) 0.437ms
[92.507s][info][gc] GC(3502) Pause Young (Allocation Failure) 11M->7M(15M) 0.273ms
[92.511s][info][gc] GC(3503) Pause Young (Allocation Failure) 11M->7M(15M) 0.290ms
[92.514s][info][gc] GC(3504) Pause Young (Allocation Failure) 11M->7M(15M) 0.246ms
[92.518s][info][gc] GC(3505) Pause Young (Allocation Failure) 11M->7M(15M) 0.316ms
[92.523s][info][gc] GC(3506) Pause Young (Allocation Failure) 11M->7M(15M) 0.263ms
[92.527s][info][gc] GC(3507) Pause Young (Allocation Failure) 11M->7M(15M) 0.234ms
[92.530s][info][gc] GC(3508) Pause Young (Allocation Failure) 11M->7M(15M) 0.209ms
[92.534s][info][gc] GC(3509) Pause Young (Allocation Failure) 11M->7M(15M) 0.403ms
[92.539s][info][gc] GC(3510) Pause Young (Allocation Failure) 11M->7M(15M) 0.679ms
[92.543s][info][gc] GC(3511) Pause Young (Allocation Failure) 11M->7M(15M) 0.459ms
[92.546s][info][gc] GC(3512) Pause Young (Allocation Failure) 11M->7M(15M) 0.273ms
[92.550s][info][gc] GC(3513) Pause Young (Allocation Failure) 11M->7M(15M) 0.284ms
[92.554s][info][gc] GC(3514) Pause Young (Allocation Failure) 11M->7M(15M) 0.583ms
[92.558s][info][gc] GC(3515) Pause Young (Allocation Failure) 11M->7M(15M) 0.630ms
[92.562s][info][gc] GC(3516) Pause Young (Allocation Failure) 11M->7M(15M) 0.284ms
[92.565s][info][gc] GC(3517) Pause Young (Allocation Failure) 11M->7M(15M) 0.328ms
[92.569s][info][gc] GC(3518) Pause Young (Allocation Failure) 11M->7M(15M) 0.431ms
[92.573s][info][gc] GC(3519) Pause Young (Allocation Failure) 11M->7M(15M) 0.288ms
[92.577s][info][gc] GC(3520) Pause Young (Allocation Failure) 11M->7M(15M) 0.300ms
[92.580s][info][gc] GC(3521) Pause Young (Allocation Failure) 11M->7M(15M) 0.259ms
[92.583s][info][gc] GC(3522) Pause Young (Allocation Failure) 11M->7M(15M) 0.267ms
[92.587s][info][gc] GC(3523) Pause Young (Allocation Failure) 11M->7M(15M) 0.528ms
[92.591s][info][gc] GC(3524) Pause Young (Allocation Failure) 11M->7M(15M) 0.245ms
[92.594s][info][gc] GC(3525) Pause Young (Allocation Failure) 11M->7M(15M) 0.246ms
[92.597s][info][gc] GC(3526) Pause Young (Allocation Failure) 11M->7M(15M) 0.205ms
[92.601s][info][gc] GC(3527) Pause Young (Allocation Failure) 11M->7M(15M) 0.242ms
[92.604s][info][gc] GC(3528) Pause Young (Allocation Failure) 11M->7M(15M) 0.449ms
[92.608s][info][gc] GC(3529) Pause Young (Allocation Failure) 11M->7M(15M) 0.220ms
[92.611s][info][gc] GC(3530) Pause Young (Allocation Failure) 11M->7M(15M) 0.249ms
[92.614s][info][gc] GC(3531) Pause Young (Allocation Failure) 11M->7M(15M) 0.250ms
[92.618s][info][gc] GC(3532) Pause Young (Allocation Failure) 11M->7M(15M) 0.330ms
[92.622s][info][gc] GC(3533) Pause Young (Allocation Failure) 11M->7M(15M) 0.387ms
[92.625s][info][gc] GC(3534) Pause Young (Allocation Failure) 11M->7M(15M) 0.600ms
[92.629s][info][gc] GC(3535) Pause Young (Allocation Failure) 11M->7M(15M) 0.261ms
[92.632s][info][gc] GC(3536) Pause Young (Allocation Failure) 11M->7M(15M) 0.277ms
[92.636s][info][gc] GC(3537) Pause Young (Allocation Failure) 11M->7M(15M) 0.506ms
[92.639s][info][gc] GC(3538) Pause Young (Allocation Failure) 11M->7M(15M) 0.278ms
[92.643s][info][gc] GC(3539) Pause Young (Allocation Failure) 11M->7M(15M) 0.510ms
[92.646s][info][gc] GC(3540) Pause Young (Allocation Failure) 11M->7M(15M) 0.329ms
[92.650s][info][gc] GC(3541) Pause Young (Allocation Failure) 11M->7M(15M) 0.258ms
[92.653s][info][gc] GC(3542) Pause Young (Allocation Failure) 11M->7M(15M) 0.514ms
[92.657s][info][gc] GC(3543) Pause Young (Allocation Failure) 11M->7M(15M) 0.297ms
[92.661s][info][gc] GC(3544) Pause Young (Allocation Failure) 11M->7M(15M) 0.282ms
[92.664s][info][gc] GC(3545) Pause Young (Allocation Failure) 11M->7M(15M) 0.252ms
[92.667s][info][gc] GC(3546) Pause Young (Allocation Failure) 11M->7M(15M) 0.312ms
[92.671s][info][gc] GC(3547) Pause Young (Allocation Failure) 11M->7M(15M) 0.469ms
[92.675s][info][gc] GC(3548) Pause Young (Allocation Failure) 11M->7M(15M) 0.309ms
[92.678s][info][gc] GC(3549) Pause Young (Allocation Failure) 11M->7M(15M) 0.239ms
[92.681s][info][gc] GC(3550) Pause Young (Allocation Failure) 11M->7M(15M) 0.236ms
[92.685s][info][gc] GC(3551) Pause Young (Allocation Failure) 11M->7M(15M) 0.365ms
[92.689s][info][gc] GC(3552) Pause Young (Allocation Failure) 11M->7M(15M) 0.513ms
[92.692s][info][gc] GC(3553) Pause Young (Allocation Failure) 11M->7M(15M) 0.332ms
[92.695s][info][gc] GC(3554) Pause Young (Allocation Failure) 11M->7M(15M) 0.210ms
[92.698s][info][gc] GC(3555) Pause Young (Allocation Failure) 11M->7M(15M) 0.235ms
[92.702s][info][gc] GC(3556) Pause Young (Allocation Failure) 11M->7M(15M) 0.339ms
[92.706s][info][gc] GC(3557) Pause Young (Allocation Failure) 11M->7M(15M) 0.478ms
[92.709s][info][gc] GC(3558) Pause Young (Allocation Failure) 11M->7M(15M) 0.526ms
[92.712s][info][gc] GC(3559) Pause Young (Allocation Failure) 11M->7M(15M) 0.235ms
[92.715s][info][gc] GC(3560) Pause Young (Allocation Failure) 11M->7M(15M) 0.230ms
[92.718s][info][gc] GC(3561) Pause Young (Allocation Failure) 11M->7M(15M) 0.327ms
[92.723s][info][gc] GC(3562) Pause Young (Allocation Failure) 11M->7M(15M) 0.497ms
[92.726s][info][gc] GC(3563) Pause Young (Allocation Failure) 11M->7M(15M) 0.507ms
[92.729s][info][gc] GC(3564) Pause Young (Allocation Failure) 11M->7M(15M) 0.239ms
[92.732s][info][gc] GC(3565) Pause Young (Allocation Failure) 11M->7M(15M) 0.299ms
[92.736s][info][gc] GC(3566) Pause Young (Allocation Failure) 11M->7M(15M) 0.348ms
[92.740s][info][gc] GC(3567) Pause Young (Allocation Failure) 11M->7M(15M) 0.294ms
[92.743s][info][gc] GC(3568) Pause Young (Allocation Failure) 11M->7M(15M) 0.482ms
[92.747s][info][gc] GC(3569) Pause Young (Allocation Failure) 11M->7M(15M) 0.242ms
[92.750s][info][gc] GC(3570) Pause Young (Allocation Failure) 11M->7M(15M) 0.244ms
[92.753s][info][gc] GC(3571) Pause Young (Allocation Failure) 11M->7M(15M) 0.438ms
[92.757s][info][gc] GC(3572) Pause Young (Allocation Failure) 11M->7M(15M) 0.283ms
[92.761s][info][gc] GC(3573) Pause Young (Allocation Failure) 11M->7M(15M) 0.269ms
[92.764s][info][gc] GC(3574) Pause Young (Allocation Failure) 11M->7M(15M) 0.260ms
[92.767s][info][gc] GC(3575) Pause Young (Allocation Failure) 11M->7M(15M) 0.243ms
[92.771s][info][gc] GC(3576) Pause Young (Allocation Failure) 11M->7M(15M) 0.592ms
[92.774s][info][gc] GC(3577) Pause Young (Allocation Failure) 11M->7M(15M) 0.280ms
[92.778s][info][gc] GC(3578) Pause Young (Allocation Failure) 11M->7M(15M) 0.215ms
[92.781s][info][gc] GC(3579) Pause Young (Allocation Failure) 11M->7M(15M) 0.196ms
[92.784s][info][gc] GC(3580) Pause Young (Allocation Failure) 11M->7M(15M) 0.224ms
[92.787s][info][gc] GC(3581) Pause Young (Allocation Failure) 11M->7M(15M) 0.428ms
[92.791s][info][gc] GC(3582) Pause Young (Allocation Failure) 11M->7M(15M) 0.199ms
[92.795s][info][gc] GC(3583) Pause Young (Allocation Failure) 11M->7M(15M) 0.263ms
[92.797s][info][gc] GC(3584) Pause Young (Allocation Failure) 11M->7M(15M) 0.248ms
[92.801s][info][gc] GC(3585) Pause Young (Allocation Failure) 11M->7M(15M) 0.204ms
[92.805s][info][gc] GC(3586) Pause Young (Allocation Failure) 11M->7M(15M) 0.592ms
[92.809s][info][gc] GC(3587) Pause Young (Allocation Failure) 11M->7M(15M) 0.433ms
[92.814s][info][gc] GC(3588) Pause Young (Allocation Failure) 11M->7M(15M) 0.327ms
[92.818s][info][gc] GC(3589) Pause Young (Allocation Failure) 11M->7M(15M) 0.538ms
[92.824s][info][gc] GC(3590) Pause Young (Allocation Failure) 11M->7M(15M) 0.340ms
[92.828s][info][gc] GC(3591) Pause Young (Allocation Failure) 11M->7M(15M) 0.337ms
[92.832s][info][gc] GC(3592) Pause Young (Allocation Failure) 11M->7M(15M) 0.315ms
[92.836s][info][gc] GC(3593) Pause Young (Allocation Failure) 11M->7M(15M) 0.421ms
[92.841s][info][gc] GC(3594) Pause Young (Allocation Failure) 11M->7M(15M) 0.334ms
[92.846s][info][gc] GC(3595) Pause Young (Allocation Failure) 11M->7M(15M) 0.333ms
[92.850s][info][gc] GC(3596) Pause Young (Allocation Failure) 11M->7M(15M) 0.479ms
[92.854s][info][gc] GC(3597) Pause Young (Allocation Failure) 11M->7M(15M) 0.672ms
[92.860s][info][gc] GC(3598) Pause Young (Allocation Failure) 11M->7M(15M) 0.727ms
[92.864s][info][gc] GC(3599) Pause Young (Allocation Failure) 11M->7M(15M) 0.481ms
[92.868s][info][gc] GC(3600) Pause Young (Allocation Failure) 11M->7M(15M) 0.412ms
[92.873s][info][gc] GC(3601) Pause Young (Allocation Failure) 11M->7M(15M) 0.862ms
[92.878s][info][gc] GC(3602) Pause Young (Allocation Failure) 11M->7M(15M) 0.832ms
[92.881s][info][gc] GC(3603) Pause Young (Allocation Failure) 11M->7M(15M) 0.250ms
[92.886s][info][gc] GC(3604) Pause Young (Allocation Failure) 11M->7M(15M) 0.428ms
[92.890s][info][gc] GC(3605) Pause Young (Allocation Failure) 11M->7M(15M) 0.326ms
[92.894s][info][gc] GC(3606) Pause Young (Allocation Failure) 11M->7M(15M) 0.244ms
[92.898s][info][gc] GC(3607) Pause Young (Allocation Failure) 11M->7M(15M) 0.232ms
[92.901s][info][gc] GC(3608) Pause Young (Allocation Failure) 11M->7M(15M) 0.231ms
[92.905s][info][gc] GC(3609) Pause Young (Allocation Failure) 11M->7M(15M) 0.553ms
[92.909s][info][gc] GC(3610) Pause Young (Allocation Failure) 11M->7M(15M) 0.430ms
[92.914s][info][gc] GC(3611) Pause Young (Allocation Failure) 11M->7M(15M) 0.298ms
[92.917s][info][gc] GC(3612) Pause Young (Allocation Failure) 11M->7M(15M) 0.275ms
[92.922s][info][gc] GC(3613) Pause Young (Allocation Failure) 11M->7M(15M) 0.664ms
[92.926s][info][gc] GC(3614) Pause Young (Allocation Failure) 11M->7M(15M) 0.300ms
[92.929s][info][gc] GC(3615) Pause Young (Allocation Failure) 11M->7M(15M) 0.262ms
[92.933s][info][gc] GC(3616) Pause Young (Allocation Failure) 11M->7M(15M) 0.258ms
[92.936s][info][gc] GC(3617) Pause Young (Allocation Failure) 11M->7M(15M) 0.334ms
[92.941s][info][gc] GC(3618) Pause Young (Allocation Failure) 11M->7M(15M) 0.315ms
[92.944s][info][gc] GC(3619) Pause Young (Allocation Failure) 11M->7M(15M) 0.453ms
[92.948s][info][gc] GC(3620) Pause Young (Allocation Failure) 11M->7M(15M) 0.318ms
[92.951s][info][gc] GC(3621) Pause Young (Allocation Failure) 11M->7M(15M) 0.352ms
[92.956s][info][gc] GC(3622) Pause Young (Allocation Failure) 11M->7M(15M) 0.575ms
[92.960s][info][gc] GC(3623) Pause Young (Allocation Failure) 11M->7M(15M) 0.633ms
[92.963s][info][gc] GC(3624) Pause Young (Allocation Failure) 11M->7M(15M) 0.275ms
[92.967s][info][gc] GC(3625) Pause Young (Allocation Failure) 11M->7M(15M) 0.277ms
[92.971s][info][gc] GC(3626) Pause Young (Allocation Failure) 11M->7M(15M) 0.437ms
[92.975s][info][gc] GC(3627) Pause Young (Allocation Failure) 11M->7M(15M) 0.289ms
[92.979s][info][gc] GC(3628) Pause Young (Allocation Failure) 11M->7M(15M) 0.279ms
[92.982s][info][gc] GC(3629) Pause Young (Allocation Failure) 11M->7M(15M) 0.245ms
[92.985s][info][gc] GC(3630) Pause Young (Allocation Failure) 11M->7M(15M) 0.281ms
[92.989s][info][gc] GC(3631) Pause Young (Allocation Failure) 11M->7M(15M) 0.619ms
[92.993s][info][gc] GC(3632) Pause Young (Allocation Failure) 11M->7M(15M) 0.459ms
[92.996s][info][gc] GC(3633) Pause Young (Allocation Failure) 11M->7M(15M) 0.257ms
[92.999s][info][gc] GC(3634) Pause Young (Allocation Failure) 11M->7M(15M) 0.254ms
[93.002s][info][gc] GC(3635) Pause Young (Allocation Failure) 11M->7M(15M) 0.311ms
[93.006s][info][gc] GC(3636) Pause Young (Allocation Failure) 11M->7M(15M) 0.514ms
[93.009s][info][gc] GC(3637) Pause Young (Allocation Failure) 11M->7M(15M) 0.313ms
[93.013s][info][gc] GC(3638) Pause Young (Allocation Failure) 11M->7M(15M) 0.247ms
[93.016s][info][gc] GC(3639) Pause Young (Allocation Failure) 11M->7M(15M) 0.232ms
[93.019s][info][gc] GC(3640) Pause Young (Allocation Failure) 11M->7M(15M) 0.323ms
[93.023s][info][gc] GC(3641) Pause Young (Allocation Failure) 11M->7M(15M) 0.479ms
[93.026s][info][gc] GC(3642) Pause Young (Allocation Failure) 11M->7M(15M) 0.322ms
[93.030s][info][gc] GC(3643) Pause Young (Allocation Failure) 11M->7M(15M) 0.249ms
[93.033s][info][gc] GC(3644) Pause Young (Allocation Failure) 11M->7M(15M) 0.240ms
[93.036s][info][gc] GC(3645) Pause Young (Allocation Failure) 11M->7M(15M) 0.335ms
[93.040s][info][gc] GC(3646) Pause Young (Allocation Failure) 11M->7M(15M) 0.489ms
[93.044s][info][gc] GC(3647) Pause Young (Allocation Failure) 11M->7M(15M) 0.457ms
[93.047s][info][gc] GC(3648) Pause Young (Allocation Failure) 11M->7M(15M) 0.266ms
[93.050s][info][gc] GC(3649) Pause Young (Allocation Failure) 11M->7M(15M) 0.260ms
[93.054s][info][gc] GC(3650) Pause Young (Allocation Failure) 11M->7M(15M) 0.330ms
[93.057s][info][gc] GC(3651) Pause Young (Allocation Failure) 11M->7M(15M) 0.294ms
[93.061s][info][gc] GC(3652) Pause Young (Allocation Failure) 11M->7M(15M) 0.512ms
[93.065s][info][gc] GC(3653) Pause Young (Allocation Failure) 11M->7M(15M) 0.264ms
[93.068s][info][gc] GC(3654) Pause Young (Allocation Failure) 12M->7M(15M) 0.312ms
[93.072s][info][gc] GC(3655) Pause Young (Allocation Failure) 11M->7M(15M) 0.499ms
[93.075s][info][gc] GC(3656) Pause Young (Allocation Failure) 11M->7M(15M) 0.276ms
[93.079s][info][gc] GC(3657) Pause Young (Allocation Failure) 11M->7M(15M) 0.257ms
[93.082s][info][gc] GC(3658) Pause Young (Allocation Failure) 11M->7M(15M) 0.253ms
[93.086s][info][gc] GC(3659) Pause Young (Allocation Failure) 12M->7M(15M) 0.668ms
[93.090s][info][gc] GC(3660) Pause Young (Allocation Failure) 12M->7M(15M) 0.498ms
[93.094s][info][gc] GC(3661) Pause Young (Allocation Failure) 12M->7M(15M) 0.570ms
[93.097s][info][gc] GC(3662) Pause Young (Allocation Failure) 12M->7M(15M) 0.274ms
[93.100s][info][gc] GC(3663) Pause Young (Allocation Failure) 12M->7M(15M) 0.286ms
[93.104s][info][gc] GC(3664) Pause Young (Allocation Failure) 12M->7M(15M) 0.351ms
[93.108s][info][gc] GC(3665) Pause Young (Allocation Failure) 12M->7M(15M) 0.333ms
[93.111s][info][gc] GC(3666) Pause Young (Allocation Failure) 12M->7M(15M) 0.336ms
[93.115s][info][gc] GC(3667) Pause Young (Allocation Failure) 12M->7M(15M) 0.219ms
[93.118s][info][gc] GC(3668) Pause Young (Allocation Failure) 11M->7M(15M) 0.229ms
[93.121s][info][gc] GC(3669) Pause Young (Allocation Failure) 11M->7M(15M) 0.357ms
[93.125s][info][gc] GC(3670) Pause Young (Allocation Failure) 11M->7M(15M) 0.244ms
[93.128s][info][gc] GC(3671) Pause Young (Allocation Failure) 11M->7M(15M) 0.445ms
[93.131s][info][gc] GC(3672) Pause Young (Allocation Failure) 11M->7M(15M) 0.223ms
[93.134s][info][gc] GC(3673) Pause Young (Allocation Failure) 12M->7M(15M) 0.205ms
[93.138s][info][gc] GC(3674) Pause Young (Allocation Failure) 12M->7M(15M) 0.419ms
[93.142s][info][gc] GC(3675) Pause Young (Allocation Failure) 12M->7M(15M) 0.369ms
[93.146s][info][gc] GC(3676) Pause Young (Allocation Failure) 12M->7M(15M) 0.188ms
[93.149s][info][gc] GC(3677) Pause Young (Allocation Failure) 11M->7M(15M) 0.222ms
[93.152s][info][gc] GC(3678) Pause Young (Allocation Failure) 12M->7M(15M) 0.293ms
[93.156s][info][gc] GC(3679) Pause Young (Allocation Failure) 12M->7M(15M) 0.489ms
[93.160s][info][gc] GC(3680) Pause Young (Allocation Failure) 12M->7M(15M) 0.233ms
[93.163s][info][gc] GC(3681) Pause Young (Allocation Failure) 12M->7M(15M) 0.225ms
[93.166s][info][gc] GC(3682) Pause Young (Allocation Failure) 12M->7M(15M) 0.239ms
[93.169s][info][gc] GC(3683) Pause Young (Allocation Failure) 12M->7M(15M) 0.288ms
[93.173s][info][gc] GC(3684) Pause Young (Allocation Failure) 12M->7M(15M) 0.452ms
[93.176s][info][gc] GC(3685) Pause Young (Allocation Failure) 12M->7M(15M) 0.245ms
[93.180s][info][gc] GC(3686) Pause Young (Allocation Failure) 12M->7M(15M) 0.210ms
[93.183s][info][gc] GC(3687) Pause Young (Allocation Failure) 12M->7M(15M) 0.211ms
[93.186s][info][gc] GC(3688) Pause Young (Allocation Failure) 12M->7M(15M) 0.366ms
[93.190s][info][gc] GC(3689) Pause Young (Allocation Failure) 12M->7M(15M) 0.396ms
[93.194s][info][gc] GC(3690) Pause Young (Allocation Failure) 11M->7M(15M) 0.610ms
[93.198s][info][gc] GC(3691) Pause Young (Allocation Failure) 12M->7M(15M) 0.388ms
[93.202s][info][gc] GC(3692) Pause Young (Allocation Failure) 12M->7M(15M) 0.437ms
[93.207s][info][gc] GC(3693) Pause Young (Allocation Failure) 12M->7M(15M) 0.555ms
[93.212s][info][gc] GC(3694) Pause Young (Allocation Failure) 12M->7M(15M) 0.643ms
[93.216s][info][gc] GC(3695) Pause Young (Allocation Failure) 12M->7M(15M) 0.294ms
[93.220s][info][gc] GC(3696) Pause Young (Allocation Failure) 12M->7M(15M) 0.457ms
[93.224s][info][gc] GC(3697) Pause Young (Allocation Failure) 12M->7M(15M) 0.766ms
[93.229s][info][gc] GC(3698) Pause Young (Allocation Failure) 12M->7M(15M) 0.546ms
[93.233s][info][gc] GC(3699) Pause Young (Allocation Failure) 12M->7M(15M) 0.303ms
[93.237s][info][gc] GC(3700) Pause Young (Allocation Failure) 12M->7M(15M) 0.454ms
[93.241s][info][gc] GC(3701) Pause Young (Allocation Failure) 12M->7M(15M) 0.411ms
[93.246s][info][gc] GC(3702) Pause Young (Allocation Failure) 12M->7M(15M) 0.536ms
[93.249s][info][gc] GC(3703) Pause Young (Allocation Failure) 12M->7M(15M) 0.294ms
[93.253s][info][gc] GC(3704) Pause Young (Allocation Failure) 12M->7M(15M) 0.406ms
[93.258s][info][gc] GC(3705) Pause Young (Allocation Failure) 12M->7M(15M) 0.517ms
[93.262s][info][gc] GC(3706) Pause Young (Allocation Failure) 12M->7M(15M) 0.523ms
[93.265s][info][gc] GC(3707) Pause Young (Allocation Failure) 12M->7M(15M) 0.253ms
[93.269s][info][gc] GC(3708) Pause Young (Allocation Failure) 12M->7M(15M) 0.323ms
[93.273s][info][gc] GC(3709) Pause Young (Allocation Failure) 12M->7M(15M) 0.452ms
[93.277s][info][gc] GC(3710) Pause Young (Allocation Failure) 12M->7M(15M) 0.372ms
[93.281s][info][gc] GC(3711) Pause Young (Allocation Failure) 12M->7M(15M) 0.270ms
[93.284s][info][gc] GC(3712) Pause Young (Allocation Failure) 12M->7M(15M) 0.199ms
[93.288s][info][gc] GC(3713) Pause Young (Allocation Failure) 12M->7M(15M) 0.418ms
[93.292s][info][gc] GC(3714) Pause Young (Allocation Failure) 12M->7M(15M) 0.239ms
[93.296s][info][gc] GC(3715) Pause Young (Allocation Failure) 12M->7M(15M) 0.351ms
[93.299s][info][gc] GC(3716) Pause Young (Allocation Failure) 12M->7M(15M) 0.260ms
[93.303s][info][gc] GC(3717) Pause Young (Allocation Failure) 12M->7M(15M) 0.491ms
[93.308s][info][gc] GC(3718) Pause Young (Allocation Failure) 12M->7M(15M) 0.537ms
[93.312s][info][gc] GC(3719) Pause Young (Allocation Failure) 12M->7M(15M) 0.666ms
[93.316s][info][gc] GC(3720) Pause Young (Allocation Failure) 12M->7M(15M) 0.279ms
[93.319s][info][gc] GC(3721) Pause Young (Allocation Failure) 12M->7M(15M) 0.336ms
[93.324s][info][gc] GC(3722) Pause Young (Allocation Failure) 12M->7M(15M) 0.807ms
[93.329s][info][gc] GC(3723) Pause Young (Allocation Failure) 12M->7M(15M) 0.579ms
[93.332s][info][gc] GC(3724) Pause Young (Allocation Failure) 12M->7M(15M) 0.249ms
[93.336s][info][gc] GC(3725) Pause Young (Allocation Failure) 12M->7M(15M) 0.280ms
[93.340s][info][gc] GC(3726) Pause Young (Allocation Failure) 12M->7M(15M) 0.499ms
[93.344s][info][gc] GC(3727) Pause Young (Allocation Failure) 12M->7M(15M) 0.601ms
[93.348s][info][gc] GC(3728) Pause Young (Allocation Failure) 12M->7M(15M) 0.277ms
[93.351s][info][gc] GC(3729) Pause Young (Allocation Failure) 12M->7M(15M) 0.295ms
[93.355s][info][gc] GC(3730) Pause Young (Allocation Failure) 12M->7M(15M) 0.372ms
[93.359s][info][gc] GC(3731) Pause Young (Allocation Failure) 12M->7M(15M) 0.334ms
[93.363s][info][gc] GC(3732) Pause Young (Allocation Failure) 12M->7M(15M) 0.331ms
[93.367s][info][gc] GC(3733) Pause Young (Allocation Failure) 12M->7M(15M) 0.358ms
[93.371s][info][gc] GC(3734) Pause Young (Allocation Failure) 12M->7M(15M) 0.484ms
[93.375s][info][gc] GC(3735) Pause Young (Allocation Failure) 12M->7M(15M) 0.327ms
[93.380s][info][gc] GC(3736) Pause Young (Allocation Failure) 12M->7M(15M) 0.310ms
[93.384s][info][gc] GC(3737) Pause Young (Allocation Failure) 12M->7M(15M) 0.296ms
[93.388s][info][gc] GC(3738) Pause Young (Allocation Failure) 12M->7M(15M) 0.392ms
[93.393s][info][gc] GC(3739) Pause Young (Allocation Failure) 12M->7M(15M) 0.325ms
[93.397s][info][gc] GC(3740) Pause Young (Allocation Failure) 12M->7M(15M) 0.329ms
[93.401s][info][gc] GC(3741) Pause Young (Allocation Failure) 12M->7M(15M) 0.424ms
[93.406s][info][gc] GC(3742) Pause Young (Allocation Failure) 12M->7M(15M) 0.645ms
[93.412s][info][gc] GC(3743) Pause Young (Allocation Failure) 12M->7M(15M) 1.037ms
[93.417s][info][gc] GC(3744) Pause Young (Allocation Failure) 12M->7M(15M) 0.354ms
[93.420s][info][gc] GC(3745) Pause Young (Allocation Failure) 12M->7M(15M) 0.369ms
[93.426s][info][gc] GC(3746) Pause Young (Allocation Failure) 12M->7M(15M) 0.616ms
[93.431s][info][gc] GC(3747) Pause Young (Allocation Failure) 12M->7M(15M) 0.403ms
[93.435s][info][gc] GC(3748) Pause Young (Allocation Failure) 12M->7M(15M) 0.461ms
[93.441s][info][gc] GC(3749) Pause Young (Allocation Failure) 12M->7M(15M) 0.524ms
[93.446s][info][gc] GC(3750) Pause Young (Allocation Failure) 12M->7M(15M) 0.746ms
[93.450s][info][gc] GC(3751) Pause Young (Allocation Failure) 12M->7M(15M) 0.328ms
[93.456s][info][gc] GC(3752) Pause Young (Allocation Failure) 12M->7M(15M) 0.527ms
[93.460s][info][gc] GC(3753) Pause Young (Allocation Failure) 12M->7M(15M) 0.333ms
[93.465s][info][gc] GC(3754) Pause Young (Allocation Failure) 12M->7M(15M) 0.352ms
[93.469s][info][gc] GC(3755) Pause Young (Allocation Failure) 12M->7M(15M) 0.316ms
[93.474s][info][gc] GC(3756) Pause Young (Allocation Failure) 12M->7M(15M) 0.687ms
[93.479s][info][gc] GC(3757) Pause Young (Allocation Failure) 12M->7M(15M) 0.473ms
[93.483s][info][gc] GC(3758) Pause Young (Allocation Failure) 12M->7M(15M) 0.223ms
[93.487s][info][gc] GC(3759) Pause Young (Allocation Failure) 12M->7M(15M) 0.524ms
[93.492s][info][gc] GC(3760) Pause Young (Allocation Failure) 12M->7M(15M) 0.334ms
[93.496s][info][gc] GC(3761) Pause Young (Allocation Failure) 12M->7M(15M) 0.577ms
[93.500s][info][gc] GC(3762) Pause Young (Allocation Failure) 12M->7M(15M) 0.302ms
[93.504s][info][gc] GC(3763) Pause Young (Allocation Failure) 12M->7M(15M) 0.428ms
[93.508s][info][gc] GC(3764) Pause Young (Allocation Failure) 12M->7M(15M) 0.536ms
[93.512s][info][gc] GC(3765) Pause Young (Allocation Failure) 12M->7M(15M) 0.544ms
[93.516s][info][gc] GC(3766) Pause Young (Allocation Failure) 12M->7M(15M) 0.274ms
[93.520s][info][gc] GC(3767) Pause Young (Allocation Failure) 12M->7M(15M) 0.399ms
[93.524s][info][gc] GC(3768) Pause Young (Allocation Failure) 12M->7M(15M) 0.581ms
[93.529s][info][gc] GC(3769) Pause Young (Allocation Failure) 12M->7M(15M) 0.531ms
[93.532s][info][gc] GC(3770) Pause Young (Allocation Failure) 12M->7M(15M) 0.210ms
[93.536s][info][gc] GC(3771) Pause Young (Allocation Failure) 12M->7M(15M) 0.291ms
[93.540s][info][gc] GC(3772) Pause Young (Allocation Failure) 12M->7M(15M) 0.568ms
[93.544s][info][gc] GC(3773) Pause Young (Allocation Failure) 12M->7M(15M) 0.299ms
[93.548s][info][gc] GC(3774) Pause Young (Allocation Failure) 12M->7M(15M) 0.269ms
[93.551s][info][gc] GC(3775) Pause Young (Allocation Failure) 12M->7M(15M) 0.257ms
[93.554s][info][gc] GC(3776) Pause Young (Allocation Failure) 12M->7M(15M) 0.379ms
[93.559s][info][gc] GC(3777) Pause Young (Allocation Failure) 12M->7M(15M) 0.419ms
[93.562s][info][gc] GC(3778) Pause Young (Allocation Failure) 12M->7M(15M) 0.479ms
[93.566s][info][gc] GC(3779) Pause Young (Allocation Failure) 12M->7M(15M) 0.273ms
[93.569s][info][gc] GC(3780) Pause Young (Allocation Failure) 12M->7M(15M) 0.274ms
[93.573s][info][gc] GC(3781) Pause Young (Allocation Failure) 12M->7M(15M) 0.442ms
[93.576s][info][gc] GC(3782) Pause Young (Allocation Failure) 12M->7M(15M) 0.299ms
[93.580s][info][gc] GC(3783) Pause Young (Allocation Failure) 12M->7M(15M) 0.510ms
[93.583s][info][gc] GC(3784) Pause Young (Allocation Failure) 12M->7M(15M) 0.246ms
[93.587s][info][gc] GC(3785) Pause Young (Allocation Failure) 12M->7M(15M) 0.277ms
[93.591s][info][gc] GC(3786) Pause Young (Allocation Failure) 12M->7M(15M) 0.526ms
[93.594s][info][gc] GC(3787) Pause Young (Allocation Failure) 12M->7M(15M) 0.257ms
[93.598s][info][gc] GC(3788) Pause Young (Allocation Failure) 12M->7M(15M) 0.265ms
[93.600s][info][gc] GC(3789) Pause Young (Allocation Failure) 12M->7M(15M) 0.234ms
[93.604s][info][gc] GC(3790) Pause Young (Allocation Failure) 12M->7M(15M) 0.270ms
[93.607s][info][gc] GC(3791) Pause Young (Allocation Failure) 12M->7M(15M) 0.622ms
[93.611s][info][gc] GC(3792) Pause Young (Allocation Failure) 12M->7M(15M) 0.248ms
[93.614s][info][gc] GC(3793) Pause Young (Allocation Failure) 12M->7M(15M) 0.255ms
[93.617s][info][gc] GC(3794) Pause Young (Allocation Failure) 12M->7M(15M) 0.220ms
[93.620s][info][gc] GC(3795) Pause Young (Allocation Failure) 12M->7M(15M) 0.261ms
[93.624s][info][gc] GC(3796) Pause Young (Allocation Failure) 12M->7M(15M) 0.472ms
[93.627s][info][gc] GC(3797) Pause Young (Allocation Failure) 12M->7M(15M) 0.181ms
[93.631s][info][gc] GC(3798) Pause Young (Allocation Failure) 12M->7M(15M) 0.265ms
[93.634s][info][gc] GC(3799) Pause Young (Allocation Failure) 12M->7M(15M) 0.245ms
[93.636s][info][gc] GC(3800) Pause Young (Allocation Failure) 12M->7M(15M) 0.233ms
[93.640s][info][gc] GC(3801) Pause Young (Allocation Failure) 12M->7M(15M) 0.547ms
[93.644s][info][gc] GC(3802) Pause Young (Allocation Failure) 12M->7M(15M) 0.272ms
[93.647s][info][gc] GC(3803) Pause Young (Allocation Failure) 12M->7M(15M) 0.462ms
[93.650s][info][gc] GC(3804) Pause Young (Allocation Failure) 12M->7M(15M) 0.231ms
[93.653s][info][gc] GC(3805) Pause Young (Allocation Failure) 12M->7M(15M) 0.277ms
[93.657s][info][gc] GC(3806) Pause Young (Allocation Failure) 12M->7M(15M) 0.595ms
[93.660s][info][gc] GC(3807) Pause Young (Allocation Failure) 12M->7M(15M) 0.262ms
[93.664s][info][gc] GC(3808) Pause Young (Allocation Failure) 12M->7M(15M) 0.309ms
[93.667s][info][gc] GC(3809) Pause Young (Allocation Failure) 12M->7M(15M) 0.225ms
[93.669s][info][gc] GC(3810) Pause Young (Allocation Failure) 12M->7M(15M) 0.223ms
[93.672s][info][gc] GC(3811) Pause Young (Allocation Failure) 12M->7M(15M) 0.248ms
[93.675s][info][gc] GC(3812) Pause Young (Allocation Failure) 12M->7M(15M) 0.234ms
[93.678s][info][gc] GC(3813) Pause Young (Allocation Failure) 12M->7M(15M) 0.284ms
[93.681s][info][gc] GC(3814) Pause Young (Allocation Failure) 12M->7M(15M) 0.273ms
[93.684s][info][gc] GC(3815) Pause Young (Allocation Failure) 12M->7M(15M) 0.338ms
[93.688s][info][gc] GC(3816) Pause Young (Allocation Failure) 12M->7M(15M) 0.314ms
[93.691s][info][gc] GC(3817) Pause Young (Allocation Failure) 12M->7M(15M) 0.384ms
[93.696s][info][gc] GC(3818) Pause Young (Allocation Failure) 12M->7M(15M) 0.411ms
[93.701s][info][gc] GC(3819) Pause Young (Allocation Failure) 12M->7M(15M) 0.449ms
[93.706s][info][gc] GC(3820) Pause Young (Allocation Failure) 12M->7M(15M) 0.366ms
[93.710s][info][gc] GC(3821) Pause Young (Allocation Failure) 12M->7M(15M) 0.360ms
[93.715s][info][gc] GC(3822) Pause Young (Allocation Failure) 12M->7M(15M) 0.387ms
[93.720s][info][gc] GC(3823) Pause Young (Allocation Failure) 12M->7M(15M) 0.305ms
[93.724s][info][gc] GC(3824) Pause Young (Allocation Failure) 12M->7M(15M) 0.330ms
[93.729s][info][gc] GC(3825) Pause Young (Allocation Failure) 12M->7M(15M) 0.614ms
[93.734s][info][gc] GC(3826) Pause Young (Allocation Failure) 12M->7M(15M) 0.482ms
[93.738s][info][gc] GC(3827) Pause Young (Allocation Failure) 12M->7M(15M) 0.274ms
[93.742s][info][gc] GC(3828) Pause Young (Allocation Failure) 12M->7M(15M) 0.325ms
[93.746s][info][gc] GC(3829) Pause Young (Allocation Failure) 12M->7M(15M) 0.430ms
[93.751s][info][gc] GC(3830) Pause Young (Allocation Failure) 12M->7M(15M) 0.281ms
[93.755s][info][gc] GC(3831) Pause Young (Allocation Failure) 12M->7M(15M) 0.347ms
[93.759s][info][gc] GC(3832) Pause Young (Allocation Failure) 12M->7M(15M) 0.407ms
[93.764s][info][gc] GC(3833) Pause Young (Allocation Failure) 12M->7M(15M) 0.711ms
[93.768s][info][gc] GC(3834) Pause Young (Allocation Failure) 12M->7M(15M) 0.222ms
[93.772s][info][gc] GC(3835) Pause Young (Allocation Failure) 12M->7M(15M) 0.266ms
[93.776s][info][gc] GC(3836) Pause Young (Allocation Failure) 12M->7M(15M) 0.358ms
[93.780s][info][gc] GC(3837) Pause Young (Allocation Failure) 12M->7M(15M) 0.454ms
[93.784s][info][gc] GC(3838) Pause Young (Allocation Failure) 12M->7M(15M) 0.230ms
[93.788s][info][gc] GC(3839) Pause Young (Allocation Failure) 12M->7M(15M) 0.347ms
[93.792s][info][gc] GC(3840) Pause Young (Allocation Failure) 12M->7M(15M) 0.386ms
[93.796s][info][gc] GC(3841) Pause Young (Allocation Failure) 12M->7M(15M) 0.582ms
[93.801s][info][gc] GC(3842) Pause Young (Allocation Failure) 12M->7M(15M) 0.393ms
[93.805s][info][gc] GC(3843) Pause Young (Allocation Failure) 12M->7M(15M) 0.323ms
[93.809s][info][gc] GC(3844) Pause Young (Allocation Failure) 12M->7M(15M) 0.413ms
[93.813s][info][gc] GC(3845) Pause Young (Allocation Failure) 12M->7M(15M) 0.666ms
[93.817s][info][gc] GC(3846) Pause Young (Allocation Failure) 12M->7M(15M) 0.285ms
[93.820s][info][gc] GC(3847) Pause Young (Allocation Failure) 12M->7M(15M) 0.319ms
[93.824s][info][gc] GC(3848) Pause Young (Allocation Failure) 12M->7M(15M) 0.374ms
[93.828s][info][gc] GC(3849) Pause Young (Allocation Failure) 12M->7M(15M) 0.372ms
[93.832s][info][gc] GC(3850) Pause Young (Allocation Failure) 12M->7M(15M) 0.283ms
[93.835s][info][gc] GC(3851) Pause Young (Allocation Failure) 12M->7M(15M) 0.263ms
[93.839s][info][gc] GC(3852) Pause Young (Allocation Failure) 12M->7M(15M) 0.299ms
[93.843s][info][gc] GC(3853) Pause Young (Allocation Failure) 12M->7M(15M) 0.675ms
[93.847s][info][gc] GC(3854) Pause Young (Allocation Failure) 12M->7M(15M) 0.520ms
[93.851s][info][gc] GC(3855) Pause Young (Allocation Failure) 12M->7M(15M) 0.321ms
[93.854s][info][gc] GC(3856) Pause Young (Allocation Failure) 12M->7M(15M) 0.287ms
[93.858s][info][gc] GC(3857) Pause Young (Allocation Failure) 12M->7M(15M) 0.409ms
[93.861s][info][gc] GC(3858) Pause Young (Allocation Failure) 12M->7M(15M) 0.285ms
[93.865s][info][gc] GC(3859) Pause Young (Allocation Failure) 12M->7M(15M) 0.280ms
[93.868s][info][gc] GC(3860) Pause Young (Allocation Failure) 12M->7M(15M) 0.252ms
[93.872s][info][gc] GC(3861) Pause Young (Allocation Failure) 12M->7M(15M) 0.302ms
[93.875s][info][gc] GC(3862) Pause Young (Allocation Failure) 12M->7M(15M) 0.443ms
[93.879s][info][gc] GC(3863) Pause Young (Allocation Failure) 12M->7M(15M) 0.470ms
[93.882s][info][gc] GC(3864) Pause Young (Allocation Failure) 12M->7M(15M) 0.254ms
[93.886s][info][gc] GC(3865) Pause Young (Allocation Failure) 12M->7M(15M) 0.296ms
[93.889s][info][gc] GC(3866) Pause Young (Allocation Failure) 12M->7M(15M) 0.279ms
[93.892s][info][gc] GC(3867) Pause Young (Allocation Failure) 12M->7M(15M) 0.482ms
[93.896s][info][gc] GC(3868) Pause Young (Allocation Failure) 12M->7M(15M) 0.553ms
[93.900s][info][gc] GC(3869) Pause Young (Allocation Failure) 12M->7M(15M) 0.240ms
[93.903s][info][gc] GC(3870) Pause Young (Allocation Failure) 12M->7M(15M) 0.224ms
[93.906s][info][gc] GC(3871) Pause Young (Allocation Failure) 12M->7M(15M) 0.281ms
[93.910s][info][gc] GC(3872) Pause Young (Allocation Failure) 12M->7M(15M) 0.514ms
[93.913s][info][gc] GC(3873) Pause Young (Allocation Failure) 12M->8M(15M) 0.505ms
[93.916s][info][gc] GC(3874) Pause Young (Allocation Failure) 12M->7M(15M) 0.229ms
[93.919s][info][gc] GC(3875) Pause Young (Allocation Failure) 12M->7M(15M) 0.217ms
[93.923s][info][gc] GC(3876) Pause Young (Allocation Failure) 12M->7M(15M) 0.323ms
[93.926s][info][gc] GC(3877) Pause Young (Allocation Failure) 12M->7M(15M) 0.377ms
[93.930s][info][gc] GC(3878) Pause Young (Allocation Failure) 12M->7M(15M) 0.313ms
[93.933s][info][gc] GC(3879) Pause Young (Allocation Failure) 12M->7M(15M) 0.215ms
[93.936s][info][gc] GC(3880) Pause Young (Allocation Failure) 12M->7M(15M) 0.183ms
[93.939s][info][gc] GC(3881) Pause Young (Allocation Failure) 12M->7M(15M) 0.316ms
[93.943s][info][gc] GC(3882) Pause Young (Allocation Failure) 12M->7M(15M) 0.511ms
[93.946s][info][gc] GC(3883) Pause Young (Allocation Failure) 12M->7M(15M) 0.516ms
[93.950s][info][gc] GC(3884) Pause Young (Allocation Failure) 12M->7M(15M) 0.199ms
[93.952s][info][gc] GC(3885) Pause Young (Allocation Failure) 12M->8M(15M) 0.248ms
[93.956s][info][gc] GC(3886) Pause Young (Allocation Failure) 12M->8M(15M) 0.346ms
[93.960s][info][gc] GC(3887) Pause Young (Allocation Failure) 12M->8M(15M) 0.342ms
[93.963s][info][gc] GC(3888) Pause Young (Allocation Failure) 12M->8M(15M) 0.253ms
[93.966s][info][gc] GC(3889) Pause Young (Allocation Failure) 12M->7M(15M) 0.165ms
[93.969s][info][gc] GC(3890) Pause Young (Allocation Failure) 12M->8M(15M) 0.236ms
[93.972s][info][gc] GC(3891) Pause Young (Allocation Failure) 12M->8M(15M) 0.400ms
[93.976s][info][gc] GC(3892) Pause Young (Allocation Failure) 12M->8M(15M) 0.337ms
[93.980s][info][gc] GC(3893) Pause Young (Allocation Failure) 12M->8M(15M) 0.463ms
[93.983s][info][gc] GC(3894) Pause Young (Allocation Failure) 12M->8M(15M) 0.242ms
[93.986s][info][gc] GC(3895) Pause Young (Allocation Failure) 12M->8M(15M) 0.225ms
[93.989s][info][gc] GC(3896) Pause Young (Allocation Failure) 12M->8M(15M) 0.388ms
[93.993s][info][gc] GC(3897) Pause Young (Allocation Failure) 12M->8M(15M) 0.279ms
[93.996s][info][gc] GC(3898) Pause Young (Allocation Failure) 12M->8M(15M) 0.233ms
[94.000s][info][gc] GC(3899) Pause Young (Allocation Failure) 12M->8M(15M) 0.241ms
[94.002s][info][gc] GC(3900) Pause Young (Allocation Failure) 12M->7M(15M) 0.176ms
[94.006s][info][gc] GC(3901) Pause Young (Allocation Failure) 12M->8M(15M) 0.461ms
[94.010s][info][gc] GC(3902) Pause Young (Allocation Failure) 12M->8M(15M) 0.383ms
[94.013s][info][gc] GC(3903) Pause Young (Allocation Failure) 12M->8M(15M) 0.229ms
[94.016s][info][gc] GC(3904) Pause Young (Allocation Failure) 12M->8M(15M) 0.245ms
[94.019s][info][gc] GC(3905) Pause Young (Allocation Failure) 12M->8M(15M) 0.224ms
[94.023s][info][gc] GC(3906) Pause Young (Allocation Failure) 12M->8M(15M) 0.369ms
[94.027s][info][gc] GC(3907) Pause Young (Allocation Failure) 12M->8M(15M) 0.289ms
[94.031s][info][gc] GC(3908) Pause Young (Allocation Failure) 12M->8M(15M) 0.575ms
[94.034s][info][gc] GC(3909) Pause Young (Allocation Failure) 12M->8M(15M) 0.247ms
[94.036s][info][gc] GC(3910) Pause Young (Allocation Failure) 12M->8M(15M) 0.241ms
[94.040s][info][gc] GC(3911) Pause Young (Allocation Failure) 12M->8M(15M) 0.434ms
[94.044s][info][gc] GC(3912) Pause Young (Allocation Failure) 12M->8M(15M) 0.265ms
[94.047s][info][gc] GC(3913) Pause Young (Allocation Failure) 12M->8M(15M) 0.549ms
[94.050s][info][gc] GC(3914) Pause Young (Allocation Failure) 12M->8M(15M) 0.189ms
[94.053s][info][gc] GC(3915) Pause Young (Allocation Failure) 12M->8M(15M) 0.209ms
[94.057s][info][gc] GC(3916) Pause Young (Allocation Failure) 12M->8M(15M) 0.494ms
[94.061s][info][gc] GC(3917) Pause Young (Allocation Failure) 12M->8M(15M) 0.227ms
[94.064s][info][gc] GC(3918) Pause Young (Allocation Failure) 12M->8M(15M) 0.378ms
[94.067s][info][gc] GC(3919) Pause Young (Allocation Failure) 12M->7M(15M) 0.177ms
[94.070s][info][gc] GC(3920) Pause Young (Allocation Failure) 12M->8M(15M) 0.226ms
[94.074s][info][gc] GC(3921) Pause Young (Allocation Failure) 12M->8M(15M) 0.501ms
[94.078s][info][gc] GC(3922) Pause Young (Allocation Failure) 12M->8M(15M) 0.286ms
[94.081s][info][gc] GC(3923) Pause Young (Allocation Failure) 12M->8M(15M) 0.455ms
[94.084s][info][gc] GC(3924) Pause Young (Allocation Failure) 12M->8M(15M) 0.235ms
[94.087s][info][gc] GC(3925) Pause Young (Allocation Failure) 12M->8M(15M) 0.227ms
[94.090s][info][gc] GC(3926) Pause Young (Allocation Failure) 12M->8M(15M) 0.236ms
[94.093s][info][gc] GC(3927) Pause Young (Allocation Failure) 12M->8M(15M) 0.278ms
[94.096s][info][gc] GC(3928) Pause Young (Allocation Failure) 12M->8M(15M) 0.304ms
[94.100s][info][gc] GC(3929) Pause Young (Allocation Failure) 12M->8M(15M) 0.297ms
[94.103s][info][gc] GC(3930) Pause Young (Allocation Failure) 12M->8M(15M) 0.349ms
[94.106s][info][gc] GC(3931) Pause Young (Allocation Failure) 12M->8M(15M) 0.267ms
[94.109s][info][gc] GC(3932) Pause Young (Allocation Failure) 12M->8M(15M) 0.256ms
[94.113s][info][gc] GC(3933) Pause Young (Allocation Failure) 12M->8M(15M) 0.314ms
[94.116s][info][gc] GC(3934) Pause Young (Allocation Failure) 12M->8M(15M) 0.309ms
[94.119s][info][gc] GC(3935) Pause Young (Allocation Failure) 12M->8M(15M) 0.381ms
[94.123s][info][gc] GC(3936) Pause Young (Allocation Failure) 12M->8M(15M) 0.297ms
[94.126s][info][gc] GC(3937) Pause Young (Allocation Failure) 12M->8M(15M) 0.272ms
[94.129s][info][gc] GC(3938) Pause Young (Allocation Failure) 12M->8M(15M) 0.313ms
[94.133s][info][gc] GC(3939) Pause Young (Allocation Failure) 12M->8M(15M) 0.478ms
[94.138s][info][gc] GC(3940) Pause Young (Allocation Failure) 12M->8M(15M) 0.459ms
[94.143s][info][gc] GC(3941) Pause Young (Allocation Failure) 12M->8M(15M) 0.380ms
[94.148s][info][gc] GC(3942) Pause Young (Allocation Failure) 12M->8M(15M) 0.455ms
[94.152s][info][gc] GC(3943) Pause Young (Allocation Failure) 12M->8M(15M) 0.484ms
[94.157s][info][gc] GC(3944) Pause Young (Allocation Failure) 12M->8M(15M) 0.395ms
[94.162s][info][gc] GC(3945) Pause Young (Allocation Failure) 12M->8M(15M) 0.440ms
[94.166s][info][gc] GC(3946) Pause Young (Allocation Failure) 12M->8M(15M) 0.558ms
[94.171s][info][gc] GC(3947) Pause Young (Allocation Failure) 12M->8M(15M) 0.359ms
[94.175s][info][gc] GC(3948) Pause Young (Allocation Failure) 12M->8M(15M) 0.359ms
[94.180s][info][gc] GC(3949) Pause Young (Allocation Failure) 12M->8M(15M) 0.633ms
[94.184s][info][gc] GC(3950) Pause Young (Allocation Failure) 12M->8M(15M) 0.391ms
[94.188s][info][gc] GC(3951) Pause Young (Allocation Failure) 12M->8M(15M) 0.325ms
[94.192s][info][gc] GC(3952) Pause Young (Allocation Failure) 12M->8M(15M) 0.372ms
[94.197s][info][gc] GC(3953) Pause Young (Allocation Failure) 12M->8M(15M) 0.527ms
[94.201s][info][gc] GC(3954) Pause Young (Allocation Failure) 12M->8M(15M) 0.324ms
[94.206s][info][gc] GC(3955) Pause Young (Allocation Failure) 12M->8M(15M) 0.345ms
[94.210s][info][gc] GC(3956) Pause Young (Allocation Failure) 12M->8M(15M) 0.405ms
[94.214s][info][gc] GC(3957) Pause Young (Allocation Failure) 12M->8M(15M) 0.612ms
[94.218s][info][gc] GC(3958) Pause Young (Allocation Failure) 12M->8M(15M) 0.302ms
[94.222s][info][gc] GC(3959) Pause Young (Allocation Failure) 12M->8M(15M) 0.386ms
[94.226s][info][gc] GC(3960) Pause Young (Allocation Failure) 12M->8M(15M) 0.399ms
[94.231s][info][gc] GC(3961) Pause Young (Allocation Failure) 12M->8M(15M) 0.743ms
[94.235s][info][gc] GC(3962) Pause Young (Allocation Failure) 12M->8M(15M) 0.309ms
[94.239s][info][gc] GC(3963) Pause Young (Allocation Failure) 12M->8M(15M) 0.295ms
[94.243s][info][gc] GC(3964) Pause Young (Allocation Failure) 12M->8M(15M) 0.448ms
[94.247s][info][gc] GC(3965) Pause Young (Allocation Failure) 12M->8M(15M) 0.607ms
[94.251s][info][gc] GC(3966) Pause Young (Allocation Failure) 12M->8M(15M) 0.275ms
[94.255s][info][gc] GC(3967) Pause Young (Allocation Failure) 12M->8M(15M) 0.301ms
[94.258s][info][gc] GC(3968) Pause Young (Allocation Failure) 12M->8M(15M) 0.351ms
[94.262s][info][gc] GC(3969) Pause Young (Allocation Failure) 12M->8M(15M) 0.427ms
[94.266s][info][gc] GC(3970) Pause Young (Allocation Failure) 12M->8M(15M) 0.397ms
[94.270s][info][gc] GC(3971) Pause Young (Allocation Failure) 12M->8M(15M) 0.266ms
[94.273s][info][gc] GC(3972) Pause Young (Allocation Failure) 12M->8M(15M) 0.293ms
[94.277s][info][gc] GC(3973) Pause Young (Allocation Failure) 12M->8M(15M) 0.442ms
[94.281s][info][gc] GC(3974) Pause Young (Allocation Failure) 12M->8M(15M) 0.504ms
[94.285s][info][gc] GC(3975) Pause Young (Allocation Failure) 12M->8M(15M) 0.262ms
[94.288s][info][gc] GC(3976) Pause Young (Allocation Failure) 12M->8M(15M) 0.296ms
[94.292s][info][gc] GC(3977) Pause Young (Allocation Failure) 12M->8M(15M) 0.400ms
[94.296s][info][gc] GC(3978) Pause Young (Allocation Failure) 12M->8M(15M) 0.248ms
[94.299s][info][gc] GC(3979) Pause Young (Allocation Failure) 12M->8M(15M) 0.201ms
[94.302s][info][gc] GC(3980) Pause Young (Allocation Failure) 12M->8M(15M) 0.189ms
[94.306s][info][gc] GC(3981) Pause Young (Allocation Failure) 12M->8M(15M) 0.276ms
[94.309s][info][gc] GC(3982) Pause Young (Allocation Failure) 12M->8M(15M) 0.512ms
[94.313s][info][gc] GC(3983) Pause Young (Allocation Failure) 12M->8M(15M) 0.324ms
[94.317s][info][gc] GC(3984) Pause Young (Allocation Failure) 12M->8M(15M) 0.268ms
[94.320s][info][gc] GC(3985) Pause Young (Allocation Failure) 12M->8M(15M) 0.242ms
[94.323s][info][gc] GC(3986) Pause Young (Allocation Failure) 12M->8M(15M) 0.279ms
[94.326s][info][gc] GC(3987) Pause Young (Allocation Failure) 12M->8M(15M) 0.490ms
[94.330s][info][gc] GC(3988) Pause Young (Allocation Failure) 12M->8M(15M) 0.315ms
[94.334s][info][gc] GC(3989) Pause Young (Allocation Failure) 12M->8M(15M) 0.241ms
[94.337s][info][gc] GC(3990) Pause Young (Allocation Failure) 12M->8M(15M) 0.233ms
[94.340s][info][gc] GC(3991) Pause Young (Allocation Failure) 12M->8M(15M) 0.310ms
[94.344s][info][gc] GC(3992) Pause Young (Allocation Failure) 12M->8M(15M) 0.393ms
[94.348s][info][gc] GC(3993) Pause Young (Allocation Failure) 12M->8M(15M) 0.587ms
[94.351s][info][gc] GC(3994) Pause Young (Allocation Failure) 12M->8M(15M) 0.203ms
[94.354s][info][gc] GC(3995) Pause Young (Allocation Failure) 12M->8M(15M) 0.263ms
[94.358s][info][gc] GC(3996) Pause Young (Allocation Failure) 12M->8M(15M) 0.528ms
[94.362s][info][gc] GC(3997) Pause Young (Allocation Failure) 12M->8M(15M) 0.228ms
[94.366s][info][gc] GC(3998) Pause Young (Allocation Failure) 12M->8M(15M) 0.319ms
[94.369s][info][gc] GC(3999) Pause Young (Allocation Failure) 12M->8M(15M) 0.225ms
[94.372s][info][gc] GC(4000) Pause Young (Allocation Failure) 12M->8M(15M) 0.212ms
[94.376s][info][gc] GC(4001) Pause Young (Allocation Failure) 12M->8M(15M) 0.672ms
[94.380s][info][gc] GC(4002) Pause Young (Allocation Failure) 12M->8M(15M) 0.245ms
[94.383s][info][gc] GC(4003) Pause Young (Allocation Failure) 12M->8M(15M) 0.215ms
[94.386s][info][gc] GC(4004) Pause Young (Allocation Failure) 12M->8M(15M) 0.210ms
[94.389s][info][gc] GC(4005) Pause Young (Allocation Failure) 12M->8M(15M) 0.285ms
[94.394s][info][gc] GC(4006) Pause Young (Allocation Failure) 12M->8M(15M) 0.617ms
[94.397s][info][gc] GC(4007) Pause Young (Allocation Failure) 12M->8M(15M) 0.453ms
[94.401s][info][gc] GC(4008) Pause Young (Allocation Failure) 12M->8M(15M) 0.190ms
[94.404s][info][gc] GC(4009) Pause Young (Allocation Failure) 12M->8M(15M) 0.196ms
[94.408s][info][gc] GC(4010) Pause Young (Allocation Failure) 12M->8M(15M) 0.790ms
[94.413s][info][gc] GC(4011) Pause Young (Allocation Failure) 12M->8M(15M) 0.339ms
[94.418s][info][gc] GC(4012) Pause Young (Allocation Failure) 12M->8M(15M) 0.268ms
[94.422s][info][gc] GC(4013) Pause Young (Allocation Failure) 12M->8M(15M) 0.419ms
[94.428s][info][gc] GC(4014) Pause Young (Allocation Failure) 12M->8M(15M) 0.625ms
[94.433s][info][gc] GC(4015) Pause Young (Allocation Failure) 12M->8M(15M) 0.629ms
[94.438s][info][gc] GC(4016) Pause Young (Allocation Failure) 12M->8M(15M) 0.353ms
[94.442s][info][gc] GC(4017) Pause Young (Allocation Failure) 12M->8M(15M) 0.685ms
[94.448s][info][gc] GC(4018) Pause Young (Allocation Failure) 12M->8M(15M) 0.960ms
[94.453s][info][gc] GC(4019) Pause Young (Allocation Failure) 12M->8M(15M) 0.331ms
[94.457s][info][gc] GC(4020) Pause Young (Allocation Failure) 12M->8M(15M) 0.565ms
[94.462s][info][gc] GC(4021) Pause Young (Allocation Failure) 12M->8M(15M) 0.272ms
[94.466s][info][gc] GC(4022) Pause Young (Allocation Failure) 12M->8M(15M) 0.518ms
[94.470s][info][gc] GC(4023) Pause Young (Allocation Failure) 12M->8M(15M) 0.231ms
[94.473s][info][gc] GC(4024) Pause Young (Allocation Failure) 12M->8M(15M) 0.442ms
[94.478s][info][gc] GC(4025) Pause Young (Allocation Failure) 12M->8M(15M) 0.366ms
[94.483s][info][gc] GC(4026) Pause Young (Allocation Failure) 12M->8M(15M) 0.547ms
[94.486s][info][gc] GC(4027) Pause Young (Allocation Failure) 12M->8M(15M) 0.266ms
[94.490s][info][gc] GC(4028) Pause Young (Allocation Failure) 12M->8M(15M) 0.332ms
[94.494s][info][gc] GC(4029) Pause Young (Allocation Failure) 12M->8M(15M) 0.524ms
[94.498s][info][gc] GC(4030) Pause Young (Allocation Failure) 12M->8M(15M) 0.359ms
[94.502s][info][gc] GC(4031) Pause Young (Allocation Failure) 12M->8M(15M) 0.261ms
[94.505s][info][gc] GC(4032) Pause Young (Allocation Failure) 12M->8M(15M) 0.253ms
[94.509s][info][gc] GC(4033) Pause Young (Allocation Failure) 12M->8M(15M) 0.673ms
[94.513s][info][gc] GC(4034) Pause Young (Allocation Failure) 12M->8M(15M) 0.291ms
[94.517s][info][gc] GC(4035) Pause Young (Allocation Failure) 12M->8M(15M) 0.263ms
[94.520s][info][gc] GC(4036) Pause Young (Allocation Failure) 12M->8M(15M) 0.269ms
[94.524s][info][gc] GC(4037) Pause Young (Allocation Failure) 12M->8M(15M) 0.462ms
[94.528s][info][gc] GC(4038) Pause Young (Allocation Failure) 12M->8M(15M) 0.313ms
[94.532s][info][gc] GC(4039) Pause Young (Allocation Failure) 12M->8M(15M) 0.403ms
[94.535s][info][gc] GC(4040) Pause Young (Allocation Failure) 12M->8M(15M) 0.245ms
[94.538s][info][gc] GC(4041) Pause Young (Allocation Failure) 12M->8M(15M) 0.289ms
[94.542s][info][gc] GC(4042) Pause Young (Allocation Failure) 12M->8M(15M) 0.561ms
[94.546s][info][gc] GC(4043) Pause Young (Allocation Failure) 12M->8M(15M) 0.281ms
[94.550s][info][gc] GC(4044) Pause Young (Allocation Failure) 12M->8M(15M) 0.562ms
[94.553s][info][gc] GC(4045) Pause Young (Allocation Failure) 12M->8M(15M) 0.315ms
[94.556s][info][gc] GC(4046) Pause Young (Allocation Failure) 12M->8M(15M) 0.236ms
[94.560s][info][gc] GC(4047) Pause Young (Allocation Failure) 12M->8M(15M) 0.544ms
[94.563s][info][gc] GC(4048) Pause Young (Allocation Failure) 12M->8M(15M) 0.195ms
[94.567s][info][gc] GC(4049) Pause Young (Allocation Failure) 12M->8M(15M) 0.342ms
[94.570s][info][gc] GC(4050) Pause Young (Allocation Failure) 12M->8M(15M) 0.177ms
[94.573s][info][gc] GC(4051) Pause Young (Allocation Failure) 12M->8M(15M) 0.181ms
[94.577s][info][gc] GC(4052) Pause Young (Allocation Failure) 12M->8M(15M) 0.651ms
[94.580s][info][gc] GC(4053) Pause Young (Allocation Failure) 12M->8M(15M) 0.195ms
[94.584s][info][gc] GC(4054) Pause Young (Allocation Failure) 12M->8M(15M) 0.480ms
[94.587s][info][gc] GC(4055) Pause Young (Allocation Failure) 12M->8M(15M) 0.244ms
[94.590s][info][gc] GC(4056) Pause Young (Allocation Failure) 12M->8M(15M) 0.257ms
[94.593s][info][gc] GC(4057) Pause Young (Allocation Failure) 12M->8M(15M) 0.581ms
[94.598s][info][gc] GC(4058) Pause Young (Allocation Failure) 12M->8M(15M) 0.375ms
[94.601s][info][gc] GC(4059) Pause Young (Allocation Failure) 12M->8M(15M) 0.238ms
[94.604s][info][gc] GC(4060) Pause Young (Allocation Failure) 12M->8M(15M) 0.229ms
[94.607s][info][gc] GC(4061) Pause Young (Allocation Failure) 12M->8M(15M) 0.357ms
[94.611s][info][gc] GC(4062) Pause Young (Allocation Failure) 12M->8M(15M) 0.722ms
[94.615s][info][gc] GC(4063) Pause Young (Allocation Failure) 12M->8M(15M) 0.341ms
[94.619s][info][gc] GC(4064) Pause Young (Allocation Failure) 12M->8M(15M) 0.263ms
[94.622s][info][gc] GC(4065) Pause Young (Allocation Failure) 12M->8M(15M) 0.292ms
[94.626s][info][gc] GC(4066) Pause Young (Allocation Failure) 12M->8M(15M) 0.501ms
[94.630s][info][gc] GC(4067) Pause Young (Allocation Failure) 12M->8M(15M) 0.311ms
[94.634s][info][gc] GC(4068) Pause Young (Allocation Failure) 12M->8M(15M) 0.279ms
[94.637s][info][gc] GC(4069) Pause Young (Allocation Failure) 12M->8M(15M) 0.252ms
[94.640s][info][gc] GC(4070) Pause Young (Allocation Failure) 12M->8M(15M) 0.357ms
[94.645s][info][gc] GC(4071) Pause Young (Allocation Failure) 12M->8M(15M) 0.594ms
[94.648s][info][gc] GC(4072) Pause Young (Allocation Failure) 12M->8M(15M) 0.311ms
[94.652s][info][gc] GC(4073) Pause Young (Allocation Failure) 12M->8M(15M) 0.282ms
[94.655s][info][gc] GC(4074) Pause Young (Allocation Failure) 12M->8M(15M) 0.234ms
[94.659s][info][gc] GC(4075) Pause Young (Allocation Failure) 12M->8M(15M) 0.436ms
[94.663s][info][gc] GC(4076) Pause Young (Allocation Failure) 12M->8M(15M) 0.252ms
[94.666s][info][gc] GC(4077) Pause Young (Allocation Failure) 12M->8M(15M) 0.469ms
[94.670s][info][gc] GC(4078) Pause Young (Allocation Failure) 12M->8M(15M) 0.217ms
[94.673s][info][gc] GC(4079) Pause Young (Allocation Failure) 12M->8M(15M) 0.200ms
[94.677s][info][gc] GC(4080) Pause Young (Allocation Failure) 12M->8M(15M) 0.493ms
[94.680s][info][gc] GC(4081) Pause Young (Allocation Failure) 12M->8M(15M) 0.210ms
[94.684s][info][gc] GC(4082) Pause Young (Allocation Failure) 12M->8M(15M) 0.327ms
[94.687s][info][gc] GC(4083) Pause Young (Allocation Failure) 12M->8M(15M) 0.227ms
[94.690s][info][gc] GC(4084) Pause Young (Allocation Failure) 12M->8M(15M) 0.216ms
[94.694s][info][gc] GC(4085) Pause Young (Allocation Failure) 12M->8M(15M) 0.466ms
[94.697s][info][gc] GC(4086) Pause Young (Allocation Failure) 12M->8M(15M) 0.310ms
[94.701s][info][gc] GC(4087) Pause Young (Allocation Failure) 12M->8M(15M) 0.189ms
[94.704s][info][gc] GC(4088) Pause Young (Allocation Failure) 12M->8M(15M) 0.168ms
[94.706s][info][gc] GC(4089) Pause Young (Allocation Failure) 12M->8M(15M) 0.175ms
[94.710s][info][gc] GC(4090) Pause Young (Allocation Failure) 12M->8M(15M) 0.527ms
[94.714s][info][gc] GC(4091) Pause Young (Allocation Failure) 12M->8M(15M) 0.219ms
[94.717s][info][gc] GC(4092) Pause Young (Allocation Failure) 12M->8M(15M) 0.249ms
[94.720s][info][gc] GC(4093) Pause Young (Allocation Failure) 12M->8M(15M) 0.250ms
[94.724s][info][gc] GC(4094) Pause Young (Allocation Failure) 12M->8M(15M) 0.283ms
[94.729s][info][gc] GC(4095) Pause Young (Allocation Failure) 12M->8M(15M) 0.437ms
[94.734s][info][gc] GC(4096) Pause Young (Allocation Failure) 12M->8M(15M) 0.416ms
[94.739s][info][gc] GC(4097) Pause Young (Allocation Failure) 12M->8M(15M) 0.449ms
[94.744s][info][gc] GC(4098) Pause Young (Allocation Failure) 12M->8M(15M) 0.642ms
[94.749s][info][gc] GC(4099) Pause Young (Allocation Failure) 12M->8M(15M) 0.661ms
[94.754s][info][gc] GC(4100) Pause Young (Allocation Failure) 12M->8M(15M) 0.350ms
[94.759s][info][gc] GC(4101) Pause Young (Allocation Failure) 12M->8M(15M) 0.585ms
[94.764s][info][gc] GC(4102) Pause Young (Allocation Failure) 12M->8M(15M) 0.348ms
[94.769s][info][gc] GC(4103) Pause Young (Allocation Failure) 12M->8M(15M) 0.325ms
[94.773s][info][gc] GC(4104) Pause Young (Allocation Failure) 12M->8M(15M) 0.338ms
[94.779s][info][gc] GC(4105) Pause Young (Allocation Failure) 12M->8M(15M) 0.670ms
[94.784s][info][gc] GC(4106) Pause Young (Allocation Failure) 12M->8M(15M) 0.625ms
[94.788s][info][gc] GC(4107) Pause Young (Allocation Failure) 12M->8M(15M) 0.325ms
[94.792s][info][gc] GC(4108) Pause Young (Allocation Failure) 12M->8M(15M) 0.408ms
[94.797s][info][gc] GC(4109) Pause Young (Allocation Failure) 12M->8M(15M) 0.292ms
[94.801s][info][gc] GC(4110) Pause Young (Allocation Failure) 12M->8M(15M) 0.327ms
[94.805s][info][gc] GC(4111) Pause Young (Allocation Failure) 12M->8M(15M) 0.250ms
[94.809s][info][gc] GC(4112) Pause Young (Allocation Failure) 12M->8M(15M) 0.436ms
[94.814s][info][gc] GC(4113) Pause Young (Allocation Failure) 12M->8M(15M) 0.309ms
[94.818s][info][gc] GC(4114) Pause Young (Allocation Failure) 12M->8M(15M) 0.293ms
[94.822s][info][gc] GC(4115) Pause Young (Allocation Failure) 12M->8M(15M) 0.270ms
[94.826s][info][gc] GC(4116) Pause Young (Allocation Failure) 12M->8M(15M) 0.478ms
[94.831s][info][gc] GC(4117) Pause Young (Allocation Failure) 12M->8M(15M) 0.287ms
[94.835s][info][gc] GC(4118) Pause Young (Allocation Failure) 12M->8M(15M) 0.241ms
[94.838s][info][gc] GC(4119) Pause Young (Allocation Failure) 12M->8M(15M) 0.222ms
[94.843s][info][gc] GC(4120) Pause Young (Allocation Failure) 12M->8M(15M) 0.340ms
[94.847s][info][gc] GC(4121) Pause Young (Allocation Failure) 12M->8M(15M) 0.283ms
[94.851s][info][gc] GC(4122) Pause Young (Allocation Failure) 12M->8M(15M) 0.315ms
[94.854s][info][gc] GC(4123) Pause Young (Allocation Failure) 12M->8M(15M) 0.286ms
[94.858s][info][gc] GC(4124) Pause Young (Allocation Failure) 12M->8M(15M) 0.532ms
[94.862s][info][gc] GC(4125) Pause Young (Allocation Failure) 12M->8M(15M) 0.621ms
[94.866s][info][gc] GC(4126) Pause Young (Allocation Failure) 12M->8M(15M) 0.491ms
[94.870s][info][gc] GC(4127) Pause Young (Allocation Failure) 12M->8M(15M) 0.297ms
[94.873s][info][gc] GC(4128) Pause Young (Allocation Failure) 12M->8M(15M) 0.263ms
[94.877s][info][gc] GC(4129) Pause Young (Allocation Failure) 12M->8M(15M) 0.556ms
[94.882s][info][gc] GC(4130) Pause Young (Allocation Failure) 12M->8M(15M) 0.441ms
[94.885s][info][gc] GC(4131) Pause Young (Allocation Failure) 12M->8M(15M) 0.260ms
[94.889s][info][gc] GC(4132) Pause Young (Allocation Failure) 12M->8M(15M) 0.263ms
[94.892s][info][gc] GC(4133) Pause Young (Allocation Failure) 12M->8M(15M) 0.348ms
[94.896s][info][gc] GC(4134) Pause Young (Allocation Failure) 12M->8M(15M) 0.298ms
[94.900s][info][gc] GC(4135) Pause Young (Allocation Failure) 12M->8M(15M) 0.475ms
[94.903s][info][gc] GC(4136) Pause Young (Allocation Failure) 12M->8M(15M) 0.264ms
[94.907s][info][gc] GC(4137) Pause Young (Allocation Failure) 12M->8M(15M) 0.239ms
[94.911s][info][gc] GC(4138) Pause Young (Allocation Failure) 12M->8M(15M) 0.701ms
[94.914s][info][gc] GC(4139) Pause Young (Allocation Failure) 12M->8M(15M) 0.271ms
[94.918s][info][gc] GC(4140) Pause Young (Allocation Failure) 12M->8M(15M) 0.425ms
[94.921s][info][gc] GC(4141) Pause Young (Allocation Failure) 12M->8M(15M) 0.250ms
[94.924s][info][gc] GC(4142) Pause Young (Allocation Failure) 12M->8M(15M) 0.247ms
[94.928s][info][gc] GC(4143) Pause Young (Allocation Failure) 12M->8M(15M) 0.573ms
[94.932s][info][gc] GC(4144) Pause Young (Allocation Failure) 12M->8M(15M) 0.266ms
[94.935s][info][gc] GC(4145) Pause Young (Allocation Failure) 12M->8M(15M) 0.247ms
[94.938s][info][gc] GC(4146) Pause Young (Allocation Failure) 12M->8M(15M) 0.233ms
[94.941s][info][gc] GC(4147) Pause Young (Allocation Failure) 12M->8M(15M) 0.303ms
[94.945s][info][gc] GC(4148) Pause Young (Allocation Failure) 12M->8M(15M) 0.623ms
[94.948s][info][gc] GC(4149) Pause Young (Allocation Failure) 12M->8M(15M) 0.260ms
[94.952s][info][gc] GC(4150) Pause Young (Allocation Failure) 12M->8M(15M) 0.227ms
[94.955s][info][gc] GC(4151) Pause Young (Allocation Failure) 12M->8M(15M) 0.196ms
[94.958s][info][gc] GC(4152) Pause Young (Allocation Failure) 12M->8M(15M) 0.290ms
[94.961s][info][gc] GC(4153) Pause Young (Allocation Failure) 12M->8M(15M) 0.475ms
[94.965s][info][gc] GC(4154) Pause Young (Allocation Failure) 12M->8M(15M) 0.230ms
[94.968s][info][gc] GC(4155) Pause Young (Allocation Failure) 12M->8M(15M) 0.239ms
[94.971s][info][gc] GC(4156) Pause Young (Allocation Failure) 12M->8M(15M) 0.191ms
[94.974s][info][gc] GC(4157) Pause Young (Allocation Failure) 12M->8M(15M) 0.198ms
[94.978s][info][gc] GC(4158) Pause Young (Allocation Failure) 12M->8M(15M) 0.463ms
[94.981s][info][gc] GC(4159) Pause Young (Allocation Failure) 12M->8M(15M) 0.265ms
[94.985s][info][gc] GC(4160) Pause Young (Allocation Failure) 12M->8M(15M) 0.268ms
[94.988s][info][gc] GC(4161) Pause Young (Allocation Failure) 12M->8M(15M) 0.240ms
[94.990s][info][gc] GC(4162) Pause Young (Allocation Failure) 12M->8M(15M) 0.250ms
[94.994s][info][gc] GC(4163) Pause Young (Allocation Failure) 12M->8M(15M) 0.419ms
[94.998s][info][gc] GC(4164) Pause Young (Allocation Failure) 12M->8M(15M) 0.289ms
[95.002s][info][gc] GC(4165) Pause Young (Allocation Failure) 12M->8M(15M) 0.243ms
[95.004s][info][gc] GC(4166) Pause Young (Allocation Failure) 12M->8M(15M) 0.226ms
[95.007s][info][gc] GC(4167) Pause Young (Allocation Failure) 12M->8M(15M) 0.288ms
[95.011s][info][gc] GC(4168) Pause Young (Allocation Failure) 12M->8M(15M) 0.478ms
[95.014s][info][gc] GC(4169) Pause Young (Allocation Failure) 12M->8M(15M) 0.283ms
[95.018s][info][gc] GC(4170) Pause Young (Allocation Failure) 12M->8M(15M) 0.239ms
[95.021s][info][gc] GC(4171) Pause Young (Allocation Failure) 12M->8M(15M) 0.233ms
[95.024s][info][gc] GC(4172) Pause Young (Allocation Failure) 12M->8M(15M) 0.271ms
[95.028s][info][gc] GC(4173) Pause Young (Allocation Failure) 12M->8M(15M) 0.438ms
[95.031s][info][gc] GC(4174) Pause Young (Allocation Failure) 12M->8M(15M) 0.220ms
[95.035s][info][gc] GC(4175) Pause Young (Allocation Failure) 12M->8M(15M) 0.553ms
[95.038s][info][gc] GC(4176) Pause Young (Allocation Failure) 12M->8M(15M) 0.236ms
[95.040s][info][gc] GC(4177) Pause Young (Allocation Failure) 12M->8M(15M) 0.239ms
[95.044s][info][gc] GC(4178) Pause Young (Allocation Failure) 12M->8M(15M) 0.588ms
[95.048s][info][gc] GC(4179) Pause Young (Allocation Failure) 12M->8M(15M) 0.265ms
[95.051s][info][gc] GC(4180) Pause Young (Allocation Failure) 12M->8M(15M) 0.423ms
[95.054s][info][gc] GC(4181) Pause Young (Allocation Failure) 12M->8M(15M) 0.252ms
[95.057s][info][gc] GC(4182) Pause Young (Allocation Failure) 12M->8M(15M) 0.266ms
[95.061s][info][gc] GC(4183) Pause Young (Allocation Failure) 12M->8M(15M) 0.562ms
[95.065s][info][gc] GC(4184) Pause Young (Allocation Failure) 12M->8M(15M) 0.278ms
[95.068s][info][gc] GC(4185) Pause Young (Allocation Failure) 12M->8M(15M) 0.419ms
[95.071s][info][gc] GC(4186) Pause Young (Allocation Failure) 12M->8M(15M) 0.232ms
[95.074s][info][gc] GC(4187) Pause Young (Allocation Failure) 12M->8M(15M) 0.254ms
[95.078s][info][gc] GC(4188) Pause Young (Allocation Failure) 12M->8M(15M) 0.236ms
[95.081s][info][gc] GC(4189) Pause Young (Allocation Failure) 12M->8M(15M) 0.239ms
[95.084s][info][gc] GC(4190) Pause Young (Allocation Failure) 12M->8M(15M) 0.290ms
[95.087s][info][gc] GC(4191) Pause Young (Allocation Failure) 12M->8M(15M) 0.287ms
[95.090s][info][gc] GC(4192) Pause Young (Allocation Failure) 12M->8M(15M) 0.393ms
[95.094s][info][gc] GC(4193) Pause Young (Allocation Failure) 12M->8M(15M) 0.275ms
[95.097s][info][gc] GC(4194) Pause Young (Allocation Failure) 12M->8M(15M) 0.278ms
[95.100s][info][gc] GC(4195) Pause Young (Allocation Failure) 12M->8M(15M) 0.334ms
[95.103s][info][gc] GC(4196) Pause Young (Allocation Failure) 12M->8M(15M) 0.298ms
[95.106s][info][gc] GC(4197) Pause Young (Allocation Failure) 12M->8M(15M) 0.253ms
[95.109s][info][gc] GC(4198) Pause Young (Allocation Failure) 12M->8M(15M) 0.271ms
[95.112s][info][gc] GC(4199) Pause Young (Allocation Failure) 12M->8M(15M) 0.249ms
[95.116s][info][gc] GC(4200) Pause Young (Allocation Failure) 12M->8M(15M) 0.287ms
[95.119s][info][gc] GC(4201) Pause Young (Allocation Failure) 12M->8M(15M) 0.365ms
[95.122s][info][gc] GC(4202) Pause Young (Allocation Failure) 12M->8M(15M) 0.375ms
[95.126s][info][gc] GC(4203) Pause Young (Allocation Failure) 12M->8M(15M) 0.286ms
[95.129s][info][gc] GC(4204) Pause Young (Allocation Failure) 12M->8M(15M) 0.294ms
[95.132s][info][gc] GC(4205) Pause Young (Allocation Failure) 12M->8M(15M) 0.314ms
[95.136s][info][gc] GC(4206) Pause Young (Allocation Failure) 12M->8M(15M) 0.329ms
[95.139s][info][gc] GC(4207) Pause Young (Allocation Failure) 12M->8M(15M) 0.367ms
[95.142s][info][gc] GC(4208) Pause Young (Allocation Failure) 12M->8M(15M) 0.271ms
[95.146s][info][gc] GC(4209) Pause Young (Allocation Failure) 12M->8M(15M) 0.283ms
[95.149s][info][gc] GC(4210) Pause Young (Allocation Failure) 12M->8M(15M) 0.267ms
[95.152s][info][gc] GC(4211) Pause Young (Allocation Failure) 12M->8M(15M) 0.264ms
[95.155s][info][gc] GC(4212) Pause Young (Allocation Failure) 12M->8M(15M) 0.197ms
[95.158s][info][gc] GC(4213) Pause Young (Allocation Failure) 12M->8M(15M) 0.182ms
[95.161s][info][gc] GC(4214) Pause Young (Allocation Failure) 12M->8M(15M) 0.188ms
[95.164s][info][gc] GC(4215) Pause Young (Allocation Failure) 12M->8M(15M) 0.330ms
[95.168s][info][gc] GC(4216) Pause Young (Allocation Failure) 12M->8M(15M) 0.318ms
[95.171s][info][gc] GC(4217) Pause Young (Allocation Failure) 12M->8M(15M) 0.252ms
[95.174s][info][gc] GC(4218) Pause Young (Allocation Failure) 12M->8M(15M) 0.249ms
[95.177s][info][gc] GC(4219) Pause Young (Allocation Failure) 12M->8M(15M) 0.257ms
[95.180s][info][gc] GC(4220) Pause Young (Allocation Failure) 12M->8M(15M) 0.298ms
[95.183s][info][gc] GC(4221) Pause Young (Allocation Failure) 12M->8M(15M) 0.367ms
[95.187s][info][gc] GC(4222) Pause Young (Allocation Failure) 12M->8M(15M) 0.258ms
[95.190s][info][gc] GC(4223) Pause Young (Allocation Failure) 12M->8M(15M) 0.241ms
[95.193s][info][gc] GC(4224) Pause Young (Allocation Failure) 12M->8M(15M) 0.274ms
[95.196s][info][gc] GC(4225) Pause Young (Allocation Failure) 12M->8M(15M) 0.306ms
[95.199s][info][gc] GC(4226) Pause Young (Allocation Failure) 12M->8M(15M) 0.485ms
[95.203s][info][gc] GC(4227) Pause Young (Allocation Failure) 12M->8M(15M) 0.251ms
[95.206s][info][gc] GC(4228) Pause Young (Allocation Failure) 12M->8M(15M) 0.244ms
[95.209s][info][gc] GC(4229) Pause Young (Allocation Failure) 12M->8M(15M) 0.288ms
[95.212s][info][gc] GC(4230) Pause Young (Allocation Failure) 12M->8M(15M) 0.260ms
[95.215s][info][gc] GC(4231) Pause Young (Allocation Failure) 12M->8M(15M) 0.291ms
[95.219s][info][gc] GC(4232) Pause Young (Allocation Failure) 12M->8M(15M) 0.332ms
[95.222s][info][gc] GC(4233) Pause Young (Allocation Failure) 12M->8M(15M) 0.310ms
[95.225s][info][gc] GC(4234) Pause Young (Allocation Failure) 12M->8M(15M) 0.338ms
[95.228s][info][gc] GC(4235) Pause Young (Allocation Failure) 12M->8M(15M) 0.307ms
[95.232s][info][gc] GC(4236) Pause Young (Allocation Failure) 12M->8M(15M) 0.300ms
[95.235s][info][gc] GC(4237) Pause Young (Allocation Failure) 12M->8M(15M) 0.407ms
[95.239s][info][gc] GC(4238) Pause Young (Allocation Failure) 12M->8M(15M) 0.452ms
[95.242s][info][gc] GC(4239) Pause Young (Allocation Failure) 12M->8M(15M) 0.278ms
[95.246s][info][gc] GC(4240) Pause Young (Allocation Failure) 12M->8M(15M) 0.242ms
[95.249s][info][gc] GC(4241) Pause Young (Allocation Failure) 12M->8M(15M) 0.374ms
[95.253s][info][gc] GC(4242) Pause Young (Allocation Failure) 12M->8M(15M) 0.381ms
[95.257s][info][gc] GC(4243) Pause Young (Allocation Failure) 12M->8M(15M) 0.277ms
[95.260s][info][gc] GC(4244) Pause Young (Allocation Failure) 12M->8M(15M) 0.296ms
[95.264s][info][gc] GC(4245) Pause Young (Allocation Failure) 12M->8M(15M) 0.313ms
[95.268s][info][gc] GC(4246) Pause Young (Allocation Failure) 12M->8M(15M) 0.370ms
[95.271s][info][gc] GC(4247) Pause Young (Allocation Failure) 12M->8M(15M) 0.275ms
[95.275s][info][gc] GC(4248) Pause Young (Allocation Failure) 12M->8M(15M) 0.264ms
[95.278s][info][gc] GC(4249) Pause Young (Allocation Failure) 12M->8M(15M) 0.291ms
[95.282s][info][gc] GC(4250) Pause Young (Allocation Failure) 12M->8M(15M) 0.427ms
[95.286s][info][gc] GC(4251) Pause Young (Allocation Failure) 12M->8M(15M) 0.619ms
[95.289s][info][gc] GC(4252) Pause Young (Allocation Failure) 12M->8M(15M) 0.258ms
[95.292s][info][gc] GC(4253) Pause Young (Allocation Failure) 12M->8M(15M) 0.255ms
[95.296s][info][gc] GC(4254) Pause Young (Allocation Failure) 12M->8M(15M) 0.306ms
[95.299s][info][gc] GC(4255) Pause Young (Allocation Failure) 12M->8M(15M) 0.404ms
[95.303s][info][gc] GC(4256) Pause Young (Allocation Failure) 12M->8M(15M) 0.315ms
[95.306s][info][gc] GC(4257) Pause Young (Allocation Failure) 12M->8M(15M) 0.260ms
[95.309s][info][gc] GC(4258) Pause Young (Allocation Failure) 12M->8M(15M) 0.229ms
[95.312s][info][gc] GC(4259) Pause Young (Allocation Failure) 12M->8M(15M) 0.246ms
[95.316s][info][gc] GC(4260) Pause Young (Allocation Failure) 12M->8M(15M) 0.367ms
[95.320s][info][gc] GC(4261) Pause Young (Allocation Failure) 12M->8M(15M) 0.241ms
[95.323s][info][gc] GC(4262) Pause Young (Allocation Failure) 12M->8M(15M) 0.175ms
[95.326s][info][gc] GC(4263) Pause Young (Allocation Failure) 12M->8M(15M) 0.304ms
[95.329s][info][gc] GC(4264) Pause Young (Allocation Failure) 12M->8M(15M) 0.369ms
[95.333s][info][gc] GC(4265) Pause Young (Allocation Failure) 12M->8M(15M) 0.437ms
[95.337s][info][gc] GC(4266) Pause Young (Allocation Failure) 12M->8M(15M) 0.273ms
[95.340s][info][gc] GC(4267) Pause Young (Allocation Failure) 12M->8M(15M) 0.244ms
[95.344s][info][gc] GC(4268) Pause Young (Allocation Failure) 12M->8M(15M) 0.277ms
[95.347s][info][gc] GC(4269) Pause Young (Allocation Failure) 12M->8M(15M) 0.406ms
[95.352s][info][gc] GC(4270) Pause Young (Allocation Failure) 12M->8M(15M) 0.567ms
[95.355s][info][gc] GC(4271) Pause Young (Allocation Failure) 12M->8M(15M) 0.247ms
[95.358s][info][gc] GC(4272) Pause Young (Allocation Failure) 12M->8M(15M) 0.227ms
[95.361s][info][gc] GC(4273) Pause Young (Allocation Failure) 12M->8M(15M) 0.247ms
[95.365s][info][gc] GC(4274) Pause Young (Allocation Failure) 12M->8M(15M) 0.402ms
[95.369s][info][gc] GC(4275) Pause Young (Allocation Failure) 12M->8M(15M) 0.400ms
[95.372s][info][gc] GC(4276) Pause Young (Allocation Failure) 12M->8M(15M) 0.219ms
[95.375s][info][gc] GC(4277) Pause Young (Allocation Failure) 12M->8M(15M) 0.199ms
[95.378s][info][gc] GC(4278) Pause Young (Allocation Failure) 12M->8M(15M) 0.336ms
[95.382s][info][gc] GC(4279) Pause Young (Allocation Failure) 12M->8M(15M) 0.265ms
[95.386s][info][gc] GC(4280) Pause Young (Allocation Failure) 12M->8M(15M) 0.417ms
[95.389s][info][gc] GC(4281) Pause Young (Allocation Failure) 12M->8M(15M) 0.258ms
[95.392s][info][gc] GC(4282) Pause Young (Allocation Failure) 12M->8M(15M) 0.320ms
[95.395s][info][gc] GC(4283) Pause Young (Allocation Failure) 12M->8M(15M) 0.447ms
[95.399s][info][gc] GC(4284) Pause Young (Allocation Failure) 12M->8M(15M) 0.272ms
[95.403s][info][gc] GC(4285) Pause Young (Allocation Failure) 12M->8M(15M) 0.251ms
[95.406s][info][gc] GC(4286) Pause Young (Allocation Failure) 12M->8M(15M) 0.269ms
[95.409s][info][gc] GC(4287) Pause Young (Allocation Failure) 12M->8M(15M) 0.269ms
[95.413s][info][gc] GC(4288) Pause Young (Allocation Failure) 12M->8M(15M) 0.606ms
[95.418s][info][gc] GC(4289) Pause Young (Allocation Failure) 12M->8M(15M) 0.768ms
[95.422s][info][gc] GC(4290) Pause Young (Allocation Failure) 12M->8M(15M) 0.369ms
[95.426s][info][gc] GC(4291) Pause Young (Allocation Failure) 12M->8M(15M) 0.384ms
[95.432s][info][gc] GC(4292) Pause Young (Allocation Failure) 12M->8M(15M) 0.470ms
[95.437s][info][gc] GC(4293) Pause Young (Allocation Failure) 12M->8M(15M) 0.380ms
[95.442s][info][gc] GC(4294) Pause Young (Allocation Failure) 12M->8M(15M) 0.438ms
[95.448s][info][gc] GC(4295) Pause Young (Allocation Failure) 12M->8M(15M) 0.845ms
[95.453s][info][gc] GC(4296) Pause Young (Allocation Failure) 12M->8M(15M) 0.568ms
[95.458s][info][gc] GC(4297) Pause Young (Allocation Failure) 12M->8M(15M) 0.391ms
[95.464s][info][gc] GC(4298) Pause Young (Allocation Failure) 12M->8M(15M) 0.588ms
[95.468s][info][gc] GC(4299) Pause Young (Allocation Failure) 12M->8M(15M) 0.627ms
[95.473s][info][gc] GC(4300) Pause Young (Allocation Failure) 12M->8M(15M) 0.319ms
[95.477s][info][gc] GC(4301) Pause Young (Allocation Failure) 12M->8M(15M) 0.486ms
[95.482s][info][gc] GC(4302) Pause Young (Allocation Failure) 12M->8M(15M) 0.330ms
[95.486s][info][gc] GC(4303) Pause Young (Allocation Failure) 12M->8M(15M) 0.586ms
[95.490s][info][gc] GC(4304) Pause Young (Allocation Failure) 12M->8M(15M) 0.288ms
[95.494s][info][gc] GC(4305) Pause Young (Allocation Failure) 12M->8M(15M) 0.595ms
[95.498s][info][gc] GC(4306) Pause Young (Allocation Failure) 12M->8M(15M) 0.289ms
[95.503s][info][gc] GC(4307) Pause Young (Allocation Failure) 12M->8M(15M) 0.421ms
[95.506s][info][gc] GC(4308) Pause Young (Allocation Failure) 12M->8M(15M) 0.218ms
[95.510s][info][gc] GC(4309) Pause Young (Allocation Failure) 12M->8M(15M) 0.385ms
[95.515s][info][gc] GC(4310) Pause Young (Allocation Failure) 12M->8M(15M) 0.320ms
[95.519s][info][gc] GC(4311) Pause Young (Allocation Failure) 12M->8M(15M) 0.366ms
[95.522s][info][gc] GC(4312) Pause Young (Allocation Failure) 12M->8M(15M) 0.295ms
[95.526s][info][gc] GC(4313) Pause Young (Allocation Failure) 12M->8M(15M) 0.279ms
[95.530s][info][gc] GC(4314) Pause Young (Allocation Failure) 12M->8M(15M) 0.619ms
[95.534s][info][gc] GC(4315) Pause Young (Allocation Failure) 12M->8M(15M) 0.327ms
[95.538s][info][gc] GC(4316) Pause Young (Allocation Failure) 12M->8M(15M) 0.268ms
[95.541s][info][gc] GC(4317) Pause Young (Allocation Failure) 12M->8M(15M) 0.301ms
[95.546s][info][gc] GC(4318) Pause Young (Allocation Failure) 12M->8M(15M) 0.689ms
[95.550s][info][gc] GC(4319) Pause Young (Allocation Failure) 12M->8M(15M) 0.261ms
[95.554s][info][gc] GC(4320) Pause Young (Allocation Failure) 12M->8M(15M) 0.325ms
[95.557s][info][gc] GC(4321) Pause Young (Allocation Failure) 12M->8M(15M) 0.206ms
[95.561s][info][gc] GC(4322) Pause Young (Allocation Failure) 12M->8M(15M) 0.593ms
[95.565s][info][gc] GC(4323) Pause Young (Allocation Failure) 12M->8M(15M) 0.322ms
[95.568s][info][gc] GC(4324) Pause Young (Allocation Failure) 12M->8M(15M) 0.334ms
[95.572s][info][gc] GC(4325) Pause Young (Allocation Failure) 12M->8M(15M) 0.230ms
[95.575s][info][gc] GC(4326) Pause Young (Allocation Failure) 12M->8M(15M) 0.289ms
[95.579s][info][gc] GC(4327) Pause Young (Allocation Failure) 12M->8M(15M) 0.449ms
[95.583s][info][gc] GC(4328) Pause Young (Allocation Failure) 12M->8M(15M) 0.269ms
[95.586s][info][gc] GC(4329) Pause Young (Allocation Failure) 12M->8M(15M) 0.368ms
[95.589s][info][gc] GC(4330) Pause Young (Allocation Failure) 12M->8M(15M) 0.225ms
[95.593s][info][gc] GC(4331) Pause Young (Allocation Failure) 12M->8M(15M) 0.293ms
[95.597s][info][gc] GC(4332) Pause Young (Allocation Failure) 12M->8M(15M) 0.626ms
[95.600s][info][gc] GC(4333) Pause Young (Allocation Failure) 12M->8M(15M) 0.263ms
[95.604s][info][gc] GC(4334) Pause Young (Allocation Failure) 12M->8M(15M) 0.340ms
[95.607s][info][gc] GC(4335) Pause Young (Allocation Failure) 12M->8M(15M) 0.178ms
[95.610s][info][gc] GC(4336) Pause Young (Allocation Failure) 12M->8M(15M) 0.237ms
[95.614s][info][gc] GC(4337) Pause Young (Allocation Failure) 12M->8M(15M) 0.600ms
[95.617s][info][gc] GC(4338) Pause Young (Allocation Failure) 12M->8M(15M) 0.266ms
[95.621s][info][gc] GC(4339) Pause Young (Allocation Failure) 12M->8M(15M) 0.248ms
[95.624s][info][gc] GC(4340) Pause Young (Allocation Failure) 12M->8M(15M) 0.225ms
[95.627s][info][gc] GC(4341) Pause Young (Allocation Failure) 12M->8M(15M) 0.289ms
[95.631s][info][gc] GC(4342) Pause Young (Allocation Failure) 12M->8M(15M) 0.510ms
[95.635s][info][gc] GC(4343) Pause Young (Allocation Failure) 12M->8M(15M) 0.497ms
[95.638s][info][gc] GC(4344) Pause Young (Allocation Failure) 12M->8M(15M) 0.215ms
[95.641s][info][gc] GC(4345) Pause Young (Allocation Failure) 12M->8M(15M) 0.188ms
[95.644s][info][gc] GC(4346) Pause Young (Allocation Failure) 12M->8M(15M) 0.317ms
[95.648s][info][gc] GC(4347) Pause Young (Allocation Failure) 12M->8M(15M) 0.551ms
[95.652s][info][gc] GC(4348) Pause Young (Allocation Failure) 12M->8M(15M) 0.516ms
[95.655s][info][gc] GC(4349) Pause Young (Allocation Failure) 12M->8M(15M) 0.256ms
[95.658s][info][gc] GC(4350) Pause Young (Allocation Failure) 12M->8M(15M) 0.228ms
[95.661s][info][gc] GC(4351) Pause Young (Allocation Failure) 12M->8M(15M) 0.367ms
[95.665s][info][gc] GC(4352) Pause Young (Allocation Failure) 12M->8M(15M) 0.297ms
[95.669s][info][gc] GC(4353) Pause Young (Allocation Failure) 12M->8M(15M) 0.435ms
[95.672s][info][gc] GC(4354) Pause Young (Allocation Failure) 12M->8M(15M) 0.242ms
[95.675s][info][gc] GC(4355) Pause Young (Allocation Failure) 12M->8M(15M) 0.223ms
[95.678s][info][gc] GC(4356) Pause Young (Allocation Failure) 12M->8M(15M) 0.374ms
[95.683s][info][gc] GC(4357) Pause Young (Allocation Failure) 12M->8M(15M) 0.298ms
[95.686s][info][gc] GC(4358) Pause Young (Allocation Failure) 12M->8M(15M) 0.456ms
[95.689s][info][gc] GC(4359) Pause Young (Allocation Failure) 12M->8M(15M) 0.241ms
[95.692s][info][gc] GC(4360) Pause Young (Allocation Failure) 12M->8M(15M) 0.242ms
[95.696s][info][gc] GC(4361) Pause Young (Allocation Failure) 12M->8M(15M) 0.467ms
[95.700s][info][gc] GC(4362) Pause Young (Allocation Failure) 12M->8M(15M) 0.272ms
[95.703s][info][gc] GC(4363) Pause Young (Allocation Failure) 12M->8M(15M) 0.485ms
[95.707s][info][gc] GC(4364) Pause Young (Allocation Failure) 12M->8M(15M) 0.231ms
[95.710s][info][gc] GC(4365) Pause Young (Allocation Failure) 12M->8M(15M) 0.236ms
[95.714s][info][gc] GC(4366) Pause Young (Allocation Failure) 12M->8M(15M) 0.609ms
[95.718s][info][gc] GC(4367) Pause Young (Allocation Failure) 12M->8M(15M) 0.282ms
[95.721s][info][gc] GC(4368) Pause Young (Allocation Failure) 12M->8M(15M) 0.201ms
[95.724s][info][gc] GC(4369) Pause Young (Allocation Failure) 12M->8M(15M) 0.195ms
[95.728s][info][gc] GC(4370) Pause Young (Allocation Failure) 12M->8M(15M) 0.290ms
[95.732s][info][gc] GC(4371) Pause Young (Allocation Failure) 12M->8M(15M) 0.344ms
[95.736s][info][gc] GC(4372) Pause Young (Allocation Failure) 12M->8M(15M) 0.533ms
[95.739s][info][gc] GC(4373) Pause Young (Allocation Failure) 12M->8M(15M) 0.257ms
[95.743s][info][gc] GC(4374) Pause Young (Allocation Failure) 12M->8M(15M) 0.255ms
[95.747s][info][gc] GC(4375) Pause Young (Allocation Failure) 12M->8M(15M) 0.592ms
[95.751s][info][gc] GC(4376) Pause Young (Allocation Failure) 12M->8M(15M) 0.281ms
[95.755s][info][gc] GC(4377) Pause Young (Allocation Failure) 12M->8M(15M) 0.284ms
[95.758s][info][gc] GC(4378) Pause Young (Allocation Failure) 13M->8M(15M) 0.257ms
[95.762s][info][gc] GC(4379) Pause Young (Allocation Failure) 12M->8M(15M) 0.344ms
[95.766s][info][gc] GC(4380) Pause Young (Allocation Failure) 12M->8M(15M) 0.331ms
[95.770s][info][gc] GC(4381) Pause Young (Allocation Failure) 12M->8M(15M) 0.482ms
[95.773s][info][gc] GC(4382) Pause Young (Allocation Failure) 12M->8M(15M) 0.258ms
[95.776s][info][gc] GC(4383) Pause Young (Allocation Failure) 12M->8M(15M) 0.270ms
[95.780s][info][gc] GC(4384) Pause Young (Allocation Failure) 12M->8M(15M) 0.570ms
[95.786s][info][gc] GC(4385) Pause Young (Allocation Failure) 13M->8M(15M) 0.726ms
[95.789s][info][gc] GC(4386) Pause Young (Allocation Failure) 13M->8M(15M) 0.247ms
[95.792s][info][gc] GC(4387) Pause Young (Allocation Failure) 12M->8M(15M) 0.269ms
[95.796s][info][gc] GC(4388) Pause Young (Allocation Failure) 13M->8M(15M) 0.379ms
[95.800s][info][gc] GC(4389) Pause Young (Allocation Failure) 12M->8M(15M) 0.256ms
[95.803s][info][gc] GC(4390) Pause Young (Allocation Failure) 12M->8M(15M) 0.343ms
[95.807s][info][gc] GC(4391) Pause Young (Allocation Failure) 12M->8M(15M) 0.175ms
[95.810s][info][gc] GC(4392) Pause Young (Allocation Failure) 12M->8M(15M) 0.313ms
[95.814s][info][gc] GC(4393) Pause Young (Allocation Failure) 12M->8M(15M) 0.564ms
[95.818s][info][gc] GC(4394) Pause Young (Allocation Failure) 12M->8M(15M) 0.245ms
[95.821s][info][gc] GC(4395) Pause Young (Allocation Failure) 12M->8M(15M) 0.230ms
[95.824s][info][gc] GC(4396) Pause Young (Allocation Failure) 12M->8M(15M) 0.179ms
[95.828s][info][gc] GC(4397) Pause Young (Allocation Failure) 12M->8M(15M) 0.368ms
[95.832s][info][gc] GC(4398) Pause Young (Allocation Failure) 13M->8M(15M) 0.542ms
[95.835s][info][gc] GC(4399) Pause Young (Allocation Failure) 13M->8M(15M) 0.294ms
[95.839s][info][gc] GC(4400) Pause Young (Allocation Failure) 13M->8M(15M) 0.269ms
[95.842s][info][gc] GC(4401) Pause Young (Allocation Failure) 13M->8M(15M) 0.236ms
[95.846s][info][gc] GC(4402) Pause Young (Allocation Failure) 13M->8M(15M) 0.345ms
[95.850s][info][gc] GC(4403) Pause Young (Allocation Failure) 13M->8M(15M) 0.299ms
[95.853s][info][gc] GC(4404) Pause Young (Allocation Failure) 13M->8M(15M) 0.573ms
[95.857s][info][gc] GC(4405) Pause Young (Allocation Failure) 13M->8M(15M) 0.237ms
[95.860s][info][gc] GC(4406) Pause Young (Allocation Failure) 13M->8M(15M) 0.249ms
[95.863s][info][gc] GC(4407) Pause Young (Allocation Failure) 13M->8M(15M) 0.517ms
[95.867s][info][gc] GC(4408) Pause Young (Allocation Failure) 13M->8M(15M) 0.282ms
[95.871s][info][gc] GC(4409) Pause Young (Allocation Failure) 13M->8M(15M) 0.254ms
[95.874s][info][gc] GC(4410) Pause Young (Allocation Failure) 13M->8M(15M) 0.238ms
[95.877s][info][gc] GC(4411) Pause Young (Allocation Failure) 13M->8M(15M) 0.270ms
[95.881s][info][gc] GC(4412) Pause Young (Allocation Failure) 13M->8M(15M) 0.598ms
[95.884s][info][gc] GC(4413) Pause Young (Allocation Failure) 13M->8M(15M) 0.257ms
[95.888s][info][gc] GC(4414) Pause Young (Allocation Failure) 13M->8M(15M) 0.322ms
[95.892s][info][gc] GC(4415) Pause Young (Allocation Failure) 13M->8M(15M) 0.371ms
[95.897s][info][gc] GC(4416) Pause Young (Allocation Failure) 13M->8M(15M) 0.633ms
[95.903s][info][gc] GC(4417) Pause Young (Allocation Failure) 13M->8M(15M) 0.894ms
[95.908s][info][gc] GC(4418) Pause Young (Allocation Failure) 13M->8M(15M) 0.367ms
[95.913s][info][gc] GC(4419) Pause Young (Allocation Failure) 13M->8M(15M) 0.454ms
[95.918s][info][gc] GC(4420) Pause Young (Allocation Failure) 13M->8M(15M) 0.389ms
[95.923s][info][gc] GC(4421) Pause Young (Allocation Failure) 13M->8M(15M) 0.406ms
[95.928s][info][gc] GC(4422) Pause Young (Allocation Failure) 13M->8M(15M) 0.468ms
[95.934s][info][gc] GC(4423) Pause Young (Allocation Failure) 13M->8M(15M) 0.343ms
[95.939s][info][gc] GC(4424) Pause Young (Allocation Failure) 13M->8M(15M) 0.655ms
[95.943s][info][gc] GC(4425) Pause Young (Allocation Failure) 13M->8M(15M) 0.355ms
[95.949s][info][gc] GC(4426) Pause Young (Allocation Failure) 13M->8M(15M) 0.625ms
[95.954s][info][gc] GC(4427) Pause Young (Allocation Failure) 13M->8M(15M) 0.403ms
[95.959s][info][gc] GC(4428) Pause Young (Allocation Failure) 13M->8M(15M) 0.342ms
[95.964s][info][gc] GC(4429) Pause Young (Allocation Failure) 13M->8M(15M) 0.694ms
[95.969s][info][gc] GC(4430) Pause Young (Allocation Failure) 13M->8M(15M) 0.387ms
[95.974s][info][gc] GC(4431) Pause Young (Allocation Failure) 13M->8M(15M) 0.332ms
[95.978s][info][gc] GC(4432) Pause Young (Allocation Failure) 13M->8M(15M) 0.371ms
[95.984s][info][gc] GC(4433) Pause Young (Allocation Failure) 13M->8M(15M) 0.811ms
[95.989s][info][gc] GC(4434) Pause Young (Allocation Failure) 13M->8M(15M) 0.286ms
[95.993s][info][gc] GC(4435) Pause Young (Allocation Failure) 13M->8M(15M) 0.272ms
[95.998s][info][gc] GC(4436) Pause Young (Allocation Failure) 13M->8M(15M) 0.628ms
[96.002s][info][gc] GC(4437) Pause Young (Allocation Failure) 13M->8M(15M) 0.316ms
[96.007s][info][gc] GC(4438) Pause Young (Allocation Failure) 13M->8M(15M) 0.333ms
[96.011s][info][gc] GC(4439) Pause Young (Allocation Failure) 13M->8M(15M) 0.266ms
[96.016s][info][gc] GC(4440) Pause Young (Allocation Failure) 13M->8M(15M) 0.659ms
[96.021s][info][gc] GC(4441) Pause Young (Allocation Failure) 13M->8M(15M) 0.574ms
[96.025s][info][gc] GC(4442) Pause Young (Allocation Failure) 13M->8M(15M) 0.335ms
[96.030s][info][gc] GC(4443) Pause Young (Allocation Failure) 13M->8M(15M) 0.339ms
[96.034s][info][gc] GC(4444) Pause Young (Allocation Failure) 13M->8M(15M) 0.305ms
[96.039s][info][gc] GC(4445) Pause Young (Allocation Failure) 13M->8M(15M) 0.687ms
[96.043s][info][gc] GC(4446) Pause Young (Allocation Failure) 13M->8M(15M) 0.286ms
[96.047s][info][gc] GC(4447) Pause Young (Allocation Failure) 13M->8M(15M) 0.423ms
[96.052s][info][gc] GC(4448) Pause Young (Allocation Failure) 13M->8M(15M) 0.461ms
[96.056s][info][gc] GC(4449) Pause Young (Allocation Failure) 13M->8M(15M) 0.297ms
[96.060s][info][gc] GC(4450) Pause Young (Allocation Failure) 13M->8M(15M) 0.379ms
[96.064s][info][gc] GC(4451) Pause Young (Allocation Failure) 13M->8M(15M) 0.580ms
[96.069s][info][gc] GC(4452) Pause Young (Allocation Failure) 13M->8M(15M) 0.361ms
[96.073s][info][gc] GC(4453) Pause Young (Allocation Failure) 13M->8M(15M) 0.495ms
[96.077s][info][gc] GC(4454) Pause Young (Allocation Failure) 13M->8M(15M) 0.331ms
[96.081s][info][gc] GC(4455) Pause Young (Allocation Failure) 13M->8M(15M) 0.650ms
[96.087s][info][gc] GC(4456) Pause Young (Allocation Failure) 13M->8M(15M) 0.848ms
[96.091s][info][gc] GC(4457) Pause Young (Allocation Failure) 13M->8M(15M) 0.290ms
[96.095s][info][gc] GC(4458) Pause Young (Allocation Failure) 13M->8M(15M) 0.464ms
[96.100s][info][gc] GC(4459) Pause Young (Allocation Failure) 13M->8M(15M) 0.515ms
[96.104s][info][gc] GC(4460) Pause Young (Allocation Failure) 13M->8M(15M) 0.404ms
[96.108s][info][gc] GC(4461) Pause Young (Allocation Failure) 13M->8M(15M) 0.305ms
[96.113s][info][gc] GC(4462) Pause Young (Allocation Failure) 13M->8M(15M) 0.907ms
[96.118s][info][gc] GC(4463) Pause Young (Allocation Failure) 13M->8M(15M) 0.641ms
[96.122s][info][gc] GC(4464) Pause Young (Allocation Failure) 13M->8M(15M) 0.484ms
[96.126s][info][gc] GC(4465) Pause Young (Allocation Failure) 13M->8M(15M) 0.407ms
[96.131s][info][gc] GC(4466) Pause Young (Allocation Failure) 13M->8M(15M) 0.547ms
[96.136s][info][gc] GC(4467) Pause Young (Allocation Failure) 13M->8M(15M) 0.328ms
[96.141s][info][gc] GC(4468) Pause Young (Allocation Failure) 13M->8M(15M) 0.615ms
[96.145s][info][gc] GC(4469) Pause Young (Allocation Failure) 13M->8M(15M) 0.342ms
[96.150s][info][gc] GC(4470) Pause Young (Allocation Failure) 13M->8M(15M) 0.934ms
[96.155s][info][gc] GC(4471) Pause Young (Allocation Failure) 13M->8M(15M) 0.607ms
[96.159s][info][gc] GC(4472) Pause Young (Allocation Failure) 13M->8M(15M) 0.370ms
[96.164s][info][gc] GC(4473) Pause Young (Allocation Failure) 13M->8M(15M) 0.549ms
[96.169s][info][gc] GC(4474) Pause Young (Allocation Failure) 13M->8M(15M) 0.559ms
[96.174s][info][gc] GC(4475) Pause Young (Allocation Failure) 13M->8M(15M) 0.395ms
[96.178s][info][gc] GC(4476) Pause Young (Allocation Failure) 13M->8M(15M) 0.321ms
[96.184s][info][gc] GC(4477) Pause Young (Allocation Failure) 13M->8M(15M) 1.023ms
[96.189s][info][gc] GC(4478) Pause Young (Allocation Failure) 13M->8M(15M) 0.327ms
[96.193s][info][gc] GC(4479) Pause Young (Allocation Failure) 13M->8M(15M) 0.309ms
[96.198s][info][gc] GC(4480) Pause Young (Allocation Failure) 13M->8M(15M) 0.494ms
[96.202s][info][gc] GC(4481) Pause Young (Allocation Failure) 13M->8M(15M) 0.470ms
[96.207s][info][gc] GC(4482) Pause Young (Allocation Failure) 13M->8M(15M) 0.317ms
[96.211s][info][gc] GC(4483) Pause Young (Allocation Failure) 13M->8M(15M) 0.375ms
[96.215s][info][gc] GC(4484) Pause Young (Allocation Failure) 13M->8M(15M) 0.608ms
[96.221s][info][gc] GC(4485) Pause Young (Allocation Failure) 13M->8M(15M) 0.662ms
[96.225s][info][gc] GC(4486) Pause Young (Allocation Failure) 13M->8M(15M) 0.312ms
[96.230s][info][gc] GC(4487) Pause Young (Allocation Failure) 13M->8M(15M) 0.729ms
[96.235s][info][gc] GC(4488) Pause Young (Allocation Failure) 13M->8M(15M) 0.449ms
[96.240s][info][gc] GC(4489) Pause Young (Allocation Failure) 13M->8M(15M) 0.383ms
[96.244s][info][gc] GC(4490) Pause Young (Allocation Failure) 13M->8M(15M) 0.326ms
[96.249s][info][gc] GC(4491) Pause Young (Allocation Failure) 13M->8M(15M) 0.718ms
[96.254s][info][gc] GC(4492) Pause Young (Allocation Failure) 13M->8M(15M) 0.937ms
[96.258s][info][gc] GC(4493) Pause Young (Allocation Failure) 13M->8M(15M) 0.391ms
[96.263s][info][gc] GC(4494) Pause Young (Allocation Failure) 13M->8M(15M) 0.940ms
[96.268s][info][gc] GC(4495) Pause Young (Allocation Failure) 13M->8M(15M) 0.505ms
[96.273s][info][gc] GC(4496) Pause Young (Allocation Failure) 13M->8M(15M) 0.298ms
[96.276s][info][gc] GC(4497) Pause Young (Allocation Failure) 13M->8M(15M) 0.235ms
[96.280s][info][gc] GC(4498) Pause Young (Allocation Failure) 13M->8M(15M) 0.574ms
[96.285s][info][gc] GC(4499) Pause Young (Allocation Failure) 13M->8M(15M) 0.251ms
[96.290s][info][gc] GC(4500) Pause Young (Allocation Failure) 13M->8M(15M) 0.316ms
[96.293s][info][gc] GC(4501) Pause Young (Allocation Failure) 13M->8M(15M) 0.288ms
[96.298s][info][gc] GC(4502) Pause Young (Allocation Failure) 13M->8M(15M) 0.568ms
[96.302s][info][gc] GC(4503) Pause Young (Allocation Failure) 13M->8M(15M) 0.327ms
[96.307s][info][gc] GC(4504) Pause Young (Allocation Failure) 13M->8M(15M) 0.372ms
[96.310s][info][gc] GC(4505) Pause Young (Allocation Failure) 13M->8M(15M) 0.300ms
[96.315s][info][gc] GC(4506) Pause Young (Allocation Failure) 13M->8M(15M) 0.838ms
[96.321s][info][gc] GC(4507) Pause Young (Allocation Failure) 13M->8M(15M) 0.925ms
[96.325s][info][gc] GC(4508) Pause Young (Allocation Failure) 13M->8M(15M) 0.324ms
[96.330s][info][gc] GC(4509) Pause Young (Allocation Failure) 13M->8M(15M) 0.890ms
[96.335s][info][gc] GC(4510) Pause Young (Allocation Failure) 13M->8M(15M) 0.415ms
[96.340s][info][gc] GC(4511) Pause Young (Allocation Failure) 13M->8M(15M) 0.305ms
[96.343s][info][gc] GC(4512) Pause Young (Allocation Failure) 13M->8M(15M) 0.316ms
[96.348s][info][gc] GC(4513) Pause Young (Allocation Failure) 13M->8M(15M) 0.442ms
[96.352s][info][gc] GC(4514) Pause Young (Allocation Failure) 13M->8M(15M) 0.330ms
[96.357s][info][gc] GC(4515) Pause Young (Allocation Failure) 13M->8M(15M) 0.301ms
[96.361s][info][gc] GC(4516) Pause Young (Allocation Failure) 13M->8M(15M) 0.363ms
[96.366s][info][gc] GC(4517) Pause Young (Allocation Failure) 13M->8M(15M) 0.667ms
[96.370s][info][gc] GC(4518) Pause Young (Allocation Failure) 13M->8M(15M) 0.366ms
[96.374s][info][gc] GC(4519) Pause Young (Allocation Failure) 13M->8M(15M) 0.276ms
[96.378s][info][gc] GC(4520) Pause Young (Allocation Failure) 13M->8M(15M) 0.313ms
[96.383s][info][gc] GC(4521) Pause Young (Allocation Failure) 13M->8M(15M) 0.660ms
[96.388s][info][gc] GC(4522) Pause Young (Allocation Failure) 13M->8M(15M) 1.012ms
[96.392s][info][gc] GC(4523) Pause Young (Allocation Failure) 13M->8M(15M) 0.311ms
[96.396s][info][gc] GC(4524) Pause Young (Allocation Failure) 13M->8M(15M) 0.295ms
[96.400s][info][gc] GC(4525) Pause Young (Allocation Failure) 13M->8M(15M) 0.649ms
[96.405s][info][gc] GC(4526) Pause Young (Allocation Failure) 13M->8M(15M) 0.912ms
[96.410s][info][gc] GC(4527) Pause Young (Allocation Failure) 13M->8M(15M) 0.389ms
[96.414s][info][gc] GC(4528) Pause Young (Allocation Failure) 13M->8M(15M) 0.476ms
[96.420s][info][gc] GC(4529) Pause Young (Allocation Failure) 13M->8M(15M) 0.473ms
[96.425s][info][gc] GC(4530) Pause Young (Allocation Failure) 13M->8M(15M) 0.390ms
[96.429s][info][gc] GC(4531) Pause Young (Allocation Failure) 13M->8M(15M) 0.384ms
[96.434s][info][gc] GC(4532) Pause Young (Allocation Failure) 13M->8M(15M) 0.630ms
[96.440s][info][gc] GC(4533) Pause Young (Allocation Failure) 13M->8M(15M) 0.986ms
[96.445s][info][gc] GC(4534) Pause Young (Allocation Failure) 13M->8M(15M) 0.340ms
[96.451s][info][gc] GC(4535) Pause Young (Allocation Failure) 13M->8M(15M) 1.053ms
[96.458s][info][gc] GC(4536) Pause Young (Allocation Failure) 13M->8M(15M) 0.575ms
[96.466s][info][gc] GC(4537) Pause Young (Allocation Failure) 13M->8M(15M) 0.926ms
[96.473s][info][gc] GC(4538) Pause Young (Allocation Failure) 13M->8M(15M) 0.730ms
[96.480s][info][gc] GC(4539) Pause Young (Allocation Failure) 13M->8M(15M) 0.844ms
[96.486s][info][gc] GC(4540) Pause Young (Allocation Failure) 13M->8M(15M) 0.436ms
[96.492s][info][gc] GC(4541) Pause Young (Allocation Failure) 13M->8M(15M) 0.386ms
[96.497s][info][gc] GC(4542) Pause Young (Allocation Failure) 13M->8M(15M) 0.508ms
[96.503s][info][gc] GC(4543) Pause Young (Allocation Failure) 13M->8M(15M) 0.426ms
[96.508s][info][gc] GC(4544) Pause Young (Allocation Failure) 13M->8M(15M) 0.399ms
[96.515s][info][gc] GC(4545) Pause Young (Allocation Failure) 13M->8M(15M) 0.689ms
[96.522s][info][gc] GC(4546) Pause Young (Allocation Failure) 13M->8M(15M) 0.522ms
[96.528s][info][gc] GC(4547) Pause Young (Allocation Failure) 13M->8M(15M) 0.394ms
[96.534s][info][gc] GC(4548) Pause Young (Allocation Failure) 13M->8M(15M) 0.851ms
[96.541s][info][gc] GC(4549) Pause Young (Allocation Failure) 13M->8M(15M) 0.544ms
[96.546s][info][gc] GC(4550) Pause Young (Allocation Failure) 13M->8M(15M) 0.540ms
[96.552s][info][gc] GC(4551) Pause Young (Allocation Failure) 13M->8M(15M) 0.910ms
[96.558s][info][gc] GC(4552) Pause Young (Allocation Failure) 13M->8M(15M) 0.973ms
[96.563s][info][gc] GC(4553) Pause Young (Allocation Failure) 13M->8M(15M) 0.436ms
[96.569s][info][gc] GC(4554) Pause Young (Allocation Failure) 13M->8M(15M) 1.017ms
[96.575s][info][gc] GC(4555) Pause Young (Allocation Failure) 13M->8M(15M) 0.372ms
[96.580s][info][gc] GC(4556) Pause Young (Allocation Failure) 13M->8M(15M) 0.433ms
[96.585s][info][gc] GC(4557) Pause Young (Allocation Failure) 13M->8M(15M) 0.798ms
[96.591s][info][gc] GC(4558) Pause Young (Allocation Failure) 13M->8M(15M) 0.988ms
[96.595s][info][gc] GC(4559) Pause Young (Allocation Failure) 13M->8M(15M) 0.334ms
[96.600s][info][gc] GC(4560) Pause Young (Allocation Failure) 13M->8M(15M) 0.610ms
[96.604s][info][gc] GC(4561) Pause Young (Allocation Failure) 13M->8M(15M) 0.421ms
[96.609s][info][gc] GC(4562) Pause Young (Allocation Failure) 13M->8M(15M) 0.331ms
[96.615s][info][gc] GC(4563) Pause Young (Allocation Failure) 13M->8M(15M) 0.673ms
[96.620s][info][gc] GC(4564) Pause Young (Allocation Failure) 13M->8M(15M) 0.374ms
[96.624s][info][gc] GC(4565) Pause Young (Allocation Failure) 13M->8M(15M) 0.410ms
[96.628s][info][gc] GC(4566) Pause Young (Allocation Failure) 13M->8M(15M) 0.247ms
[96.632s][info][gc] GC(4567) Pause Young (Allocation Failure) 13M->8M(15M) 0.419ms
[96.637s][info][gc] GC(4568) Pause Young (Allocation Failure) 13M->8M(15M) 0.257ms
[96.641s][info][gc] GC(4569) Pause Young (Allocation Failure) 13M->8M(15M) 0.369ms
[96.644s][info][gc] GC(4570) Pause Young (Allocation Failure) 13M->8M(15M) 0.273ms
[96.648s][info][gc] GC(4571) Pause Young (Allocation Failure) 13M->8M(15M) 0.383ms
[96.652s][info][gc] GC(4572) Pause Young (Allocation Failure) 13M->8M(15M) 0.341ms
[96.657s][info][gc] GC(4573) Pause Young (Allocation Failure) 13M->8M(15M) 0.523ms
[96.660s][info][gc] GC(4574) Pause Young (Allocation Failure) 13M->8M(15M) 0.315ms
[96.665s][info][gc] GC(4575) Pause Young (Allocation Failure) 13M->8M(15M) 0.640ms
[96.669s][info][gc] GC(4576) Pause Young (Allocation Failure) 13M->8M(15M) 0.275ms
[96.673s][info][gc] GC(4577) Pause Young (Allocation Failure) 13M->8M(15M) 0.516ms
[96.677s][info][gc] GC(4578) Pause Young (Allocation Failure) 13M->8M(15M) 0.245ms
[96.680s][info][gc] GC(4579) Pause Young (Allocation Failure) 13M->8M(15M) 0.346ms
[96.685s][info][gc] GC(4580) Pause Young (Allocation Failure) 13M->8M(15M) 0.903ms
[96.689s][info][gc] GC(4581) Pause Young (Allocation Failure) 13M->8M(15M) 0.575ms
[96.693s][info][gc] GC(4582) Pause Young (Allocation Failure) 13M->8M(15M) 0.268ms
[96.696s][info][gc] GC(4583) Pause Young (Allocation Failure) 13M->8M(15M) 0.298ms
[96.700s][info][gc] GC(4584) Pause Young (Allocation Failure) 13M->8M(15M) 0.567ms
[96.704s][info][gc] GC(4585) Pause Young (Allocation Failure) 13M->8M(15M) 0.284ms
[96.708s][info][gc] GC(4586) Pause Young (Allocation Failure) 13M->8M(15M) 0.305ms
[96.712s][info][gc] GC(4587) Pause Young (Allocation Failure) 13M->8M(15M) 0.296ms
[96.716s][info][gc] GC(4588) Pause Young (Allocation Failure) 13M->8M(15M) 0.521ms
[96.720s][info][gc] GC(4589) Pause Young (Allocation Failure) 13M->8M(15M) 0.343ms
[96.723s][info][gc] GC(4590) Pause Young (Allocation Failure) 13M->8M(15M) 0.486ms
[96.727s][info][gc] GC(4591) Pause Young (Allocation Failure) 13M->8M(15M) 0.344ms
[96.731s][info][gc] GC(4592) Pause Young (Allocation Failure) 13M->8M(15M) 0.469ms
[96.736s][info][gc] GC(4593) Pause Young (Allocation Failure) 13M->8M(15M) 0.499ms
[96.740s][info][gc] GC(4594) Pause Young (Allocation Failure) 13M->8M(15M) 0.461ms
[96.743s][info][gc] GC(4595) Pause Young (Allocation Failure) 13M->8M(15M) 0.195ms
[96.747s][info][gc] GC(4596) Pause Young (Allocation Failure) 13M->8M(15M) 0.291ms
[96.751s][info][gc] GC(4597) Pause Young (Allocation Failure) 13M->8M(15M) 0.636ms
[96.755s][info][gc] GC(4598) Pause Young (Allocation Failure) 13M->8M(15M) 0.453ms
[96.759s][info][gc] GC(4599) Pause Young (Allocation Failure) 13M->8M(15M) 0.294ms
[96.763s][info][gc] GC(4600) Pause Young (Allocation Failure) 13M->8M(15M) 0.277ms
[96.767s][info][gc] GC(4601) Pause Young (Allocation Failure) 13M->8M(15M) 0.540ms
[96.770s][info][gc] GC(4602) Pause Young (Allocation Failure) 13M->8M(15M) 0.293ms
[96.774s][info][gc] GC(4603) Pause Young (Allocation Failure) 13M->8M(15M) 0.285ms
[96.778s][info][gc] GC(4604) Pause Young (Allocation Failure) 13M->8M(15M) 0.252ms
[96.781s][info][gc] GC(4605) Pause Young (Allocation Failure) 13M->9M(15M) 0.385ms
[96.785s][info][gc] GC(4606) Pause Young (Allocation Failure) 13M->9M(15M) 0.658ms
[96.789s][info][gc] GC(4607) Pause Young (Allocation Failure) 13M->9M(15M) 0.459ms
[96.793s][info][gc] GC(4608) Pause Young (Allocation Failure) 13M->9M(15M) 0.272ms
[96.796s][info][gc] GC(4609) Pause Young (Allocation Failure) 13M->9M(15M) 0.266ms
[96.799s][info][gc] GC(4610) Pause Young (Allocation Failure) 13M->9M(15M) 0.415ms
[96.803s][info][gc] GC(4611) Pause Young (Allocation Failure) 13M->9M(15M) 0.301ms
[96.807s][info][gc] GC(4612) Pause Young (Allocation Failure) 13M->9M(15M) 0.472ms
[96.810s][info][gc] GC(4613) Pause Young (Allocation Failure) 13M->9M(15M) 0.241ms
[96.813s][info][gc] GC(4614) Pause Young (Allocation Failure) 13M->9M(15M) 0.259ms
[96.817s][info][gc] GC(4615) Pause Young (Allocation Failure) 13M->9M(15M) 0.665ms
[96.821s][info][gc] GC(4616) Pause Young (Allocation Failure) 13M->9M(15M) 0.275ms
[96.824s][info][gc] GC(4617) Pause Young (Allocation Failure) 13M->9M(15M) 0.258ms
[96.827s][info][gc] GC(4618) Pause Young (Allocation Failure) 13M->9M(15M) 0.231ms
[96.830s][info][gc] GC(4619) Pause Young (Allocation Failure) 13M->9M(15M) 0.236ms
[96.834s][info][gc] GC(4620) Pause Young (Allocation Failure) 13M->9M(15M) 0.576ms
[96.838s][info][gc] GC(4621) Pause Young (Allocation Failure) 13M->9M(15M) 0.311ms
[96.841s][info][gc] GC(4622) Pause Young (Allocation Failure) 13M->9M(15M) 0.232ms
[96.844s][info][gc] GC(4623) Pause Young (Allocation Failure) 13M->9M(15M) 0.237ms
[96.847s][info][gc] GC(4624) Pause Young (Allocation Failure) 13M->9M(15M) 0.272ms
[96.851s][info][gc] GC(4625) Pause Young (Allocation Failure) 13M->9M(15M) 0.546ms
[96.855s][info][gc] GC(4626) Pause Young (Allocation Failure) 13M->8M(15M) 0.291ms
[96.859s][info][gc] GC(4627) Pause Young (Allocation Failure) 13M->8M(15M) 0.223ms
[96.862s][info][gc] GC(4628) Pause Young (Allocation Failure) 13M->9M(15M) 0.232ms
[96.866s][info][gc] GC(4629) Pause Young (Allocation Failure) 13M->8M(15M) 0.299ms
[96.869s][info][gc] GC(4630) Pause Young (Allocation Failure) 13M->8M(15M) 0.264ms
[96.873s][info][gc] GC(4631) Pause Young (Allocation Failure) 13M->9M(15M) 0.458ms
[96.876s][info][gc] GC(4632) Pause Young (Allocation Failure) 13M->8M(15M) 0.201ms
[96.879s][info][gc] GC(4633) Pause Young (Allocation Failure) 13M->9M(15M) 0.243ms
[96.883s][info][gc] GC(4634) Pause Young (Allocation Failure) 13M->9M(15M) 0.508ms
[96.887s][info][gc] GC(4635) Pause Young (Allocation Failure) 13M->9M(15M) 0.281ms
[96.891s][info][gc] GC(4636) Pause Young (Allocation Failure) 13M->9M(15M) 0.281ms
[96.894s][info][gc] GC(4637) Pause Young (Allocation Failure) 13M->8M(15M) 0.187ms
[96.897s][info][gc] GC(4638) Pause Young (Allocation Failure) 13M->9M(15M) 0.248ms
[96.901s][info][gc] GC(4639) Pause Young (Allocation Failure) 13M->9M(15M) 0.574ms
[96.905s][info][gc] GC(4640) Pause Young (Allocation Failure) 13M->9M(15M) 0.327ms
[96.908s][info][gc] GC(4641) Pause Young (Allocation Failure) 13M->9M(15M) 0.242ms
[96.911s][info][gc] GC(4642) Pause Young (Allocation Failure) 13M->9M(15M) 0.242ms
[96.914s][info][gc] GC(4643) Pause Young (Allocation Failure) 13M->9M(15M) 0.284ms
[96.918s][info][gc] GC(4644) Pause Young (Allocation Failure) 13M->9M(15M) 0.588ms
[96.921s][info][gc] GC(4645) Pause Young (Allocation Failure) 13M->9M(15M) 0.262ms
[96.925s][info][gc] GC(4646) Pause Young (Allocation Failure) 13M->9M(15M) 0.244ms
[96.928s][info][gc] GC(4647) Pause Young (Allocation Failure) 13M->9M(15M) 0.219ms
[96.931s][info][gc] GC(4648) Pause Young (Allocation Failure) 13M->9M(15M) 0.283ms
[96.935s][info][gc] GC(4649) Pause Young (Allocation Failure) 13M->9M(15M) 0.481ms
[96.938s][info][gc] GC(4650) Pause Young (Allocation Failure) 13M->9M(15M) 0.222ms
[96.942s][info][gc] GC(4651) Pause Young (Allocation Failure) 13M->9M(15M) 0.234ms
[96.945s][info][gc] GC(4652) Pause Young (Allocation Failure) 13M->8M(15M) 0.169ms
[96.948s][info][gc] GC(4653) Pause Young (Allocation Failure) 13M->9M(15M) 0.344ms
[96.952s][info][gc] GC(4654) Pause Young (Allocation Failure) 13M->9M(15M) 0.568ms
[96.955s][info][gc] GC(4655) Pause Young (Allocation Failure) 13M->9M(15M) 0.256ms
[96.959s][info][gc] GC(4656) Pause Young (Allocation Failure) 13M->9M(15M) 0.264ms
[96.962s][info][gc] GC(4657) Pause Young (Allocation Failure) 13M->9M(15M) 0.295ms
[96.966s][info][gc] GC(4658) Pause Young (Allocation Failure) 13M->9M(15M) 0.385ms
[96.970s][info][gc] GC(4659) Pause Young (Allocation Failure) 13M->9M(15M) 0.296ms
[96.973s][info][gc] GC(4660) Pause Young (Allocation Failure) 13M->9M(15M) 0.583ms
[96.977s][info][gc] GC(4661) Pause Young (Allocation Failure) 13M->9M(15M) 0.261ms
[96.980s][info][gc] GC(4662) Pause Young (Allocation Failure) 13M->9M(15M) 0.270ms
[96.984s][info][gc] GC(4663) Pause Young (Allocation Failure) 13M->9M(15M) 0.525ms
[96.988s][info][gc] GC(4664) Pause Young (Allocation Failure) 13M->9M(15M) 0.276ms
[96.992s][info][gc] GC(4665) Pause Young (Allocation Failure) 13M->9M(15M) 0.264ms
[96.995s][info][gc] GC(4666) Pause Young (Allocation Failure) 13M->9M(15M) 0.246ms
[96.999s][info][gc] GC(4667) Pause Young (Allocation Failure) 13M->9M(15M) 0.371ms
[97.003s][info][gc] GC(4668) Pause Young (Allocation Failure) 13M->9M(15M) 0.349ms
[97.007s][info][gc] GC(4669) Pause Young (Allocation Failure) 13M->9M(15M) 0.524ms
[97.010s][info][gc] GC(4670) Pause Young (Allocation Failure) 13M->9M(15M) 0.257ms
[97.014s][info][gc] GC(4671) Pause Young (Allocation Failure) 13M->9M(15M) 0.276ms
[97.018s][info][gc] GC(4672) Pause Young (Allocation Failure) 13M->9M(15M) 0.630ms
[97.022s][info][gc] GC(4673) Pause Young (Allocation Failure) 13M->9M(15M) 0.360ms
[97.026s][info][gc] GC(4674) Pause Young (Allocation Failure) 13M->9M(15M) 0.333ms
[97.029s][info][gc] GC(4675) Pause Young (Allocation Failure) 13M->9M(15M) 0.256ms
[97.033s][info][gc] GC(4676) Pause Young (Allocation Failure) 13M->9M(15M) 0.329ms
[97.038s][info][gc] GC(4677) Pause Young (Allocation Failure) 13M->9M(15M) 0.379ms
[97.042s][info][gc] GC(4678) Pause Young (Allocation Failure) 13M->9M(15M) 0.320ms
[97.046s][info][gc] GC(4679) Pause Young (Allocation Failure) 13M->9M(15M) 0.312ms
[97.050s][info][gc] GC(4680) Pause Young (Allocation Failure) 13M->9M(15M) 0.327ms
[97.054s][info][gc] GC(4681) Pause Young (Allocation Failure) 13M->9M(15M) 0.252ms
[97.058s][info][gc] GC(4682) Pause Young (Allocation Failure) 13M->9M(15M) 0.278ms
[97.062s][info][gc] GC(4683) Pause Young (Allocation Failure) 13M->9M(15M) 0.255ms
[97.066s][info][gc] GC(4684) Pause Young (Allocation Failure) 13M->9M(15M) 0.384ms
[97.070s][info][gc] GC(4685) Pause Young (Allocation Failure) 13M->9M(15M) 0.301ms
[97.075s][info][gc] GC(4686) Pause Young (Allocation Failure) 13M->9M(15M) 0.570ms
[97.078s][info][gc] GC(4687) Pause Young (Allocation Failure) 13M->9M(15M) 0.293ms
[97.083s][info][gc] GC(4688) Pause Young (Allocation Failure) 13M->9M(15M) 0.592ms
[97.087s][info][gc] GC(4689) Pause Young (Allocation Failure) 13M->9M(15M) 0.325ms
[97.091s][info][gc] GC(4690) Pause Young (Allocation Failure) 13M->9M(15M) 0.452ms
[97.095s][info][gc] GC(4691) Pause Young (Allocation Failure) 13M->9M(15M) 0.283ms
[97.098s][info][gc] GC(4692) Pause Young (Allocation Failure) 13M->9M(15M) 0.331ms
[97.103s][info][gc] GC(4693) Pause Young (Allocation Failure) 13M->9M(15M) 0.638ms
[97.107s][info][gc] GC(4694) Pause Young (Allocation Failure) 13M->9M(15M) 0.512ms
[97.111s][info][gc] GC(4695) Pause Young (Allocation Failure) 13M->9M(15M) 0.279ms
[97.114s][info][gc] GC(4696) Pause Young (Allocation Failure) 13M->9M(15M) 0.293ms
[97.119s][info][gc] GC(4697) Pause Young (Allocation Failure) 13M->9M(15M) 0.609ms
[97.123s][info][gc] GC(4698) Pause Young (Allocation Failure) 13M->9M(15M) 0.515ms
[97.127s][info][gc] GC(4699) Pause Young (Allocation Failure) 13M->9M(15M) 0.291ms
[97.131s][info][gc] GC(4700) Pause Young (Allocation Failure) 13M->9M(15M) 0.339ms
[97.134s][info][gc] GC(4701) Pause Young (Allocation Failure) 13M->9M(15M) 0.519ms
[97.139s][info][gc] GC(4702) Pause Young (Allocation Failure) 13M->9M(15M) 0.314ms
[97.143s][info][gc] GC(4703) Pause Young (Allocation Failure) 13M->9M(15M) 0.224ms
[97.146s][info][gc] GC(4704) Pause Young (Allocation Failure) 13M->9M(15M) 0.222ms
[97.150s][info][gc] GC(4705) Pause Young (Allocation Failure) 13M->9M(15M) 0.342ms
[97.154s][info][gc] GC(4706) Pause Young (Allocation Failure) 13M->9M(15M) 0.258ms
[97.158s][info][gc] GC(4707) Pause Young (Allocation Failure) 13M->9M(15M) 0.566ms
[97.161s][info][gc] GC(4708) Pause Young (Allocation Failure) 13M->9M(15M) 0.311ms
[97.165s][info][gc] GC(4709) Pause Young (Allocation Failure) 13M->9M(15M) 0.309ms
[97.169s][info][gc] GC(4710) Pause Young (Allocation Failure) 13M->9M(15M) 0.645ms
[97.173s][info][gc] GC(4711) Pause Young (Allocation Failure) 13M->9M(15M) 0.360ms
[97.177s][info][gc] GC(4712) Pause Young (Allocation Failure) 13M->9M(15M) 0.276ms
[97.180s][info][gc] GC(4713) Pause Young (Allocation Failure) 13M->9M(15M) 0.270ms
[97.184s][info][gc] GC(4714) Pause Young (Allocation Failure) 13M->9M(15M) 0.376ms
[97.188s][info][gc] GC(4715) Pause Young (Allocation Failure) 13M->9M(15M) 0.292ms
[97.191s][info][gc] GC(4716) Pause Young (Allocation Failure) 13M->9M(15M) 0.528ms
[97.195s][info][gc] GC(4717) Pause Young (Allocation Failure) 13M->9M(15M) 0.261ms
[97.198s][info][gc] GC(4718) Pause Young (Allocation Failure) 13M->9M(15M) 0.341ms
[97.202s][info][gc] GC(4719) Pause Young (Allocation Failure) 13M->9M(15M) 0.506ms
[97.206s][info][gc] GC(4720) Pause Young (Allocation Failure) 13M->9M(15M) 0.213ms
[97.209s][info][gc] GC(4721) Pause Young (Allocation Failure) 13M->9M(15M) 0.285ms
[97.212s][info][gc] GC(4722) Pause Young (Allocation Failure) 13M->9M(15M) 0.270ms
[97.216s][info][gc] GC(4723) Pause Young (Allocation Failure) 13M->9M(15M) 0.270ms
[97.220s][info][gc] GC(4724) Pause Young (Allocation Failure) 13M->9M(15M) 0.408ms
[97.224s][info][gc] GC(4725) Pause Young (Allocation Failure) 13M->9M(15M) 0.484ms
[97.228s][info][gc] GC(4726) Pause Young (Allocation Failure) 13M->9M(15M) 0.322ms
[97.232s][info][gc] GC(4727) Pause Young (Allocation Failure) 13M->9M(15M) 0.595ms
[97.237s][info][gc] GC(4728) Pause Young (Allocation Failure) 13M->9M(15M) 0.765ms
[97.242s][info][gc] GC(4729) Pause Young (Allocation Failure) 13M->9M(15M) 0.564ms
[97.246s][info][gc] GC(4730) Pause Young (Allocation Failure) 13M->9M(15M) 0.303ms
[97.250s][info][gc] GC(4731) Pause Young (Allocation Failure) 13M->9M(15M) 0.434ms
[97.254s][info][gc] GC(4732) Pause Young (Allocation Failure) 13M->9M(15M) 0.336ms
[97.258s][info][gc] GC(4733) Pause Young (Allocation Failure) 13M->9M(15M) 0.517ms
[97.262s][info][gc] GC(4734) Pause Young (Allocation Failure) 13M->9M(15M) 0.304ms
[97.266s][info][gc] GC(4735) Pause Young (Allocation Failure) 13M->9M(15M) 0.339ms
[97.270s][info][gc] GC(4736) Pause Young (Allocation Failure) 13M->9M(15M) 0.614ms
[97.274s][info][gc] GC(4737) Pause Young (Allocation Failure) 13M->9M(15M) 0.562ms
[97.278s][info][gc] GC(4738) Pause Young (Allocation Failure) 13M->9M(15M) 0.293ms
[97.282s][info][gc] GC(4739) Pause Young (Allocation Failure) 13M->9M(15M) 0.345ms
[97.286s][info][gc] GC(4740) Pause Young (Allocation Failure) 13M->9M(15M) 0.579ms
[97.290s][info][gc] GC(4741) Pause Young (Allocation Failure) 13M->9M(15M) 0.293ms
[97.293s][info][gc] GC(4742) Pause Young (Allocation Failure) 13M->9M(15M) 0.271ms
[97.297s][info][gc] GC(4743) Pause Young (Allocation Failure) 13M->9M(15M) 0.257ms
[97.300s][info][gc] GC(4744) Pause Young (Allocation Failure) 13M->9M(15M) 0.334ms
[97.304s][info][gc] GC(4745) Pause Young (Allocation Failure) 13M->9M(15M) 0.271ms
[97.308s][info][gc] GC(4746) Pause Young (Allocation Failure) 13M->9M(15M) 0.434ms
[97.311s][info][gc] GC(4747) Pause Young (Allocation Failure) 13M->9M(15M) 0.236ms
[97.315s][info][gc] GC(4748) Pause Young (Allocation Failure) 13M->9M(15M) 0.249ms
[97.318s][info][gc] GC(4749) Pause Young (Allocation Failure) 13M->9M(15M) 0.482ms
[97.322s][info][gc] GC(4750) Pause Young (Allocation Failure) 13M->9M(15M) 0.277ms
[97.326s][info][gc] GC(4751) Pause Young (Allocation Failure) 13M->9M(15M) 0.221ms
[97.329s][info][gc] GC(4752) Pause Young (Allocation Failure) 13M->9M(15M) 0.199ms
[97.332s][info][gc] GC(4753) Pause Young (Allocation Failure) 13M->9M(15M) 0.235ms
[97.336s][info][gc] GC(4754) Pause Young (Allocation Failure) 13M->9M(15M) 0.436ms
[97.339s][info][gc] GC(4755) Pause Young (Allocation Failure) 13M->9M(15M) 0.232ms
[97.343s][info][gc] GC(4756) Pause Young (Allocation Failure) 13M->9M(15M) 0.239ms
[97.346s][info][gc] GC(4757) Pause Young (Allocation Failure) 13M->9M(15M) 0.222ms
[97.349s][info][gc] GC(4758) Pause Young (Allocation Failure) 13M->9M(15M) 0.278ms
[97.353s][info][gc] GC(4759) Pause Young (Allocation Failure) 13M->9M(15M) 0.433ms
[97.356s][info][gc] GC(4760) Pause Young (Allocation Failure) 13M->9M(15M) 0.229ms
[97.360s][info][gc] GC(4761) Pause Young (Allocation Failure) 13M->9M(15M) 0.224ms
[97.363s][info][gc] GC(4762) Pause Young (Allocation Failure) 13M->9M(15M) 0.266ms
[97.366s][info][gc] GC(4763) Pause Young (Allocation Failure) 13M->9M(15M) 0.311ms
[97.370s][info][gc] GC(4764) Pause Young (Allocation Failure) 13M->9M(15M) 0.508ms
[97.373s][info][gc] GC(4765) Pause Young (Allocation Failure) 13M->9M(15M) 0.300ms
[97.376s][info][gc] GC(4766) Pause Young (Allocation Failure) 13M->9M(15M) 0.232ms
[97.379s][info][gc] GC(4767) Pause Young (Allocation Failure) 13M->9M(15M) 0.226ms
[97.382s][info][gc] GC(4768) Pause Young (Allocation Failure) 13M->9M(15M) 0.235ms
[97.386s][info][gc] GC(4769) Pause Young (Allocation Failure) 13M->9M(15M) 0.465ms
[97.389s][info][gc] GC(4770) Pause Young (Allocation Failure) 13M->9M(15M) 0.306ms
[97.393s][info][gc] GC(4771) Pause Young (Allocation Failure) 13M->9M(15M) 0.206ms
[97.395s][info][gc] GC(4772) Pause Young (Allocation Failure) 13M->9M(15M) 0.174ms
[97.398s][info][gc] GC(4773) Pause Young (Allocation Failure) 13M->9M(15M) 0.279ms
[97.402s][info][gc] GC(4774) Pause Young (Allocation Failure) 13M->9M(15M) 0.335ms
[97.405s][info][gc] GC(4775) Pause Young (Allocation Failure) 13M->9M(15M) 0.272ms
[97.409s][info][gc] GC(4776) Pause Young (Allocation Failure) 13M->9M(15M) 0.503ms
[97.412s][info][gc] GC(4777) Pause Young (Allocation Failure) 13M->9M(15M) 0.255ms
[97.415s][info][gc] GC(4778) Pause Young (Allocation Failure) 13M->9M(15M) 0.452ms
[97.420s][info][gc] GC(4779) Pause Young (Allocation Failure) 13M->9M(15M) 0.586ms
[97.424s][info][gc] GC(4780) Pause Young (Allocation Failure) 13M->9M(15M) 0.294ms
[97.428s][info][gc] GC(4781) Pause Young (Allocation Failure) 13M->9M(15M) 0.308ms
[97.433s][info][gc] GC(4782) Pause Young (Allocation Failure) 13M->9M(15M) 0.613ms
[97.438s][info][gc] GC(4783) Pause Young (Allocation Failure) 13M->9M(15M) 0.538ms
[97.445s][info][gc] GC(4784) Pause Young (Allocation Failure) 13M->9M(15M) 0.744ms
[97.449s][info][gc] GC(4785) Pause Young (Allocation Failure) 13M->9M(15M) 0.423ms
[97.454s][info][gc] GC(4786) Pause Young (Allocation Failure) 13M->9M(15M) 0.671ms
[97.459s][info][gc] GC(4787) Pause Young (Allocation Failure) 13M->9M(15M) 0.496ms
[97.463s][info][gc] GC(4788) Pause Young (Allocation Failure) 13M->9M(15M) 0.324ms
[97.468s][info][gc] GC(4789) Pause Young (Allocation Failure) 13M->9M(15M) 0.424ms
[97.472s][info][gc] GC(4790) Pause Young (Allocation Failure) 13M->9M(15M) 0.335ms
[97.477s][info][gc] GC(4791) Pause Young (Allocation Failure) 13M->9M(15M) 0.351ms
[97.481s][info][gc] GC(4792) Pause Young (Allocation Failure) 13M->9M(15M) 0.285ms
[97.485s][info][gc] GC(4793) Pause Young (Allocation Failure) 13M->9M(15M) 0.486ms
[97.489s][info][gc] GC(4794) Pause Young (Allocation Failure) 13M->9M(15M) 0.315ms
[97.494s][info][gc] GC(4795) Pause Young (Allocation Failure) 13M->9M(15M) 0.285ms
[97.497s][info][gc] GC(4796) Pause Young (Allocation Failure) 13M->9M(15M) 0.257ms
[97.502s][info][gc] GC(4797) Pause Young (Allocation Failure) 13M->9M(15M) 0.473ms
[97.506s][info][gc] GC(4798) Pause Young (Allocation Failure) 13M->9M(15M) 0.300ms
[97.510s][info][gc] GC(4799) Pause Young (Allocation Failure) 13M->9M(15M) 0.285ms
[97.513s][info][gc] GC(4800) Pause Young (Allocation Failure) 13M->9M(15M) 0.192ms
[97.517s][info][gc] GC(4801) Pause Young (Allocation Failure) 13M->9M(15M) 0.403ms
[97.521s][info][gc] GC(4802) Pause Young (Allocation Failure) 13M->9M(15M) 0.436ms
[97.525s][info][gc] GC(4803) Pause Young (Allocation Failure) 13M->9M(15M) 0.470ms
[97.529s][info][gc] GC(4804) Pause Young (Allocation Failure) 13M->9M(15M) 0.190ms
[97.532s][info][gc] GC(4805) Pause Young (Allocation Failure) 13M->9M(15M) 0.307ms
[97.536s][info][gc] GC(4806) Pause Young (Allocation Failure) 13M->9M(15M) 0.557ms
[97.540s][info][gc] GC(4807) Pause Young (Allocation Failure) 13M->9M(15M) 0.319ms
[97.544s][info][gc] GC(4808) Pause Young (Allocation Failure) 13M->9M(15M) 0.279ms
[97.548s][info][gc] GC(4809) Pause Young (Allocation Failure) 13M->9M(15M) 0.251ms
[97.551s][info][gc] GC(4810) Pause Young (Allocation Failure) 13M->9M(15M) 0.329ms
[97.555s][info][gc] GC(4811) Pause Young (Allocation Failure) 13M->9M(15M) 0.311ms
[97.559s][info][gc] GC(4812) Pause Young (Allocation Failure) 13M->9M(15M) 0.460ms
[97.562s][info][gc] GC(4813) Pause Young (Allocation Failure) 13M->9M(15M) 0.191ms
[97.566s][info][gc] GC(4814) Pause Young (Allocation Failure) 13M->9M(15M) 0.211ms
[97.570s][info][gc] GC(4815) Pause Young (Allocation Failure) 13M->9M(15M) 0.562ms
[97.573s][info][gc] GC(4816) Pause Young (Allocation Failure) 13M->9M(15M) 0.305ms
[97.577s][info][gc] GC(4817) Pause Young (Allocation Failure) 13M->9M(15M) 0.263ms
[97.580s][info][gc] GC(4818) Pause Young (Allocation Failure) 13M->9M(15M) 0.277ms
[97.584s][info][gc] GC(4819) Pause Young (Allocation Failure) 13M->9M(15M) 0.360ms
[97.588s][info][gc] GC(4820) Pause Young (Allocation Failure) 13M->9M(15M) 0.508ms
[97.591s][info][gc] GC(4821) Pause Young (Allocation Failure) 13M->9M(15M) 0.489ms
[97.595s][info][gc] GC(4822) Pause Young (Allocation Failure) 13M->9M(15M) 0.307ms
[97.598s][info][gc] GC(4823) Pause Young (Allocation Failure) 13M->9M(15M) 0.231ms
[97.601s][info][gc] GC(4824) Pause Young (Allocation Failure) 13M->9M(15M) 0.271ms
[97.605s][info][gc] GC(4825) Pause Young (Allocation Failure) 13M->9M(15M) 0.390ms
[97.608s][info][gc] GC(4826) Pause Young (Allocation Failure) 13M->9M(15M) 0.330ms
[97.611s][info][gc] GC(4827) Pause Young (Allocation Failure) 13M->9M(15M) 0.239ms
[97.614s][info][gc] GC(4828) Pause Young (Allocation Failure) 13M->9M(15M) 0.173ms
[97.618s][info][gc] GC(4829) Pause Young (Allocation Failure) 13M->9M(15M) 0.327ms
[97.622s][info][gc] GC(4830) Pause Young (Allocation Failure) 13M->9M(15M) 0.770ms
[97.625s][info][gc] GC(4831) Pause Young (Allocation Failure) 13M->9M(15M) 0.577ms
[97.629s][info][gc] GC(4832) Pause Young (Allocation Failure) 13M->9M(15M) 0.252ms
[97.631s][info][gc] GC(4833) Pause Young (Allocation Failure) 13M->9M(15M) 0.235ms
[97.635s][info][gc] GC(4834) Pause Young (Allocation Failure) 13M->9M(15M) 0.309ms
[97.639s][info][gc] GC(4835) Pause Young (Allocation Failure) 13M->9M(15M) 0.623ms
[97.642s][info][gc] GC(4836) Pause Young (Allocation Failure) 13M->9M(15M) 0.425ms
[97.645s][info][gc] GC(4837) Pause Young (Allocation Failure) 13M->9M(15M) 0.253ms
[97.648s][info][gc] GC(4838) Pause Young (Allocation Failure) 13M->9M(15M) 0.237ms
[97.651s][info][gc] GC(4839) Pause Young (Allocation Failure) 13M->9M(15M) 0.343ms
[97.655s][info][gc] GC(4840) Pause Young (Allocation Failure) 13M->9M(15M) 0.337ms
[97.659s][info][gc] GC(4841) Pause Young (Allocation Failure) 13M->9M(15M) 0.490ms
[97.662s][info][gc] GC(4842) Pause Young (Allocation Failure) 13M->9M(15M) 0.267ms
[97.665s][info][gc] GC(4843) Pause Young (Allocation Failure) 13M->9M(15M) 0.246ms
[97.669s][info][gc] GC(4844) Pause Young (Allocation Failure) 13M->9M(15M) 0.438ms
[97.673s][info][gc] GC(4845) Pause Young (Allocation Failure) 13M->9M(15M) 0.364ms
[97.677s][info][gc] GC(4846) Pause Young (Allocation Failure) 13M->9M(15M) 0.261ms
[97.680s][info][gc] GC(4847) Pause Young (Allocation Failure) 13M->9M(15M) 0.253ms
[97.684s][info][gc] GC(4848) Pause Young (Allocation Failure) 13M->9M(15M) 0.330ms
[97.688s][info][gc] GC(4849) Pause Young (Allocation Failure) 13M->9M(15M) 0.482ms
[97.691s][info][gc] GC(4850) Pause Young (Allocation Failure) 13M->9M(15M) 0.270ms
[97.695s][info][gc] GC(4851) Pause Young (Allocation Failure) 13M->9M(15M) 0.270ms
[97.698s][info][gc] GC(4852) Pause Young (Allocation Failure) 13M->9M(15M) 0.245ms
[97.701s][info][gc] GC(4853) Pause Young (Allocation Failure) 13M->9M(15M) 0.335ms
[97.705s][info][gc] GC(4854) Pause Young (Allocation Failure) 13M->9M(15M) 0.614ms
[97.709s][info][gc] GC(4855) Pause Young (Allocation Failure) 13M->9M(15M) 0.438ms
[97.712s][info][gc] GC(4856) Pause Young (Allocation Failure) 13M->9M(15M) 0.264ms
[97.715s][info][gc] GC(4857) Pause Young (Allocation Failure) 13M->9M(15M) 0.253ms
[97.719s][info][gc] GC(4858) Pause Young (Allocation Failure) 13M->9M(15M) 0.356ms
[97.723s][info][gc] GC(4859) Pause Young (Allocation Failure) 13M->9M(15M) 0.381ms
[97.726s][info][gc] GC(4860) Pause Young (Allocation Failure) 13M->9M(15M) 0.506ms
[97.729s][info][gc] GC(4861) Pause Young (Allocation Failure) 13M->9M(15M) 0.234ms
[97.732s][info][gc] GC(4862) Pause Young (Allocation Failure) 13M->9M(15M) 0.303ms
[97.736s][info][gc] GC(4863) Pause Young (Allocation Failure) 13M->9M(15M) 0.305ms
[97.739s][info][gc] GC(4864) Pause Young (Allocation Failure) 13M->9M(15M) 0.231ms
[97.743s][info][gc] GC(4865) Pause Young (Allocation Failure) 13M->9M(15M) 0.427ms
[97.746s][info][gc] GC(4866) Pause Young (Allocation Failure) 13M->9M(15M) 0.214ms
[97.749s][info][gc] GC(4867) Pause Young (Allocation Failure) 13M->9M(15M) 0.266ms
[97.752s][info][gc] GC(4868) Pause Young (Allocation Failure) 13M->9M(15M) 0.362ms
[97.756s][info][gc] GC(4869) Pause Young (Allocation Failure) 13M->9M(15M) 0.222ms
[97.759s][info][gc] GC(4870) Pause Young (Allocation Failure) 13M->9M(15M) 0.536ms
[97.762s][info][gc] GC(4871) Pause Young (Allocation Failure) 13M->9M(15M) 0.180ms
[97.765s][info][gc] GC(4872) Pause Young (Allocation Failure) 13M->9M(15M) 0.276ms
[97.769s][info][gc] GC(4873) Pause Young (Allocation Failure) 13M->9M(15M) 0.291ms
[97.772s][info][gc] GC(4874) Pause Young (Allocation Failure) 13M->9M(15M) 0.275ms
[97.776s][info][gc] GC(4875) Pause Young (Allocation Failure) 13M->9M(15M) 0.472ms
[97.779s][info][gc] GC(4876) Pause Young (Allocation Failure) 13M->9M(15M) 0.252ms
[97.782s][info][gc] GC(4877) Pause Young (Allocation Failure) 13M->9M(15M) 0.280ms
[97.785s][info][gc] GC(4878) Pause Young (Allocation Failure) 13M->9M(15M) 0.345ms
[97.789s][info][gc] GC(4879) Pause Young (Allocation Failure) 13M->9M(15M) 0.391ms
[97.793s][info][gc] GC(4880) Pause Young (Allocation Failure) 13M->9M(15M) 0.460ms
[97.796s][info][gc] GC(4881) Pause Young (Allocation Failure) 13M->9M(15M) 0.239ms
[97.800s][info][gc] GC(4882) Pause Young (Allocation Failure) 13M->9M(15M) 0.290ms
[97.803s][info][gc] GC(4883) Pause Young (Allocation Failure) 13M->9M(15M) 0.468ms
[97.807s][info][gc] GC(4884) Pause Young (Allocation Failure) 13M->9M(15M) 0.277ms
[97.811s][info][gc] GC(4885) Pause Young (Allocation Failure) 13M->9M(15M) 0.258ms
[97.814s][info][gc] GC(4886) Pause Young (Allocation Failure) 13M->9M(15M) 0.231ms
[97.817s][info][gc] GC(4887) Pause Young (Allocation Failure) 13M->9M(15M) 0.255ms
[97.821s][info][gc] GC(4888) Pause Young (Allocation Failure) 13M->9M(15M) 0.520ms
[97.825s][info][gc] GC(4889) Pause Young (Allocation Failure) 13M->9M(15M) 0.523ms
[97.829s][info][gc] GC(4890) Pause Young (Allocation Failure) 13M->9M(15M) 0.276ms
[97.832s][info][gc] GC(4891) Pause Young (Allocation Failure) 13M->9M(15M) 0.267ms
[97.837s][info][gc] GC(4892) Pause Young (Allocation Failure) 13M->9M(15M) 0.475ms
[97.841s][info][gc] GC(4893) Pause Young (Allocation Failure) 13M->9M(15M) 0.299ms
[97.845s][info][gc] GC(4894) Pause Young (Allocation Failure) 13M->9M(15M) 0.282ms
[97.849s][info][gc] GC(4895) Pause Young (Allocation Failure) 13M->9M(15M) 0.265ms
[97.852s][info][gc] GC(4896) Pause Young (Allocation Failure) 13M->9M(15M) 0.329ms
[97.856s][info][gc] GC(4897) Pause Young (Allocation Failure) 13M->9M(15M) 0.357ms
[97.860s][info][gc] GC(4898) Pause Young (Allocation Failure) 13M->9M(15M) 0.385ms
[97.864s][info][gc] GC(4899) Pause Young (Allocation Failure) 13M->9M(15M) 0.232ms
[97.867s][info][gc] GC(4900) Pause Young (Allocation Failure) 13M->9M(15M) 0.264ms
[97.871s][info][gc] GC(4901) Pause Young (Allocation Failure) 13M->9M(15M) 0.513ms
[97.874s][info][gc] GC(4902) Pause Young (Allocation Failure) 13M->9M(15M) 0.350ms
[97.878s][info][gc] GC(4903) Pause Young (Allocation Failure) 13M->9M(15M) 0.219ms
[97.881s][info][gc] GC(4904) Pause Young (Allocation Failure) 13M->9M(15M) 0.190ms
[97.884s][info][gc] GC(4905) Pause Young (Allocation Failure) 13M->9M(15M) 0.275ms
[97.888s][info][gc] GC(4906) Pause Young (Allocation Failure) 13M->9M(15M) 0.565ms
[97.892s][info][gc] GC(4907) Pause Young (Allocation Failure) 13M->9M(15M) 0.289ms
[97.896s][info][gc] GC(4908) Pause Young (Allocation Failure) 13M->9M(15M) 0.217ms
[97.899s][info][gc] GC(4909) Pause Young (Allocation Failure) 13M->9M(15M) 0.185ms
[97.902s][info][gc] GC(4910) Pause Young (Allocation Failure) 13M->9M(15M) 0.342ms
[97.906s][info][gc] GC(4911) Pause Young (Allocation Failure) 13M->9M(15M) 0.510ms
[97.910s][info][gc] GC(4912) Pause Young (Allocation Failure) 13M->9M(15M) 0.346ms
[97.913s][info][gc] GC(4913) Pause Young (Allocation Failure) 13M->9M(15M) 0.190ms
[97.916s][info][gc] GC(4914) Pause Young (Allocation Failure) 13M->9M(15M) 0.173ms
[97.919s][info][gc] GC(4915) Pause Young (Allocation Failure) 13M->9M(15M) 0.344ms
[97.923s][info][gc] GC(4916) Pause Young (Allocation Failure) 13M->9M(15M) 0.355ms
[97.927s][info][gc] GC(4917) Pause Young (Allocation Failure) 13M->9M(15M) 0.438ms
[97.930s][info][gc] GC(4918) Pause Young (Allocation Failure) 13M->9M(15M) 0.232ms
[97.933s][info][gc] GC(4919) Pause Young (Allocation Failure) 13M->9M(15M) 0.243ms
[97.936s][info][gc] GC(4920) Pause Young (Allocation Failure) 13M->9M(15M) 0.315ms
[97.940s][info][gc] GC(4921) Pause Young (Allocation Failure) 13M->9M(15M) 0.405ms
[97.943s][info][gc] GC(4922) Pause Young (Allocation Failure) 13M->9M(15M) 0.480ms
[97.946s][info][gc] GC(4923) Pause Young (Allocation Failure) 13M->9M(15M) 0.238ms
[97.950s][info][gc] GC(4924) Pause Young (Allocation Failure) 13M->10M(15M) 1.203ms
[97.954s][info][gc] GC(4925) Pause Young (Allocation Failure) 14M->10M(15M) 0.442ms
[97.958s][info][gc] GC(4926) Pause Young (Allocation Failure) 14M->10M(15M) 0.425ms
[97.961s][info][gc] GC(4927) Pause Young (Allocation Failure) 14M->10M(15M) 0.257ms
[97.964s][info][gc] GC(4928) Pause Young (Allocation Failure) 14M->10M(15M) 0.257ms
[97.967s][info][gc] GC(4929) Pause Young (Allocation Failure) 14M->10M(15M) 0.260ms
[97.971s][info][gc] GC(4930) Pause Young (Allocation Failure) 14M->10M(15M) 0.488ms
[97.975s][info][gc] GC(4931) Pause Young (Allocation Failure) 14M->10M(15M) 0.269ms
[97.978s][info][gc] GC(4932) Pause Young (Allocation Failure) 14M->10M(15M) 0.260ms
[97.981s][info][gc] GC(4933) Pause Young (Allocation Failure) 14M->10M(15M) 0.243ms
[97.984s][info][gc] GC(4934) Pause Young (Allocation Failure) 14M->10M(15M) 0.248ms
[97.988s][info][gc] GC(4935) Pause Young (Allocation Failure) 14M->10M(15M) 0.511ms
[97.991s][info][gc] GC(4936) Pause Young (Allocation Failure) 14M->10M(15M) 0.252ms
[97.995s][info][gc] GC(4937) Pause Young (Allocation Failure) 14M->10M(15M) 0.244ms
[97.998s][info][gc] GC(4938) Pause Young (Allocation Failure) 14M->10M(15M) 0.202ms
[98.001s][info][gc] GC(4939) Pause Young (Allocation Failure) 14M->10M(15M) 0.217ms
[98.004s][info][gc] GC(4940) Pause Young (Allocation Failure) 14M->10M(15M) 0.466ms
[98.008s][info][gc] GC(4941) Pause Young (Allocation Failure) 14M->10M(15M) 0.255ms
[98.012s][info][gc] GC(4942) Pause Young (Allocation Failure) 14M->10M(15M) 0.278ms
[98.016s][info][gc] GC(4943) Pause Young (Allocation Failure) 14M->10M(15M) 0.235ms
[98.019s][info][gc] GC(4944) Pause Young (Allocation Failure) 14M->10M(15M) 0.309ms
[98.023s][info][gc] GC(4945) Pause Young (Allocation Failure) 14M->10M(15M) 0.762ms
[98.027s][info][gc] GC(4946) Pause Young (Allocation Failure) 14M->10M(15M) 0.458ms
[98.030s][info][gc] GC(4947) Pause Young (Allocation Failure) 14M->10M(15M) 0.335ms
[98.034s][info][gc] GC(4948) Pause Young (Allocation Failure) 14M->10M(15M) 0.242ms
[98.038s][info][gc] GC(4949) Pause Young (Allocation Failure) 14M->10M(15M) 0.353ms
[98.041s][info][gc] GC(4950) Pause Young (Allocation Failure) 14M->10M(15M) 0.289ms
[98.045s][info][gc] GC(4951) Pause Young (Allocation Failure) 14M->10M(15M) 0.216ms
[98.047s][info][gc] GC(4952) Pause Young (Allocation Failure) 14M->10M(15M) 0.169ms
[98.050s][info][gc] GC(4953) Pause Young (Allocation Failure) 14M->10M(15M) 0.335ms
[98.054s][info][gc] GC(4954) Pause Young (Allocation Failure) 14M->10M(15M) 0.433ms
[98.058s][info][gc] GC(4955) Pause Young (Allocation Failure) 14M->10M(15M) 0.294ms
[98.062s][info][gc] GC(4956) Pause Young (Allocation Failure) 14M->10M(15M) 0.294ms
[98.065s][info][gc] GC(4957) Pause Young (Allocation Failure) 14M->10M(15M) 0.288ms
[98.069s][info][gc] GC(4958) Pause Young (Allocation Failure) 14M->10M(15M) 0.315ms
[98.072s][info][gc] GC(4959) Pause Young (Allocation Failure) 14M->10M(15M) 0.480ms
[98.077s][info][gc] GC(4960) Pause Young (Allocation Failure) 14M->10M(15M) 0.667ms
[98.080s][info][gc] GC(4961) Pause Young (Allocation Failure) 14M->10M(15M) 0.269ms
[98.083s][info][gc] GC(4962) Pause Young (Allocation Failure) 14M->10M(15M) 0.272ms
[98.087s][info][gc] GC(4963) Pause Young (Allocation Failure) 14M->10M(15M) 0.347ms
[98.091s][info][gc] GC(4964) Pause Young (Allocation Failure) 14M->10M(15M) 0.283ms
[98.095s][info][gc] GC(4965) Pause Young (Allocation Failure) 14M->10M(15M) 0.290ms
[98.098s][info][gc] GC(4966) Pause Young (Allocation Failure) 14M->10M(15M) 0.242ms
[98.101s][info][gc] GC(4967) Pause Young (Allocation Failure) 14M->10M(15M) 0.254ms
[98.105s][info][gc] GC(4968) Pause Young (Allocation Failure) 14M->10M(15M) 0.483ms
[98.108s][info][gc] GC(4969) Pause Young (Allocation Failure) 14M->10M(15M) 0.287ms
[98.112s][info][gc] GC(4970) Pause Young (Allocation Failure) 14M->10M(15M) 0.271ms
[98.115s][info][gc] GC(4971) Pause Young (Allocation Failure) 14M->10M(15M) 0.245ms
[98.119s][info][gc] GC(4972) Pause Young (Allocation Failure) 14M->10M(15M) 0.283ms
[98.122s][info][gc] GC(4973) Pause Young (Allocation Failure) 14M->10M(15M) 0.440ms
[98.126s][info][gc] GC(4974) Pause Young (Allocation Failure) 14M->10M(15M) 0.254ms
[98.129s][info][gc] GC(4975) Pause Young (Allocation Failure) 14M->10M(15M) 0.239ms
[98.132s][info][gc] GC(4976) Pause Young (Allocation Failure) 14M->10M(15M) 0.244ms
[98.136s][info][gc] GC(4977) Pause Young (Allocation Failure) 14M->10M(15M) 0.281ms
[98.139s][info][gc] GC(4978) Pause Young (Allocation Failure) 14M->10M(15M) 0.404ms
[98.143s][info][gc] GC(4979) Pause Young (Allocation Failure) 14M->10M(15M) 0.485ms
[98.146s][info][gc] GC(4980) Pause Young (Allocation Failure) 14M->10M(15M) 0.193ms
[98.149s][info][gc] GC(4981) Pause Young (Allocation Failure) 14M->10M(15M) 0.201ms
[98.152s][info][gc] GC(4982) Pause Young (Allocation Failure) 14M->10M(15M) 0.303ms
[98.155s][info][gc] GC(4983) Pause Young (Allocation Failure) 14M->10M(15M) 0.551ms
[98.159s][info][gc] GC(4984) Pause Young (Allocation Failure) 14M->10M(15M) 0.270ms
[98.162s][info][gc] GC(4985) Pause Young (Allocation Failure) 14M->10M(15M) 0.268ms
[98.166s][info][gc] GC(4986) Pause Young (Allocation Failure) 14M->10M(15M) 0.249ms
[98.169s][info][gc] GC(4987) Pause Young (Allocation Failure) 14M->10M(15M) 0.273ms
[98.172s][info][gc] GC(4988) Pause Young (Allocation Failure) 14M->10M(15M) 0.431ms
[98.176s][info][gc] GC(4989) Pause Young (Allocation Failure) 14M->10M(15M) 0.348ms
[98.179s][info][gc] GC(4990) Pause Young (Allocation Failure) 14M->10M(15M) 0.265ms
[98.182s][info][gc] GC(4991) Pause Young (Allocation Failure) 14M->10M(15M) 0.220ms
[98.185s][info][gc] GC(4992) Pause Young (Allocation Failure) 14M->10M(15M) 0.272ms
[98.189s][info][gc] GC(4993) Pause Young (Allocation Failure) 14M->10M(15M) 0.442ms
[98.192s][info][gc] GC(4994) Pause Young (Allocation Failure) 14M->10M(15M) 0.255ms
[98.196s][info][gc] GC(4995) Pause Young (Allocation Failure) 14M->10M(15M) 0.355ms
[98.198s][info][gc] GC(4996) Pause Young (Allocation Failure) 14M->10M(15M) 0.242ms
[98.201s][info][gc] GC(4997) Pause Young (Allocation Failure) 14M->10M(15M) 0.218ms
[98.205s][info][gc] GC(4998) Pause Young (Allocation Failure) 14M->10M(15M) 0.446ms
[98.208s][info][gc] GC(4999) Pause Young (Allocation Failure) 14M->10M(15M) 0.283ms
[98.211s][info][gc] GC(5000) Pause Young (Allocation Failure) 14M->10M(15M) 0.285ms
[98.214s][info][gc] GC(5001) Pause Young (Allocation Failure) 14M->10M(15M) 0.231ms
[98.217s][info][gc] GC(5002) Pause Young (Allocation Failure) 14M->10M(15M) 0.236ms
[98.220s][info][gc] GC(5003) Pause Young (Allocation Failure) 14M->10M(15M) 0.236ms
[98.223s][info][gc] GC(5004) Pause Young (Allocation Failure) 14M->10M(15M) 0.238ms
[98.226s][info][gc] GC(5005) Pause Young (Allocation Failure) 14M->10M(15M) 0.316ms
[98.230s][info][gc] GC(5006) Pause Young (Allocation Failure) 14M->10M(15M) 0.293ms
[98.233s][info][gc] GC(5007) Pause Young (Allocation Failure) 14M->10M(15M) 0.429ms
[98.237s][info][gc] GC(5008) Pause Young (Allocation Failure) 14M->10M(15M) 0.297ms
[98.240s][info][gc] GC(5009) Pause Young (Allocation Failure) 14M->10M(15M) 0.288ms
[98.244s][info][gc] GC(5010) Pause Young (Allocation Failure) 14M->10M(15M) 0.349ms
[98.247s][info][gc] GC(5011) Pause Young (Allocation Failure) 14M->10M(15M) 0.321ms
[98.251s][info][gc] GC(5012) Pause Young (Allocation Failure) 14M->10M(15M) 0.402ms
[98.254s][info][gc] GC(5013) Pause Young (Allocation Failure) 14M->10M(15M) 0.311ms
[98.257s][info][gc] GC(5014) Pause Young (Allocation Failure) 14M->10M(15M) 0.258ms
[98.261s][info][gc] GC(5015) Pause Young (Allocation Failure) 14M->10M(15M) 0.291ms
[98.264s][info][gc] GC(5016) Pause Young (Allocation Failure) 14M->10M(15M) 0.317ms
[98.268s][info][gc] GC(5017) Pause Young (Allocation Failure) 14M->10M(15M) 0.228ms
[98.271s][info][gc] GC(5018) Pause Young (Allocation Failure) 14M->10M(15M) 0.296ms
[98.274s][info][gc] GC(5019) Pause Young (Allocation Failure) 14M->10M(15M) 0.348ms
[98.278s][info][gc] GC(5020) Pause Young (Allocation Failure) 14M->10M(15M) 0.336ms
[98.281s][info][gc] GC(5021) Pause Young (Allocation Failure) 14M->10M(15M) 0.370ms
[98.285s][info][gc] GC(5022) Pause Young (Allocation Failure) 14M->10M(15M) 0.308ms
[98.288s][info][gc] GC(5023) Pause Young (Allocation Failure) 14M->10M(15M) 0.268ms
[98.291s][info][gc] GC(5024) Pause Young (Allocation Failure) 14M->10M(15M) 0.318ms
[98.295s][info][gc] GC(5025) Pause Young (Allocation Failure) 14M->10M(15M) 0.539ms
[98.298s][info][gc] GC(5026) Pause Young (Allocation Failure) 14M->10M(15M) 0.263ms
[98.301s][info][gc] GC(5027) Pause Young (Allocation Failure) 14M->10M(15M) 0.307ms
[98.304s][info][gc] GC(5028) Pause Young (Allocation Failure) 14M->10M(15M) 0.265ms
[98.308s][info][gc] GC(5029) Pause Young (Allocation Failure) 14M->10M(15M) 0.333ms
[98.311s][info][gc] GC(5030) Pause Young (Allocation Failure) 14M->10M(15M) 0.359ms
[98.315s][info][gc] GC(5031) Pause Young (Allocation Failure) 14M->10M(15M) 0.262ms
[98.318s][info][gc] GC(5032) Pause Young (Allocation Failure) 14M->10M(15M) 0.250ms
[98.321s][info][gc] GC(5033) Pause Young (Allocation Failure) 14M->10M(15M) 0.272ms
[98.324s][info][gc] GC(5034) Pause Young (Allocation Failure) 14M->10M(15M) 0.272ms
[98.328s][info][gc] GC(5035) Pause Young (Allocation Failure) 14M->10M(15M) 0.311ms
[98.331s][info][gc] GC(5036) Pause Young (Allocation Failure) 14M->10M(15M) 0.314ms
[98.334s][info][gc] GC(5037) Pause Young (Allocation Failure) 14M->10M(15M) 0.336ms
[98.337s][info][gc] GC(5038) Pause Young (Allocation Failure) 14M->10M(15M) 0.261ms
[98.340s][info][gc] GC(5039) Pause Young (Allocation Failure) 14M->10M(15M) 0.259ms
[98.344s][info][gc] GC(5040) Pause Young (Allocation Failure) 14M->10M(15M) 0.328ms
[98.347s][info][gc] GC(5041) Pause Young (Allocation Failure) 14M->10M(15M) 0.280ms
[98.350s][info][gc] GC(5042) Pause Young (Allocation Failure) 14M->10M(15M) 0.320ms
[98.353s][info][gc] GC(5043) Pause Young (Allocation Failure) 14M->10M(15M) 0.232ms
[98.356s][info][gc] GC(5044) Pause Young (Allocation Failure) 14M->10M(15M) 0.256ms
[98.359s][info][gc] GC(5045) Pause Young (Allocation Failure) 14M->10M(15M) 0.370ms
[98.363s][info][gc] GC(5046) Pause Young (Allocation Failure) 14M->10M(15M) 0.292ms
[98.366s][info][gc] GC(5047) Pause Young (Allocation Failure) 14M->10M(15M) 0.248ms
[98.369s][info][gc] GC(5048) Pause Young (Allocation Failure) 14M->10M(15M) 0.293ms
[98.372s][info][gc] GC(5049) Pause Young (Allocation Failure) 14M->10M(15M) 0.255ms
[98.375s][info][gc] GC(5050) Pause Young (Allocation Failure) 14M->10M(15M) 0.297ms
[98.379s][info][gc] GC(5051) Pause Young (Allocation Failure) 14M->10M(15M) 0.398ms
[98.382s][info][gc] GC(5052) Pause Young (Allocation Failure) 14M->10M(15M) 0.194ms
[98.385s][info][gc] GC(5053) Pause Young (Allocation Failure) 14M->10M(15M) 0.248ms
[98.388s][info][gc] GC(5054) Pause Young (Allocation Failure) 14M->10M(15M) 0.250ms
[98.391s][info][gc] GC(5055) Pause Young (Allocation Failure) 14M->10M(15M) 0.353ms
[98.394s][info][gc] GC(5056) Pause Young (Allocation Failure) 14M->10M(15M) 0.412ms
[98.398s][info][gc] GC(5057) Pause Young (Allocation Failure) 14M->10M(15M) 0.250ms
[98.401s][info][gc] GC(5058) Pause Young (Allocation Failure) 14M->10M(15M) 0.274ms
[98.404s][info][gc] GC(5059) Pause Young (Allocation Failure) 14M->10M(15M) 0.255ms
[98.407s][info][gc] GC(5060) Pause Young (Allocation Failure) 14M->10M(15M) 0.296ms
[98.410s][info][gc] GC(5061) Pause Young (Allocation Failure) 14M->10M(15M) 0.491ms
[98.414s][info][gc] GC(5062) Pause Young (Allocation Failure) 14M->10M(15M) 0.324ms
[98.417s][info][gc] GC(5063) Pause Young (Allocation Failure) 14M->10M(15M) 0.284ms
[98.421s][info][gc] GC(5064) Pause Young (Allocation Failure) 14M->10M(15M) 0.381ms
[98.425s][info][gc] GC(5065) Pause Young (Allocation Failure) 14M->10M(15M) 0.431ms
[98.429s][info][gc] GC(5066) Pause Young (Allocation Failure) 14M->10M(15M) 0.347ms
[98.433s][info][gc] GC(5067) Pause Young (Allocation Failure) 14M->10M(15M) 0.529ms
[98.438s][info][gc] GC(5068) Pause Young (Allocation Failure) 14M->10M(15M) 0.420ms
[98.443s][info][gc] GC(5069) Pause Young (Allocation Failure) 14M->10M(15M) 0.615ms
[98.448s][info][gc] GC(5070) Pause Young (Allocation Failure) 14M->10M(15M) 0.347ms
[98.453s][info][gc] GC(5071) Pause Young (Allocation Failure) 14M->10M(15M) 0.373ms
[98.458s][info][gc] GC(5072) Pause Young (Allocation Failure) 14M->10M(15M) 0.536ms
[98.463s][info][gc] GC(5073) Pause Young (Allocation Failure) 14M->10M(15M) 0.751ms
[98.467s][info][gc] GC(5074) Pause Young (Allocation Failure) 14M->10M(15M) 0.304ms
[98.471s][info][gc] GC(5075) Pause Young (Allocation Failure) 14M->10M(15M) 0.317ms
[98.475s][info][gc] GC(5076) Pause Young (Allocation Failure) 14M->10M(15M) 0.432ms
[98.480s][info][gc] GC(5077) Pause Young (Allocation Failure) 14M->10M(15M) 0.345ms
[98.483s][info][gc] GC(5078) Pause Young (Allocation Failure) 14M->10M(15M) 0.252ms
[98.488s][info][gc] GC(5079) Pause Young (Allocation Failure) 14M->10M(15M) 0.382ms
[98.492s][info][gc] GC(5080) Pause Young (Allocation Failure) 14M->10M(15M) 0.683ms
[98.498s][info][gc] GC(5081) Pause Young (Allocation Failure) 14M->10M(15M) 0.343ms
[98.504s][info][gc] GC(5082) Pause Young (Allocation Failure) 14M->10M(15M) 0.710ms
[98.509s][info][gc] GC(5083) Pause Young (Allocation Failure) 14M->10M(15M) 0.610ms
[98.514s][info][gc] GC(5084) Pause Young (Allocation Failure) 14M->10M(15M) 0.604ms
[98.518s][info][gc] GC(5085) Pause Young (Allocation Failure) 14M->10M(15M) 0.276ms
[98.523s][info][gc] GC(5086) Pause Young (Allocation Failure) 14M->10M(15M) 0.597ms
[98.528s][info][gc] GC(5087) Pause Young (Allocation Failure) 14M->10M(15M) 0.484ms
[98.531s][info][gc] GC(5088) Pause Young (Allocation Failure) 14M->10M(15M) 0.280ms
[98.535s][info][gc] GC(5089) Pause Young (Allocation Failure) 14M->10M(15M) 0.266ms
[98.538s][info][gc] GC(5090) Pause Young (Allocation Failure) 14M->10M(15M) 0.525ms
[98.543s][info][gc] GC(5091) Pause Young (Allocation Failure) 14M->10M(15M) 0.308ms
[98.547s][info][gc] GC(5092) Pause Young (Allocation Failure) 14M->10M(15M) 0.286ms
[98.550s][info][gc] GC(5093) Pause Young (Allocation Failure) 14M->10M(15M) 0.278ms
[98.554s][info][gc] GC(5094) Pause Young (Allocation Failure) 14M->10M(15M) 0.334ms
[98.558s][info][gc] GC(5095) Pause Young (Allocation Failure) 14M->10M(15M) 0.485ms
[98.561s][info][gc] GC(5096) Pause Young (Allocation Failure) 14M->10M(15M) 0.305ms
[98.565s][info][gc] GC(5097) Pause Young (Allocation Failure) 14M->10M(15M) 0.253ms
[98.568s][info][gc] GC(5098) Pause Young (Allocation Failure) 14M->10M(15M) 0.244ms
[98.571s][info][gc] GC(5099) Pause Young (Allocation Failure) 14M->10M(15M) 0.361ms
[98.575s][info][gc] GC(5100) Pause Young (Allocation Failure) 14M->10M(15M) 0.283ms
[98.579s][info][gc] GC(5101) Pause Young (Allocation Failure) 14M->10M(15M) 0.513ms
[98.582s][info][gc] GC(5102) Pause Young (Allocation Failure) 14M->10M(15M) 0.241ms
[98.585s][info][gc] GC(5103) Pause Young (Allocation Failure) 14M->10M(15M) 0.242ms
[98.589s][info][gc] GC(5104) Pause Young (Allocation Failure) 14M->10M(15M) 0.520ms
[98.593s][info][gc] GC(5105) Pause Young (Allocation Failure) 14M->10M(15M) 0.263ms
[98.596s][info][gc] GC(5106) Pause Young (Allocation Failure) 14M->10M(15M) 0.406ms
[98.599s][info][gc] GC(5107) Pause Young (Allocation Failure) 14M->10M(15M) 0.286ms
[98.602s][info][gc] GC(5108) Pause Young (Allocation Failure) 14M->10M(15M) 0.237ms
[98.606s][info][gc] GC(5109) Pause Young (Allocation Failure) 14M->10M(15M) 0.557ms
[98.610s][info][gc] GC(5110) Pause Young (Allocation Failure) 14M->10M(15M) 0.265ms
[98.614s][info][gc] GC(5111) Pause Young (Allocation Failure) 14M->10M(15M) 0.397ms
[98.616s][info][gc] GC(5112) Pause Young (Allocation Failure) 14M->10M(15M) 0.257ms
[98.620s][info][gc] GC(5113) Pause Young (Allocation Failure) 15M->10M(15M) 0.385ms
[98.624s][info][gc] GC(5114) Pause Young (Allocation Failure) 14M->10M(15M) 0.585ms
[98.628s][info][gc] GC(5115) Pause Young (Allocation Failure) 14M->10M(15M) 0.324ms
[98.632s][info][gc] GC(5116) Pause Young (Allocation Failure) 14M->10M(15M) 0.284ms
[98.635s][info][gc] GC(5117) Pause Young (Allocation Failure) 15M->10M(15M) 0.236ms
[98.639s][info][gc] GC(5118) Pause Young (Allocation Failure) 15M->10M(15M) 0.420ms
[98.643s][info][gc] GC(5119) Pause Young (Allocation Failure) 14M->10M(15M) 0.273ms
[98.647s][info][gc] GC(5120) Pause Young (Allocation Failure) 15M->10M(15M) 0.417ms
[98.650s][info][gc] GC(5121) Pause Young (Allocation Failure) 14M->10M(15M) 0.213ms
[98.653s][info][gc] GC(5122) Pause Young (Allocation Failure) 14M->10M(15M) 0.456ms
[98.658s][info][gc] GC(5123) Pause Young (Allocation Failure) 15M->10M(15M) 0.701ms
[98.662s][info][gc] GC(5124) Pause Young (Allocation Failure) 15M->10M(15M) 0.580ms
[98.665s][info][gc] GC(5125) Pause Young (Allocation Failure) 15M->10M(15M) 0.265ms
[98.668s][info][gc] GC(5126) Pause Young (Allocation Failure) 15M->10M(15M) 0.276ms
[98.672s][info][gc] GC(5127) Pause Young (Allocation Failure) 15M->10M(15M) 0.532ms
[98.676s][info][gc] GC(5128) Pause Young (Allocation Failure) 15M->10M(15M) 0.290ms
[98.680s][info][gc] GC(5129) Pause Young (Allocation Failure) 15M->10M(15M) 0.478ms
[98.684s][info][gc] GC(5130) Pause Young (Allocation Failure) 15M->10M(15M) 0.277ms
[98.687s][info][gc] GC(5131) Pause Young (Allocation Failure) 15M->10M(15M) 0.421ms
[98.691s][info][gc] GC(5132) Pause Young (Allocation Failure) 15M->10M(15M) 0.525ms
[98.696s][info][gc] GC(5133) Pause Young (Allocation Failure) 15M->10M(15M) 0.630ms
[98.699s][info][gc] GC(5134) Pause Young (Allocation Failure) 15M->10M(15M) 0.259ms
[98.702s][info][gc] GC(5135) Pause Young (Allocation Failure) 15M->10M(15M) 0.378ms
[98.706s][info][gc] GC(5136) Pause Young (Allocation Failure) 15M->10M(15M) 0.636ms
[98.710s][info][gc] GC(5137) Pause Young (Allocation Failure) 15M->10M(15M) 0.325ms
[98.714s][info][gc] GC(5138) Pause Young (Allocation Failure) 15M->10M(15M) 0.260ms
[98.717s][info][gc] GC(5139) Pause Young (Allocation Failure) 15M->10M(15M) 0.234ms
[98.720s][info][gc] GC(5140) Pause Young (Allocation Failure) 15M->10M(15M) 0.346ms
[98.725s][info][gc] GC(5141) Pause Young (Allocation Failure) 15M->10M(15M) 0.752ms
[98.728s][info][gc] GC(5142) Pause Young (Allocation Failure) 15M->10M(15M) 0.515ms
[98.732s][info][gc] GC(5143) Pause Young (Allocation Failure) 15M->10M(15M) 0.245ms
[98.735s][info][gc] GC(5144) Pause Young (Allocation Failure) 15M->10M(15M) 0.237ms
[98.738s][info][gc] GC(5145) Pause Young (Allocation Failure) 15M->10M(15M) 0.336ms
[98.742s][info][gc] GC(5146) Pause Young (Allocation Failure) 15M->10M(15M) 0.280ms
[98.746s][info][gc] GC(5147) Pause Young (Allocation Failure) 15M->10M(15M) 0.518ms
[98.749s][info][gc] GC(5148) Pause Young (Allocation Failure) 15M->10M(15M) 0.239ms
[98.752s][info][gc] GC(5149) Pause Young (Allocation Failure) 15M->10M(15M) 0.270ms
[98.755s][info][gc] GC(5150) Pause Young (Allocation Failure) 15M->10M(15M) 0.432ms
[98.759s][info][gc] GC(5151) Pause Young (Allocation Failure) 15M->10M(15M) 0.251ms
[98.763s][info][gc] GC(5152) Pause Young (Allocation Failure) 15M->10M(15M) 0.426ms
[98.767s][info][gc] GC(5153) Pause Young (Allocation Failure) 15M->10M(15M) 0.311ms
[98.771s][info][gc] GC(5154) Pause Young (Allocation Failure) 15M->10M(15M) 0.339ms
[98.775s][info][gc] GC(5155) Pause Young (Allocation Failure) 15M->10M(15M) 0.636ms
[98.778s][info][gc] GC(5156) Pause Young (Allocation Failure) 15M->10M(15M) 0.400ms
[98.782s][info][gc] GC(5157) Pause Young (Allocation Failure) 14M->10M(15M) 0.282ms
[98.785s][info][gc] GC(5158) Pause Young (Allocation Failure) 15M->10M(15M) 0.256ms
[98.788s][info][gc] GC(5159) Pause Young (Allocation Failure) 15M->10M(15M) 0.379ms
[98.793s][info][gc] GC(5160) Pause Young (Allocation Failure) 15M->10M(15M) 0.299ms
[98.796s][info][gc] GC(5161) Pause Young (Allocation Failure) 15M->10M(15M) 0.528ms
[98.799s][info][gc] GC(5162) Pause Young (Allocation Failure) 15M->10M(15M) 0.265ms
[98.802s][info][gc] GC(5163) Pause Young (Allocation Failure) 15M->10M(15M) 0.284ms
[98.806s][info][gc] GC(5164) Pause Young (Allocation Failure) 15M->10M(15M) 0.557ms
[98.810s][info][gc] GC(5165) Pause Young (Allocation Failure) 15M->10M(15M) 0.274ms
[98.813s][info][gc] GC(5166) Pause Young (Allocation Failure) 15M->10M(15M) 0.430ms
[98.817s][info][gc] GC(5167) Pause Young (Allocation Failure) 15M->10M(15M) 0.248ms
[98.820s][info][gc] GC(5168) Pause Young (Allocation Failure) 15M->10M(15M) 0.343ms
[98.824s][info][gc] GC(5169) Pause Young (Allocation Failure) 15M->10M(15M) 0.535ms
[98.827s][info][gc] GC(5170) Pause Young (Allocation Failure) 15M->10M(15M) 0.287ms
[98.831s][info][gc] GC(5171) Pause Young (Allocation Failure) 15M->10M(15M) 0.471ms
[98.834s][info][gc] GC(5172) Pause Young (Allocation Failure) 15M->10M(15M) 0.240ms
[98.837s][info][gc] GC(5173) Pause Young (Allocation Failure) 15M->10M(15M) 0.448ms
[98.842s][info][gc] GC(5174) Pause Young (Allocation Failure) 15M->10M(15M) 0.502ms
[98.845s][info][gc] GC(5175) Pause Young (Allocation Failure) 15M->10M(15M) 0.307ms
[98.848s][info][gc] GC(5176) Pause Young (Allocation Failure) 15M->10M(15M) 0.237ms
[98.851s][info][gc] GC(5177) Pause Young (Allocation Failure) 15M->10M(15M) 0.225ms
[98.855s][info][gc] GC(5178) Pause Young (Allocation Failure) 15M->10M(15M) 0.458ms
[98.859s][info][gc] GC(5179) Pause Young (Allocation Failure) 15M->10M(15M) 0.480ms
[98.862s][info][gc] GC(5180) Pause Young (Allocation Failure) 15M->10M(15M) 0.448ms
[98.866s][info][gc] GC(5181) Pause Young (Allocation Failure) 15M->10M(15M) 0.246ms
[98.869s][info][gc] GC(5182) Pause Young (Allocation Failure) 15M->10M(15M) 0.225ms
[98.872s][info][gc] GC(5183) Pause Young (Allocation Failure) 15M->10M(15M) 0.333ms
[98.876s][info][gc] GC(5184) Pause Young (Allocation Failure) 15M->10M(15M) 0.296ms
[98.879s][info][gc] GC(5185) Pause Young (Allocation Failure) 15M->10M(15M) 0.426ms
[98.882s][info][gc] GC(5186) Pause Young (Allocation Failure) 15M->10M(15M) 0.233ms
[98.885s][info][gc] GC(5187) Pause Young (Allocation Failure) 15M->10M(15M) 0.246ms
[98.889s][info][gc] GC(5188) Pause Young (Allocation Failure) 15M->10M(15M) 0.332ms
[98.892s][info][gc] GC(5189) Pause Young (Allocation Failure) 15M->10M(15M) 0.316ms
[98.895s][info][gc] GC(5190) Pause Young (Allocation Failure) 15M->10M(15M) 0.246ms
[98.899s][info][gc] GC(5191) Pause Young (Allocation Failure) 15M->10M(15M) 0.210ms
[98.923s][info][gc] GC(5192) Pause Full (Allocation Failure) 10M->10M(15M) 24.075ms
[98.927s][info][gc] GC(5193) Pause Young (Allocation Failure) 14M->10M(15M) 0.365ms
[98.931s][info][gc] GC(5194) Pause Young (Allocation Failure) 14M->10M(15M) 0.176ms
[98.933s][info][gc] GC(5195) Pause Young (Allocation Failure) 14M->10M(15M) 0.147ms
[98.936s][info][gc] GC(5196) Pause Young (Allocation Failure) 14M->10M(15M) 0.162ms
[98.940s][info][gc] GC(5197) Pause Young (Allocation Failure) 14M->10M(15M) 0.435ms
[98.943s][info][gc] GC(5198) Pause Young (Allocation Failure) 14M->10M(15M) 0.263ms
[98.947s][info][gc] GC(5199) Pause Young (Allocation Failure) 14M->10M(15M) 0.414ms
[98.950s][info][gc] GC(5200) Pause Young (Allocation Failure) 14M->10M(15M) 0.217ms
[98.953s][info][gc] GC(5201) Pause Young (Allocation Failure) 14M->10M(15M) 0.225ms
[98.957s][info][gc] GC(5202) Pause Young (Allocation Failure) 14M->10M(15M) 0.495ms
[98.960s][info][gc] GC(5203) Pause Young (Allocation Failure) 14M->10M(15M) 0.258ms
[98.964s][info][gc] GC(5204) Pause Young (Allocation Failure) 14M->10M(15M) 0.286ms
[98.967s][info][gc] GC(5205) Pause Young (Allocation Failure) 14M->10M(15M) 0.222ms
[98.970s][info][gc] GC(5206) Pause Young (Allocation Failure) 14M->10M(15M) 0.229ms
[98.973s][info][gc] GC(5207) Pause Young (Allocation Failure) 14M->10M(15M) 0.240ms
[98.976s][info][gc] GC(5208) Pause Young (Allocation Failure) 14M->10M(15M) 0.240ms
[98.979s][info][gc] GC(5209) Pause Young (Allocation Failure) 14M->10M(15M) 0.394ms
[98.982s][info][gc] GC(5210) Pause Young (Allocation Failure) 14M->10M(15M) 0.305ms
[98.986s][info][gc] GC(5211) Pause Young (Allocation Failure) 14M->10M(15M) 0.366ms
[98.989s][info][gc] GC(5212) Pause Young (Allocation Failure) 14M->10M(15M) 0.270ms
[98.992s][info][gc] GC(5213) Pause Young (Allocation Failure) 14M->10M(15M) 0.251ms
[98.995s][info][gc] GC(5214) Pause Young (Allocation Failure) 14M->10M(15M) 0.306ms
[98.998s][info][gc] GC(5215) Pause Young (Allocation Failure) 14M->10M(15M) 0.278ms
[99.002s][info][gc] GC(5216) Pause Young (Allocation Failure) 14M->10M(15M) 0.309ms
[99.005s][info][gc] GC(5217) Pause Young (Allocation Failure) 14M->10M(15M) 0.227ms
[99.008s][info][gc] GC(5218) Pause Young (Allocation Failure) 14M->10M(15M) 0.263ms
[99.012s][info][gc] GC(5219) Pause Young (Allocation Failure) 14M->10M(15M) 0.306ms
[99.015s][info][gc] GC(5220) Pause Young (Allocation Failure) 14M->10M(15M) 0.327ms
[99.019s][info][gc] GC(5221) Pause Young (Allocation Failure) 14M->10M(15M) 0.375ms
[99.022s][info][gc] GC(5222) Pause Young (Allocation Failure) 14M->10M(15M) 0.198ms
[99.025s][info][gc] GC(5223) Pause Young (Allocation Failure) 14M->10M(15M) 0.197ms
[99.028s][info][gc] GC(5224) Pause Young (Allocation Failure) 14M->10M(15M) 0.261ms
[99.032s][info][gc] GC(5225) Pause Young (Allocation Failure) 14M->10M(15M) 0.414ms
[99.035s][info][gc] GC(5226) Pause Young (Allocation Failure) 14M->10M(15M) 0.236ms
[99.038s][info][gc] GC(5227) Pause Young (Allocation Failure) 14M->10M(15M) 0.219ms
[99.042s][info][gc] GC(5228) Pause Young (Allocation Failure) 14M->10M(15M) 0.318ms
[99.046s][info][gc] GC(5229) Pause Young (Allocation Failure) 14M->10M(15M) 0.564ms
[99.050s][info][gc] GC(5230) Pause Young (Allocation Failure) 14M->10M(15M) 0.477ms
[99.054s][info][gc] GC(5231) Pause Young (Allocation Failure) 14M->10M(15M) 0.286ms
[99.057s][info][gc] GC(5232) Pause Young (Allocation Failure) 14M->10M(15M) 0.289ms
[99.061s][info][gc] GC(5233) Pause Young (Allocation Failure) 14M->10M(15M) 0.392ms
[99.065s][info][gc] GC(5234) Pause Young (Allocation Failure) 14M->10M(15M) 0.505ms
[99.068s][info][gc] GC(5235) Pause Young (Allocation Failure) 14M->10M(15M) 0.266ms
[99.072s][info][gc] GC(5236) Pause Young (Allocation Failure) 14M->10M(15M) 0.275ms
[99.075s][info][gc] GC(5237) Pause Young (Allocation Failure) 14M->10M(15M) 0.306ms
[99.079s][info][gc] GC(5238) Pause Young (Allocation Failure) 14M->10M(15M) 0.576ms
[99.083s][info][gc] GC(5239) Pause Young (Allocation Failure) 14M->10M(15M) 0.276ms
[99.086s][info][gc] GC(5240) Pause Young (Allocation Failure) 14M->10M(15M) 0.260ms
[99.089s][info][gc] GC(5241) Pause Young (Allocation Failure) 14M->10M(15M) 0.253ms
[99.092s][info][gc] GC(5242) Pause Young (Allocation Failure) 14M->10M(15M) 0.299ms
[99.096s][info][gc] GC(5243) Pause Young (Allocation Failure) 14M->10M(15M) 0.560ms
[99.100s][info][gc] GC(5244) Pause Young (Allocation Failure) 14M->10M(15M) 0.259ms
[99.103s][info][gc] GC(5245) Pause Young (Allocation Failure) 14M->10M(15M) 0.240ms
[99.106s][info][gc] GC(5246) Pause Young (Allocation Failure) 14M->10M(15M) 0.270ms
[99.109s][info][gc] GC(5247) Pause Young (Allocation Failure) 14M->10M(15M) 0.366ms
[99.113s][info][gc] GC(5248) Pause Young (Allocation Failure) 14M->10M(15M) 0.707ms
[99.117s][info][gc] GC(5249) Pause Young (Allocation Failure) 14M->10M(15M) 0.257ms
[99.120s][info][gc] GC(5250) Pause Young (Allocation Failure) 14M->10M(15M) 0.266ms
[99.123s][info][gc] GC(5251) Pause Young (Allocation Failure) 14M->10M(15M) 0.280ms
[99.126s][info][gc] GC(5252) Pause Young (Allocation Failure) 14M->10M(15M) 0.351ms
[99.130s][info][gc] GC(5253) Pause Young (Allocation Failure) 14M->10M(15M) 0.500ms
[99.133s][info][gc] GC(5254) Pause Young (Allocation Failure) 14M->10M(15M) 0.285ms
[99.136s][info][gc] GC(5255) Pause Young (Allocation Failure) 14M->10M(15M) 0.187ms
[99.139s][info][gc] GC(5256) Pause Young (Allocation Failure) 14M->10M(15M) 0.261ms
[99.142s][info][gc] GC(5257) Pause Young (Allocation Failure) 14M->10M(15M) 0.407ms
[99.146s][info][gc] GC(5258) Pause Young (Allocation Failure) 14M->10M(15M) 0.301ms
[99.149s][info][gc] GC(5259) Pause Young (Allocation Failure) 14M->10M(15M) 0.184ms
[99.152s][info][gc] GC(5260) Pause Young (Allocation Failure) 14M->10M(15M) 0.221ms
[99.155s][info][gc] GC(5261) Pause Young (Allocation Failure) 14M->10M(15M) 0.272ms
[99.158s][info][gc] GC(5262) Pause Young (Allocation Failure) 14M->10M(15M) 0.423ms
[99.162s][info][gc] GC(5263) Pause Young (Allocation Failure) 14M->10M(15M) 0.269ms
[99.165s][info][gc] GC(5264) Pause Young (Allocation Failure) 14M->10M(15M) 0.272ms
[99.169s][info][gc] GC(5265) Pause Young (Allocation Failure) 14M->10M(15M) 0.258ms
[99.172s][info][gc] GC(5266) Pause Young (Allocation Failure) 14M->10M(15M) 0.277ms
[99.175s][info][gc] GC(5267) Pause Young (Allocation Failure) 14M->10M(15M) 0.432ms
[99.179s][info][gc] GC(5268) Pause Young (Allocation Failure) 14M->10M(15M) 0.343ms
[99.183s][info][gc] GC(5269) Pause Young (Allocation Failure) 14M->10M(15M) 0.259ms
[99.186s][info][gc] GC(5270) Pause Young (Allocation Failure) 14M->10M(15M) 0.253ms
[99.189s][info][gc] GC(5271) Pause Young (Allocation Failure) 14M->10M(15M) 0.327ms
[99.193s][info][gc] GC(5272) Pause Young (Allocation Failure) 14M->10M(15M) 0.469ms
[99.198s][info][gc] GC(5273) Pause Young (Allocation Failure) 14M->10M(15M) 0.605ms
[99.201s][info][gc] GC(5274) Pause Young (Allocation Failure) 14M->10M(15M) 0.248ms
[99.204s][info][gc] GC(5275) Pause Young (Allocation Failure) 14M->10M(15M) 0.224ms
[99.207s][info][gc] GC(5276) Pause Young (Allocation Failure) 14M->10M(15M) 0.339ms
[99.211s][info][gc] GC(5277) Pause Young (Allocation Failure) 14M->10M(15M) 0.286ms
[99.215s][info][gc] GC(5278) Pause Young (Allocation Failure) 14M->10M(15M) 0.492ms
[99.218s][info][gc] GC(5279) Pause Young (Allocation Failure) 14M->10M(15M) 0.238ms
[99.221s][info][gc] GC(5280) Pause Young (Allocation Failure) 14M->10M(15M) 0.245ms
[99.225s][info][gc] GC(5281) Pause Young (Allocation Failure) 14M->10M(15M) 0.530ms
[99.228s][info][gc] GC(5282) Pause Young (Allocation Failure) 14M->10M(15M) 0.267ms
[99.232s][info][gc] GC(5283) Pause Young (Allocation Failure) 14M->10M(15M) 0.368ms
[99.235s][info][gc] GC(5284) Pause Young (Allocation Failure) 14M->10M(15M) 0.244ms
[99.238s][info][gc] GC(5285) Pause Young (Allocation Failure) 14M->10M(15M) 0.222ms
[99.242s][info][gc] GC(5286) Pause Young (Allocation Failure) 14M->10M(15M) 0.446ms
[99.246s][info][gc] GC(5287) Pause Young (Allocation Failure) 14M->10M(15M) 0.227ms
[99.250s][info][gc] GC(5288) Pause Young (Allocation Failure) 14M->10M(15M) 0.269ms
[99.253s][info][gc] GC(5289) Pause Young (Allocation Failure) 14M->10M(15M) 0.260ms
[99.257s][info][gc] GC(5290) Pause Young (Allocation Failure) 14M->10M(15M) 0.410ms
[99.261s][info][gc] GC(5291) Pause Young (Allocation Failure) 14M->10M(15M) 0.314ms
[99.265s][info][gc] GC(5292) Pause Young (Allocation Failure) 14M->10M(15M) 0.538ms
[99.269s][info][gc] GC(5293) Pause Young (Allocation Failure) 14M->10M(15M) 0.259ms
[99.272s][info][gc] GC(5294) Pause Young (Allocation Failure) 14M->10M(15M) 0.452ms
[99.277s][info][gc] GC(5295) Pause Young (Allocation Failure) 14M->10M(15M) 0.710ms
[99.281s][info][gc] GC(5296) Pause Young (Allocation Failure) 14M->10M(15M) 0.526ms
[99.284s][info][gc] GC(5297) Pause Young (Allocation Failure) 14M->10M(15M) 0.308ms
[99.287s][info][gc] GC(5298) Pause Young (Allocation Failure) 14M->10M(15M) 0.250ms
[99.291s][info][gc] GC(5299) Pause Young (Allocation Failure) 14M->10M(15M) 0.597ms
[99.295s][info][gc] GC(5300) Pause Young (Allocation Failure) 14M->10M(15M) 0.329ms
[99.299s][info][gc] GC(5301) Pause Young (Allocation Failure) 14M->10M(15M) 0.249ms
[99.302s][info][gc] GC(5302) Pause Young (Allocation Failure) 14M->10M(15M) 0.250ms
[99.305s][info][gc] GC(5303) Pause Young (Allocation Failure) 14M->10M(15M) 0.351ms
[99.310s][info][gc] GC(5304) Pause Young (Allocation Failure) 14M->10M(15M) 0.729ms
[99.314s][info][gc] GC(5305) Pause Young (Allocation Failure) 14M->10M(15M) 0.493ms
[99.318s][info][gc] GC(5306) Pause Young (Allocation Failure) 14M->10M(15M) 0.252ms
[99.321s][info][gc] GC(5307) Pause Young (Allocation Failure) 14M->10M(15M) 0.245ms
[99.325s][info][gc] GC(5308) Pause Young (Allocation Failure) 14M->10M(15M) 0.633ms
[99.329s][info][gc] GC(5309) Pause Young (Allocation Failure) 14M->10M(15M) 0.241ms
[99.332s][info][gc] GC(5310) Pause Young (Allocation Failure) 14M->10M(15M) 0.248ms
[99.335s][info][gc] GC(5311) Pause Young (Allocation Failure) 14M->10M(15M) 0.168ms
[99.338s][info][gc] GC(5312) Pause Young (Allocation Failure) 14M->10M(15M) 0.273ms
[99.342s][info][gc] GC(5313) Pause Young (Allocation Failure) 14M->10M(15M) 0.533ms
[99.346s][info][gc] GC(5314) Pause Young (Allocation Failure) 14M->10M(15M) 0.252ms
[99.349s][info][gc] GC(5315) Pause Young (Allocation Failure) 14M->10M(15M) 0.329ms
[99.352s][info][gc] GC(5316) Pause Young (Allocation Failure) 14M->10M(15M) 0.180ms
[99.355s][info][gc] GC(5317) Pause Young (Allocation Failure) 14M->10M(15M) 0.238ms
[99.359s][info][gc] GC(5318) Pause Young (Allocation Failure) 14M->10M(15M) 0.608ms
[99.362s][info][gc] GC(5319) Pause Young (Allocation Failure) 14M->10M(15M) 0.254ms
[99.366s][info][gc] GC(5320) Pause Young (Allocation Failure) 14M->10M(15M) 0.217ms
[99.369s][info][gc] GC(5321) Pause Young (Allocation Failure) 14M->10M(15M) 0.231ms
[99.372s][info][gc] GC(5322) Pause Young (Allocation Failure) 14M->10M(15M) 0.227ms
[99.376s][info][gc] GC(5323) Pause Young (Allocation Failure) 14M->10M(15M) 0.478ms
[99.379s][info][gc] GC(5324) Pause Young (Allocation Failure) 14M->10M(15M) 0.196ms
[99.383s][info][gc] GC(5325) Pause Young (Allocation Failure) 14M->10M(15M) 0.241ms
[99.386s][info][gc] GC(5326) Pause Young (Allocation Failure) 14M->10M(15M) 0.227ms
[99.389s][info][gc] GC(5327) Pause Young (Allocation Failure) 14M->10M(15M) 0.316ms
[99.393s][info][gc] GC(5328) Pause Young (Allocation Failure) 14M->10M(15M) 0.537ms
[99.396s][info][gc] GC(5329) Pause Young (Allocation Failure) 14M->10M(15M) 0.232ms
[99.400s][info][gc] GC(5330) Pause Young (Allocation Failure) 14M->10M(15M) 0.226ms
[99.402s][info][gc] GC(5331) Pause Young (Allocation Failure) 14M->10M(15M) 0.183ms
[99.406s][info][gc] GC(5332) Pause Young (Allocation Failure) 14M->10M(15M) 0.406ms
[99.410s][info][gc] GC(5333) Pause Young (Allocation Failure) 14M->10M(15M) 0.466ms
[99.413s][info][gc] GC(5334) Pause Young (Allocation Failure) 14M->10M(15M) 0.176ms
[99.417s][info][gc] GC(5335) Pause Young (Allocation Failure) 14M->10M(15M) 0.238ms
[99.420s][info][gc] GC(5336) Pause Young (Allocation Failure) 14M->10M(15M) 0.236ms
[99.423s][info][gc] GC(5337) Pause Young (Allocation Failure) 14M->10M(15M) 0.684ms
[99.428s][info][gc] GC(5338) Pause Young (Allocation Failure) 14M->10M(15M) 0.301ms
[99.433s][info][gc] GC(5339) Pause Young (Allocation Failure) 14M->10M(15M) 0.402ms
[99.437s][info][gc] GC(5340) Pause Young (Allocation Failure) 14M->10M(15M) 0.321ms
[99.442s][info][gc] GC(5341) Pause Young (Allocation Failure) 14M->10M(15M) 0.692ms
[99.448s][info][gc] GC(5342) Pause Young (Allocation Failure) 14M->10M(15M) 0.859ms
[99.454s][info][gc] GC(5343) Pause Young (Allocation Failure) 14M->10M(15M) 0.335ms
[99.459s][info][gc] GC(5344) Pause Young (Allocation Failure) 14M->10M(15M) 0.706ms
[99.465s][info][gc] GC(5345) Pause Young (Allocation Failure) 14M->10M(15M) 0.873ms
[99.470s][info][gc] GC(5346) Pause Young (Allocation Failure) 14M->10M(15M) 0.368ms
[99.474s][info][gc] GC(5347) Pause Young (Allocation Failure) 14M->10M(15M) 0.474ms
[99.479s][info][gc] GC(5348) Pause Young (Allocation Failure) 14M->10M(15M) 0.326ms
[99.483s][info][gc] GC(5349) Pause Young (Allocation Failure) 14M->10M(15M) 0.315ms
[99.487s][info][gc] GC(5350) Pause Young (Allocation Failure) 14M->10M(15M) 0.275ms
[99.491s][info][gc] GC(5351) Pause Young (Allocation Failure) 14M->10M(15M) 0.482ms
[99.496s][info][gc] GC(5352) Pause Young (Allocation Failure) 14M->10M(15M) 0.363ms
[99.500s][info][gc] GC(5353) Pause Young (Allocation Failure) 14M->10M(15M) 0.279ms
[99.504s][info][gc] GC(5354) Pause Young (Allocation Failure) 14M->10M(15M) 0.280ms
[99.508s][info][gc] GC(5355) Pause Young (Allocation Failure) 14M->10M(15M) 0.476ms
[99.512s][info][gc] GC(5356) Pause Young (Allocation Failure) 14M->10M(15M) 0.320ms
[99.517s][info][gc] GC(5357) Pause Young (Allocation Failure) 14M->10M(15M) 0.335ms
[99.520s][info][gc] GC(5358) Pause Young (Allocation Failure) 14M->10M(15M) 0.285ms
[99.524s][info][gc] GC(5359) Pause Young (Allocation Failure) 14M->10M(15M) 0.418ms
[99.529s][info][gc] GC(5360) Pause Young (Allocation Failure) 14M->10M(15M) 0.310ms
[99.533s][info][gc] GC(5361) Pause Young (Allocation Failure) 14M->10M(15M) 0.498ms
[99.536s][info][gc] GC(5362) Pause Young (Allocation Failure) 14M->10M(15M) 0.272ms
[99.540s][info][gc] GC(5363) Pause Young (Allocation Failure) 14M->10M(15M) 0.570ms
[99.544s][info][gc] GC(5364) Pause Young (Allocation Failure) 14M->10M(15M) 0.370ms
[99.548s][info][gc] GC(5365) Pause Young (Allocation Failure) 14M->10M(15M) 0.517ms
[99.552s][info][gc] GC(5366) Pause Young (Allocation Failure) 14M->10M(15M) 0.272ms
[99.555s][info][gc] GC(5367) Pause Young (Allocation Failure) 14M->10M(15M) 0.265ms
[99.560s][info][gc] GC(5368) Pause Young (Allocation Failure) 14M->10M(15M) 0.614ms
[99.564s][info][gc] GC(5369) Pause Young (Allocation Failure) 14M->10M(15M) 0.599ms
[99.568s][info][gc] GC(5370) Pause Young (Allocation Failure) 14M->10M(15M) 0.273ms
[99.571s][info][gc] GC(5371) Pause Young (Allocation Failure) 14M->10M(15M) 0.248ms
[99.575s][info][gc] GC(5372) Pause Young (Allocation Failure) 14M->10M(15M) 0.458ms
[99.580s][info][gc] GC(5373) Pause Young (Allocation Failure) 14M->10M(15M) 0.305ms
[99.583s][info][gc] GC(5374) Pause Young (Allocation Failure) 14M->10M(15M) 0.254ms
[99.587s][info][gc] GC(5375) Pause Young (Allocation Failure) 14M->10M(15M) 0.240ms
[99.590s][info][gc] GC(5376) Pause Young (Allocation Failure) 14M->10M(15M) 0.384ms
[99.594s][info][gc] GC(5377) Pause Young (Allocation Failure) 14M->10M(15M) 0.626ms
[99.597s][info][gc] GC(5378) Pause Young (Allocation Failure) 14M->10M(15M) 0.370ms
[99.601s][info][gc] GC(5379) Pause Young (Allocation Failure) 14M->10M(15M) 0.245ms
[99.604s][info][gc] GC(5380) Pause Young (Allocation Failure) 14M->10M(15M) 0.230ms
[99.608s][info][gc] GC(5381) Pause Young (Allocation Failure) 14M->10M(15M) 0.338ms
[99.611s][info][gc] GC(5382) Pause Young (Allocation Failure) 14M->10M(15M) 0.274ms
[99.615s][info][gc] GC(5383) Pause Young (Allocation Failure) 14M->10M(15M) 0.392ms
[99.618s][info][gc] GC(5384) Pause Young (Allocation Failure) 14M->10M(15M) 0.237ms
[99.621s][info][gc] GC(5385) Pause Young (Allocation Failure) 14M->10M(15M) 0.227ms
[99.625s][info][gc] GC(5386) Pause Young (Allocation Failure) 14M->10M(15M) 0.409ms
[99.629s][info][gc] GC(5387) Pause Young (Allocation Failure) 14M->10M(15M) 0.271ms
[99.632s][info][gc] GC(5388) Pause Young (Allocation Failure) 14M->10M(15M) 0.420ms
[99.635s][info][gc] GC(5389) Pause Young (Allocation Failure) 14M->10M(15M) 0.237ms
[99.638s][info][gc] GC(5390) Pause Young (Allocation Failure) 14M->10M(15M) 0.258ms
[99.642s][info][gc] GC(5391) Pause Young (Allocation Failure) 14M->10M(15M) 0.437ms
[99.645s][info][gc] GC(5392) Pause Young (Allocation Failure) 14M->10M(15M) 0.235ms
[99.649s][info][gc] GC(5393) Pause Young (Allocation Failure) 14M->10M(15M) 0.342ms
[99.652s][info][gc] GC(5394) Pause Young (Allocation Failure) 14M->10M(15M) 0.183ms
[99.655s][info][gc] GC(5395) Pause Young (Allocation Failure) 14M->10M(15M) 0.222ms
[99.658s][info][gc] GC(5396) Pause Young (Allocation Failure) 14M->10M(15M) 0.361ms
[99.662s][info][gc] GC(5397) Pause Young (Allocation Failure) 14M->10M(15M) 0.225ms
[99.665s][info][gc] GC(5398) Pause Young (Allocation Failure) 14M->10M(15M) 0.334ms
[99.669s][info][gc] GC(5399) Pause Young (Allocation Failure) 14M->10M(15M) 0.239ms
[99.672s][info][gc] GC(5400) Pause Young (Allocation Failure) 14M->10M(15M) 0.275ms
[99.675s][info][gc] GC(5401) Pause Young (Allocation Failure) 14M->10M(15M) 0.428ms
[99.679s][info][gc] GC(5402) Pause Young (Allocation Failure) 14M->10M(15M) 0.282ms
[99.683s][info][gc] GC(5403) Pause Young (Allocation Failure) 14M->10M(15M) 0.488ms
[99.686s][info][gc] GC(5404) Pause Young (Allocation Failure) 14M->10M(15M) 0.246ms
[99.689s][info][gc] GC(5405) Pause Young (Allocation Failure) 14M->10M(15M) 0.275ms
[99.694s][info][gc] GC(5406) Pause Young (Allocation Failure) 14M->10M(15M) 0.980ms
[99.698s][info][gc] GC(5407) Pause Young (Allocation Failure) 14M->10M(15M) 0.563ms
[99.702s][info][gc] GC(5408) Pause Young (Allocation Failure) 14M->10M(15M) 0.274ms
[99.705s][info][gc] GC(5409) Pause Young (Allocation Failure) 14M->10M(15M) 0.326ms
[99.709s][info][gc] GC(5410) Pause Young (Allocation Failure) 14M->10M(15M) 0.468ms
[99.713s][info][gc] GC(5411) Pause Young (Allocation Failure) 14M->10M(15M) 0.280ms
[99.717s][info][gc] GC(5412) Pause Young (Allocation Failure) 14M->10M(15M) 0.375ms
[99.720s][info][gc] GC(5413) Pause Young (Allocation Failure) 14M->10M(15M) 0.241ms
[99.723s][info][gc] GC(5414) Pause Young (Allocation Failure) 14M->10M(15M) 0.274ms
[99.727s][info][gc] GC(5415) Pause Young (Allocation Failure) 14M->10M(15M) 0.450ms
[99.731s][info][gc] GC(5416) Pause Young (Allocation Failure) 14M->10M(15M) 0.264ms
[99.734s][info][gc] GC(5417) Pause Young (Allocation Failure) 14M->10M(15M) 0.257ms
[99.737s][info][gc] GC(5418) Pause Young (Allocation Failure) 14M->10M(15M) 0.236ms
[99.742s][info][gc] GC(5419) Pause Young (Allocation Failure) 14M->10M(15M) 0.463ms
[99.747s][info][gc] GC(5420) Pause Young (Allocation Failure) 14M->10M(15M) 0.331ms
[99.751s][info][gc] GC(5421) Pause Young (Allocation Failure) 14M->10M(15M) 0.240ms
[99.754s][info][gc] GC(5422) Pause Young (Allocation Failure) 14M->10M(15M) 0.228ms
[99.757s][info][gc] GC(5423) Pause Young (Allocation Failure) 14M->10M(15M) 0.348ms
[99.761s][info][gc] GC(5424) Pause Young (Allocation Failure) 14M->10M(15M) 0.528ms
[99.765s][info][gc] GC(5425) Pause Young (Allocation Failure) 14M->10M(15M) 0.319ms
[99.768s][info][gc] GC(5426) Pause Young (Allocation Failure) 14M->10M(15M) 0.229ms
[99.771s][info][gc] GC(5427) Pause Young (Allocation Failure) 14M->10M(15M) 0.231ms
[99.774s][info][gc] GC(5428) Pause Young (Allocation Failure) 14M->10M(15M) 0.326ms
[99.778s][info][gc] GC(5429) Pause Young (Allocation Failure) 14M->10M(15M) 0.881ms
[99.782s][info][gc] GC(5430) Pause Young (Allocation Failure) 14M->10M(15M) 0.447ms
[99.785s][info][gc] GC(5431) Pause Young (Allocation Failure) 14M->10M(15M) 0.234ms
[99.788s][info][gc] GC(5432) Pause Young (Allocation Failure) 14M->10M(15M) 0.229ms
[99.791s][info][gc] GC(5433) Pause Young (Allocation Failure) 14M->10M(15M) 0.338ms
[99.796s][info][gc] GC(5434) Pause Young (Allocation Failure) 14M->10M(15M) 0.281ms
[99.799s][info][gc] GC(5435) Pause Young (Allocation Failure) 14M->10M(15M) 0.449ms
[99.802s][info][gc] GC(5436) Pause Young (Allocation Failure) 14M->10M(15M) 0.232ms
[99.805s][info][gc] GC(5437) Pause Young (Allocation Failure) 14M->10M(15M) 0.266ms
[99.809s][info][gc] GC(5438) Pause Young (Allocation Failure) 14M->10M(15M) 0.363ms
[99.813s][info][gc] GC(5439) Pause Young (Allocation Failure) 14M->10M(15M) 0.266ms
[99.816s][info][gc] GC(5440) Pause Young (Allocation Failure) 14M->10M(15M) 0.458ms
[99.820s][info][gc] GC(5441) Pause Young (Allocation Failure) 14M->10M(15M) 0.265ms
[99.823s][info][gc] GC(5442) Pause Young (Allocation Failure) 14M->10M(15M) 0.273ms
[99.828s][info][gc] GC(5443) Pause Young (Allocation Failure) 14M->10M(15M) 0.583ms
[99.832s][info][gc] GC(5444) Pause Young (Allocation Failure) 14M->10M(15M) 0.554ms
[99.836s][info][gc] GC(5445) Pause Young (Allocation Failure) 14M->10M(15M) 0.354ms
[99.839s][info][gc] GC(5446) Pause Young (Allocation Failure) 14M->10M(15M) 0.284ms
[99.843s][info][gc] GC(5447) Pause Young (Allocation Failure) 14M->10M(15M) 0.475ms
[99.847s][info][gc] GC(5448) Pause Young (Allocation Failure) 14M->10M(15M) 0.280ms
[99.850s][info][gc] GC(5449) Pause Young (Allocation Failure) 14M->10M(15M) 0.442ms
[99.854s][info][gc] GC(5450) Pause Young (Allocation Failure) 14M->10M(15M) 0.254ms
[99.857s][info][gc] GC(5451) Pause Young (Allocation Failure) 14M->10M(15M) 0.265ms
[99.861s][info][gc] GC(5452) Pause Young (Allocation Failure) 14M->10M(15M) 0.533ms
[99.865s][info][gc] GC(5453) Pause Young (Allocation Failure) 14M->10M(15M) 0.276ms
[99.868s][info][gc] GC(5454) Pause Young (Allocation Failure) 14M->10M(15M) 0.250ms
[99.871s][info][gc] GC(5455) Pause Young (Allocation Failure) 14M->10M(15M) 0.243ms
[99.875s][info][gc] GC(5456) Pause Young (Allocation Failure) 14M->10M(15M) 0.385ms
[99.879s][info][gc] GC(5457) Pause Young (Allocation Failure) 14M->10M(15M) 0.538ms
[99.882s][info][gc] GC(5458) Pause Young (Allocation Failure) 14M->10M(15M) 0.498ms
[99.886s][info][gc] GC(5459) Pause Young (Allocation Failure) 14M->10M(15M) 0.250ms
[99.889s][info][gc] GC(5460) Pause Young (Allocation Failure) 14M->10M(15M) 0.266ms
[99.893s][info][gc] GC(5461) Pause Young (Allocation Failure) 14M->10M(15M) 0.426ms
[99.896s][info][gc] GC(5462) Pause Young (Allocation Failure) 14M->10M(15M) 0.305ms
[99.900s][info][gc] GC(5463) Pause Young (Allocation Failure) 14M->10M(15M) 0.494ms
[99.903s][info][gc] GC(5464) Pause Young (Allocation Failure) 14M->10M(15M) 0.254ms
[99.907s][info][gc] GC(5465) Pause Young (Allocation Failure) 14M->10M(15M) 0.313ms
[99.911s][info][gc] GC(5466) Pause Young (Allocation Failure) 14M->10M(15M) 0.534ms
[99.915s][info][gc] GC(5467) Pause Young (Allocation Failure) 14M->10M(15M) 0.517ms
[99.919s][info][gc] GC(5468) Pause Young (Allocation Failure) 14M->10M(15M) 0.311ms
[99.922s][info][gc] GC(5469) Pause Young (Allocation Failure) 14M->10M(15M) 0.258ms
[99.926s][info][gc] GC(5470) Pause Young (Allocation Failure) 14M->10M(15M) 0.494ms
[99.930s][info][gc] GC(5471) Pause Young (Allocation Failure) 14M->10M(15M) 0.252ms
[99.935s][info][gc] GC(5472) Pause Young (Allocation Failure) 14M->10M(15M) 0.235ms
[99.939s][info][gc] GC(5473) Pause Young (Allocation Failure) 14M->10M(15M) 0.247ms
[99.942s][info][gc] GC(5474) Pause Young (Allocation Failure) 14M->10M(15M) 0.358ms
[99.947s][info][gc] GC(5475) Pause Young (Allocation Failure) 14M->10M(15M) 0.269ms
[99.951s][info][gc] GC(5476) Pause Young (Allocation Failure) 14M->10M(15M) 0.489ms
[99.954s][info][gc] GC(5477) Pause Young (Allocation Failure) 14M->10M(15M) 0.259ms
[99.957s][info][gc] GC(5478) Pause Young (Allocation Failure) 14M->10M(15M) 0.262ms
[99.961s][info][gc] GC(5479) Pause Young (Allocation Failure) 14M->10M(15M) 0.607ms
[99.966s][info][gc] GC(5480) Pause Young (Allocation Failure) 14M->10M(15M) 0.299ms
[99.969s][info][gc] GC(5481) Pause Young (Allocation Failure) 14M->10M(15M) 0.259ms
[99.972s][info][gc] GC(5482) Pause Young (Allocation Failure) 14M->10M(15M) 0.245ms
[99.976s][info][gc] GC(5483) Pause Young (Allocation Failure) 14M->10M(15M) 0.389ms
[99.980s][info][gc] GC(5484) Pause Young (Allocation Failure) 14M->10M(15M) 0.281ms
[99.984s][info][gc] GC(5485) Pause Young (Allocation Failure) 14M->10M(15M) 0.502ms
[99.987s][info][gc] GC(5486) Pause Young (Allocation Failure) 14M->10M(15M) 0.286ms
[99.990s][info][gc] GC(5487) Pause Young (Allocation Failure) 14M->10M(15M) 0.232ms
[99.993s][info][gc] GC(5488) Pause Young (Allocation Failure) 14M->10M(15M) 0.461ms
[99.997s][info][gc] GC(5489) Pause Young (Allocation Failure) 14M->10M(15M) 0.204ms
[100.000s][info][gc] GC(5490) Pause Young (Allocation Failure) 14M->10M(15M) 0.346ms
[100.003s][info][gc] GC(5491) Pause Young (Allocation Failure) 14M->10M(15M) 0.182ms
[100.006s][info][gc] GC(5492) Pause Young (Allocation Failure) 14M->10M(15M) 0.267ms
[100.009s][info][gc] GC(5493) Pause Young (Allocation Failure) 14M->10M(15M) 0.379ms
[100.013s][info][gc] GC(5494) Pause Young (Allocation Failure) 14M->10M(15M) 0.269ms
[100.016s][info][gc] GC(5495) Pause Young (Allocation Failure) 14M->10M(15M) 0.421ms
[100.020s][info][gc] GC(5496) Pause Young (Allocation Failure) 14M->10M(15M) 0.221ms
[100.022s][info][gc] GC(5497) Pause Young (Allocation Failure) 14M->10M(15M) 0.219ms
[100.026s][info][gc] GC(5498) Pause Young (Allocation Failure) 14M->10M(15M) 0.327ms
[100.030s][info][gc] GC(5499) Pause Young (Allocation Failure) 14M->10M(15M) 0.266ms
[100.033s][info][gc] GC(5500) Pause Young (Allocation Failure) 14M->10M(15M) 0.333ms
[100.036s][info][gc] GC(5501) Pause Young (Allocation Failure) 14M->10M(15M) 0.232ms
[100.039s][info][gc] GC(5502) Pause Young (Allocation Failure) 14M->10M(15M) 0.223ms
[100.042s][info][gc] GC(5503) Pause Young (Allocation Failure) 14M->10M(15M) 0.291ms
[100.046s][info][gc] GC(5504) Pause Young (Allocation Failure) 14M->10M(15M) 0.646ms
[100.050s][info][gc] GC(5505) Pause Young (Allocation Failure) 14M->10M(15M) 0.423ms
[100.053s][info][gc] GC(5506) Pause Young (Allocation Failure) 14M->10M(15M) 0.230ms
[100.056s][info][gc] GC(5507) Pause Young (Allocation Failure) 14M->10M(15M) 0.223ms
[100.060s][info][gc] GC(5508) Pause Young (Allocation Failure) 14M->10M(15M) 0.350ms
[100.063s][info][gc] GC(5509) Pause Young (Allocation Failure) 14M->10M(15M) 0.232ms
[100.067s][info][gc] GC(5510) Pause Young (Allocation Failure) 14M->10M(15M) 0.410ms
[100.070s][info][gc] GC(5511) Pause Young (Allocation Failure) 14M->10M(15M) 0.221ms
[100.073s][info][gc] GC(5512) Pause Young (Allocation Failure) 14M->10M(15M) 0.235ms
[100.076s][info][gc] GC(5513) Pause Young (Allocation Failure) 14M->10M(15M) 0.337ms
[100.080s][info][gc] GC(5514) Pause Young (Allocation Failure) 14M->10M(15M) 0.267ms
[100.084s][info][gc] GC(5515) Pause Young (Allocation Failure) 14M->10M(15M) 0.420ms
[100.087s][info][gc] GC(5516) Pause Young (Allocation Failure) 14M->10M(15M) 0.243ms
[100.090s][info][gc] GC(5517) Pause Young (Allocation Failure) 14M->10M(15M) 0.179ms
[100.093s][info][gc] GC(5518) Pause Young (Allocation Failure) 14M->10M(15M) 0.355ms
[100.097s][info][gc] GC(5519) Pause Young (Allocation Failure) 14M->10M(15M) 0.237ms
[100.101s][info][gc] GC(5520) Pause Young (Allocation Failure) 14M->10M(15M) 0.376ms
[100.104s][info][gc] GC(5521) Pause Young (Allocation Failure) 14M->10M(15M) 0.202ms
[100.107s][info][gc] GC(5522) Pause Young (Allocation Failure) 14M->10M(15M) 0.195ms
[100.110s][info][gc] GC(5523) Pause Young (Allocation Failure) 14M->10M(15M) 0.371ms
[100.114s][info][gc] GC(5524) Pause Young (Allocation Failure) 14M->10M(15M) 0.210ms
[100.117s][info][gc] GC(5525) Pause Young (Allocation Failure) 14M->10M(15M) 0.407ms
[100.120s][info][gc] GC(5526) Pause Young (Allocation Failure) 14M->10M(15M) 0.232ms
[100.123s][info][gc] GC(5527) Pause Young (Allocation Failure) 14M->10M(15M) 0.232ms
[100.127s][info][gc] GC(5528) Pause Young (Allocation Failure) 14M->10M(15M) 0.369ms
[100.130s][info][gc] GC(5529) Pause Young (Allocation Failure) 14M->10M(15M) 0.265ms
[100.134s][info][gc] GC(5530) Pause Young (Allocation Failure) 14M->10M(15M) 0.409ms
[100.137s][info][gc] GC(5531) Pause Young (Allocation Failure) 14M->10M(15M) 0.213ms
[100.140s][info][gc] GC(5532) Pause Young (Allocation Failure) 14M->10M(15M) 0.238ms
[100.143s][info][gc] GC(5533) Pause Young (Allocation Failure) 14M->10M(15M) 0.404ms
[100.147s][info][gc] GC(5534) Pause Young (Allocation Failure) 14M->10M(15M) 0.251ms
[100.151s][info][gc] GC(5535) Pause Young (Allocation Failure) 14M->10M(15M) 0.378ms
[100.154s][info][gc] GC(5536) Pause Young (Allocation Failure) 14M->10M(15M) 0.194ms
[100.157s][info][gc] GC(5537) Pause Young (Allocation Failure) 14M->10M(15M) 0.182ms
[100.160s][info][gc] GC(5538) Pause Young (Allocation Failure) 14M->10M(15M) 0.392ms
[100.164s][info][gc] GC(5539) Pause Young (Allocation Failure) 14M->10M(15M) 0.225ms
[100.168s][info][gc] GC(5540) Pause Young (Allocation Failure) 14M->10M(15M) 0.365ms
[100.171s][info][gc] GC(5541) Pause Young (Allocation Failure) 14M->10M(15M) 0.170ms
[100.174s][info][gc] GC(5542) Pause Young (Allocation Failure) 14M->10M(15M) 0.166ms
[100.177s][info][gc] GC(5543) Pause Young (Allocation Failure) 14M->10M(15M) 0.324ms
[100.181s][info][gc] GC(5544) Pause Young (Allocation Failure) 14M->10M(15M) 0.203ms
[100.184s][info][gc] GC(5545) Pause Young (Allocation Failure) 14M->10M(15M) 0.296ms
[100.187s][info][gc] GC(5546) Pause Young (Allocation Failure) 14M->10M(15M) 0.230ms
[100.190s][info][gc] GC(5547) Pause Young (Allocation Failure) 14M->10M(15M) 0.234ms
[100.193s][info][gc] GC(5548) Pause Young (Allocation Failure) 14M->10M(15M) 0.255ms
[100.196s][info][gc] GC(5549) Pause Young (Allocation Failure) 14M->10M(15M) 0.246ms
[100.199s][info][gc] GC(5550) Pause Young (Allocation Failure) 14M->10M(15M) 0.314ms
[100.202s][info][gc] GC(5551) Pause Young (Allocation Failure) 14M->10M(15M) 0.306ms
[100.206s][info][gc] GC(5552) Pause Young (Allocation Failure) 14M->10M(15M) 0.380ms
[100.209s][info][gc] GC(5553) Pause Young (Allocation Failure) 14M->10M(15M) 0.274ms
[100.213s][info][gc] GC(5554) Pause Young (Allocation Failure) 14M->10M(15M) 0.273ms
[100.216s][info][gc] GC(5555) Pause Young (Allocation Failure) 14M->10M(15M) 0.289ms
[100.219s][info][gc] GC(5556) Pause Young (Allocation Failure) 14M->10M(15M) 0.296ms
[100.223s][info][gc] GC(5557) Pause Young (Allocation Failure) 14M->10M(15M) 0.320ms
[100.226s][info][gc] GC(5558) Pause Young (Allocation Failure) 14M->10M(15M) 0.212ms
[100.229s][info][gc] GC(5559) Pause Young (Allocation Failure) 14M->10M(15M) 0.269ms
[100.232s][info][gc] GC(5560) Pause Young (Allocation Failure) 14M->10M(15M) 0.306ms
[100.236s][info][gc] GC(5561) Pause Young (Allocation Failure) 14M->10M(15M) 0.358ms
[100.239s][info][gc] GC(5562) Pause Young (Allocation Failure) 14M->10M(15M) 0.248ms
[100.243s][info][gc] GC(5563) Pause Young (Allocation Failure) 14M->10M(15M) 0.461ms
[100.247s][info][gc] GC(5564) Pause Young (Allocation Failure) 14M->10M(15M) 0.323ms
[100.250s][info][gc] GC(5565) Pause Young (Allocation Failure) 14M->10M(15M) 0.343ms
[100.254s][info][gc] GC(5566) Pause Young (Allocation Failure) 14M->10M(15M) 0.285ms
[100.258s][info][gc] GC(5567) Pause Young (Allocation Failure) 14M->10M(15M) 0.299ms
[100.262s][info][gc] GC(5568) Pause Young (Allocation Failure) 14M->10M(15M) 0.322ms
[100.266s][info][gc] GC(5569) Pause Young (Allocation Failure) 14M->10M(15M) 0.373ms
[100.270s][info][gc] GC(5570) Pause Young (Allocation Failure) 14M->10M(15M) 0.416ms
[100.274s][info][gc] GC(5571) Pause Young (Allocation Failure) 14M->10M(15M) 0.270ms
[100.278s][info][gc] GC(5572) Pause Young (Allocation Failure) 14M->10M(15M) 0.361ms
[100.281s][info][gc] GC(5573) Pause Young (Allocation Failure) 14M->10M(15M) 0.358ms
[100.286s][info][gc] GC(5574) Pause Young (Allocation Failure) 14M->10M(15M) 0.789ms
[100.290s][info][gc] GC(5575) Pause Young (Allocation Failure) 14M->10M(15M) 0.287ms
[100.293s][info][gc] GC(5576) Pause Young (Allocation Failure) 14M->10M(15M) 0.314ms
[100.297s][info][gc] GC(5577) Pause Young (Allocation Failure) 14M->10M(15M) 0.456ms
[100.301s][info][gc] GC(5578) Pause Young (Allocation Failure) 14M->10M(15M) 0.430ms
[100.305s][info][gc] GC(5579) Pause Young (Allocation Failure) 14M->10M(15M) 0.271ms
[100.309s][info][gc] GC(5580) Pause Young (Allocation Failure) 14M->10M(15M) 0.342ms
[100.313s][info][gc] GC(5581) Pause Young (Allocation Failure) 14M->10M(15M) 0.435ms
[100.318s][info][gc] GC(5582) Pause Young (Allocation Failure) 14M->10M(15M) 0.575ms
[100.322s][info][gc] GC(5583) Pause Young (Allocation Failure) 14M->10M(15M) 0.287ms
[100.326s][info][gc] GC(5584) Pause Young (Allocation Failure) 14M->10M(15M) 0.314ms
[100.329s][info][gc] GC(5585) Pause Young (Allocation Failure) 14M->10M(15M) 0.438ms
[100.334s][info][gc] GC(5586) Pause Young (Allocation Failure) 14M->10M(15M) 0.717ms
[100.338s][info][gc] GC(5587) Pause Young (Allocation Failure) 14M->10M(15M) 0.300ms
[100.341s][info][gc] GC(5588) Pause Young (Allocation Failure) 14M->10M(15M) 0.269ms
[100.345s][info][gc] GC(5589) Pause Young (Allocation Failure) 14M->10M(15M) 0.442ms
[100.350s][info][gc] GC(5590) Pause Young (Allocation Failure) 14M->10M(15M) 0.575ms
[100.354s][info][gc] GC(5591) Pause Young (Allocation Failure) 14M->10M(15M) 0.245ms
[100.359s][info][gc] GC(5592) Pause Young (Allocation Failure) 14M->10M(15M) 0.486ms
[100.364s][info][gc] GC(5593) Pause Young (Allocation Failure) 14M->10M(15M) 0.611ms
[100.370s][info][gc] GC(5594) Pause Young (Allocation Failure) 15M->10M(15M) 0.776ms
[100.374s][info][gc] GC(5595) Pause Young (Allocation Failure) 15M->10M(15M) 0.329ms
[100.379s][info][gc] GC(5596) Pause Young (Allocation Failure) 15M->10M(15M) 0.395ms
[100.385s][info][gc] GC(5597) Pause Young (Allocation Failure) 14M->10M(15M) 0.611ms
[100.389s][info][gc] GC(5598) Pause Young (Allocation Failure) 14M->10M(15M) 0.329ms
[100.394s][info][gc] GC(5599) Pause Young (Allocation Failure) 15M->10M(15M) 0.304ms
[100.398s][info][gc] GC(5600) Pause Young (Allocation Failure) 14M->10M(15M) 0.459ms
[100.403s][info][gc] GC(5601) Pause Young (Allocation Failure) 15M->10M(15M) 0.337ms
[100.408s][info][gc] GC(5602) Pause Young (Allocation Failure) 15M->10M(15M) 0.335ms
[100.412s][info][gc] GC(5603) Pause Young (Allocation Failure) 15M->10M(15M) 0.572ms
[100.418s][info][gc] GC(5604) Pause Young (Allocation Failure) 15M->10M(15M) 0.772ms
[100.422s][info][gc] GC(5605) Pause Young (Allocation Failure) 15M->10M(15M) 0.335ms
[100.427s][info][gc] GC(5606) Pause Young (Allocation Failure) 15M->10M(15M) 0.485ms
[100.432s][info][gc] GC(5607) Pause Young (Allocation Failure) 15M->10M(15M) 0.372ms
[100.437s][info][gc] GC(5608) Pause Young (Allocation Failure) 15M->10M(15M) 0.487ms
[100.441s][info][gc] GC(5609) Pause Young (Allocation Failure) 14M->10M(15M) 0.305ms
[100.447s][info][gc] GC(5610) Pause Young (Allocation Failure) 15M->10M(15M) 0.740ms
[100.452s][info][gc] GC(5611) Pause Young (Allocation Failure) 15M->10M(15M) 0.731ms
[100.458s][info][gc] GC(5612) Pause Young (Allocation Failure) 15M->10M(15M) 0.540ms
[100.463s][info][gc] GC(5613) Pause Young (Allocation Failure) 15M->10M(15M) 0.720ms
[100.469s][info][gc] GC(5614) Pause Young (Allocation Failure) 15M->10M(15M) 0.836ms
[100.473s][info][gc] GC(5615) Pause Young (Allocation Failure) 15M->10M(15M) 0.327ms
[100.479s][info][gc] GC(5616) Pause Young (Allocation Failure) 15M->10M(15M) 0.741ms
[100.486s][info][gc] GC(5617) Pause Young (Allocation Failure) 14M->10M(15M) 0.649ms
[100.490s][info][gc] GC(5618) Pause Young (Allocation Failure) 14M->10M(15M) 0.223ms
[100.495s][info][gc] GC(5619) Pause Young (Allocation Failure) 14M->10M(15M) 0.734ms
[100.500s][info][gc] GC(5620) Pause Young (Allocation Failure) 15M->10M(15M) 0.862ms
[100.506s][info][gc] GC(5621) Pause Young (Allocation Failure) 15M->10M(15M) 0.492ms
[100.511s][info][gc] GC(5622) Pause Young (Allocation Failure) 15M->10M(15M) 0.578ms
[100.516s][info][gc] GC(5623) Pause Young (Allocation Failure) 15M->10M(15M) 0.439ms
[100.521s][info][gc] GC(5624) Pause Young (Allocation Failure) 15M->10M(15M) 0.302ms
[100.526s][info][gc] GC(5625) Pause Young (Allocation Failure) 15M->10M(15M) 0.500ms
[100.531s][info][gc] GC(5626) Pause Young (Allocation Failure) 15M->10M(15M) 0.481ms
[100.536s][info][gc] GC(5627) Pause Young (Allocation Failure) 15M->10M(15M) 0.372ms
[100.540s][info][gc] GC(5628) Pause Young (Allocation Failure) 15M->10M(15M) 0.280ms
[100.544s][info][gc] GC(5629) Pause Young (Allocation Failure) 15M->10M(15M) 0.479ms
[100.549s][info][gc] GC(5630) Pause Young (Allocation Failure) 15M->10M(15M) 0.384ms
[100.554s][info][gc] GC(5631) Pause Young (Allocation Failure) 15M->10M(15M) 0.311ms
[100.557s][info][gc] GC(5632) Pause Young (Allocation Failure) 15M->10M(15M) 0.282ms
[100.561s][info][gc] GC(5633) Pause Young (Allocation Failure) 15M->10M(15M) 0.459ms
[100.566s][info][gc] GC(5634) Pause Young (Allocation Failure) 15M->10M(15M) 0.296ms
[100.570s][info][gc] GC(5635) Pause Young (Allocation Failure) 15M->10M(15M) 0.304ms
[100.573s][info][gc] GC(5636) Pause Young (Allocation Failure) 15M->10M(15M) 0.272ms
[100.577s][info][gc] GC(5637) Pause Young (Allocation Failure) 15M->10M(15M) 0.441ms
[100.581s][info][gc] GC(5638) Pause Young (Allocation Failure) 15M->10M(15M) 0.259ms
[100.585s][info][gc] GC(5639) Pause Young (Allocation Failure) 15M->10M(15M) 0.440ms
[100.589s][info][gc] GC(5640) Pause Young (Allocation Failure) 15M->10M(15M) 0.188ms
[100.592s][info][gc] GC(5641) Pause Young (Allocation Failure) 15M->10M(15M) 0.249ms
[100.596s][info][gc] GC(5642) Pause Young (Allocation Failure) 15M->10M(15M) 0.604ms
[100.600s][info][gc] GC(5643) Pause Young (Allocation Failure) 15M->10M(15M) 0.269ms
[100.604s][info][gc] GC(5644) Pause Young (Allocation Failure) 15M->10M(15M) 0.267ms
[100.607s][info][gc] GC(5645) Pause Young (Allocation Failure) 15M->10M(15M) 0.241ms
[100.610s][info][gc] GC(5646) Pause Young (Allocation Failure) 15M->10M(15M) 0.402ms
[100.615s][info][gc] GC(5647) Pause Young (Allocation Failure) 15M->10M(15M) 0.280ms
[100.618s][info][gc] GC(5648) Pause Young (Allocation Failure) 15M->10M(15M) 0.509ms
[100.622s][info][gc] GC(5649) Pause Young (Allocation Failure) 15M->10M(15M) 0.231ms
[100.624s][info][gc] GC(5650) Pause Young (Allocation Failure) 15M->10M(15M) 0.219ms
[100.629s][info][gc] GC(5651) Pause Young (Allocation Failure) 15M->10M(15M) 0.647ms
[100.633s][info][gc] GC(5652) Pause Young (Allocation Failure) 15M->10M(15M) 0.241ms
[100.637s][info][gc] GC(5653) Pause Young (Allocation Failure) 15M->10M(15M) 0.271ms
[100.640s][info][gc] GC(5654) Pause Young (Allocation Failure) 15M->10M(15M) 0.238ms
[100.643s][info][gc] GC(5655) Pause Young (Allocation Failure) 15M->10M(15M) 0.249ms
[100.647s][info][gc] GC(5656) Pause Young (Allocation Failure) 15M->10M(15M) 0.511ms
[100.650s][info][gc] GC(5657) Pause Young (Allocation Failure) 15M->10M(15M) 0.380ms
[100.654s][info][gc] GC(5658) Pause Young (Allocation Failure) 15M->10M(15M) 0.260ms
[100.657s][info][gc] GC(5659) Pause Young (Allocation Failure) 15M->10M(15M) 0.261ms
[100.661s][info][gc] GC(5660) Pause Young (Allocation Failure) 15M->10M(15M) 0.353ms
[100.665s][info][gc] GC(5661) Pause Young (Allocation Failure) 15M->10M(15M) 0.292ms
[100.669s][info][gc] GC(5662) Pause Young (Allocation Failure) 15M->10M(15M) 0.613ms
[100.672s][info][gc] GC(5663) Pause Young (Allocation Failure) 15M->10M(15M) 0.260ms
[100.676s][info][gc] GC(5664) Pause Young (Allocation Failure) 15M->10M(15M) 0.261ms
[100.680s][info][gc] GC(5665) Pause Young (Allocation Failure) 15M->10M(15M) 0.644ms
[100.684s][info][gc] GC(5666) Pause Young (Allocation Failure) 15M->10M(15M) 0.263ms
[100.688s][info][gc] GC(5667) Pause Young (Allocation Failure) 15M->10M(15M) 0.252ms
[100.691s][info][gc] GC(5668) Pause Young (Allocation Failure) 15M->10M(15M) 0.233ms
[100.695s][info][gc] GC(5669) Pause Young (Allocation Failure) 15M->10M(15M) 0.383ms
[100.699s][info][gc] GC(5670) Pause Young (Allocation Failure) 15M->10M(15M) 0.280ms
[100.702s][info][gc] GC(5671) Pause Young (Allocation Failure) 15M->10M(15M) 0.409ms
[100.705s][info][gc] GC(5672) Pause Young (Allocation Failure) 15M->10M(15M) 0.235ms
[100.708s][info][gc] GC(5673) Pause Young (Allocation Failure) 15M->10M(15M) 0.216ms
[100.713s][info][gc] GC(5674) Pause Young (Allocation Failure) 15M->10M(15M) 0.582ms
[100.716s][info][gc] GC(5675) Pause Young (Allocation Failure) 15M->10M(15M) 0.218ms
[100.720s][info][gc] GC(5676) Pause Young (Allocation Failure) 15M->10M(15M) 0.345ms
[100.723s][info][gc] GC(5677) Pause Young (Allocation Failure) 15M->10M(15M) 0.175ms
[100.726s][info][gc] GC(5678) Pause Young (Allocation Failure) 15M->10M(15M) 0.180ms
[100.730s][info][gc] GC(5679) Pause Young (Allocation Failure) 15M->10M(15M) 0.704ms
[100.754s][info][gc] GC(5680) Pause Full (Allocation Failure) 10M->10M(15M) 23.874ms
[100.784s][info][gc] GC(5681) Pause Full (Allocation Failure) 15M->10M(15M) 24.986ms
[100.819s][info][gc] GC(5682) Pause Full (Allocation Failure) 15M->10M(15M) 29.753ms
[100.823s][info][gc] GC(5683) Pause Young (Allocation Failure) 14M->10M(15M) 0.266ms
[100.827s][info][gc] GC(5684) Pause Young (Allocation Failure) 14M->10M(15M) 0.570ms
[100.832s][info][gc] GC(5685) Pause Young (Allocation Failure) 14M->10M(15M) 0.706ms
[100.836s][info][gc] GC(5686) Pause Young (Allocation Failure) 14M->10M(15M) 0.515ms
[100.840s][info][gc] GC(5687) Pause Young (Allocation Failure) 14M->10M(15M) 0.271ms
[100.843s][info][gc] GC(5688) Pause Young (Allocation Failure) 14M->10M(15M) 0.247ms
[100.847s][info][gc] GC(5689) Pause Young (Allocation Failure) 14M->10M(15M) 0.494ms
[100.851s][info][gc] GC(5690) Pause Young (Allocation Failure) 14M->10M(15M) 0.276ms
[100.856s][info][gc] GC(5691) Pause Young (Allocation Failure) 14M->10M(15M) 0.273ms
[100.859s][info][gc] GC(5692) Pause Young (Allocation Failure) 14M->10M(15M) 0.291ms
[100.864s][info][gc] GC(5693) Pause Young (Allocation Failure) 14M->10M(15M) 0.702ms
[100.868s][info][gc] GC(5694) Pause Young (Allocation Failure) 14M->10M(15M) 0.276ms
[100.872s][info][gc] GC(5695) Pause Young (Allocation Failure) 14M->10M(15M) 0.250ms
[100.875s][info][gc] GC(5696) Pause Young (Allocation Failure) 14M->10M(15M) 0.239ms
[100.878s][info][gc] GC(5697) Pause Young (Allocation Failure) 14M->10M(15M) 0.372ms
[100.883s][info][gc] GC(5698) Pause Young (Allocation Failure) 14M->10M(15M) 0.284ms
[100.887s][info][gc] GC(5699) Pause Young (Allocation Failure) 14M->10M(15M) 0.716ms
[100.891s][info][gc] GC(5700) Pause Young (Allocation Failure) 14M->10M(15M) 0.256ms
[100.894s][info][gc] GC(5701) Pause Young (Allocation Failure) 14M->10M(15M) 0.546ms
[100.899s][info][gc] GC(5702) Pause Young (Allocation Failure) 14M->10M(15M) 0.413ms
[100.903s][info][gc] GC(5703) Pause Young (Allocation Failure) 14M->10M(15M) 0.242ms
[100.907s][info][gc] GC(5704) Pause Young (Allocation Failure) 14M->10M(15M) 0.220ms
[100.910s][info][gc] GC(5705) Pause Young (Allocation Failure) 14M->10M(15M) 0.197ms
[100.913s][info][gc] GC(5706) Pause Young (Allocation Failure) 14M->10M(15M) 0.182ms
[100.916s][info][gc] GC(5707) Pause Young (Allocation Failure) 14M->10M(15M) 0.253ms
[100.920s][info][gc] GC(5708) Pause Young (Allocation Failure) 14M->10M(15M) 0.503ms
[100.924s][info][gc] GC(5709) Pause Young (Allocation Failure) 14M->10M(15M) 0.239ms
[100.929s][info][gc] GC(5710) Pause Young (Allocation Failure) 14M->10M(15M) 0.389ms
[100.933s][info][gc] GC(5711) Pause Young (Allocation Failure) 14M->10M(15M) 0.345ms
[100.937s][info][gc] GC(5712) Pause Young (Allocation Failure) 14M->10M(15M) 0.373ms
[100.942s][info][gc] GC(5713) Pause Young (Allocation Failure) 14M->10M(15M) 0.422ms
[100.946s][info][gc] GC(5714) Pause Young (Allocation Failure) 14M->10M(15M) 0.346ms
[100.950s][info][gc] GC(5715) Pause Young (Allocation Failure) 14M->10M(15M) 0.402ms
[100.955s][info][gc] GC(5716) Pause Young (Allocation Failure) 14M->10M(15M) 0.435ms
[100.959s][info][gc] GC(5717) Pause Young (Allocation Failure) 14M->10M(15M) 0.535ms
[100.963s][info][gc] GC(5718) Pause Young (Allocation Failure) 14M->10M(15M) 0.388ms
[100.967s][info][gc] GC(5719) Pause Young (Allocation Failure) 14M->10M(15M) 0.356ms
[100.971s][info][gc] GC(5720) Pause Young (Allocation Failure) 14M->10M(15M) 0.312ms
[100.975s][info][gc] GC(5721) Pause Young (Allocation Failure) 14M->10M(15M) 0.293ms
[100.979s][info][gc] GC(5722) Pause Young (Allocation Failure) 14M->10M(15M) 0.348ms
[100.983s][info][gc] GC(5723) Pause Young (Allocation Failure) 14M->10M(15M) 0.433ms
[100.988s][info][gc] GC(5724) Pause Young (Allocation Failure) 14M->10M(15M) 0.509ms
[100.992s][info][gc] GC(5725) Pause Young (Allocation Failure) 14M->10M(15M) 0.266ms
[100.995s][info][gc] GC(5726) Pause Young (Allocation Failure) 14M->10M(15M) 0.281ms
[100.999s][info][gc] GC(5727) Pause Young (Allocation Failure) 14M->10M(15M) 0.378ms
[101.003s][info][gc] GC(5728) Pause Young (Allocation Failure) 14M->10M(15M) 0.536ms
[101.007s][info][gc] GC(5729) Pause Young (Allocation Failure) 14M->10M(15M) 0.244ms
[101.010s][info][gc] GC(5730) Pause Young (Allocation Failure) 14M->10M(15M) 0.231ms
[101.013s][info][gc] GC(5731) Pause Young (Allocation Failure) 14M->10M(15M) 0.214ms
[101.017s][info][gc] GC(5732) Pause Young (Allocation Failure) 14M->10M(15M) 0.283ms
[101.021s][info][gc] GC(5733) Pause Young (Allocation Failure) 14M->10M(15M) 0.540ms
[101.025s][info][gc] GC(5734) Pause Young (Allocation Failure) 14M->10M(15M) 0.268ms
[101.028s][info][gc] GC(5735) Pause Young (Allocation Failure) 14M->10M(15M) 0.306ms
[101.032s][info][gc] GC(5736) Pause Young (Allocation Failure) 14M->10M(15M) 0.514ms
[101.036s][info][gc] GC(5737) Pause Young (Allocation Failure) 14M->10M(15M) 0.544ms
[101.040s][info][gc] GC(5738) Pause Young (Allocation Failure) 14M->10M(15M) 0.304ms
[101.043s][info][gc] GC(5739) Pause Young (Allocation Failure) 14M->10M(15M) 0.342ms
[101.047s][info][gc] GC(5740) Pause Young (Allocation Failure) 14M->10M(15M) 0.331ms
[101.050s][info][gc] GC(5741) Pause Young (Allocation Failure) 14M->10M(15M) 0.558ms
[101.054s][info][gc] GC(5742) Pause Young (Allocation Failure) 14M->10M(15M) 0.401ms
[101.058s][info][gc] GC(5743) Pause Young (Allocation Failure) 14M->10M(15M) 0.263ms
[101.061s][info][gc] GC(5744) Pause Young (Allocation Failure) 14M->10M(15M) 0.295ms
[101.066s][info][gc] GC(5745) Pause Young (Allocation Failure) 14M->10M(15M) 0.444ms
[101.069s][info][gc] GC(5746) Pause Young (Allocation Failure) 14M->10M(15M) 0.401ms
[101.073s][info][gc] GC(5747) Pause Young (Allocation Failure) 14M->10M(15M) 0.321ms
[101.076s][info][gc] GC(5748) Pause Young (Allocation Failure) 14M->10M(15M) 0.252ms
[101.080s][info][gc] GC(5749) Pause Young (Allocation Failure) 14M->10M(15M) 0.327ms
[101.084s][info][gc] GC(5750) Pause Young (Allocation Failure) 14M->10M(15M) 0.560ms
[101.088s][info][gc] GC(5751) Pause Young (Allocation Failure) 14M->10M(15M) 0.303ms
[101.091s][info][gc] GC(5752) Pause Young (Allocation Failure) 14M->10M(15M) 0.249ms
[101.094s][info][gc] GC(5753) Pause Young (Allocation Failure) 14M->10M(15M) 0.275ms
[101.099s][info][gc] GC(5754) Pause Young (Allocation Failure) 14M->10M(15M) 0.594ms
[101.103s][info][gc] GC(5755) Pause Young (Allocation Failure) 14M->10M(15M) 0.575ms
[101.107s][info][gc] GC(5756) Pause Young (Allocation Failure) 14M->10M(15M) 0.288ms
[101.111s][info][gc] GC(5757) Pause Young (Allocation Failure) 14M->10M(15M) 0.251ms
[101.114s][info][gc] GC(5758) Pause Young (Allocation Failure) 14M->10M(15M) 0.399ms
[101.118s][info][gc] GC(5759) Pause Young (Allocation Failure) 14M->10M(15M) 0.310ms
[101.123s][info][gc] GC(5760) Pause Young (Allocation Failure) 14M->10M(15M) 0.296ms
[101.126s][info][gc] GC(5761) Pause Young (Allocation Failure) 14M->10M(15M) 0.249ms
[101.130s][info][gc] GC(5762) Pause Young (Allocation Failure) 14M->10M(15M) 0.482ms
[101.135s][info][gc] GC(5763) Pause Young (Allocation Failure) 14M->10M(15M) 0.289ms
[101.139s][info][gc] GC(5764) Pause Young (Allocation Failure) 14M->10M(15M) 0.264ms
[101.142s][info][gc] GC(5765) Pause Young (Allocation Failure) 14M->10M(15M) 0.254ms
[101.145s][info][gc] GC(5766) Pause Young (Allocation Failure) 14M->10M(15M) 0.331ms
[101.150s][info][gc] GC(5767) Pause Young (Allocation Failure) 14M->10M(15M) 0.729ms
[101.154s][info][gc] GC(5768) Pause Young (Allocation Failure) 14M->10M(15M) 0.516ms
[101.157s][info][gc] GC(5769) Pause Young (Allocation Failure) 14M->10M(15M) 0.251ms
[101.161s][info][gc] GC(5770) Pause Young (Allocation Failure) 14M->10M(15M) 0.215ms
[101.165s][info][gc] GC(5771) Pause Young (Allocation Failure) 14M->10M(15M) 0.475ms
[101.169s][info][gc] GC(5772) Pause Young (Allocation Failure) 14M->10M(15M) 0.243ms
[101.173s][info][gc] GC(5773) Pause Young (Allocation Failure) 14M->10M(15M) 0.196ms
[101.176s][info][gc] GC(5774) Pause Young (Allocation Failure) 14M->10M(15M) 0.248ms
[101.179s][info][gc] GC(5775) Pause Young (Allocation Failure) 14M->10M(15M) 0.288ms
[101.184s][info][gc] GC(5776) Pause Young (Allocation Failure) 14M->10M(15M) 0.290ms
[101.187s][info][gc] GC(5777) Pause Young (Allocation Failure) 14M->10M(15M) 0.506ms
[101.191s][info][gc] GC(5778) Pause Young (Allocation Failure) 14M->10M(15M) 0.245ms
[101.194s][info][gc] GC(5779) Pause Young (Allocation Failure) 14M->10M(15M) 0.181ms
[101.198s][info][gc] GC(5780) Pause Young (Allocation Failure) 14M->10M(15M) 0.544ms
[101.201s][info][gc] GC(5781) Pause Young (Allocation Failure) 14M->10M(15M) 0.205ms
[101.205s][info][gc] GC(5782) Pause Young (Allocation Failure) 14M->10M(15M) 0.362ms
[101.208s][info][gc] GC(5783) Pause Young (Allocation Failure) 14M->10M(15M) 0.213ms
[101.211s][info][gc] GC(5784) Pause Young (Allocation Failure) 14M->10M(15M) 0.225ms
[101.215s][info][gc] GC(5785) Pause Young (Allocation Failure) 14M->10M(15M) 0.497ms
[101.219s][info][gc] GC(5786) Pause Young (Allocation Failure) 14M->10M(15M) 0.188ms
[101.222s][info][gc] GC(5787) Pause Young (Allocation Failure) 14M->10M(15M) 0.247ms
[101.225s][info][gc] GC(5788) Pause Young (Allocation Failure) 14M->10M(15M) 0.235ms
[101.228s][info][gc] GC(5789) Pause Young (Allocation Failure) 14M->10M(15M) 0.304ms
[101.233s][info][gc] GC(5790) Pause Young (Allocation Failure) 14M->10M(15M) 0.531ms
[101.236s][info][gc] GC(5791) Pause Young (Allocation Failure) 14M->10M(15M) 0.259ms
[101.239s][info][gc] GC(5792) Pause Young (Allocation Failure) 14M->10M(15M) 0.159ms
[101.242s][info][gc] GC(5793) Pause Young (Allocation Failure) 14M->10M(15M) 0.175ms
[101.246s][info][gc] GC(5794) Pause Young (Allocation Failure) 14M->10M(15M) 0.490ms
[101.250s][info][gc] GC(5795) Pause Young (Allocation Failure) 14M->10M(15M) 0.213ms
[101.254s][info][gc] GC(5796) Pause Young (Allocation Failure) 14M->10M(15M) 0.434ms
[101.258s][info][gc] GC(5797) Pause Young (Allocation Failure) 14M->10M(15M) 0.233ms
[101.261s][info][gc] GC(5798) Pause Young (Allocation Failure) 14M->10M(15M) 0.274ms
[101.266s][info][gc] GC(5799) Pause Young (Allocation Failure) 14M->10M(15M) 0.604ms
[101.270s][info][gc] GC(5800) Pause Young (Allocation Failure) 14M->10M(15M) 0.644ms
[101.274s][info][gc] GC(5801) Pause Young (Allocation Failure) 14M->10M(15M) 0.277ms
[101.277s][info][gc] GC(5802) Pause Young (Allocation Failure) 14M->10M(15M) 0.264ms
[101.281s][info][gc] GC(5803) Pause Young (Allocation Failure) 14M->10M(15M) 0.629ms
[101.285s][info][gc] GC(5804) Pause Young (Allocation Failure) 14M->10M(15M) 0.288ms
[101.289s][info][gc] GC(5805) Pause Young (Allocation Failure) 14M->10M(15M) 0.394ms
[101.292s][info][gc] GC(5806) Pause Young (Allocation Failure) 14M->10M(15M) 0.248ms
[101.296s][info][gc] GC(5807) Pause Young (Allocation Failure) 14M->10M(15M) 0.574ms
[101.300s][info][gc] GC(5808) Pause Young (Allocation Failure) 14M->10M(15M) 0.324ms
[101.304s][info][gc] GC(5809) Pause Young (Allocation Failure) 14M->10M(15M) 0.504ms
[101.307s][info][gc] GC(5810) Pause Young (Allocation Failure) 14M->10M(15M) 0.243ms
[101.310s][info][gc] GC(5811) Pause Young (Allocation Failure) 14M->10M(15M) 0.234ms
[101.314s][info][gc] GC(5812) Pause Young (Allocation Failure) 14M->10M(15M) 0.465ms
[101.318s][info][gc] GC(5813) Pause Young (Allocation Failure) 14M->10M(15M) 0.269ms
[101.322s][info][gc] GC(5814) Pause Young (Allocation Failure) 14M->10M(15M) 0.530ms
[101.325s][info][gc] GC(5815) Pause Young (Allocation Failure) 14M->10M(15M) 0.254ms
[101.328s][info][gc] GC(5816) Pause Young (Allocation Failure) 14M->10M(15M) 0.296ms
[101.333s][info][gc] GC(5817) Pause Young (Allocation Failure) 14M->10M(15M) 0.927ms
[101.337s][info][gc] GC(5818) Pause Young (Allocation Failure) 14M->10M(15M) 0.534ms
[101.341s][info][gc] GC(5819) Pause Young (Allocation Failure) 14M->10M(15M) 0.233ms
[101.344s][info][gc] GC(5820) Pause Young (Allocation Failure) 14M->10M(15M) 0.275ms
[101.349s][info][gc] GC(5821) Pause Young (Allocation Failure) 14M->10M(15M) 0.657ms
[101.352s][info][gc] GC(5822) Pause Young (Allocation Failure) 14M->10M(15M) 0.262ms
[101.356s][info][gc] GC(5823) Pause Young (Allocation Failure) 14M->10M(15M) 0.305ms
[101.360s][info][gc] GC(5824) Pause Young (Allocation Failure) 14M->10M(15M) 0.289ms
[101.363s][info][gc] GC(5825) Pause Young (Allocation Failure) 14M->10M(15M) 0.370ms
[101.368s][info][gc] GC(5826) Pause Young (Allocation Failure) 14M->10M(15M) 0.283ms
[101.372s][info][gc] GC(5827) Pause Young (Allocation Failure) 14M->10M(15M) 0.607ms
[101.375s][info][gc] GC(5828) Pause Young (Allocation Failure) 14M->10M(15M) 0.240ms
[101.378s][info][gc] GC(5829) Pause Young (Allocation Failure) 14M->10M(15M) 0.234ms
[101.383s][info][gc] GC(5830) Pause Young (Allocation Failure) 14M->10M(15M) 0.649ms
[101.387s][info][gc] GC(5831) Pause Young (Allocation Failure) 14M->10M(15M) 0.476ms
[101.391s][info][gc] GC(5832) Pause Young (Allocation Failure) 14M->10M(15M) 0.210ms
[101.394s][info][gc] GC(5833) Pause Young (Allocation Failure) 14M->10M(15M) 0.256ms
[101.398s][info][gc] GC(5834) Pause Young (Allocation Failure) 14M->10M(15M) 0.464ms
[101.403s][info][gc] GC(5835) Pause Young (Allocation Failure) 14M->10M(15M) 0.213ms
[101.407s][info][gc] GC(5836) Pause Young (Allocation Failure) 14M->10M(15M) 0.208ms
[101.410s][info][gc] GC(5837) Pause Young (Allocation Failure) 14M->10M(15M) 0.183ms
[101.413s][info][gc] GC(5838) Pause Young (Allocation Failure) 14M->10M(15M) 0.346ms
[101.418s][info][gc] GC(5839) Pause Young (Allocation Failure) 14M->10M(15M) 0.267ms
[101.422s][info][gc] GC(5840) Pause Young (Allocation Failure) 14M->10M(15M) 0.495ms
[101.426s][info][gc] GC(5841) Pause Young (Allocation Failure) 14M->10M(15M) 0.280ms
[101.431s][info][gc] GC(5842) Pause Young (Allocation Failure) 14M->10M(15M) 0.692ms
[101.436s][info][gc] GC(5843) Pause Young (Allocation Failure) 14M->10M(15M) 0.380ms
[101.441s][info][gc] GC(5844) Pause Young (Allocation Failure) 14M->10M(15M) 0.363ms
[101.445s][info][gc] GC(5845) Pause Young (Allocation Failure) 14M->10M(15M) 0.312ms
[101.450s][info][gc] GC(5846) Pause Young (Allocation Failure) 14M->10M(15M) 0.657ms
[101.456s][info][gc] GC(5847) Pause Young (Allocation Failure) 14M->10M(15M) 0.568ms
[101.460s][info][gc] GC(5848) Pause Young (Allocation Failure) 14M->10M(15M) 0.480ms
[101.465s][info][gc] GC(5849) Pause Young (Allocation Failure) 14M->10M(15M) 0.554ms
[101.470s][info][gc] GC(5850) Pause Young (Allocation Failure) 14M->10M(15M) 0.678ms
[101.475s][info][gc] GC(5851) Pause Young (Allocation Failure) 14M->10M(15M) 0.245ms
[101.480s][info][gc] GC(5852) Pause Young (Allocation Failure) 14M->10M(15M) 0.692ms
[101.485s][info][gc] GC(5853) Pause Young (Allocation Failure) 14M->10M(15M) 0.345ms
[101.489s][info][gc] GC(5854) Pause Young (Allocation Failure) 14M->10M(15M) 0.375ms
[101.493s][info][gc] GC(5855) Pause Young (Allocation Failure) 14M->10M(15M) 0.300ms
[101.498s][info][gc] GC(5856) Pause Young (Allocation Failure) 14M->10M(15M) 0.347ms
[101.502s][info][gc] GC(5857) Pause Young (Allocation Failure) 14M->10M(15M) 0.250ms
[101.506s][info][gc] GC(5858) Pause Young (Allocation Failure) 14M->10M(15M) 0.218ms
[101.510s][info][gc] GC(5859) Pause Young (Allocation Failure) 14M->10M(15M) 0.231ms
[101.514s][info][gc] GC(5860) Pause Young (Allocation Failure) 14M->10M(15M) 0.384ms
[101.519s][info][gc] GC(5861) Pause Young (Allocation Failure) 14M->10M(15M) 0.260ms
[101.523s][info][gc] GC(5862) Pause Young (Allocation Failure) 14M->10M(15M) 0.303ms
[101.527s][info][gc] GC(5863) Pause Young (Allocation Failure) 14M->10M(15M) 0.279ms
[101.531s][info][gc] GC(5864) Pause Young (Allocation Failure) 14M->10M(15M) 0.569ms
[101.536s][info][gc] GC(5865) Pause Young (Allocation Failure) 14M->10M(15M) 0.316ms
[101.540s][info][gc] GC(5866) Pause Young (Allocation Failure) 14M->10M(15M) 0.323ms
[101.543s][info][gc] GC(5867) Pause Young (Allocation Failure) 14M->10M(15M) 0.274ms
[101.547s][info][gc] GC(5868) Pause Young (Allocation Failure) 14M->10M(15M) 0.440ms
[101.552s][info][gc] GC(5869) Pause Young (Allocation Failure) 14M->10M(15M) 0.311ms
[101.556s][info][gc] GC(5870) Pause Young (Allocation Failure) 14M->10M(15M) 0.339ms
[101.559s][info][gc] GC(5871) Pause Young (Allocation Failure) 14M->10M(15M) 0.190ms
[101.562s][info][gc] GC(5872) Pause Young (Allocation Failure) 14M->10M(15M) 0.270ms
[101.567s][info][gc] GC(5873) Pause Young (Allocation Failure) 15M->10M(15M) 0.655ms
[101.571s][info][gc] GC(5874) Pause Young (Allocation Failure) 15M->10M(15M) 0.342ms
[101.574s][info][gc] GC(5875) Pause Young (Allocation Failure) 15M->10M(15M) 0.258ms
[101.578s][info][gc] GC(5876) Pause Young (Allocation Failure) 15M->10M(15M) 0.281ms
[101.582s][info][gc] GC(5877) Pause Young (Allocation Failure) 15M->10M(15M) 0.405ms
[101.586s][info][gc] GC(5878) Pause Young (Allocation Failure) 14M->10M(15M) 0.290ms
[101.590s][info][gc] GC(5879) Pause Young (Allocation Failure) 15M->10M(15M) 0.494ms
[101.593s][info][gc] GC(5880) Pause Young (Allocation Failure) 15M->10M(15M) 0.249ms
[101.596s][info][gc] GC(5881) Pause Young (Allocation Failure) 15M->10M(15M) 0.314ms
[101.601s][info][gc] GC(5882) Pause Young (Allocation Failure) 15M->10M(15M) 0.757ms
[101.604s][info][gc] GC(5883) Pause Young (Allocation Failure) 15M->10M(15M) 0.318ms
[101.608s][info][gc] GC(5884) Pause Young (Allocation Failure) 15M->10M(15M) 0.240ms
[101.611s][info][gc] GC(5885) Pause Young (Allocation Failure) 15M->10M(15M) 0.235ms
[101.614s][info][gc] GC(5886) Pause Young (Allocation Failure) 15M->10M(15M) 0.349ms
[101.618s][info][gc] GC(5887) Pause Young (Allocation Failure) 15M->10M(15M) 0.275ms
[101.622s][info][gc] GC(5888) Pause Young (Allocation Failure) 15M->10M(15M) 0.454ms
[101.625s][info][gc] GC(5889) Pause Young (Allocation Failure) 15M->10M(15M) 0.224ms
[101.628s][info][gc] GC(5890) Pause Young (Allocation Failure) 14M->10M(15M) 0.257ms
[101.632s][info][gc] GC(5891) Pause Young (Allocation Failure) 15M->10M(15M) 0.423ms
[101.635s][info][gc] GC(5892) Pause Young (Allocation Failure) 15M->10M(15M) 0.268ms
[101.639s][info][gc] GC(5893) Pause Young (Allocation Failure) 15M->10M(15M) 0.397ms
[101.642s][info][gc] GC(5894) Pause Young (Allocation Failure) 15M->10M(15M) 0.238ms
[101.645s][info][gc] GC(5895) Pause Young (Allocation Failure) 15M->10M(15M) 0.212ms
[101.648s][info][gc] GC(5896) Pause Young (Allocation Failure) 15M->10M(15M) 0.429ms
[101.652s][info][gc] GC(5897) Pause Young (Allocation Failure) 15M->10M(15M) 0.245ms
[101.655s][info][gc] GC(5898) Pause Young (Allocation Failure) 15M->10M(15M) 0.387ms
[101.659s][info][gc] GC(5899) Pause Young (Allocation Failure) 14M->10M(15M) 0.210ms
[101.661s][info][gc] GC(5900) Pause Young (Allocation Failure) 15M->10M(15M) 0.191ms
[101.665s][info][gc] GC(5901) Pause Young (Allocation Failure) 15M->10M(15M) 0.399ms
[101.669s][info][gc] GC(5902) Pause Young (Allocation Failure) 15M->10M(15M) 0.231ms
[101.672s][info][gc] GC(5903) Pause Young (Allocation Failure) 14M->10M(15M) 0.393ms
[101.675s][info][gc] GC(5904) Pause Young (Allocation Failure) 14M->10M(15M) 0.235ms
[101.678s][info][gc] GC(5905) Pause Young (Allocation Failure) 15M->10M(15M) 0.274ms
[101.682s][info][gc] GC(5906) Pause Young (Allocation Failure) 15M->10M(15M) 0.528ms
[101.686s][info][gc] GC(5907) Pause Young (Allocation Failure) 15M->10M(15M) 0.283ms
[101.690s][info][gc] GC(5908) Pause Young (Allocation Failure) 15M->10M(15M) 0.478ms
[101.693s][info][gc] GC(5909) Pause Young (Allocation Failure) 15M->10M(15M) 0.256ms
[101.696s][info][gc] GC(5910) Pause Young (Allocation Failure) 15M->10M(15M) 0.388ms
[101.701s][info][gc] GC(5911) Pause Young (Allocation Failure) 15M->10M(15M) 0.576ms
[101.705s][info][gc] GC(5912) Pause Young (Allocation Failure) 15M->10M(15M) 0.788ms
[101.709s][info][gc] GC(5913) Pause Young (Allocation Failure) 15M->10M(15M) 0.260ms
[101.712s][info][gc] GC(5914) Pause Young (Allocation Failure) 15M->10M(15M) 0.243ms
[101.715s][info][gc] GC(5915) Pause Young (Allocation Failure) 15M->10M(15M) 0.433ms
[101.719s][info][gc] GC(5916) Pause Young (Allocation Failure) 15M->10M(15M) 0.298ms
[101.723s][info][gc] GC(5917) Pause Young (Allocation Failure) 15M->10M(15M) 0.274ms
[101.726s][info][gc] GC(5918) Pause Young (Allocation Failure) 15M->10M(15M) 0.241ms
[101.730s][info][gc] GC(5919) Pause Young (Allocation Failure) 15M->10M(15M) 0.365ms
[101.735s][info][gc] GC(5920) Pause Young (Allocation Failure) 15M->10M(15M) 0.578ms
[101.739s][info][gc] GC(5921) Pause Young (Allocation Failure) 15M->10M(15M) 0.551ms
[101.743s][info][gc] GC(5922) Pause Young (Allocation Failure) 15M->10M(15M) 0.317ms
[101.748s][info][gc] GC(5923) Pause Young (Allocation Failure) 15M->10M(15M) 0.486ms
[101.753s][info][gc] GC(5924) Pause Young (Allocation Failure) 15M->10M(15M) 0.277ms
[101.758s][info][gc] GC(5925) Pause Young (Allocation Failure) 15M->10M(15M) 0.231ms
[101.762s][info][gc] GC(5926) Pause Young (Allocation Failure) 15M->10M(15M) 0.250ms
[101.767s][info][gc] GC(5927) Pause Young (Allocation Failure) 15M->10M(15M) 0.471ms
[101.772s][info][gc] GC(5928) Pause Young (Allocation Failure) 15M->10M(15M) 0.949ms
[101.777s][info][gc] GC(5929) Pause Young (Allocation Failure) 15M->10M(15M) 0.448ms
[101.781s][info][gc] GC(5930) Pause Young (Allocation Failure) 15M->10M(15M) 0.489ms
[101.786s][info][gc] GC(5931) Pause Young (Allocation Failure) 15M->10M(15M) 0.374ms
[101.791s][info][gc] GC(5932) Pause Young (Allocation Failure) 15M->10M(15M) 0.303ms
[101.795s][info][gc] GC(5933) Pause Young (Allocation Failure) 15M->10M(15M) 0.364ms
[101.801s][info][gc] GC(5934) Pause Young (Allocation Failure) 15M->10M(15M) 0.770ms
[101.806s][info][gc] GC(5935) Pause Young (Allocation Failure) 15M->10M(15M) 0.721ms
[101.810s][info][gc] GC(5936) Pause Young (Allocation Failure) 15M->10M(15M) 0.253ms
[101.814s][info][gc] GC(5937) Pause Young (Allocation Failure) 15M->10M(15M) 0.503ms
[101.819s][info][gc] GC(5938) Pause Young (Allocation Failure) 15M->10M(15M) 0.276ms
[101.823s][info][gc] GC(5939) Pause Young (Allocation Failure) 15M->10M(15M) 0.484ms
[101.827s][info][gc] GC(5940) Pause Young (Allocation Failure) 15M->10M(15M) 0.297ms
[101.831s][info][gc] GC(5941) Pause Young (Allocation Failure) 15M->10M(15M) 0.721ms
[101.837s][info][gc] GC(5942) Pause Young (Allocation Failure) 15M->10M(15M) 0.335ms
[101.842s][info][gc] GC(5943) Pause Young (Allocation Failure) 15M->10M(15M) 0.376ms
[101.845s][info][gc] GC(5944) Pause Young (Allocation Failure) 15M->10M(15M) 0.280ms
[101.850s][info][gc] GC(5945) Pause Young (Allocation Failure) 15M->10M(15M) 0.563ms
[101.854s][info][gc] GC(5946) Pause Young (Allocation Failure) 15M->10M(15M) 0.359ms
[101.858s][info][gc] GC(5947) Pause Young (Allocation Failure) 15M->10M(15M) 0.276ms
[101.862s][info][gc] GC(5948) Pause Young (Allocation Failure) 15M->10M(15M) 0.300ms
[101.866s][info][gc] GC(5949) Pause Young (Allocation Failure) 15M->10M(15M) 0.660ms
[101.871s][info][gc] GC(5950) Pause Young (Allocation Failure) 15M->10M(15M) 0.349ms
[101.875s][info][gc] GC(5951) Pause Young (Allocation Failure) 15M->10M(15M) 0.259ms
[101.878s][info][gc] GC(5952) Pause Young (Allocation Failure) 15M->10M(15M) 0.240ms
[101.882s][info][gc] GC(5953) Pause Young (Allocation Failure) 15M->10M(15M) 0.367ms
[101.887s][info][gc] GC(5954) Pause Young (Allocation Failure) 15M->10M(15M) 0.237ms
[101.891s][info][gc] GC(5955) Pause Young (Allocation Failure) 15M->10M(15M) 0.288ms
[101.894s][info][gc] GC(5956) Pause Young (Allocation Failure) 15M->10M(15M) 0.248ms
[101.898s][info][gc] GC(5957) Pause Young (Allocation Failure) 15M->10M(15M) 0.511ms
[101.903s][info][gc] GC(5958) Pause Young (Allocation Failure) 15M->10M(15M) 0.253ms
[101.907s][info][gc] GC(5959) Pause Young (Allocation Failure) 15M->10M(15M) 0.432ms
[101.911s][info][gc] GC(5960) Pause Young (Allocation Failure) 15M->10M(15M) 0.354ms
[101.938s][info][gc] GC(5961) Pause Full (Allocation Failure) 10M->10M(15M) 27.230ms
[101.970s][info][gc] GC(5962) Pause Full (Allocation Failure) 15M->10M(15M) 26.474ms
[102.002s][info][gc] GC(5963) Pause Full (Allocation Failure) 15M->10M(15M) 25.742ms
[102.030s][info][gc] GC(5964) Pause Full (Allocation Failure) 15M->10M(15M) 23.352ms
[102.059s][info][gc] GC(5965) Pause Full (Allocation Failure) 15M->10M(15M) 23.330ms
[102.096s][info][gc] GC(5966) Pause Full (Allocation Failure) 15M->10M(15M) 32.318ms
[102.134s][info][gc] GC(5967) Pause Full (Allocation Failure) 15M->10M(15M) 29.789ms
[102.168s][info][gc] GC(5968) Pause Full (Allocation Failure) 15M->10M(15M) 27.549ms
[102.204s][info][gc] GC(5969) Pause Full (Allocation Failure) 15M->10M(15M) 29.914ms
[102.240s][info][gc] GC(5970) Pause Full (Allocation Failure) 15M->10M(15M) 29.781ms
[102.277s][info][gc] GC(5971) Pause Full (Allocation Failure) 15M->10M(15M) 30.337ms
[102.311s][info][gc] GC(5972) Pause Full (Allocation Failure) 15M->10M(15M) 28.454ms
[102.316s][info][gc] GC(5973) Pause Young (Allocation Failure) 14M->10M(15M) 0.887ms
[102.321s][info][gc] GC(5974) Pause Young (Allocation Failure) 15M->10M(15M) 0.304ms
[102.326s][info][gc] GC(5975) Pause Young (Allocation Failure) 15M->10M(15M) 0.403ms
[102.330s][info][gc] GC(5976) Pause Young (Allocation Failure) 15M->10M(15M) 0.279ms
[102.334s][info][gc] GC(5977) Pause Young (Allocation Failure) 15M->10M(15M) 0.711ms
[102.339s][info][gc] GC(5978) Pause Young (Allocation Failure) 15M->10M(15M) 0.545ms
[102.344s][info][gc] GC(5979) Pause Young (Allocation Failure) 15M->10M(15M) 0.271ms
[102.348s][info][gc] GC(5980) Pause Young (Allocation Failure) 15M->10M(15M) 0.445ms
[102.353s][info][gc] GC(5981) Pause Young (Allocation Failure) 15M->10M(15M) 0.604ms
[102.358s][info][gc] GC(5982) Pause Young (Allocation Failure) 15M->10M(15M) 0.681ms
[102.362s][info][gc] GC(5983) Pause Young (Allocation Failure) 15M->10M(15M) 0.287ms
[102.366s][info][gc] GC(5984) Pause Young (Allocation Failure) 15M->10M(15M) 0.465ms
[102.371s][info][gc] GC(5985) Pause Young (Allocation Failure) 15M->10M(15M) 0.551ms
[102.376s][info][gc] GC(5986) Pause Young (Allocation Failure) 15M->10M(15M) 0.685ms
[102.379s][info][gc] GC(5987) Pause Young (Allocation Failure) 15M->10M(15M) 0.209ms
[102.384s][info][gc] GC(5988) Pause Young (Allocation Failure) 15M->10M(15M) 0.456ms
[102.388s][info][gc] GC(5989) Pause Young (Allocation Failure) 15M->10M(15M) 0.268ms
[102.393s][info][gc] GC(5990) Pause Young (Allocation Failure) 15M->10M(15M) 0.257ms
[102.397s][info][gc] GC(5991) Pause Young (Allocation Failure) 15M->10M(15M) 0.272ms
[102.401s][info][gc] GC(5992) Pause Young (Allocation Failure) 15M->10M(15M) 0.460ms
[102.406s][info][gc] GC(5993) Pause Young (Allocation Failure) 15M->10M(15M) 0.424ms
[102.411s][info][gc] GC(5994) Pause Young (Allocation Failure) 15M->10M(15M) 0.283ms
[102.415s][info][gc] GC(5995) Pause Young (Allocation Failure) 15M->10M(15M) 0.337ms
[102.420s][info][gc] GC(5996) Pause Young (Allocation Failure) 15M->10M(15M) 0.672ms
[102.425s][info][gc] GC(5997) Pause Young (Allocation Failure) 15M->10M(15M) 0.666ms
[102.430s][info][gc] GC(5998) Pause Young (Allocation Failure) 15M->10M(15M) 0.322ms
[102.435s][info][gc] GC(5999) Pause Young (Allocation Failure) 15M->10M(15M) 0.690ms
[102.477s][info][gc] GC(6000) Pause Full (Allocation Failure) 10M->10M(15M) 41.688ms
[102.523s][info][gc] GC(6001) Pause Full (Allocation Failure) 15M->10M(15M) 36.538ms
[102.562s][info][gc] GC(6002) Pause Full (Allocation Failure) 15M->10M(15M) 31.959ms
[102.598s][info][gc] GC(6003) Pause Full (Allocation Failure) 15M->10M(15M) 30.758ms
[102.636s][info][gc] GC(6004) Pause Full (Allocation Failure) 15M->10M(15M) 31.488ms
[102.674s][info][gc] GC(6005) Pause Full (Allocation Failure) 15M->10M(15M) 30.439ms
[102.712s][info][gc] GC(6006) Pause Full (Allocation Failure) 15M->10M(15M) 31.266ms
[102.750s][info][gc] GC(6007) Pause Full (Allocation Failure) 15M->10M(15M) 30.886ms
[102.787s][info][gc] GC(6008) Pause Full (Allocation Failure) 15M->10M(15M) 29.297ms
[102.821s][info][gc] GC(6009) Pause Full (Allocation Failure) 15M->10M(15M) 28.184ms
[102.860s][info][gc] GC(6010) Pause Full (Allocation Failure) 15M->10M(15M) 31.789ms
[102.895s][info][gc] GC(6011) Pause Full (Allocation Failure) 15M->10M(15M) 29.841ms
[102.931s][info][gc] GC(6012) Pause Full (Allocation Failure) 15M->10M(15M) 29.760ms
[102.970s][info][gc] GC(6013) Pause Full (Allocation Failure) 15M->10M(15M) 31.581ms
[103.007s][info][gc] GC(6014) Pause Full (Allocation Failure) 15M->10M(15M) 29.858ms
[103.041s][info][gc] GC(6015) Pause Full (Allocation Failure) 15M->10M(15M) 27.809ms
[103.079s][info][gc] GC(6016) Pause Full (Allocation Failure) 15M->10M(15M) 31.761ms
[103.115s][info][gc] GC(6017) Pause Full (Allocation Failure) 15M->10M(15M) 30.532ms
[103.152s][info][gc] GC(6018) Pause Full (Allocation Failure) 15M->10M(15M) 30.280ms
[103.188s][info][gc] GC(6019) Pause Full (Allocation Failure) 15M->10M(15M) 29.833ms
[103.225s][info][gc] GC(6020) Pause Full (Allocation Failure) 15M->10M(15M) 29.808ms
[103.261s][info][gc] GC(6021) Pause Full (Allocation Failure) 15M->10M(15M) 29.560ms
[103.295s][info][gc] GC(6022) Pause Full (Allocation Failure) 15M->10M(15M) 27.690ms
[103.329s][info][gc] GC(6023) Pause Full (Allocation Failure) 15M->10M(15M) 28.077ms
[103.364s][info][gc] GC(6024) Pause Full (Allocation Failure) 15M->10M(15M) 29.363ms
[103.400s][info][gc] GC(6025) Pause Full (Allocation Failure) 15M->10M(15M) 29.815ms
[103.433s][info][gc] GC(6026) Pause Full (Allocation Failure) 15M->10M(15M) 26.290ms
[103.477s][info][gc] GC(6027) Pause Full (Allocation Failure) 15M->10M(15M) 35.726ms
[103.514s][info][gc] GC(6028) Pause Full (Allocation Failure) 15M->10M(15M) 29.945ms
[103.548s][info][gc] GC(6029) Pause Full (Allocation Failure) 15M->10M(15M) 27.868ms
[103.581s][info][gc] GC(6030) Pause Full (Allocation Failure) 15M->10M(15M) 27.662ms
[103.614s][info][gc] GC(6031) Pause Full (Allocation Failure) 15M->10M(15M) 28.218ms
[103.648s][info][gc] GC(6032) Pause Full (Allocation Failure) 15M->10M(15M) 28.528ms
[103.686s][info][gc] GC(6033) Pause Full (Allocation Failure) 15M->10M(15M) 31.036ms
[103.721s][info][gc] GC(6034) Pause Full (Allocation Failure) 15M->10M(15M) 28.104ms
[103.753s][info][gc] GC(6035) Pause Full (Allocation Failure) 15M->10M(15M) 26.168ms
[103.785s][info][gc] GC(6036) Pause Full (Allocation Failure) 15M->10M(15M) 25.418ms
[103.816s][info][gc] GC(6037) Pause Full (Allocation Failure) 15M->10M(15M) 25.264ms
[103.848s][info][gc] GC(6038) Pause Full (Allocation Failure) 15M->10M(15M) 27.265ms
[103.878s][info][gc] GC(6039) Pause Full (Allocation Failure) 15M->10M(15M) 25.729ms
[103.916s][info][gc] GC(6040) Pause Full (Allocation Failure) 15M->10M(15M) 32.718ms
[103.956s][info][gc] GC(6041) Pause Full (Allocation Failure) 15M->10M(15M) 33.403ms
[103.993s][info][gc] GC(6042) Pause Full (Allocation Failure) 15M->10M(15M) 29.011ms
[104.027s][info][gc] GC(6043) Pause Full (Allocation Failure) 15M->10M(15M) 28.484ms
[104.064s][info][gc] GC(6044) Pause Full (Allocation Failure) 15M->10M(15M) 29.918ms
[104.100s][info][gc] GC(6045) Pause Full (Allocation Failure) 15M->10M(15M) 29.640ms
[104.133s][info][gc] GC(6046) Pause Full (Allocation Failure) 15M->10M(15M) 28.276ms
[104.166s][info][gc] GC(6047) Pause Full (Allocation Failure) 15M->10M(15M) 27.363ms
[104.201s][info][gc] GC(6048) Pause Full (Allocation Failure) 15M->10M(15M) 29.224ms
[104.237s][info][gc] GC(6049) Pause Full (Allocation Failure) 15M->10M(15M) 29.758ms
[104.275s][info][gc] GC(6050) Pause Full (Allocation Failure) 15M->10M(15M) 30.741ms
[104.307s][info][gc] GC(6051) Pause Full (Allocation Failure) 15M->10M(15M) 26.048ms
[104.338s][info][gc] GC(6052) Pause Full (Allocation Failure) 15M->10M(15M) 25.566ms
[104.375s][info][gc] GC(6053) Pause Full (Allocation Failure) 15M->10M(15M) 31.335ms
[104.416s][info][gc] GC(6054) Pause Full (Allocation Failure) 15M->10M(15M) 33.953ms
[104.460s][info][gc] GC(6055) Pause Full (Allocation Failure) 15M->10M(15M) 36.334ms
[104.501s][info][gc] GC(6056) Pause Full (Allocation Failure) 15M->10M(15M) 33.674ms
[104.535s][info][gc] GC(6057) Pause Full (Allocation Failure) 15M->10M(15M) 27.976ms
[104.567s][info][gc] GC(6058) Pause Full (Allocation Failure) 15M->10M(15M) 27.286ms
[104.600s][info][gc] GC(6059) Pause Full (Allocation Failure) 15M->10M(15M) 27.462ms
[104.629s][info][gc] GC(6060) Pause Full (Allocation Failure) 15M->10M(15M) 24.721ms
[104.657s][info][gc] GC(6061) Pause Full (Allocation Failure) 15M->10M(15M) 23.100ms
[104.685s][info][gc] GC(6062) Pause Full (Allocation Failure) 15M->10M(15M) 23.010ms
[104.718s][info][gc] GC(6063) Pause Full (Allocation Failure) 15M->10M(15M) 27.243ms
[104.752s][info][gc] GC(6064) Pause Full (Allocation Failure) 15M->10M(15M) 28.979ms
[104.785s][info][gc] GC(6065) Pause Full (Allocation Failure) 15M->10M(15M) 27.106ms
[104.817s][info][gc] GC(6066) Pause Full (Allocation Failure) 15M->10M(15M) 27.464ms
[104.846s][info][gc] GC(6067) Pause Full (Allocation Failure) 15M->10M(15M) 24.702ms
[104.874s][info][gc] GC(6068) Pause Full (Allocation Failure) 15M->10M(15M) 22.568ms
[104.901s][info][gc] GC(6069) Pause Full (Allocation Failure) 15M->10M(15M) 22.106ms
[104.929s][info][gc] GC(6070) Pause Full (Allocation Failure) 15M->10M(15M) 22.944ms
[104.959s][info][gc] GC(6071) Pause Full (Allocation Failure) 15M->10M(15M) 25.181ms
[104.990s][info][gc] GC(6072) Pause Full (Allocation Failure) 15M->10M(15M) 25.065ms
[105.020s][info][gc] GC(6073) Pause Full (Allocation Failure) 15M->10M(15M) 25.198ms
[105.049s][info][gc] GC(6074) Pause Full (Allocation Failure) 15M->10M(15M) 23.718ms
[105.078s][info][gc] GC(6075) Pause Full (Allocation Failure) 15M->10M(15M) 23.960ms
[105.107s][info][gc] GC(6076) Pause Full (Allocation Failure) 15M->10M(15M) 24.030ms
[105.143s][info][gc] GC(6077) Pause Full (Allocation Failure) 15M->10M(15M) 29.163ms
[105.180s][info][gc] GC(6078) Pause Full (Allocation Failure) 15M->10M(15M) 31.263ms
[105.215s][info][gc] GC(6079) Pause Full (Allocation Failure) 15M->10M(15M) 28.756ms
[105.251s][info][gc] GC(6080) Pause Full (Allocation Failure) 15M->10M(15M) 30.754ms
[105.288s][info][gc] GC(6081) Pause Full (Allocation Failure) 15M->10M(15M) 30.672ms
[105.334s][info][gc] GC(6082) Pause Full (Allocation Failure) 15M->10M(15M) 39.780ms
[105.378s][info][gc] GC(6083) Pause Full (Allocation Failure) 15M->10M(15M) 36.395ms
[105.415s][info][gc] GC(6084) Pause Full (Allocation Failure) 15M->10M(15M) 30.321ms
[105.456s][info][gc] GC(6085) Pause Full (Allocation Failure) 15M->10M(15M) 34.568ms
[105.505s][info][gc] GC(6086) Pause Full (Allocation Failure) 15M->10M(15M) 40.918ms
[105.548s][info][gc] GC(6087) Pause Full (Allocation Failure) 15M->10M(15M) 33.713ms
[105.588s][info][gc] GC(6088) Pause Full (Allocation Failure) 15M->10M(15M) 33.057ms
[105.626s][info][gc] GC(6089) Pause Full (Allocation Failure) 15M->10M(15M) 32.617ms
[105.665s][info][gc] GC(6090) Pause Full (Allocation Failure) 15M->10M(15M) 31.528ms
[105.698s][info][gc] GC(6091) Pause Full (Allocation Failure) 15M->10M(15M) 27.453ms
[105.729s][info][gc] GC(6092) Pause Full (Allocation Failure) 15M->10M(15M) 25.422ms
[105.763s][info][gc] GC(6093) Pause Full (Allocation Failure) 15M->10M(15M) 28.260ms
[105.808s][info][gc] GC(6094) Pause Full (Allocation Failure) 15M->10M(15M) 39.157ms
[105.854s][info][gc] GC(6095) Pause Full (Allocation Failure) 15M->10M(15M) 37.456ms
[105.894s][info][gc] GC(6096) Pause Full (Allocation Failure) 15M->10M(15M) 34.445ms
[105.932s][info][gc] GC(6097) Pause Full (Allocation Failure) 15M->10M(15M) 30.651ms
[105.969s][info][gc] GC(6098) Pause Full (Allocation Failure) 15M->10M(15M) 30.109ms
[106.006s][info][gc] GC(6099) Pause Full (Allocation Failure) 15M->10M(15M) 31.680ms
[106.043s][info][gc] GC(6100) Pause Full (Allocation Failure) 15M->10M(15M) 31.990ms
[106.082s][info][gc] GC(6101) Pause Full (Allocation Failure) 15M->10M(15M) 31.259ms
[106.118s][info][gc] GC(6102) Pause Full (Allocation Failure) 15M->10M(15M) 29.468ms
[106.156s][info][gc] GC(6103) Pause Full (Allocation Failure) 15M->10M(15M) 32.288ms
[106.192s][info][gc] GC(6104) Pause Full (Allocation Failure) 15M->10M(15M) 30.757ms
[106.229s][info][gc] GC(6105) Pause Full (Allocation Failure) 15M->10M(15M) 30.737ms
[106.271s][info][gc] GC(6106) Pause Full (Allocation Failure) 15M->10M(15M) 34.761ms
[106.310s][info][gc] GC(6107) Pause Full (Allocation Failure) 15M->10M(15M) 32.869ms
[106.347s][info][gc] GC(6108) Pause Full (Allocation Failure) 15M->10M(15M) 30.512ms
[106.416s][info][gc] GC(6109) Pause Full (Allocation Failure) 15M->10M(15M) 61.310ms
[106.505s][info][gc] GC(6110) Pause Full (Allocation Failure) 15M->10M(15M) 71.022ms
[106.574s][info][gc] GC(6111) Pause Full (Allocation Failure) 15M->10M(15M) 53.252ms
[106.622s][info][gc] GC(6112) Pause Full (Allocation Failure) 15M->10M(15M) 38.964ms
[106.668s][info][gc] GC(6113) Pause Full (Allocation Failure) 15M->10M(15M) 38.726ms
[106.712s][info][gc] GC(6114) Pause Full (Allocation Failure) 15M->10M(15M) 37.148ms
[106.755s][info][gc] GC(6115) Pause Full (Allocation Failure) 15M->10M(15M) 34.718ms
[106.793s][info][gc] GC(6116) Pause Full (Allocation Failure) 15M->10M(15M) 31.653ms
[106.834s][info][gc] GC(6117) Pause Full (Allocation Failure) 15M->10M(15M) 34.874ms
[106.878s][info][gc] GC(6118) Pause Full (Allocation Failure) 15M->10M(15M) 36.881ms
[106.924s][info][gc] GC(6119) Pause Full (Allocation Failure) 15M->10M(15M) 38.178ms
[106.969s][info][gc] GC(6120) Pause Full (Allocation Failure) 15M->10M(15M) 37.659ms
[107.015s][info][gc] GC(6121) Pause Full (Allocation Failure) 15M->10M(15M) 39.251ms
[107.055s][info][gc] GC(6122) Pause Full (Allocation Failure) 15M->10M(15M) 32.045ms
[107.105s][info][gc] GC(6123) Pause Full (Allocation Failure) 15M->10M(15M) 42.330ms
[107.157s][info][gc] GC(6124) Pause Full (Allocation Failure) 15M->10M(15M) 43.310ms
[107.209s][info][gc] GC(6125) Pause Full (Allocation Failure) 15M->10M(15M) 43.387ms
[107.250s][info][gc] GC(6126) Pause Full (Allocation Failure) 15M->10M(15M) 33.087ms
[107.288s][info][gc] GC(6127) Pause Full (Allocation Failure) 15M->10M(15M) 30.500ms
[107.321s][info][gc] GC(6128) Pause Full (Allocation Failure) 15M->10M(15M) 27.830ms
[107.354s][info][gc] GC(6129) Pause Full (Allocation Failure) 15M->10M(15M) 26.853ms
[107.387s][info][gc] GC(6130) Pause Full (Allocation Failure) 15M->10M(15M) 27.015ms
[107.421s][info][gc] GC(6131) Pause Full (Allocation Failure) 15M->10M(15M) 28.890ms
[107.463s][info][gc] GC(6132) Pause Full (Allocation Failure) 15M->10M(15M) 35.042ms
[107.503s][info][gc] GC(6133) Pause Full (Allocation Failure) 15M->10M(15M) 33.154ms
[107.537s][info][gc] GC(6134) Pause Full (Allocation Failure) 15M->10M(15M) 27.046ms
[107.566s][info][gc] GC(6135) Pause Full (Allocation Failure) 15M->10M(15M) 24.356ms
[107.598s][info][gc] GC(6136) Pause Full (Allocation Failure) 15M->10M(15M) 25.474ms
[107.627s][info][gc] GC(6137) Pause Full (Allocation Failure) 15M->10M(15M) 23.776ms
[107.660s][info][gc] GC(6138) Pause Full (Allocation Failure) 15M->10M(15M) 28.288ms
[107.692s][info][gc] GC(6139) Pause Full (Allocation Failure) 15M->10M(15M) 27.592ms
[107.723s][info][gc] GC(6140) Pause Full (Allocation Failure) 15M->10M(15M) 25.757ms
[107.754s][info][gc] GC(6141) Pause Full (Allocation Failure) 15M->10M(15M) 25.931ms
[107.784s][info][gc] GC(6142) Pause Full (Allocation Failure) 15M->10M(15M) 24.798ms
[107.815s][info][gc] GC(6143) Pause Full (Allocation Failure) 15M->10M(15M) 25.620ms
[107.845s][info][gc] GC(6144) Pause Full (Allocation Failure) 15M->10M(15M) 24.315ms
[107.876s][info][gc] GC(6145) Pause Full (Allocation Failure) 15M->10M(15M) 26.667ms
[107.907s][info][gc] GC(6146) Pause Full (Allocation Failure) 15M->10M(15M) 25.476ms
[107.936s][info][gc] GC(6147) Pause Full (Allocation Failure) 15M->10M(15M) 24.627ms
[107.967s][info][gc] GC(6148) Pause Full (Allocation Failure) 15M->10M(15M) 25.053ms
[107.994s][info][gc] GC(6149) Pause Full (Allocation Failure) 15M->10M(15M) 22.725ms
[108.021s][info][gc] GC(6150) Pause Full (Allocation Failure) 15M->10M(15M) 22.637ms
[108.049s][info][gc] GC(6151) Pause Full (Allocation Failure) 15M->10M(15M) 23.132ms
[108.080s][info][gc] GC(6152) Pause Full (Allocation Failure) 15M->10M(15M) 25.901ms
[108.108s][info][gc] GC(6153) Pause Full (Allocation Failure) 15M->10M(15M) 22.965ms
[108.135s][info][gc] GC(6154) Pause Full (Allocation Failure) 15M->10M(15M) 21.738ms
[108.162s][info][gc] GC(6155) Pause Full (Allocation Failure) 15M->10M(15M) 22.849ms
[108.200s][info][gc] GC(6156) Pause Full (Allocation Failure) 15M->10M(15M) 30.791ms
[108.235s][info][gc] GC(6157) Pause Full (Allocation Failure) 15M->10M(15M) 28.947ms
[108.269s][info][gc] GC(6158) Pause Full (Allocation Failure) 15M->10M(15M) 27.788ms
[108.302s][info][gc] GC(6159) Pause Full (Allocation Failure) 15M->10M(15M) 26.740ms
[108.334s][info][gc] GC(6160) Pause Full (Allocation Failure) 15M->10M(15M) 25.843ms
[108.364s][info][gc] GC(6161) Pause Full (Allocation Failure) 15M->10M(15M) 24.891ms
[108.396s][info][gc] GC(6162) Pause Full (Allocation Failure) 15M->10M(15M) 27.647ms
[108.426s][info][gc] GC(6163) Pause Full (Allocation Failure) 15M->10M(15M) 25.228ms
[108.455s][info][gc] GC(6164) Pause Full (Allocation Failure) 15M->10M(15M) 24.036ms
[108.488s][info][gc] GC(6165) Pause Full (Allocation Failure) 15M->10M(15M) 28.243ms
[108.521s][info][gc] GC(6166) Pause Full (Allocation Failure) 15M->10M(15M) 26.821ms
[108.552s][info][gc] GC(6167) Pause Full (Allocation Failure) 15M->10M(15M) 25.459ms
[108.581s][info][gc] GC(6168) Pause Full (Allocation Failure) 15M->11M(15M) 24.760ms
[108.614s][info][gc] GC(6169) Pause Full (Allocation Failure) 15M->11M(15M) 27.549ms
[108.649s][info][gc] GC(6170) Pause Full (Allocation Failure) 15M->10M(15M) 29.538ms
[108.691s][info][gc] GC(6171) Pause Full (Allocation Failure) 15M->10M(15M) 35.997ms
[108.731s][info][gc] GC(6172) Pause Full (Allocation Failure) 15M->11M(15M) 33.519ms
[108.768s][info][gc] GC(6173) Pause Full (Allocation Failure) 15M->11M(15M) 31.800ms
[108.805s][info][gc] GC(6174) Pause Full (Allocation Failure) 15M->11M(15M) 31.252ms
[108.845s][info][gc] GC(6175) Pause Full (Allocation Failure) 15M->11M(15M) 32.550ms
[108.884s][info][gc] GC(6176) Pause Full (Allocation Failure) 15M->11M(15M) 32.348ms
[108.920s][info][gc] GC(6177) Pause Full (Allocation Failure) 15M->11M(15M) 30.609ms
[108.959s][info][gc] GC(6178) Pause Full (Allocation Failure) 15M->11M(15M) 30.538ms
[108.995s][info][gc] GC(6179) Pause Full (Allocation Failure) 15M->11M(15M) 30.079ms
[109.034s][info][gc] GC(6180) Pause Full (Allocation Failure) 15M->11M(15M) 32.181ms
[109.071s][info][gc] GC(6181) Pause Full (Allocation Failure) 15M->10M(15M) 31.544ms
[109.109s][info][gc] GC(6182) Pause Full (Allocation Failure) 15M->10M(15M) 30.990ms
[109.145s][info][gc] GC(6183) Pause Full (Allocation Failure) 15M->11M(15M) 29.659ms
[109.183s][info][gc] GC(6184) Pause Full (Allocation Failure) 15M->11M(15M) 31.983ms
[109.238s][info][gc] GC(6185) Pause Full (Allocation Failure) 15M->10M(15M) 49.449ms
[109.286s][info][gc] GC(6186) Pause Full (Allocation Failure) 15M->10M(15M) 37.909ms
[109.345s][info][gc] GC(6187) Pause Full (Allocation Failure) 15M->11M(15M) 50.559ms
[109.385s][info][gc] GC(6188) Pause Full (Allocation Failure) 15M->11M(15M) 31.974ms
[109.420s][info][gc] GC(6189) Pause Full (Allocation Failure) 15M->11M(15M) 29.053ms
[109.458s][info][gc] GC(6190) Pause Full (Allocation Failure) 15M->10M(15M) 31.704ms
[109.504s][info][gc] GC(6191) Pause Full (Allocation Failure) 15M->11M(15M) 40.299ms
[109.540s][info][gc] GC(6192) Pause Full (Allocation Failure) 15M->11M(15M) 29.225ms
[109.574s][info][gc] GC(6193) Pause Full (Allocation Failure) 15M->11M(15M) 26.694ms
[109.606s][info][gc] GC(6194) Pause Full (Allocation Failure) 15M->11M(15M) 26.832ms
[109.636s][info][gc] GC(6195) Pause Full (Allocation Failure) 15M->11M(15M) 25.269ms
[109.664s][info][gc] GC(6196) Pause Full (Allocation Failure) 15M->11M(15M) 23.126ms
[109.692s][info][gc] GC(6197) Pause Full (Allocation Failure) 15M->11M(15M) 22.026ms
[109.719s][info][gc] GC(6198) Pause Full (Allocation Failure) 15M->11M(15M) 23.145ms
[109.755s][info][gc] GC(6199) Pause Full (Allocation Failure) 15M->11M(15M) 30.785ms
[109.794s][info][gc] GC(6200) Pause Full (Allocation Failure) 15M->11M(15M) 32.865ms
[109.830s][info][gc] GC(6201) Pause Full (Allocation Failure) 15M->10M(15M) 29.795ms
[109.860s][info][gc] GC(6202) Pause Full (Allocation Failure) 15M->11M(15M) 24.143ms
[109.889s][info][gc] GC(6203) Pause Full (Allocation Failure) 15M->11M(15M) 23.372ms
[109.917s][info][gc] GC(6204) Pause Full (Allocation Failure) 15M->11M(15M) 23.297ms
[109.942s][info][gc] GC(6205) Pause Full (Allocation Failure) 15M->11M(15M) 21.042ms
[109.969s][info][gc] GC(6206) Pause Full (Allocation Failure) 15M->11M(15M) 22.387ms
[109.996s][info][gc] GC(6207) Pause Full (Allocation Failure) 15M->11M(15M) 22.469ms
[110.023s][info][gc] GC(6208) Pause Full (Allocation Failure) 15M->11M(15M) 21.860ms
[110.049s][info][gc] GC(6209) Pause Full (Allocation Failure) 15M->11M(15M) 21.210ms
[110.075s][info][gc] GC(6210) Pause Full (Allocation Failure) 15M->11M(15M) 20.744ms
[110.102s][info][gc] GC(6211) Pause Full (Allocation Failure) 15M->11M(15M) 22.596ms
[110.128s][info][gc] GC(6212) Pause Full (Allocation Failure) 15M->11M(15M) 21.751ms
[110.155s][info][gc] GC(6213) Pause Full (Allocation Failure) 15M->11M(15M) 22.450ms
[110.180s][info][gc] GC(6214) Pause Full (Allocation Failure) 15M->11M(15M) 21.252ms
[110.208s][info][gc] GC(6215) Pause Full (Allocation Failure) 15M->11M(15M) 22.117ms
[110.236s][info][gc] GC(6216) Pause Full (Allocation Failure) 15M->11M(15M) 23.222ms
[110.261s][info][gc] GC(6217) Pause Full (Allocation Failure) 15M->11M(15M) 21.130ms
[110.292s][info][gc] GC(6218) Pause Full (Allocation Failure) 15M->11M(15M) 25.317ms
[110.320s][info][gc] GC(6219) Pause Full (Allocation Failure) 15M->11M(15M) 24.092ms
[110.347s][info][gc] GC(6220) Pause Full (Allocation Failure) 15M->11M(15M) 22.382ms
[110.373s][info][gc] GC(6221) Pause Full (Allocation Failure) 15M->11M(15M) 21.212ms
[110.400s][info][gc] GC(6222) Pause Full (Allocation Failure) 15M->11M(15M) 22.411ms
[110.426s][info][gc] GC(6223) Pause Full (Allocation Failure) 15M->11M(15M) 20.665ms
[110.453s][info][gc] GC(6224) Pause Full (Allocation Failure) 15M->11M(15M) 23.380ms
[110.487s][info][gc] GC(6225) Pause Full (Allocation Failure) 15M->11M(15M) 29.131ms
[110.519s][info][gc] GC(6226) Pause Full (Allocation Failure) 15M->11M(15M) 25.980ms
[110.547s][info][gc] GC(6227) Pause Full (Allocation Failure) 15M->11M(15M) 23.152ms
[110.575s][info][gc] GC(6228) Pause Full (Allocation Failure) 15M->11M(15M) 22.995ms
[110.603s][info][gc] GC(6229) Pause Full (Allocation Failure) 15M->11M(15M) 23.788ms
[110.633s][info][gc] GC(6230) Pause Full (Allocation Failure) 15M->11M(15M) 24.471ms
[110.661s][info][gc] GC(6231) Pause Full (Allocation Failure) 15M->11M(15M) 23.199ms
[110.690s][info][gc] GC(6232) Pause Full (Allocation Failure) 15M->11M(15M) 23.378ms
[110.716s][info][gc] GC(6233) Pause Full (Allocation Failure) 15M->11M(15M) 21.425ms
[110.742s][info][gc] GC(6234) Pause Full (Allocation Failure) 15M->11M(15M) 20.472ms
[110.767s][info][gc] GC(6235) Pause Full (Allocation Failure) 15M->11M(15M) 21.378ms
[110.797s][info][gc] GC(6236) Pause Full (Allocation Failure) 15M->11M(15M) 23.392ms
[110.826s][info][gc] GC(6237) Pause Full (Allocation Failure) 15M->11M(15M) 25.321ms
[110.856s][info][gc] GC(6238) Pause Full (Allocation Failure) 15M->11M(15M) 24.582ms
[110.882s][info][gc] GC(6239) Pause Full (Allocation Failure) 15M->11M(15M) 21.622ms
[110.909s][info][gc] GC(6240) Pause Full (Allocation Failure) 15M->11M(15M) 22.462ms
[110.937s][info][gc] GC(6241) Pause Full (Allocation Failure) 15M->11M(15M) 23.015ms
[110.963s][info][gc] GC(6242) Pause Full (Allocation Failure) 15M->11M(15M) 21.090ms
[110.989s][info][gc] GC(6243) Pause Full (Allocation Failure) 15M->11M(15M) 22.445ms
[111.016s][info][gc] GC(6244) Pause Full (Allocation Failure) 15M->11M(15M) 21.819ms
[111.043s][info][gc] GC(6245) Pause Full (Allocation Failure) 15M->11M(15M) 22.094ms
[111.069s][info][gc] GC(6246) Pause Full (Allocation Failure) 15M->11M(15M) 21.994ms
[111.095s][info][gc] GC(6247) Pause Full (Allocation Failure) 15M->11M(15M) 21.217ms
[111.122s][info][gc] GC(6248) Pause Full (Allocation Failure) 15M->11M(15M) 21.850ms
[111.148s][info][gc] GC(6249) Pause Full (Allocation Failure) 15M->11M(15M) 21.508ms
[111.175s][info][gc] GC(6250) Pause Full (Allocation Failure) 15M->11M(15M) 22.452ms
[111.201s][info][gc] GC(6251) Pause Full (Allocation Failure) 15M->11M(15M) 21.437ms
[111.226s][info][gc] GC(6252) Pause Full (Allocation Failure) 15M->11M(15M) 20.885ms
[111.252s][info][gc] GC(6253) Pause Full (Allocation Failure) 15M->11M(15M) 21.559ms
[111.280s][info][gc] GC(6254) Pause Full (Allocation Failure) 15M->11M(15M) 22.996ms
[111.310s][info][gc] GC(6255) Pause Full (Allocation Failure) 15M->11M(15M) 25.540ms
[111.338s][info][gc] GC(6256) Pause Full (Allocation Failure) 15M->11M(15M) 23.710ms
[111.366s][info][gc] GC(6257) Pause Full (Allocation Failure) 15M->11M(15M) 22.625ms
[111.393s][info][gc] GC(6258) Pause Full (Allocation Failure) 15M->11M(15M) 22.181ms
[111.418s][info][gc] GC(6259) Pause Full (Allocation Failure) 15M->11M(15M) 21.016ms
[111.444s][info][gc] GC(6260) Pause Full (Allocation Failure) 15M->11M(15M) 21.309ms
[111.473s][info][gc] GC(6261) Pause Full (Allocation Failure) 15M->11M(15M) 24.527ms
[111.504s][info][gc] GC(6262) Pause Full (Allocation Failure) 15M->11M(15M) 25.739ms
[111.532s][info][gc] GC(6263) Pause Full (Allocation Failure) 15M->11M(15M) 22.593ms
[111.560s][info][gc] GC(6264) Pause Full (Allocation Failure) 15M->11M(15M) 23.156ms
[111.586s][info][gc] GC(6265) Pause Full (Allocation Failure) 15M->11M(15M) 21.343ms
[111.612s][info][gc] GC(6266) Pause Full (Allocation Failure) 15M->11M(15M) 21.091ms
[111.640s][info][gc] GC(6267) Pause Full (Allocation Failure) 15M->11M(15M) 23.028ms
[111.666s][info][gc] GC(6268) Pause Full (Allocation Failure) 15M->11M(15M) 21.982ms
[111.692s][info][gc] GC(6269) Pause Full (Allocation Failure) 15M->11M(15M) 21.348ms
[111.717s][info][gc] GC(6270) Pause Full (Allocation Failure) 15M->11M(15M) 20.200ms
[111.743s][info][gc] GC(6271) Pause Full (Allocation Failure) 15M->11M(15M) 22.056ms
[111.769s][info][gc] GC(6272) Pause Full (Allocation Failure) 15M->11M(15M) 20.455ms
[111.797s][info][gc] GC(6273) Pause Full (Allocation Failure) 15M->11M(15M) 23.480ms
[111.827s][info][gc] GC(6274) Pause Full (Allocation Failure) 15M->11M(15M) 25.174ms
[111.856s][info][gc] GC(6275) Pause Full (Allocation Failure) 15M->11M(15M) 24.844ms
[111.883s][info][gc] GC(6276) Pause Full (Allocation Failure) 15M->11M(15M) 21.885ms
[111.909s][info][gc] GC(6277) Pause Full (Allocation Failure) 15M->11M(15M) 22.130ms
[111.935s][info][gc] GC(6278) Pause Full (Allocation Failure) 15M->11M(15M) 21.529ms
[111.962s][info][gc] GC(6279) Pause Full (Allocation Failure) 15M->11M(15M) 22.012ms
[111.988s][info][gc] GC(6280) Pause Full (Allocation Failure) 15M->11M(15M) 21.548ms
[112.014s][info][gc] GC(6281) Pause Full (Allocation Failure) 15M->11M(15M) 20.741ms
[112.040s][info][gc] GC(6282) Pause Full (Allocation Failure) 15M->11M(15M) 22.320ms
[112.066s][info][gc] GC(6283) Pause Full (Allocation Failure) 15M->11M(15M) 21.183ms
[112.091s][info][gc] GC(6284) Pause Full (Allocation Failure) 15M->11M(15M) 21.517ms
[112.118s][info][gc] GC(6285) Pause Full (Allocation Failure) 15M->11M(15M) 22.121ms
[112.146s][info][gc] GC(6286) Pause Full (Allocation Failure) 15M->11M(15M) 23.069ms
[112.172s][info][gc] GC(6287) Pause Full (Allocation Failure) 15M->11M(15M) 21.663ms
[112.198s][info][gc] GC(6288) Pause Full (Allocation Failure) 15M->11M(15M) 21.181ms
[112.225s][info][gc] GC(6289) Pause Full (Allocation Failure) 15M->11M(15M) 22.352ms
[112.252s][info][gc] GC(6290) Pause Full (Allocation Failure) 15M->11M(15M) 21.577ms
[112.282s][info][gc] GC(6291) Pause Full (Allocation Failure) 15M->11M(15M) 25.434ms
[112.312s][info][gc] GC(6292) Pause Full (Allocation Failure) 15M->11M(15M) 25.186ms
[112.340s][info][gc] GC(6293) Pause Full (Allocation Failure) 15M->11M(15M) 23.610ms
[112.367s][info][gc] GC(6294) Pause Full (Allocation Failure) 15M->11M(15M) 22.126ms
[112.393s][info][gc] GC(6295) Pause Full (Allocation Failure) 15M->11M(15M) 21.936ms
[112.428s][info][gc] GC(6296) Pause Full (Allocation Failure) 15M->11M(15M) 30.751ms
[112.464s][info][gc] GC(6297) Pause Full (Allocation Failure) 15M->11M(15M) 29.442ms
[112.501s][info][gc] GC(6298) Pause Full (Allocation Failure) 15M->11M(15M) 31.449ms
[112.532s][info][gc] GC(6299) Pause Full (Allocation Failure) 15M->11M(15M) 25.034ms
[112.561s][info][gc] GC(6300) Pause Full (Allocation Failure) 15M->11M(15M) 24.179ms
[112.588s][info][gc] GC(6301) Pause Full (Allocation Failure) 15M->11M(15M) 22.278ms
[112.615s][info][gc] GC(6302) Pause Full (Allocation Failure) 15M->11M(15M) 21.478ms
[112.642s][info][gc] GC(6303) Pause Full (Allocation Failure) 15M->11M(15M) 23.462ms
[112.668s][info][gc] GC(6304) Pause Full (Allocation Failure) 15M->11M(15M) 21.518ms
[112.695s][info][gc] GC(6305) Pause Full (Allocation Failure) 15M->11M(15M) 21.899ms
[112.719s][info][gc] GC(6306) Pause Full (Allocation Failure) 15M->11M(15M) 20.567ms
[112.745s][info][gc] GC(6307) Pause Full (Allocation Failure) 15M->11M(15M) 21.422ms
[112.774s][info][gc] GC(6308) Pause Full (Allocation Failure) 15M->11M(15M) 24.098ms
[112.806s][info][gc] GC(6309) Pause Full (Allocation Failure) 15M->11M(15M) 25.877ms
[112.837s][info][gc] GC(6310) Pause Full (Allocation Failure) 15M->11M(15M) 25.254ms
[112.865s][info][gc] GC(6311) Pause Full (Allocation Failure) 15M->11M(15M) 24.060ms
[112.891s][info][gc] GC(6312) Pause Full (Allocation Failure) 15M->11M(15M) 20.935ms
[112.918s][info][gc] GC(6313) Pause Full (Allocation Failure) 15M->11M(15M) 21.780ms
[112.945s][info][gc] GC(6314) Pause Full (Allocation Failure) 15M->11M(15M) 22.986ms
[112.970s][info][gc] GC(6315) Pause Full (Allocation Failure) 15M->11M(15M) 20.758ms
[112.997s][info][gc] GC(6316) Pause Full (Allocation Failure) 15M->11M(15M) 22.170ms
[113.023s][info][gc] GC(6317) Pause Full (Allocation Failure) 15M->11M(15M) 21.313ms
[113.049s][info][gc] GC(6318) Pause Full (Allocation Failure) 15M->11M(15M) 21.220ms
[113.075s][info][gc] GC(6319) Pause Full (Allocation Failure) 15M->11M(15M) 22.083ms
[113.101s][info][gc] GC(6320) Pause Full (Allocation Failure) 15M->11M(15M) 20.915ms
[113.127s][info][gc] GC(6321) Pause Full (Allocation Failure) 15M->11M(15M) 21.726ms
[113.154s][info][gc] GC(6322) Pause Full (Allocation Failure) 15M->11M(15M) 22.122ms
[113.180s][info][gc] GC(6323) Pause Full (Allocation Failure) 15M->11M(15M) 22.093ms
[113.205s][info][gc] GC(6324) Pause Full (Allocation Failure) 15M->11M(15M) 20.742ms
[113.233s][info][gc] GC(6325) Pause Full (Allocation Failure) 15M->11M(15M) 22.971ms
[113.261s][info][gc] GC(6326) Pause Full (Allocation Failure) 15M->11M(15M) 23.341ms
[113.286s][info][gc] GC(6327) Pause Full (Allocation Failure) 15M->11M(15M) 21.385ms
[113.315s][info][gc] GC(6328) Pause Full (Allocation Failure) 15M->11M(15M) 24.538ms
[113.343s][info][gc] GC(6329) Pause Full (Allocation Failure) 15M->11M(15M) 23.404ms
[113.370s][info][gc] GC(6330) Pause Full (Allocation Failure) 15M->11M(15M) 22.035ms
[113.397s][info][gc] GC(6331) Pause Full (Allocation Failure) 15M->11M(15M) 22.449ms
[113.423s][info][gc] GC(6332) Pause Full (Allocation Failure) 15M->11M(15M) 21.259ms
[113.449s][info][gc] GC(6333) Pause Full (Allocation Failure) 15M->11M(15M) 22.090ms
[113.476s][info][gc] GC(6334) Pause Full (Allocation Failure) 15M->11M(15M) 22.259ms
[113.507s][info][gc] GC(6335) Pause Full (Allocation Failure) 15M->11M(15M) 25.816ms
[113.535s][info][gc] GC(6336) Pause Full (Allocation Failure) 15M->11M(15M) 22.900ms
[113.563s][info][gc] GC(6337) Pause Full (Allocation Failure) 15M->11M(15M) 23.215ms
[113.589s][info][gc] GC(6338) Pause Full (Allocation Failure) 15M->11M(15M) 21.357ms
[113.615s][info][gc] GC(6339) Pause Full (Allocation Failure) 15M->11M(15M) 21.932ms
[113.642s][info][gc] GC(6340) Pause Full (Allocation Failure) 15M->11M(15M) 22.474ms
[113.669s][info][gc] GC(6341) Pause Full (Allocation Failure) 15M->11M(15M) 22.316ms
[113.696s][info][gc] GC(6342) Pause Full (Allocation Failure) 15M->11M(15M) 22.386ms
[113.721s][info][gc] GC(6343) Pause Full (Allocation Failure) 15M->11M(15M) 20.701ms
[113.748s][info][gc] GC(6344) Pause Full (Allocation Failure) 15M->11M(15M) 22.400ms
[113.774s][info][gc] GC(6345) Pause Full (Allocation Failure) 15M->11M(15M) 21.480ms
[113.801s][info][gc] GC(6346) Pause Full (Allocation Failure) 15M->11M(15M) 23.290ms
[113.830s][info][gc] GC(6347) Pause Full (Allocation Failure) 15M->11M(15M) 24.146ms
[113.857s][info][gc] GC(6348) Pause Full (Allocation Failure) 15M->11M(15M) 22.650ms
[113.885s][info][gc] GC(6349) Pause Full (Allocation Failure) 15M->11M(15M) 23.819ms
[113.910s][info][gc] GC(6350) Pause Full (Allocation Failure) 15M->11M(15M) 20.948ms
[113.937s][info][gc] GC(6351) Pause Full (Allocation Failure) 15M->11M(15M) 22.050ms
[113.966s][info][gc] GC(6352) Pause Full (Allocation Failure) 15M->11M(15M) 23.718ms
[113.994s][info][gc] GC(6353) Pause Full (Allocation Failure) 15M->11M(15M) 24.440ms
[114.019s][info][gc] GC(6354) Pause Full (Allocation Failure) 15M->11M(15M) 20.642ms
[114.046s][info][gc] GC(6355) Pause Full (Allocation Failure) 15M->11M(15M) 22.427ms
[114.074s][info][gc] GC(6356) Pause Full (Allocation Failure) 15M->11M(15M) 22.549ms
[114.100s][info][gc] GC(6357) Pause Full (Allocation Failure) 15M->11M(15M) 22.095ms
[114.125s][info][gc] GC(6358) Pause Full (Allocation Failure) 15M->11M(15M) 20.997ms
[114.151s][info][gc] GC(6359) Pause Full (Allocation Failure) 15M->11M(15M) 21.644ms
[114.178s][info][gc] GC(6360) Pause Full (Allocation Failure) 15M->11M(15M) 22.398ms
[114.207s][info][gc] GC(6361) Pause Full (Allocation Failure) 15M->11M(15M) 23.812ms
[114.237s][info][gc] GC(6362) Pause Full (Allocation Failure) 15M->11M(15M) 26.013ms
[114.269s][info][gc] GC(6363) Pause Full (Allocation Failure) 15M->11M(15M) 26.636ms
[114.300s][info][gc] GC(6364) Pause Full (Allocation Failure) 15M->11M(15M) 26.396ms
[114.328s][info][gc] GC(6365) Pause Full (Allocation Failure) 15M->11M(15M) 23.846ms
[114.357s][info][gc] GC(6366) Pause Full (Allocation Failure) 15M->11M(15M) 23.947ms
[114.387s][info][gc] GC(6367) Pause Full (Allocation Failure) 15M->11M(15M) 25.621ms
[114.416s][info][gc] GC(6368) Pause Full (Allocation Failure) 15M->11M(15M) 24.022ms
[114.442s][info][gc] GC(6369) Pause Full (Allocation Failure) 15M->11M(15M) 22.155ms
[114.469s][info][gc] GC(6370) Pause Full (Allocation Failure) 15M->11M(15M) 22.194ms
[114.500s][info][gc] GC(6371) Pause Full (Allocation Failure) 15M->11M(15M) 27.110ms
[114.532s][info][gc] GC(6372) Pause Full (Allocation Failure) 15M->11M(15M) 25.996ms
[114.559s][info][gc] GC(6373) Pause Full (Allocation Failure) 15M->11M(15M) 22.423ms
[114.586s][info][gc] GC(6374) Pause Full (Allocation Failure) 15M->11M(15M) 23.311ms
[114.613s][info][gc] GC(6375) Pause Full (Allocation Failure) 15M->11M(15M) 21.842ms
[114.639s][info][gc] GC(6376) Pause Full (Allocation Failure) 15M->11M(15M) 20.968ms
[114.666s][info][gc] GC(6377) Pause Full (Allocation Failure) 15M->11M(15M) 22.859ms
[114.690s][info][gc] GC(6378) Pause Full (Allocation Failure) 15M->11M(15M) 20.847ms
[114.717s][info][gc] GC(6379) Pause Full (Allocation Failure) 15M->11M(15M) 22.286ms
[114.742s][info][gc] GC(6380) Pause Full (Allocation Failure) 15M->11M(15M) 20.797ms
[114.767s][info][gc] GC(6381) Pause Full (Allocation Failure) 15M->11M(15M) 21.367ms
[114.799s][info][gc] GC(6382) Pause Full (Allocation Failure) 15M->11M(15M) 27.621ms
[114.837s][info][gc] GC(6383) Pause Full (Allocation Failure) 15M->11M(15M) 31.153ms
[114.872s][info][gc] GC(6384) Pause Full (Allocation Failure) 15M->11M(15M) 29.783ms
[114.903s][info][gc] GC(6385) Pause Full (Allocation Failure) 15M->11M(15M) 25.566ms
[114.934s][info][gc] GC(6386) Pause Full (Allocation Failure) 15M->11M(15M) 25.922ms
[114.962s][info][gc] GC(6387) Pause Full (Allocation Failure) 15M->11M(15M) 23.541ms
[114.989s][info][gc] GC(6388) Pause Full (Allocation Failure) 15M->11M(15M) 21.876ms
[115.015s][info][gc] GC(6389) Pause Full (Allocation Failure) 15M->11M(15M) 21.436ms
[115.040s][info][gc] GC(6390) Pause Full (Allocation Failure) 15M->11M(15M) 20.986ms
[115.068s][info][gc] GC(6391) Pause Full (Allocation Failure) 15M->11M(15M) 23.297ms
[115.093s][info][gc] GC(6392) Pause Full (Allocation Failure) 15M->11M(15M) 20.989ms
[115.119s][info][gc] GC(6393) Pause Full (Allocation Failure) 15M->11M(15M) 22.376ms
[115.147s][info][gc] GC(6394) Pause Full (Allocation Failure) 15M->11M(15M) 23.604ms
[115.173s][info][gc] GC(6395) Pause Full (Allocation Failure) 15M->11M(15M) 21.473ms
[115.198s][info][gc] GC(6396) Pause Full (Allocation Failure) 15M->11M(15M) 20.966ms
[115.225s][info][gc] GC(6397) Pause Full (Allocation Failure) 15M->11M(15M) 21.387ms
[115.252s][info][gc] GC(6398) Pause Full (Allocation Failure) 15M->11M(15M) 23.513ms
[115.281s][info][gc] GC(6399) Pause Full (Allocation Failure) 15M->11M(15M) 23.628ms
[115.311s][info][gc] GC(6400) Pause Full (Allocation Failure) 15M->11M(15M) 24.782ms
[115.340s][info][gc] GC(6401) Pause Full (Allocation Failure) 15M->11M(15M) 24.473ms
[115.369s][info][gc] GC(6402) Pause Full (Allocation Failure) 15M->11M(15M) 24.736ms
[115.397s][info][gc] GC(6403) Pause Full (Allocation Failure) 15M->11M(15M) 23.577ms
[115.424s][info][gc] GC(6404) Pause Full (Allocation Failure) 15M->11M(15M) 22.141ms
[115.449s][info][gc] GC(6405) Pause Full (Allocation Failure) 15M->11M(15M) 21.413ms
[115.475s][info][gc] GC(6406) Pause Full (Allocation Failure) 15M->11M(15M) 21.438ms
[115.507s][info][gc] GC(6407) Pause Full (Allocation Failure) 15M->11M(15M) 26.522ms
[115.537s][info][gc] GC(6408) Pause Full (Allocation Failure) 15M->11M(15M) 24.859ms
[115.563s][info][gc] GC(6409) Pause Full (Allocation Failure) 15M->11M(15M) 22.191ms
[115.590s][info][gc] GC(6410) Pause Full (Allocation Failure) 15M->11M(15M) 22.036ms
[115.615s][info][gc] GC(6411) Pause Full (Allocation Failure) 15M->11M(15M) 21.018ms
[115.641s][info][gc] GC(6412) Pause Full (Allocation Failure) 15M->11M(15M) 21.480ms
[115.667s][info][gc] GC(6413) Pause Full (Allocation Failure) 15M->11M(15M) 21.175ms
[115.692s][info][gc] GC(6414) Pause Full (Allocation Failure) 15M->11M(15M) 21.214ms
[115.720s][info][gc] GC(6415) Pause Full (Allocation Failure) 15M->11M(15M) 23.355ms
[115.746s][info][gc] GC(6416) Pause Full (Allocation Failure) 15M->11M(15M) 21.224ms
[115.770s][info][gc] GC(6417) Pause Full (Allocation Failure) 15M->11M(15M) 20.730ms
[115.795s][info][gc] GC(6418) Pause Full (Allocation Failure) 15M->11M(15M) 20.280ms
[115.822s][info][gc] GC(6419) Pause Full (Allocation Failure) 15M->11M(15M) 22.643ms
[115.850s][info][gc] GC(6420) Pause Full (Allocation Failure) 15M->11M(15M) 23.399ms
[115.877s][info][gc] GC(6421) Pause Full (Allocation Failure) 15M->11M(15M) 23.025ms
[115.904s][info][gc] GC(6422) Pause Full (Allocation Failure) 15M->11M(15M) 22.557ms
[115.931s][info][gc] GC(6423) Pause Full (Allocation Failure) 15M->11M(15M) 22.096ms
[115.957s][info][gc] GC(6424) Pause Full (Allocation Failure) 15M->11M(15M) 21.483ms
[115.983s][info][gc] GC(6425) Pause Full (Allocation Failure) 15M->11M(15M) 21.853ms
[116.009s][info][gc] GC(6426) Pause Full (Allocation Failure) 15M->11M(15M) 21.911ms
[116.037s][info][gc] GC(6427) Pause Full (Allocation Failure) 15M->11M(15M) 23.261ms
[116.066s][info][gc] GC(6428) Pause Full (Allocation Failure) 15M->11M(15M) 25.493ms
[116.102s][info][gc] GC(6429) Pause Full (Allocation Failure) 15M->11M(15M) 29.146ms
[116.136s][info][gc] GC(6430) Pause Full (Allocation Failure) 15M->11M(15M) 27.405ms
[116.166s][info][gc] GC(6431) Pause Full (Allocation Failure) 15M->11M(15M) 25.187ms
[116.196s][info][gc] GC(6432) Pause Full (Allocation Failure) 15M->11M(15M) 24.252ms
[116.225s][info][gc] GC(6433) Pause Full (Allocation Failure) 15M->11M(15M) 24.452ms
[116.251s][info][gc] GC(6434) Pause Full (Allocation Failure) 15M->11M(15M) 21.723ms
[116.278s][info][gc] GC(6435) Pause Full (Allocation Failure) 15M->11M(15M) 21.760ms
[116.304s][info][gc] GC(6436) Pause Full (Allocation Failure) 15M->11M(15M) 22.245ms
[116.330s][info][gc] GC(6437) Pause Full (Allocation Failure) 15M->11M(15M) 22.347ms
[116.361s][info][gc] GC(6438) Pause Full (Allocation Failure) 15M->11M(15M) 26.847ms
[116.392s][info][gc] GC(6439) Pause Full (Allocation Failure) 15M->11M(15M) 25.929ms
[116.417s][info][gc] GC(6440) Pause Full (Allocation Failure) 15M->11M(15M) 21.401ms
[116.444s][info][gc] GC(6441) Pause Full (Allocation Failure) 15M->11M(15M) 21.992ms
[116.472s][info][gc] GC(6442) Pause Full (Allocation Failure) 15M->11M(15M) 22.955ms
[116.501s][info][gc] GC(6443) Pause Full (Allocation Failure) 15M->11M(15M) 24.804ms
[116.529s][info][gc] GC(6444) Pause Full (Allocation Failure) 15M->11M(15M) 22.712ms
[116.556s][info][gc] GC(6445) Pause Full (Allocation Failure) 15M->11M(15M) 23.074ms
[116.582s][info][gc] GC(6446) Pause Full (Allocation Failure) 15M->11M(15M) 22.044ms
[116.608s][info][gc] GC(6447) Pause Full (Allocation Failure) 15M->11M(15M) 21.447ms
[116.633s][info][gc] GC(6448) Pause Full (Allocation Failure) 15M->11M(15M) 21.009ms
[116.660s][info][gc] GC(6449) Pause Full (Allocation Failure) 15M->11M(15M) 22.559ms
[116.686s][info][gc] GC(6450) Pause Full (Allocation Failure) 15M->11M(15M) 22.470ms
[116.712s][info][gc] GC(6451) Pause Full (Allocation Failure) 15M->11M(15M) 21.302ms
[116.738s][info][gc] GC(6452) Pause Full (Allocation Failure) 15M->11M(15M) 21.253ms
[116.763s][info][gc] GC(6453) Pause Full (Allocation Failure) 15M->11M(15M) 20.594ms
[116.791s][info][gc] GC(6454) Pause Full (Allocation Failure) 15M->11M(15M) 23.605ms
[116.815s][info][gc] GC(6455) Pause Full (Allocation Failure) 15M->11M(15M) 20.353ms
[116.842s][info][gc] GC(6456) Pause Full (Allocation Failure) 15M->11M(15M) 23.374ms
[116.870s][info][gc] GC(6457) Pause Full (Allocation Failure) 15M->11M(15M) 23.525ms
[116.899s][info][gc] GC(6458) Pause Full (Allocation Failure) 15M->11M(15M) 23.451ms
[116.926s][info][gc] GC(6459) Pause Full (Allocation Failure) 15M->11M(15M) 21.463ms
[116.950s][info][gc] GC(6460) Pause Full (Allocation Failure) 15M->11M(15M) 20.777ms
[116.979s][info][gc] GC(6461) Pause Full (Allocation Failure) 15M->11M(15M) 24.252ms
[117.005s][info][gc] GC(6462) Pause Full (Allocation Failure) 15M->11M(15M) 21.412ms
[117.031s][info][gc] GC(6463) Pause Full (Allocation Failure) 15M->11M(15M) 21.620ms
[117.065s][info][gc] GC(6464) Pause Full (Allocation Failure) 15M->11M(15M) 29.872ms
[117.099s][info][gc] GC(6465) Pause Full (Allocation Failure) 15M->11M(15M) 28.021ms
[117.131s][info][gc] GC(6466) Pause Full (Allocation Failure) 15M->11M(15M) 26.460ms
[117.163s][info][gc] GC(6467) Pause Full (Allocation Failure) 15M->11M(15M) 26.211ms
[117.192s][info][gc] GC(6468) Pause Full (Allocation Failure) 15M->11M(15M) 24.482ms
[117.221s][info][gc] GC(6469) Pause Full (Allocation Failure) 15M->11M(15M) 23.475ms
[117.247s][info][gc] GC(6470) Pause Full (Allocation Failure) 15M->11M(15M) 21.760ms
[117.274s][info][gc] GC(6471) Pause Full (Allocation Failure) 15M->11M(15M) 22.035ms
[117.300s][info][gc] GC(6472) Pause Full (Allocation Failure) 15M->11M(15M) 21.687ms
[117.328s][info][gc] GC(6473) Pause Full (Allocation Failure) 15M->11M(15M) 23.494ms
[117.359s][info][gc] GC(6474) Pause Full (Allocation Failure) 15M->11M(15M) 27.557ms
[117.393s][info][gc] GC(6475) Pause Full (Allocation Failure) 15M->11M(15M) 28.320ms
[117.422s][info][gc] GC(6476) Pause Full (Allocation Failure) 15M->11M(15M) 24.561ms
[117.450s][info][gc] GC(6477) Pause Full (Allocation Failure) 15M->11M(15M) 22.532ms
[117.479s][info][gc] GC(6478) Pause Full (Allocation Failure) 15M->11M(15M) 25.081ms
[117.520s][info][gc] GC(6479) Pause Full (Allocation Failure) 15M->11M(15M) 35.277ms
[117.558s][info][gc] GC(6480) Pause Full (Allocation Failure) 15M->11M(15M) 29.796ms
[117.591s][info][gc] GC(6481) Pause Full (Allocation Failure) 15M->11M(15M) 27.478ms
[117.622s][info][gc] GC(6482) Pause Full (Allocation Failure) 15M->11M(15M) 25.629ms
[117.652s][info][gc] GC(6483) Pause Full (Allocation Failure) 15M->11M(15M) 24.289ms
[117.684s][info][gc] GC(6484) Pause Full (Allocation Failure) 15M->11M(15M) 25.128ms
[117.715s][info][gc] GC(6485) Pause Full (Allocation Failure) 15M->11M(15M) 26.835ms
[117.745s][info][gc] GC(6486) Pause Full (Allocation Failure) 15M->11M(15M) 25.781ms
[117.776s][info][gc] GC(6487) Pause Full (Allocation Failure) 15M->11M(15M) 26.241ms
[117.811s][info][gc] GC(6488) Pause Full (Allocation Failure) 15M->11M(15M) 29.360ms
[117.855s][info][gc] GC(6489) Pause Full (Allocation Failure) 15M->11M(15M) 38.022ms
[117.896s][info][gc] GC(6490) Pause Full (Allocation Failure) 15M->11M(15M) 33.545ms
[117.930s][info][gc] GC(6491) Pause Full (Allocation Failure) 15M->11M(15M) 29.210ms
[117.961s][info][gc] GC(6492) Pause Full (Allocation Failure) 15M->11M(15M) 26.247ms
[117.988s][info][gc] GC(6493) Pause Full (Allocation Failure) 15M->11M(15M) 22.420ms
[118.014s][info][gc] GC(6494) Pause Full (Allocation Failure) 15M->11M(15M) 22.240ms
[118.040s][info][gc] GC(6495) Pause Full (Allocation Failure) 15M->11M(15M) 21.732ms
[118.066s][info][gc] GC(6496) Pause Full (Allocation Failure) 15M->11M(15M) 21.150ms
[118.092s][info][gc] GC(6497) Pause Full (Allocation Failure) 15M->11M(15M) 22.083ms
[118.118s][info][gc] GC(6498) Pause Full (Allocation Failure) 15M->11M(15M) 21.731ms
[118.145s][info][gc] GC(6499) Pause Full (Allocation Failure) 15M->11M(15M) 23.042ms
[118.172s][info][gc] GC(6500) Pause Full (Allocation Failure) 15M->11M(15M) 22.599ms
[118.200s][info][gc] GC(6501) Pause Full (Allocation Failure) 15M->11M(15M) 22.538ms
[118.228s][info][gc] GC(6502) Pause Full (Allocation Failure) 15M->11M(15M) 23.570ms
[118.255s][info][gc] GC(6503) Pause Full (Allocation Failure) 15M->11M(15M) 22.510ms
[118.284s][info][gc] GC(6504) Pause Full (Allocation Failure) 15M->11M(15M) 24.822ms
[118.317s][info][gc] GC(6505) Pause Full (Allocation Failure) 15M->11M(15M) 28.048ms
[118.350s][info][gc] GC(6506) Pause Full (Allocation Failure) 15M->11M(15M) 28.334ms
[118.383s][info][gc] GC(6507) Pause Full (Allocation Failure) 15M->11M(15M) 27.302ms
[118.412s][info][gc] GC(6508) Pause Full (Allocation Failure) 15M->11M(15M) 24.906ms
[118.438s][info][gc] GC(6509) Pause Full (Allocation Failure) 15M->11M(15M) 22.370ms
[118.466s][info][gc] GC(6510) Pause Full (Allocation Failure) 15M->11M(15M) 22.710ms
[118.497s][info][gc] GC(6511) Pause Full (Allocation Failure) 15M->11M(15M) 27.021ms
[118.534s][info][gc] GC(6512) Pause Full (Allocation Failure) 15M->11M(15M) 31.630ms
[118.567s][info][gc] GC(6513) Pause Full (Allocation Failure) 15M->11M(15M) 27.549ms
[118.598s][info][gc] GC(6514) Pause Full (Allocation Failure) 15M->11M(15M) 25.535ms
[118.626s][info][gc] GC(6515) Pause Full (Allocation Failure) 15M->11M(15M) 24.309ms
[118.654s][info][gc] GC(6516) Pause Full (Allocation Failure) 15M->11M(15M) 22.781ms
[118.682s][info][gc] GC(6517) Pause Full (Allocation Failure) 15M->11M(15M) 23.528ms
[118.709s][info][gc] GC(6518) Pause Full (Allocation Failure) 15M->11M(15M) 23.064ms
[118.737s][info][gc] GC(6519) Pause Full (Allocation Failure) 15M->11M(15M) 22.902ms
[118.765s][info][gc] GC(6520) Pause Full (Allocation Failure) 15M->11M(15M) 23.177ms
[118.794s][info][gc] GC(6521) Pause Full (Allocation Failure) 15M->11M(15M) 25.166ms
[118.824s][info][gc] GC(6522) Pause Full (Allocation Failure) 15M->11M(15M) 24.543ms
[118.857s][info][gc] GC(6523) Pause Full (Allocation Failure) 15M->11M(15M) 27.646ms
[118.890s][info][gc] GC(6524) Pause Full (Allocation Failure) 15M->11M(15M) 27.335ms
[118.929s][info][gc] GC(6525) Pause Full (Allocation Failure) 15M->11M(15M) 32.651ms
[118.966s][info][gc] GC(6526) Pause Full (Allocation Failure) 15M->11M(15M) 30.133ms
[118.999s][info][gc] GC(6527) Pause Full (Allocation Failure) 15M->11M(15M) 28.281ms
[119.026s][info][gc] GC(6528) Pause Full (Allocation Failure) 15M->11M(15M) 22.696ms
[119.053s][info][gc] GC(6529) Pause Full (Allocation Failure) 15M->11M(15M) 21.942ms
[119.081s][info][gc] GC(6530) Pause Full (Allocation Failure) 15M->11M(15M) 23.526ms
[119.108s][info][gc] GC(6531) Pause Full (Allocation Failure) 15M->11M(15M) 22.932ms
[119.136s][info][gc] GC(6532) Pause Full (Allocation Failure) 15M->11M(15M) 23.990ms
[119.165s][info][gc] GC(6533) Pause Full (Allocation Failure) 15M->11M(15M) 23.702ms
[119.190s][info][gc] GC(6534) Pause Full (Allocation Failure) 15M->11M(15M) 21.704ms
[119.219s][info][gc] GC(6535) Pause Full (Allocation Failure) 15M->11M(15M) 24.715ms
[119.248s][info][gc] GC(6536) Pause Full (Allocation Failure) 15M->11M(15M) 24.723ms
[119.274s][info][gc] GC(6537) Pause Full (Allocation Failure) 15M->11M(15M) 21.881ms
[119.302s][info][gc] GC(6538) Pause Full (Allocation Failure) 15M->11M(15M) 22.539ms
[119.331s][info][gc] GC(6539) Pause Full (Allocation Failure) 15M->11M(15M) 25.390ms
[119.363s][info][gc] GC(6540) Pause Full (Allocation Failure) 15M->11M(15M) 25.922ms
[119.392s][info][gc] GC(6541) Pause Full (Allocation Failure) 15M->11M(15M) 24.528ms
[119.422s][info][gc] GC(6542) Pause Full (Allocation Failure) 15M->11M(15M) 25.546ms
[119.449s][info][gc] GC(6543) Pause Full (Allocation Failure) 15M->11M(15M) 22.265ms
[119.474s][info][gc] GC(6544) Pause Full (Allocation Failure) 15M->11M(15M) 21.690ms
[119.504s][info][gc] GC(6545) Pause Full (Allocation Failure) 15M->11M(15M) 25.608ms
[119.541s][info][gc] GC(6546) Pause Full (Allocation Failure) 15M->11M(15M) 31.026ms
[119.572s][info][gc] GC(6547) Pause Full (Allocation Failure) 15M->11M(15M) 26.160ms
[119.603s][info][gc] GC(6548) Pause Full (Allocation Failure) 15M->11M(15M) 25.606ms
[119.632s][info][gc] GC(6549) Pause Full (Allocation Failure) 15M->11M(15M) 25.083ms
[119.659s][info][gc] GC(6550) Pause Full (Allocation Failure) 15M->11M(15M) 22.449ms
[119.686s][info][gc] GC(6551) Pause Full (Allocation Failure) 15M->11M(15M) 23.086ms
[119.712s][info][gc] GC(6552) Pause Full (Allocation Failure) 15M->11M(15M) 21.362ms
[119.738s][info][gc] GC(6553) Pause Full (Allocation Failure) 15M->11M(15M) 21.949ms
[119.766s][info][gc] GC(6554) Pause Full (Allocation Failure) 15M->11M(15M) 22.972ms
[119.793s][info][gc] GC(6555) Pause Full (Allocation Failure) 15M->11M(15M) 23.231ms
[119.820s][info][gc] GC(6556) Pause Full (Allocation Failure) 15M->11M(15M) 22.821ms
[119.845s][info][gc] GC(6557) Pause Full (Allocation Failure) 15M->11M(15M) 21.491ms
[119.874s][info][gc] GC(6558) Pause Full (Allocation Failure) 15M->11M(15M) 24.159ms
[119.906s][info][gc] GC(6559) Pause Full (Allocation Failure) 15M->11M(15M) 28.108ms
[119.937s][info][gc] GC(6560) Pause Full (Allocation Failure) 15M->11M(15M) 26.101ms
[119.967s][info][gc] GC(6561) Pause Full (Allocation Failure) 15M->11M(15M) 25.829ms
[119.997s][info][gc] GC(6562) Pause Full (Allocation Failure) 15M->11M(15M) 25.531ms
[120.026s][info][gc] GC(6563) Pause Full (Allocation Failure) 15M->11M(15M) 23.493ms
[120.056s][info][gc] GC(6564) Pause Full (Allocation Failure) 15M->11M(15M) 26.074ms
[120.087s][info][gc] GC(6565) Pause Full (Allocation Failure) 15M->11M(15M) 26.883ms
[120.119s][info][gc] GC(6566) Pause Full (Allocation Failure) 15M->11M(15M) 27.228ms
[120.151s][info][gc] GC(6567) Pause Full (Allocation Failure) 15M->11M(15M) 27.750ms
[120.185s][info][gc] GC(6568) Pause Full (Allocation Failure) 15M->11M(15M) 29.110ms
[120.216s][info][gc] GC(6569) Pause Full (Allocation Failure) 15M->11M(15M) 26.135ms
[120.246s][info][gc] GC(6570) Pause Full (Allocation Failure) 15M->11M(15M) 24.480ms
[120.276s][info][gc] GC(6571) Pause Full (Allocation Failure) 15M->11M(15M) 24.891ms
[120.310s][info][gc] GC(6572) Pause Full (Allocation Failure) 15M->11M(15M) 30.267ms
[120.351s][info][gc] GC(6573) Pause Full (Allocation Failure) 15M->11M(15M) 35.009ms
[120.386s][info][gc] GC(6574) Pause Full (Allocation Failure) 15M->11M(15M) 28.020ms
[120.416s][info][gc] GC(6575) Pause Full (Allocation Failure) 15M->11M(15M) 26.311ms
[120.446s][info][gc] GC(6576) Pause Full (Allocation Failure) 15M->11M(15M) 24.489ms
[120.472s][info][gc] GC(6577) Pause Full (Allocation Failure) 15M->11M(15M) 22.111ms
[120.500s][info][gc] GC(6578) Pause Full (Allocation Failure) 15M->11M(15M) 23.205ms
[120.537s][info][gc] GC(6579) Pause Full (Allocation Failure) 15M->11M(15M) 31.512ms
[120.569s][info][gc] GC(6580) Pause Full (Allocation Failure) 15M->11M(15M) 27.826ms
[120.600s][info][gc] GC(6581) Pause Full (Allocation Failure) 15M->11M(15M) 25.534ms
[120.631s][info][gc] GC(6582) Pause Full (Allocation Failure) 15M->11M(15M) 25.497ms
[120.658s][info][gc] GC(6583) Pause Full (Allocation Failure) 15M->11M(15M) 22.603ms
[120.686s][info][gc] GC(6584) Pause Full (Allocation Failure) 15M->11M(15M) 23.873ms
[120.713s][info][gc] GC(6585) Pause Full (Allocation Failure) 15M->11M(15M) 22.808ms
[120.741s][info][gc] GC(6586) Pause Full (Allocation Failure) 15M->11M(15M) 23.049ms
[120.770s][info][gc] GC(6587) Pause Full (Allocation Failure) 15M->11M(15M) 25.103ms
[120.795s][info][gc] GC(6588) Pause Full (Allocation Failure) 15M->11M(15M) 21.703ms
[120.823s][info][gc] GC(6589) Pause Full (Allocation Failure) 15M->11M(15M) 23.759ms
[120.857s][info][gc] GC(6590) Pause Full (Allocation Failure) 15M->11M(15M) 29.201ms
[120.891s][info][gc] GC(6591) Pause Full (Allocation Failure) 15M->11M(15M) 29.025ms
[120.924s][info][gc] GC(6592) Pause Full (Allocation Failure) 15M->11M(15M) 28.279ms
[120.955s][info][gc] GC(6593) Pause Full (Allocation Failure) 15M->11M(15M) 26.894ms
[120.983s][info][gc] GC(6594) Pause Full (Allocation Failure) 15M->11M(15M) 22.987ms
[121.009s][info][gc] GC(6595) Pause Full (Allocation Failure) 15M->11M(15M) 21.351ms
[121.035s][info][gc] GC(6596) Pause Full (Allocation Failure) 15M->11M(15M) 21.913ms
[121.061s][info][gc] GC(6597) Pause Full (Allocation Failure) 15M->11M(15M) 21.913ms
[121.088s][info][gc] GC(6598) Pause Full (Allocation Failure) 15M->11M(15M) 22.716ms
[121.115s][info][gc] GC(6599) Pause Full (Allocation Failure) 15M->11M(15M) 22.939ms
[121.142s][info][gc] GC(6600) Pause Full (Allocation Failure) 15M->11M(15M) 22.990ms
[121.169s][info][gc] GC(6601) Pause Full (Allocation Failure) 15M->11M(15M) 22.523ms
[121.194s][info][gc] GC(6602) Pause Full (Allocation Failure) 15M->11M(15M) 21.148ms
[121.221s][info][gc] GC(6603) Pause Full (Allocation Failure) 15M->11M(15M) 23.017ms
[121.248s][info][gc] GC(6604) Pause Full (Allocation Failure) 15M->11M(15M) 22.056ms
[121.274s][info][gc] GC(6605) Pause Full (Allocation Failure) 15M->11M(15M) 22.596ms
[121.300s][info][gc] GC(6606) Pause Full (Allocation Failure) 15M->11M(15M) 21.255ms
[121.327s][info][gc] GC(6607) Pause Full (Allocation Failure) 15M->11M(15M) 22.796ms
[121.354s][info][gc] GC(6608) Pause Full (Allocation Failure) 15M->11M(15M) 23.022ms
[121.380s][info][gc] GC(6609) Pause Full (Allocation Failure) 15M->11M(15M) 21.568ms
[121.409s][info][gc] GC(6610) Pause Full (Allocation Failure) 15M->11M(15M) 24.786ms
[121.439s][info][gc] GC(6611) Pause Full (Allocation Failure) 15M->11M(15M) 25.933ms
[121.467s][info][gc] GC(6612) Pause Full (Allocation Failure) 15M->11M(15M) 23.769ms
[121.493s][info][gc] GC(6613) Pause Full (Allocation Failure) 15M->11M(15M) 22.007ms
[121.522s][info][gc] GC(6614) Pause Full (Allocation Failure) 15M->11M(15M) 24.988ms
[121.555s][info][gc] GC(6615) Pause Full (Allocation Failure) 15M->11M(15M) 27.980ms
[121.585s][info][gc] GC(6616) Pause Full (Allocation Failure) 15M->11M(15M) 25.422ms
[121.614s][info][gc] GC(6617) Pause Full (Allocation Failure) 15M->11M(15M) 23.650ms
[121.643s][info][gc] GC(6618) Pause Full (Allocation Failure) 15M->11M(15M) 24.252ms
[121.668s][info][gc] GC(6619) Pause Full (Allocation Failure) 15M->11M(15M) 21.464ms
[121.695s][info][gc] GC(6620) Pause Full (Allocation Failure) 15M->11M(15M) 22.195ms
[121.722s][info][gc] GC(6621) Pause Full (Allocation Failure) 15M->11M(15M) 23.394ms
[121.747s][info][gc] GC(6622) Pause Full (Allocation Failure) 15M->11M(15M) 21.197ms
[121.773s][info][gc] GC(6623) Pause Full (Allocation Failure) 15M->11M(15M) 22.181ms
[121.799s][info][gc] GC(6624) Pause Full (Allocation Failure) 15M->11M(15M) 22.206ms
[121.827s][info][gc] GC(6625) Pause Full (Allocation Failure) 15M->11M(15M) 22.865ms
[121.851s][info][gc] GC(6626) Pause Full (Allocation Failure) 15M->11M(15M) 20.585ms
[121.877s][info][gc] GC(6627) Pause Full (Allocation Failure) 15M->11M(15M) 21.515ms
[121.907s][info][gc] GC(6628) Pause Full (Allocation Failure) 15M->11M(15M) 26.522ms
[121.941s][info][gc] GC(6629) Pause Full (Allocation Failure) 15M->11M(15M) 28.185ms
[121.974s][info][gc] GC(6630) Pause Full (Allocation Failure) 15M->11M(15M) 28.100ms
[122.000s][info][gc] GC(6631) Pause Full (Allocation Failure) 15M->11M(15M) 21.740ms
[122.027s][info][gc] GC(6632) Pause Full (Allocation Failure) 15M->11M(15M) 22.817ms
[122.053s][info][gc] GC(6633) Pause Full (Allocation Failure) 15M->11M(15M) 22.210ms
[122.080s][info][gc] GC(6634) Pause Full (Allocation Failure) 15M->11M(15M) 22.044ms
[122.120s][info][gc] GC(6635) Pause Full (Allocation Failure) 15M->11M(15M) 35.322ms
[122.176s][info][gc] GC(6636) Pause Full (Allocation Failure) 15M->11M(15M) 46.166ms
[122.226s][info][gc] GC(6637) Pause Full (Allocation Failure) 15M->11M(15M) 41.525ms
[122.266s][info][gc] GC(6638) Pause Full (Allocation Failure) 15M->11M(15M) 33.488ms
[122.303s][info][gc] GC(6639) Pause Full (Allocation Failure) 15M->11M(15M) 29.795ms
[122.336s][info][gc] GC(6640) Pause Full (Allocation Failure) 15M->11M(15M) 27.537ms
[122.368s][info][gc] GC(6641) Pause Full (Allocation Failure) 15M->11M(15M) 26.087ms
[122.399s][info][gc] GC(6642) Pause Full (Allocation Failure) 15M->11M(15M) 26.231ms
[122.433s][info][gc] GC(6643) Pause Full (Allocation Failure) 15M->11M(15M) 28.765ms
[122.466s][info][gc] GC(6644) Pause Full (Allocation Failure) 15M->11M(15M) 27.707ms
[122.493s][info][gc] GC(6645) Pause Full (Allocation Failure) 15M->11M(15M) 23.129ms
[122.521s][info][gc] GC(6646) Pause Full (Allocation Failure) 15M->11M(15M) 24.306ms
[122.550s][info][gc] GC(6647) Pause Full (Allocation Failure) 15M->11M(15M) 22.807ms
[122.576s][info][gc] GC(6648) Pause Full (Allocation Failure) 15M->11M(15M) 22.224ms
[122.602s][info][gc] GC(6649) Pause Full (Allocation Failure) 15M->11M(15M) 22.608ms
[122.629s][info][gc] GC(6650) Pause Full (Allocation Failure) 15M->11M(15M) 22.982ms
[122.654s][info][gc] GC(6651) Pause Full (Allocation Failure) 15M->11M(15M) 21.565ms
[122.681s][info][gc] GC(6652) Pause Full (Allocation Failure) 15M->11M(15M) 22.463ms
[122.710s][info][gc] GC(6653) Pause Full (Allocation Failure) 15M->11M(15M) 24.329ms
[122.746s][info][gc] GC(6654) Pause Full (Allocation Failure) 15M->11M(15M) 31.988ms
[122.780s][info][gc] GC(6655) Pause Full (Allocation Failure) 15M->11M(15M) 29.556ms
[122.819s][info][gc] GC(6656) Pause Full (Allocation Failure) 15M->11M(15M) 33.733ms
[122.859s][info][gc] GC(6657) Pause Full (Allocation Failure) 15M->11M(15M) 33.410ms
[122.898s][info][gc] GC(6658) Pause Full (Allocation Failure) 15M->11M(15M) 34.571ms
[122.943s][info][gc] GC(6659) Pause Full (Allocation Failure) 15M->11M(15M) 39.877ms
[122.991s][info][gc] GC(6660) Pause Full (Allocation Failure) 15M->11M(15M) 40.961ms
[123.031s][info][gc] GC(6661) Pause Full (Allocation Failure) 15M->11M(15M) 34.338ms
[123.072s][info][gc] GC(6662) Pause Full (Allocation Failure) 15M->11M(15M) 34.217ms
[123.112s][info][gc] GC(6663) Pause Full (Allocation Failure) 15M->11M(15M) 34.304ms
[123.150s][info][gc] GC(6664) Pause Full (Allocation Failure) 15M->11M(15M) 32.710ms
[123.199s][info][gc] GC(6665) Pause Full (Allocation Failure) 15M->11M(15M) 42.153ms
[123.247s][info][gc] GC(6666) Pause Full (Allocation Failure) 15M->11M(15M) 40.050ms
[123.303s][info][gc] GC(6667) Pause Full (Allocation Failure) 15M->11M(15M) 48.132ms
[123.346s][info][gc] GC(6668) Pause Full (Allocation Failure) 15M->11M(15M) 36.610ms
[123.379s][info][gc] GC(6669) Pause Full (Allocation Failure) 15M->11M(15M) 28.119ms
[123.413s][info][gc] GC(6670) Pause Full (Allocation Failure) 15M->11M(15M) 29.431ms
[123.448s][info][gc] GC(6671) Pause Full (Allocation Failure) 15M->11M(15M) 30.422ms
[123.483s][info][gc] GC(6672) Pause Full (Allocation Failure) 15M->11M(15M) 30.187ms
[123.524s][info][gc] GC(6673) Pause Full (Allocation Failure) 15M->11M(15M) 35.287ms
[123.565s][info][gc] GC(6674) Pause Full (Allocation Failure) 15M->11M(15M) 35.053ms
[123.599s][info][gc] GC(6675) Pause Full (Allocation Failure) 15M->11M(15M) 28.590ms
[123.631s][info][gc] GC(6676) Pause Full (Allocation Failure) 15M->11M(15M) 27.075ms
[123.662s][info][gc] GC(6677) Pause Full (Allocation Failure) 15M->11M(15M) 26.822ms
[123.694s][info][gc] GC(6678) Pause Full (Allocation Failure) 15M->11M(15M) 27.335ms
[123.725s][info][gc] GC(6679) Pause Full (Allocation Failure) 15M->11M(15M) 26.683ms
[123.764s][info][gc] GC(6680) Pause Full (Allocation Failure) 15M->11M(15M) 33.951ms
[123.804s][info][gc] GC(6681) Pause Full (Allocation Failure) 15M->11M(15M) 33.708ms
[123.841s][info][gc] GC(6682) Pause Full (Allocation Failure) 15M->11M(15M) 31.408ms
[123.873s][info][gc] GC(6683) Pause Full (Allocation Failure) 15M->11M(15M) 26.922ms
[123.902s][info][gc] GC(6684) Pause Full (Allocation Failure) 15M->11M(15M) 25.305ms
[123.932s][info][gc] GC(6685) Pause Full (Allocation Failure) 15M->11M(15M) 24.547ms
[123.964s][info][gc] GC(6686) Pause Full (Allocation Failure) 15M->11M(15M) 27.605ms
[123.997s][info][gc] GC(6687) Pause Full (Allocation Failure) 15M->11M(15M) 28.873ms
[124.030s][info][gc] GC(6688) Pause Full (Allocation Failure) 15M->11M(15M) 29.059ms
[124.064s][info][gc] GC(6689) Pause Full (Allocation Failure) 15M->11M(15M) 30.254ms
[124.098s][info][gc] GC(6690) Pause Full (Allocation Failure) 15M->11M(15M) 28.875ms
[124.130s][info][gc] GC(6691) Pause Full (Allocation Failure) 15M->11M(15M) 28.224ms
[124.164s][info][gc] GC(6692) Pause Full (Allocation Failure) 15M->11M(15M) 29.531ms
[124.201s][info][gc] GC(6693) Pause Full (Allocation Failure) 15M->11M(15M) 32.959ms
[124.243s][info][gc] GC(6694) Pause Full (Allocation Failure) 15M->11M(15M) 35.323ms
[124.284s][info][gc] GC(6695) Pause Full (Allocation Failure) 15M->11M(15M) 34.784ms
[124.324s][info][gc] GC(6696) Pause Full (Allocation Failure) 15M->11M(15M) 33.132ms
[124.365s][info][gc] GC(6697) Pause Full (Allocation Failure) 15M->11M(15M) 35.060ms
[124.406s][info][gc] GC(6698) Pause Full (Allocation Failure) 15M->11M(15M) 36.054ms
[124.444s][info][gc] GC(6699) Pause Full (Allocation Failure) 15M->11M(15M) 31.487ms
[124.480s][info][gc] GC(6700) Pause Full (Allocation Failure) 15M->11M(15M) 29.755ms
[124.514s][info][gc] GC(6701) Pause Full (Allocation Failure) 15M->11M(15M) 29.544ms
[124.554s][info][gc] GC(6702) Pause Full (Allocation Failure) 15M->11M(15M) 35.307ms
[124.599s][info][gc] GC(6703) Pause Full (Allocation Failure) 15M->11M(15M) 37.259ms
[124.641s][info][gc] GC(6704) Pause Full (Allocation Failure) 15M->11M(15M) 35.677ms
[124.682s][info][gc] GC(6705) Pause Full (Allocation Failure) 15M->11M(15M) 34.511ms
[124.719s][info][gc] GC(6706) Pause Full (Allocation Failure) 15M->11M(15M) 33.221ms
[124.760s][info][gc] GC(6707) Pause Full (Allocation Failure) 15M->11M(15M) 34.208ms
[124.800s][info][gc] GC(6708) Pause Full (Allocation Failure) 15M->11M(15M) 33.654ms
[124.835s][info][gc] GC(6709) Pause Full (Allocation Failure) 15M->11M(15M) 29.635ms
[124.875s][info][gc] GC(6710) Pause Full (Allocation Failure) 15M->11M(15M) 35.037ms
[124.912s][info][gc] GC(6711) Pause Full (Allocation Failure) 15M->11M(15M) 31.634ms
[124.951s][info][gc] GC(6712) Pause Full (Allocation Failure) 15M->11M(15M) 32.555ms
[124.993s][info][gc] GC(6713) Pause Full (Allocation Failure) 15M->11M(15M) 36.116ms
[125.030s][info][gc] GC(6714) Pause Full (Allocation Failure) 15M->11M(15M) 31.116ms
[125.068s][info][gc] GC(6715) Pause Full (Allocation Failure) 15M->11M(15M) 32.735ms
[125.103s][info][gc] GC(6716) Pause Full (Allocation Failure) 15M->11M(15M) 29.299ms
[125.139s][info][gc] GC(6717) Pause Full (Allocation Failure) 15M->11M(15M) 29.755ms
[125.173s][info][gc] GC(6718) Pause Full (Allocation Failure) 15M->11M(15M) 28.395ms
[125.212s][info][gc] GC(6719) Pause Full (Allocation Failure) 15M->11M(15M) 32.063ms
[125.246s][info][gc] GC(6720) Pause Full (Allocation Failure) 15M->11M(15M) 29.337ms
[125.281s][info][gc] GC(6721) Pause Full (Allocation Failure) 15M->11M(15M) 29.120ms
[125.313s][info][gc] GC(6722) Pause Full (Allocation Failure) 15M->11M(15M) 27.621ms
[125.349s][info][gc] GC(6723) Pause Full (Allocation Failure) 15M->11M(15M) 29.972ms
[125.385s][info][gc] GC(6724) Pause Full (Allocation Failure) 15M->11M(15M) 30.694ms
[125.418s][info][gc] GC(6725) Pause Full (Allocation Failure) 15M->11M(15M) 28.892ms
[125.452s][info][gc] GC(6726) Pause Full (Allocation Failure) 15M->11M(15M) 29.349ms
[125.484s][info][gc] GC(6727) Pause Full (Allocation Failure) 15M->11M(15M) 28.056ms
[125.516s][info][gc] GC(6728) Pause Full (Allocation Failure) 15M->11M(15M) 27.961ms
[125.557s][info][gc] GC(6729) Pause Full (Allocation Failure) 15M->11M(15M) 35.416ms
[125.596s][info][gc] GC(6730) Pause Full (Allocation Failure) 15M->11M(15M) 33.264ms
[125.631s][info][gc] GC(6731) Pause Full (Allocation Failure) 15M->11M(15M) 28.990ms
[125.664s][info][gc] GC(6732) Pause Full (Allocation Failure) 15M->11M(15M) 27.957ms
[125.697s][info][gc] GC(6733) Pause Full (Allocation Failure) 15M->11M(15M) 28.482ms
[125.731s][info][gc] GC(6734) Pause Full (Allocation Failure) 15M->11M(15M) 28.632ms
[125.764s][info][gc] GC(6735) Pause Full (Allocation Failure) 15M->11M(15M) 27.691ms
[125.797s][info][gc] GC(6736) Pause Full (Allocation Failure) 15M->11M(15M) 27.715ms
[125.832s][info][gc] GC(6737) Pause Full (Allocation Failure) 15M->11M(15M) 30.541ms
[125.867s][info][gc] GC(6738) Pause Full (Allocation Failure) 15M->11M(15M) 29.503ms
[125.901s][info][gc] GC(6739) Pause Full (Allocation Failure) 15M->11M(15M) 29.200ms
[125.932s][info][gc] GC(6740) Pause Full (Allocation Failure) 15M->11M(15M) 26.754ms
[125.964s][info][gc] GC(6741) Pause Full (Allocation Failure) 15M->11M(15M) 26.713ms
[125.992s][info][gc] GC(6742) Pause Full (Allocation Failure) 15M->11M(15M) 23.773ms
[126.030s][info][gc] GC(6743) Pause Full (Allocation Failure) 15M->11M(15M) 32.790ms
[126.068s][info][gc] GC(6744) Pause Full (Allocation Failure) 15M->11M(15M) 32.379ms
[126.104s][info][gc] GC(6745) Pause Full (Allocation Failure) 15M->11M(15M) 31.010ms
[126.138s][info][gc] GC(6746) Pause Full (Allocation Failure) 15M->11M(15M) 28.680ms
[126.171s][info][gc] GC(6747) Pause Full (Allocation Failure) 15M->11M(15M) 28.696ms
[126.203s][info][gc] GC(6748) Pause Full (Allocation Failure) 15M->11M(15M) 28.182ms
[126.233s][info][gc] GC(6749) Pause Full (Allocation Failure) 15M->11M(15M) 25.585ms
[126.261s][info][gc] GC(6750) Pause Full (Allocation Failure) 15M->11M(15M) 23.791ms
[126.291s][info][gc] GC(6751) Pause Full (Allocation Failure) 15M->11M(15M) 24.780ms
[126.332s][info][gc] GC(6752) Pause Full (Allocation Failure) 15M->11M(15M) 35.275ms
[126.369s][info][gc] GC(6753) Pause Full (Allocation Failure) 15M->11M(15M) 30.993ms
[126.406s][info][gc] GC(6754) Pause Full (Allocation Failure) 15M->11M(15M) 31.934ms
[126.441s][info][gc] GC(6755) Pause Full (Allocation Failure) 15M->11M(15M) 29.641ms
[126.473s][info][gc] GC(6756) Pause Full (Allocation Failure) 15M->11M(15M) 26.779ms
[126.503s][info][gc] GC(6757) Pause Full (Allocation Failure) 15M->11M(15M) 26.262ms
[126.536s][info][gc] GC(6758) Pause Full (Allocation Failure) 15M->11M(15M) 28.297ms
[126.573s][info][gc] GC(6759) Pause Full (Allocation Failure) 15M->11M(15M) 31.659ms
[126.606s][info][gc] GC(6760) Pause Full (Allocation Failure) 15M->11M(15M) 28.715ms
[126.638s][info][gc] GC(6761) Pause Full (Allocation Failure) 15M->11M(15M) 28.423ms
[126.672s][info][gc] GC(6762) Pause Full (Allocation Failure) 15M->11M(15M) 29.369ms
[126.704s][info][gc] GC(6763) Pause Full (Allocation Failure) 15M->11M(15M) 28.040ms
[126.740s][info][gc] GC(6764) Pause Full (Allocation Failure) 15M->11M(15M) 30.454ms
[126.772s][info][gc] GC(6765) Pause Full (Allocation Failure) 15M->11M(15M) 28.249ms
[126.803s][info][gc] GC(6766) Pause Full (Allocation Failure) 15M->11M(15M) 27.001ms
[126.834s][info][gc] GC(6767) Pause Full (Allocation Failure) 15M->11M(15M) 26.500ms
[126.863s][info][gc] GC(6768) Pause Full (Allocation Failure) 15M->11M(15M) 24.538ms
[126.893s][info][gc] GC(6769) Pause Full (Allocation Failure) 15M->11M(15M) 25.424ms
[126.924s][info][gc] GC(6770) Pause Full (Allocation Failure) 15M->11M(15M) 26.358ms
[126.955s][info][gc] GC(6771) Pause Full (Allocation Failure) 15M->11M(15M) 26.675ms
[126.985s][info][gc] GC(6772) Pause Full (Allocation Failure) 15M->11M(15M) 25.716ms
[127.014s][info][gc] GC(6773) Pause Full (Allocation Failure) 15M->11M(15M) 24.631ms
[127.042s][info][gc] GC(6774) Pause Full (Allocation Failure) 15M->11M(15M) 24.343ms
[127.073s][info][gc] GC(6775) Pause Full (Allocation Failure) 15M->11M(15M) 26.730ms
[127.102s][info][gc] GC(6776) Pause Full (Allocation Failure) 15M->11M(15M) 25.421ms
[127.130s][info][gc] GC(6777) Pause Full (Allocation Failure) 15M->11M(15M) 23.744ms
[127.159s][info][gc] GC(6778) Pause Full (Allocation Failure) 15M->11M(15M) 24.432ms
[127.188s][info][gc] GC(6779) Pause Full (Allocation Failure) 15M->11M(15M) 24.051ms
[127.215s][info][gc] GC(6780) Pause Full (Allocation Failure) 15M->11M(15M) 23.224ms
[127.245s][info][gc] GC(6781) Pause Full (Allocation Failure) 15M->11M(15M) 26.051ms
[127.275s][info][gc] GC(6782) Pause Full (Allocation Failure) 15M->11M(15M) 25.669ms
[127.305s][info][gc] GC(6783) Pause Full (Allocation Failure) 15M->11M(15M) 25.432ms
[127.335s][info][gc] GC(6784) Pause Full (Allocation Failure) 15M->11M(15M) 26.194ms
[127.367s][info][gc] GC(6785) Pause Full (Allocation Failure) 15M->11M(15M) 26.769ms
[127.398s][info][gc] GC(6786) Pause Full (Allocation Failure) 15M->11M(15M) 26.892ms
[127.429s][info][gc] GC(6787) Pause Full (Allocation Failure) 15M->11M(15M) 26.182ms
[127.459s][info][gc] GC(6788) Pause Full (Allocation Failure) 15M->11M(15M) 24.838ms
[127.486s][info][gc] GC(6789) Pause Full (Allocation Failure) 15M->11M(15M) 23.548ms
[127.518s][info][gc] GC(6790) Pause Full (Allocation Failure) 15M->11M(15M) 27.097ms
[127.557s][info][gc] GC(6791) Pause Full (Allocation Failure) 15M->11M(15M) 32.790ms
[127.597s][info][gc] GC(6792) Pause Full (Allocation Failure) 15M->11M(15M) 32.835ms
[127.632s][info][gc] GC(6793) Pause Full (Allocation Failure) 15M->11M(15M) 29.412ms
[127.664s][info][gc] GC(6794) Pause Full (Allocation Failure) 15M->11M(15M) 27.140ms
[127.695s][info][gc] GC(6795) Pause Full (Allocation Failure) 15M->11M(15M) 26.450ms
[127.727s][info][gc] GC(6796) Pause Full (Allocation Failure) 15M->11M(15M) 26.909ms
[127.760s][info][gc] GC(6797) Pause Full (Allocation Failure) 15M->11M(15M) 28.983ms
[127.793s][info][gc] GC(6798) Pause Full (Allocation Failure) 15M->11M(15M) 28.227ms
[127.826s][info][gc] GC(6799) Pause Full (Allocation Failure) 15M->11M(15M) 29.177ms
[127.860s][info][gc] GC(6800) Pause Full (Allocation Failure) 15M->11M(15M) 29.579ms
[127.892s][info][gc] GC(6801) Pause Full (Allocation Failure) 15M->11M(15M) 28.368ms
[127.922s][info][gc] GC(6802) Pause Full (Allocation Failure) 15M->11M(15M) 25.520ms
[127.953s][info][gc] GC(6803) Pause Full (Allocation Failure) 15M->11M(15M) 26.286ms
[127.985s][info][gc] GC(6804) Pause Full (Allocation Failure) 15M->11M(15M) 28.185ms
[128.018s][info][gc] GC(6805) Pause Full (Allocation Failure) 15M->11M(15M) 27.974ms
[128.049s][info][gc] GC(6806) Pause Full (Allocation Failure) 15M->11M(15M) 25.519ms
[128.079s][info][gc] GC(6807) Pause Full (Allocation Failure) 15M->11M(15M) 25.028ms
[128.114s][info][gc] GC(6808) Pause Full (Allocation Failure) 15M->11M(15M) 31.045ms
[128.150s][info][gc] GC(6809) Pause Full (Allocation Failure) 15M->11M(15M) 30.321ms
[128.183s][info][gc] GC(6810) Pause Full (Allocation Failure) 15M->11M(15M) 28.309ms
[128.221s][info][gc] GC(6811) Pause Full (Allocation Failure) 15M->11M(15M) 32.482ms
[128.263s][info][gc] GC(6812) Pause Full (Allocation Failure) 15M->11M(15M) 35.773ms
[128.301s][info][gc] GC(6813) Pause Full (Allocation Failure) 15M->11M(15M) 33.321ms
[128.333s][info][gc] GC(6814) Pause Full (Allocation Failure) 15M->11M(15M) 27.377ms
[128.364s][info][gc] GC(6815) Pause Full (Allocation Failure) 15M->11M(15M) 25.814ms
[128.395s][info][gc] GC(6816) Pause Full (Allocation Failure) 15M->11M(15M) 26.582ms
[128.429s][info][gc] GC(6817) Pause Full (Allocation Failure) 15M->11M(15M) 28.655ms
[128.461s][info][gc] GC(6818) Pause Full (Allocation Failure) 15M->11M(15M) 28.415ms
[128.495s][info][gc] GC(6819) Pause Full (Allocation Failure) 15M->11M(15M) 29.554ms
[128.531s][info][gc] GC(6820) Pause Full (Allocation Failure) 15M->11M(15M) 31.002ms
[128.571s][info][gc] GC(6821) Pause Full (Allocation Failure) 15M->11M(15M) 33.608ms
[128.608s][info][gc] GC(6822) Pause Full (Allocation Failure) 15M->11M(15M) 31.201ms
[128.642s][info][gc] GC(6823) Pause Full (Allocation Failure) 15M->11M(15M) 28.034ms
[128.674s][info][gc] GC(6824) Pause Full (Allocation Failure) 15M->11M(15M) 27.224ms
[128.706s][info][gc] GC(6825) Pause Full (Allocation Failure) 15M->11M(15M) 26.841ms
[128.737s][info][gc] GC(6826) Pause Full (Allocation Failure) 15M->11M(15M) 25.958ms
[128.767s][info][gc] GC(6827) Pause Full (Allocation Failure) 15M->11M(15M) 25.282ms
[128.797s][info][gc] GC(6828) Pause Full (Allocation Failure) 15M->11M(15M) 25.592ms
[128.830s][info][gc] GC(6829) Pause Full (Allocation Failure) 15M->11M(15M) 28.569ms
[128.862s][info][gc] GC(6830) Pause Full (Allocation Failure) 15M->11M(15M) 28.356ms
[128.899s][info][gc] GC(6831) Pause Full (Allocation Failure) 15M->11M(15M) 32.975ms
[128.938s][info][gc] GC(6832) Pause Full (Allocation Failure) 15M->11M(15M) 31.996ms
[128.975s][info][gc] GC(6833) Pause Full (Allocation Failure) 15M->11M(15M) 31.330ms
[129.008s][info][gc] GC(6834) Pause Full (Allocation Failure) 15M->11M(15M) 28.217ms
[129.041s][info][gc] GC(6835) Pause Full (Allocation Failure) 15M->11M(15M) 28.327ms
[129.072s][info][gc] GC(6836) Pause Full (Allocation Failure) 15M->11M(15M) 25.980ms
[129.102s][info][gc] GC(6837) Pause Full (Allocation Failure) 15M->11M(15M) 25.665ms
[129.134s][info][gc] GC(6838) Pause Full (Allocation Failure) 15M->11M(15M) 27.378ms
[129.168s][info][gc] GC(6839) Pause Full (Allocation Failure) 15M->11M(15M) 28.083ms
[129.207s][info][gc] GC(6840) Pause Full (Allocation Failure) 15M->11M(15M) 33.182ms
[129.248s][info][gc] GC(6841) Pause Full (Allocation Failure) 15M->11M(15M) 35.508ms
[129.286s][info][gc] GC(6842) Pause Full (Allocation Failure) 15M->11M(15M) 32.528ms
[129.322s][info][gc] GC(6843) Pause Full (Allocation Failure) 15M->11M(15M) 30.282ms
[129.356s][info][gc] GC(6844) Pause Full (Allocation Failure) 15M->11M(15M) 29.535ms
[129.390s][info][gc] GC(6845) Pause Full (Allocation Failure) 15M->11M(15M) 28.726ms
[129.426s][info][gc] GC(6846) Pause Full (Allocation Failure) 15M->11M(15M) 29.876ms
[129.460s][info][gc] GC(6847) Pause Full (Allocation Failure) 15M->11M(15M) 28.728ms
[129.496s][info][gc] GC(6848) Pause Full (Allocation Failure) 15M->11M(15M) 30.603ms
[129.531s][info][gc] GC(6849) Pause Full (Allocation Failure) 15M->11M(15M) 30.204ms
[129.574s][info][gc] GC(6850) Pause Full (Allocation Failure) 15M->11M(15M) 37.693ms
[129.615s][info][gc] GC(6851) Pause Full (Allocation Failure) 15M->11M(15M) 34.612ms
[129.650s][info][gc] GC(6852) Pause Full (Allocation Failure) 15M->11M(15M) 30.238ms
[129.685s][info][gc] GC(6853) Pause Full (Allocation Failure) 15M->11M(15M) 29.020ms
[129.721s][info][gc] GC(6854) Pause Full (Allocation Failure) 15M->11M(15M) 30.350ms
[129.756s][info][gc] GC(6855) Pause Full (Allocation Failure) 15M->11M(15M) 29.591ms
[129.793s][info][gc] GC(6856) Pause Full (Allocation Failure) 15M->11M(15M) 32.624ms
[129.828s][info][gc] GC(6857) Pause Full (Allocation Failure) 15M->11M(15M) 28.910ms
[129.861s][info][gc] GC(6858) Pause Full (Allocation Failure) 15M->11M(15M) 28.030ms
[129.890s][info][gc] GC(6859) Pause Full (Allocation Failure) 15M->11M(15M) 25.317ms
[129.921s][info][gc] GC(6860) Pause Full (Allocation Failure) 15M->11M(15M) 25.805ms
[129.950s][info][gc] GC(6861) Pause Full (Allocation Failure) 15M->11M(15M) 25.078ms
[129.982s][info][gc] GC(6862) Pause Full (Allocation Failure) 15M->11M(15M) 28.054ms
[130.013s][info][gc] GC(6863) Pause Full (Allocation Failure) 15M->11M(15M) 27.011ms
[130.044s][info][gc] GC(6864) Pause Full (Allocation Failure) 15M->11M(15M) 26.203ms
[130.073s][info][gc] GC(6865) Pause Full (Allocation Failure) 15M->11M(15M) 24.016ms
[130.105s][info][gc] GC(6866) Pause Full (Allocation Failure) 15M->11M(15M) 27.786ms
[130.142s][info][gc] GC(6867) Pause Full (Allocation Failure) 15M->11M(15M) 31.733ms
[130.181s][info][gc] GC(6868) Pause Full (Allocation Failure) 15M->11M(15M) 33.113ms
[130.219s][info][gc] GC(6869) Pause Full (Allocation Failure) 15M->11M(15M) 32.416ms
[130.253s][info][gc] GC(6870) Pause Full (Allocation Failure) 15M->11M(15M) 28.999ms
[130.286s][info][gc] GC(6871) Pause Full (Allocation Failure) 15M->11M(15M) 28.917ms
[130.320s][info][gc] GC(6872) Pause Full (Allocation Failure) 15M->11M(15M) 28.801ms
[130.354s][info][gc] GC(6873) Pause Full (Allocation Failure) 15M->11M(15M) 29.811ms
[130.387s][info][gc] GC(6874) Pause Full (Allocation Failure) 15M->11M(15M) 27.200ms
[130.419s][info][gc] GC(6875) Pause Full (Allocation Failure) 15M->11M(15M) 28.240ms
[130.452s][info][gc] GC(6876) Pause Full (Allocation Failure) 15M->11M(15M) 29.099ms
[130.486s][info][gc] GC(6877) Pause Full (Allocation Failure) 15M->11M(15M) 29.132ms
[130.520s][info][gc] GC(6878) Pause Full (Allocation Failure) 15M->11M(15M) 29.636ms
[130.562s][info][gc] GC(6879) Pause Full (Allocation Failure) 15M->11M(15M) 37.997ms
[130.608s][info][gc] GC(6880) Pause Full (Allocation Failure) 15M->11M(15M) 38.806ms
[130.645s][info][gc] GC(6881) Pause Full (Allocation Failure) 15M->11M(15M) 31.553ms
[130.680s][info][gc] GC(6882) Pause Full (Allocation Failure) 15M->11M(15M) 29.857ms
[130.714s][info][gc] GC(6883) Pause Full (Allocation Failure) 15M->11M(15M) 28.716ms
[130.747s][info][gc] GC(6884) Pause Full (Allocation Failure) 15M->11M(15M) 28.195ms
[130.783s][info][gc] GC(6885) Pause Full (Allocation Failure) 15M->11M(15M) 30.859ms
[130.819s][info][gc] GC(6886) Pause Full (Allocation Failure) 15M->11M(15M) 30.806ms
[130.853s][info][gc] GC(6887) Pause Full (Allocation Failure) 15M->11M(15M) 29.752ms
[130.887s][info][gc] GC(6888) Pause Full (Allocation Failure) 15M->11M(15M) 29.795ms
[130.921s][info][gc] GC(6889) Pause Full (Allocation Failure) 15M->11M(15M) 29.842ms
[130.954s][info][gc] GC(6890) Pause Full (Allocation Failure) 15M->11M(15M) 28.534ms
[130.987s][info][gc] GC(6891) Pause Full (Allocation Failure) 15M->11M(15M) 29.020ms
[131.021s][info][gc] GC(6892) Pause Full (Allocation Failure) 15M->11M(15M) 28.396ms
[131.054s][info][gc] GC(6893) Pause Full (Allocation Failure) 15M->11M(15M) 28.834ms
[131.087s][info][gc] GC(6894) Pause Full (Allocation Failure) 15M->11M(15M) 28.458ms
[131.117s][info][gc] GC(6895) Pause Full (Allocation Failure) 15M->11M(15M) 26.331ms
[131.148s][info][gc] GC(6896) Pause Full (Allocation Failure) 15M->11M(15M) 26.348ms
[131.176s][info][gc] GC(6897) Pause Full (Allocation Failure) 15M->11M(15M) 23.787ms
[131.208s][info][gc] GC(6898) Pause Full (Allocation Failure) 15M->11M(15M) 27.233ms
[131.241s][info][gc] GC(6899) Pause Full (Allocation Failure) 15M->11M(15M) 28.117ms
[131.274s][info][gc] GC(6900) Pause Full (Allocation Failure) 15M->11M(15M) 27.989ms
[131.307s][info][gc] GC(6901) Pause Full (Allocation Failure) 15M->11M(15M) 29.186ms
[131.340s][info][gc] GC(6902) Pause Full (Allocation Failure) 15M->11M(15M) 28.874ms
[131.372s][info][gc] GC(6903) Pause Full (Allocation Failure) 15M->11M(15M) 27.442ms
[131.405s][info][gc] GC(6904) Pause Full (Allocation Failure) 15M->11M(15M) 28.422ms
[131.436s][info][gc] GC(6905) Pause Full (Allocation Failure) 15M->11M(15M) 26.586ms
[131.467s][info][gc] GC(6906) Pause Full (Allocation Failure) 15M->11M(15M) 26.990ms
[131.498s][info][gc] GC(6907) Pause Full (Allocation Failure) 15M->11M(15M) 26.739ms
[131.527s][info][gc] GC(6908) Pause Full (Allocation Failure) 15M->11M(15M) 24.352ms
[131.562s][info][gc] GC(6909) Pause Full (Allocation Failure) 15M->11M(15M) 28.755ms
[131.598s][info][gc] GC(6910) Pause Full (Allocation Failure) 15M->11M(15M) 31.597ms
[131.635s][info][gc] GC(6911) Pause Full (Allocation Failure) 15M->11M(15M) 31.453ms
[131.672s][info][gc] GC(6912) Pause Full (Allocation Failure) 15M->11M(15M) 31.503ms
[131.710s][info][gc] GC(6913) Pause Full (Allocation Failure) 15M->11M(15M) 33.404ms
[131.743s][info][gc] GC(6914) Pause Full (Allocation Failure) 15M->11M(15M) 27.994ms
[131.775s][info][gc] GC(6915) Pause Full (Allocation Failure) 15M->11M(15M) 27.586ms
[131.809s][info][gc] GC(6916) Pause Full (Allocation Failure) 15M->11M(15M) 29.054ms
[131.844s][info][gc] GC(6917) Pause Full (Allocation Failure) 15M->11M(15M) 29.634ms
[131.879s][info][gc] GC(6918) Pause Full (Allocation Failure) 15M->11M(15M) 28.847ms
[131.912s][info][gc] GC(6919) Pause Full (Allocation Failure) 15M->11M(15M) 27.197ms
[131.944s][info][gc] GC(6920) Pause Full (Allocation Failure) 15M->11M(15M) 26.891ms
[131.975s][info][gc] GC(6921) Pause Full (Allocation Failure) 15M->11M(15M) 25.756ms
[132.006s][info][gc] GC(6922) Pause Full (Allocation Failure) 15M->11M(15M) 27.260ms
[132.035s][info][gc] GC(6923) Pause Full (Allocation Failure) 15M->11M(15M) 25.452ms
[132.068s][info][gc] GC(6924) Pause Full (Allocation Failure) 15M->11M(15M) 28.287ms
[132.102s][info][gc] GC(6925) Pause Full (Allocation Failure) 15M->11M(15M) 29.471ms
[132.136s][info][gc] GC(6926) Pause Full (Allocation Failure) 15M->11M(15M) 29.479ms
[132.171s][info][gc] GC(6927) Pause Full (Allocation Failure) 15M->11M(15M) 29.924ms
[132.207s][info][gc] GC(6928) Pause Full (Allocation Failure) 15M->11M(15M) 30.628ms
[132.240s][info][gc] GC(6929) Pause Full (Allocation Failure) 15M->11M(15M) 28.706ms
[132.272s][info][gc] GC(6930) Pause Full (Allocation Failure) 15M->11M(15M) 27.169ms
[132.302s][info][gc] GC(6931) Pause Full (Allocation Failure) 15M->11M(15M) 26.484ms
[132.332s][info][gc] GC(6932) Pause Full (Allocation Failure) 15M->11M(15M) 25.275ms
[132.362s][info][gc] GC(6933) Pause Full (Allocation Failure) 15M->11M(15M) 26.097ms
[132.391s][info][gc] GC(6934) Pause Full (Allocation Failure) 15M->11M(15M) 24.820ms
[132.422s][info][gc] GC(6935) Pause Full (Allocation Failure) 15M->11M(15M) 26.789ms
[132.459s][info][gc] GC(6936) Pause Full (Allocation Failure) 15M->11M(15M) 32.746ms
[132.495s][info][gc] GC(6937) Pause Full (Allocation Failure) 15M->11M(15M) 31.455ms
[132.530s][info][gc] GC(6938) Pause Full (Allocation Failure) 15M->11M(15M) 29.413ms
[132.566s][info][gc] GC(6939) Pause Full (Allocation Failure) 15M->11M(15M) 29.786ms
[132.608s][info][gc] GC(6940) Pause Full (Allocation Failure) 15M->11M(15M) 36.558ms
[132.651s][info][gc] GC(6941) Pause Full (Allocation Failure) 15M->11M(15M) 37.436ms
[132.694s][info][gc] GC(6942) Pause Full (Allocation Failure) 15M->11M(15M) 35.659ms
[132.729s][info][gc] GC(6943) Pause Full (Allocation Failure) 15M->11M(15M) 30.858ms
[132.763s][info][gc] GC(6944) Pause Full (Allocation Failure) 15M->11M(15M) 28.517ms
[132.797s][info][gc] GC(6945) Pause Full (Allocation Failure) 15M->11M(15M) 27.423ms
[132.832s][info][gc] GC(6946) Pause Full (Allocation Failure) 15M->11M(15M) 30.206ms
[132.867s][info][gc] GC(6947) Pause Full (Allocation Failure) 15M->12M(15M) 29.098ms
[132.901s][info][gc] GC(6948) Pause Full (Allocation Failure) 15M->11M(15M) 28.624ms
[132.938s][info][gc] GC(6949) Pause Full (Allocation Failure) 15M->11M(15M) 31.856ms
[132.973s][info][gc] GC(6950) Pause Full (Allocation Failure) 15M->11M(15M) 29.326ms
[133.006s][info][gc] GC(6951) Pause Full (Allocation Failure) 15M->11M(15M) 28.713ms
[133.044s][info][gc] GC(6952) Pause Full (Allocation Failure) 15M->12M(15M) 32.374ms
[133.077s][info][gc] GC(6953) Pause Full (Allocation Failure) 15M->11M(15M) 28.672ms
[133.110s][info][gc] GC(6954) Pause Full (Allocation Failure) 15M->12M(15M) 28.959ms
[133.142s][info][gc] GC(6955) Pause Full (Allocation Failure) 15M->11M(15M) 27.638ms
[133.172s][info][gc] GC(6956) Pause Full (Allocation Failure) 15M->11M(15M) 26.498ms
[133.203s][info][gc] GC(6957) Pause Full (Allocation Failure) 15M->12M(15M) 26.281ms
[133.234s][info][gc] GC(6958) Pause Full (Allocation Failure) 15M->12M(15M) 26.485ms
[133.265s][info][gc] GC(6959) Pause Full (Allocation Failure) 15M->12M(15M) 26.104ms
[133.295s][info][gc] GC(6960) Pause Full (Allocation Failure) 15M->11M(15M) 25.303ms
[133.326s][info][gc] GC(6961) Pause Full (Allocation Failure) 15M->12M(15M) 27.391ms
[133.356s][info][gc] GC(6962) Pause Full (Allocation Failure) 15M->12M(15M) 26.905ms
[133.387s][info][gc] GC(6963) Pause Full (Allocation Failure) 15M->12M(15M) 25.848ms
[133.417s][info][gc] GC(6964) Pause Full (Allocation Failure) 15M->12M(15M) 25.823ms
[133.453s][info][gc] GC(6965) Pause Full (Allocation Failure) 15M->11M(15M) 31.911ms
[133.490s][info][gc] GC(6966) Pause Full (Allocation Failure) 15M->12M(15M) 31.123ms
[133.525s][info][gc] GC(6967) Pause Full (Allocation Failure) 15M->12M(15M) 29.397ms
[133.562s][info][gc] GC(6968) Pause Full (Allocation Failure) 15M->12M(15M) 31.539ms
[133.599s][info][gc] GC(6969) Pause Full (Allocation Failure) 15M->12M(15M) 33.541ms
[133.645s][info][gc] GC(6970) Pause Full (Allocation Failure) 15M->12M(15M) 39.486ms
[133.681s][info][gc] GC(6971) Pause Full (Allocation Failure) 15M->11M(15M) 29.904ms
[133.713s][info][gc] GC(6972) Pause Full (Allocation Failure) 15M->12M(15M) 27.489ms
[133.746s][info][gc] GC(6973) Pause Full (Allocation Failure) 15M->12M(15M) 28.685ms
[133.779s][info][gc] GC(6974) Pause Full (Allocation Failure) 15M->12M(15M) 29.404ms
[133.812s][info][gc] GC(6975) Pause Full (Allocation Failure) 15M->12M(15M) 29.108ms
[133.846s][info][gc] GC(6976) Pause Full (Allocation Failure) 15M->11M(15M) 29.778ms
[133.880s][info][gc] GC(6977) Pause Full (Allocation Failure) 15M->12M(15M) 29.077ms
[133.913s][info][gc] GC(6978) Pause Full (Allocation Failure) 15M->12M(15M) 29.218ms
[133.952s][info][gc] GC(6979) Pause Full (Allocation Failure) 15M->12M(15M) 34.002ms
[133.989s][info][gc] GC(6980) Pause Full (Allocation Failure) 15M->12M(15M) 31.334ms
[134.024s][info][gc] GC(6981) Pause Full (Allocation Failure) 15M->12M(15M) 30.035ms
[134.057s][info][gc] GC(6982) Pause Full (Allocation Failure) 15M->12M(15M) 28.519ms
[134.090s][info][gc] GC(6983) Pause Full (Allocation Failure) 15M->12M(15M) 28.442ms
[134.123s][info][gc] GC(6984) Pause Full (Allocation Failure) 15M->12M(15M) 29.643ms
[134.158s][info][gc] GC(6985) Pause Full (Allocation Failure) 15M->12M(15M) 29.750ms
[134.190s][info][gc] GC(6986) Pause Full (Allocation Failure) 15M->11M(15M) 27.499ms
[134.222s][info][gc] GC(6987) Pause Full (Allocation Failure) 15M->12M(15M) 28.249ms
[134.256s][info][gc] GC(6988) Pause Full (Allocation Failure) 15M->12M(15M) 28.978ms
[134.290s][info][gc] GC(6989) Pause Full (Allocation Failure) 15M->12M(15M) 29.126ms
[134.325s][info][gc] GC(6990) Pause Full (Allocation Failure) 15M->12M(15M) 29.752ms
[134.368s][info][gc] GC(6991) Pause Full (Allocation Failure) 15M->12M(15M) 37.513ms
[134.414s][info][gc] GC(6992) Pause Full (Allocation Failure) 15M->12M(15M) 39.201ms
[134.449s][info][gc] GC(6993) Pause Full (Allocation Failure) 15M->12M(15M) 30.723ms
[134.482s][info][gc] GC(6994) Pause Full (Allocation Failure) 15M->12M(15M) 28.734ms
[134.516s][info][gc] GC(6995) Pause Full (Allocation Failure) 15M->12M(15M) 28.804ms
[134.552s][info][gc] GC(6996) Pause Full (Allocation Failure) 15M->12M(15M) 31.987ms
[134.584s][info][gc] GC(6997) Pause Full (Allocation Failure) 15M->12M(15M) 27.081ms
[134.615s][info][gc] GC(6998) Pause Full (Allocation Failure) 15M->12M(15M) 26.894ms
[134.648s][info][gc] GC(6999) Pause Full (Allocation Failure) 15M->12M(15M) 28.142ms
[134.680s][info][gc] GC(7000) Pause Full (Allocation Failure) 15M->12M(15M) 28.672ms
[134.710s][info][gc] GC(7001) Pause Full (Allocation Failure) 15M->12M(15M) 26.534ms
[134.741s][info][gc] GC(7002) Pause Full (Allocation Failure) 15M->12M(15M) 25.949ms
[134.770s][info][gc] GC(7003) Pause Full (Allocation Failure) 15M->12M(15M) 25.037ms
[134.799s][info][gc] GC(7004) Pause Full (Allocation Failure) 15M->12M(15M) 23.697ms
[134.828s][info][gc] GC(7005) Pause Full (Allocation Failure) 15M->12M(15M) 24.937ms
[134.857s][info][gc] GC(7006) Pause Full (Allocation Failure) 15M->12M(15M) 25.558ms
[134.888s][info][gc] GC(7007) Pause Full (Allocation Failure) 15M->12M(15M) 26.266ms
[134.917s][info][gc] GC(7008) Pause Full (Allocation Failure) 15M->12M(15M) 25.054ms
[134.947s][info][gc] GC(7009) Pause Full (Allocation Failure) 15M->12M(15M) 25.134ms
[134.978s][info][gc] GC(7010) Pause Full (Allocation Failure) 15M->12M(15M) 26.926ms
[135.008s][info][gc] GC(7011) Pause Full (Allocation Failure) 15M->12M(15M) 25.000ms
[135.038s][info][gc] GC(7012) Pause Full (Allocation Failure) 15M->12M(15M) 26.142ms
[135.069s][info][gc] GC(7013) Pause Full (Allocation Failure) 15M->12M(15M) 26.318ms
[135.100s][info][gc] GC(7014) Pause Full (Allocation Failure) 15M->12M(15M) 26.406ms
[135.133s][info][gc] GC(7015) Pause Full (Allocation Failure) 15M->12M(15M) 29.119ms
[135.165s][info][gc] GC(7016) Pause Full (Allocation Failure) 15M->12M(15M) 28.479ms
[135.195s][info][gc] GC(7017) Pause Full (Allocation Failure) 15M->12M(15M) 26.426ms
[135.224s][info][gc] GC(7018) Pause Full (Allocation Failure) 15M->12M(15M) 24.714ms
[135.254s][info][gc] GC(7019) Pause Full (Allocation Failure) 15M->12M(15M) 25.477ms
[135.283s][info][gc] GC(7020) Pause Full (Allocation Failure) 15M->12M(15M) 25.232ms
[135.310s][info][gc] GC(7021) Pause Full (Allocation Failure) 15M->12M(15M) 23.386ms
[135.339s][info][gc] GC(7022) Pause Full (Allocation Failure) 15M->12M(15M) 25.000ms
[135.368s][info][gc] GC(7023) Pause Full (Allocation Failure) 15M->12M(15M) 24.665ms
[135.395s][info][gc] GC(7024) Pause Full (Allocation Failure) 15M->12M(15M) 23.445ms
[135.425s][info][gc] GC(7025) Pause Full (Allocation Failure) 15M->12M(15M) 25.092ms
[135.455s][info][gc] GC(7026) Pause Full (Allocation Failure) 15M->12M(15M) 26.289ms
[135.484s][info][gc] GC(7027) Pause Full (Allocation Failure) 15M->12M(15M) 25.343ms
[135.513s][info][gc] GC(7028) Pause Full (Allocation Failure) 15M->12M(15M) 24.466ms
[135.541s][info][gc] GC(7029) Pause Full (Allocation Failure) 15M->12M(15M) 23.790ms
[135.569s][info][gc] GC(7030) Pause Full (Allocation Failure) 15M->12M(15M) 24.652ms
[135.597s][info][gc] GC(7031) Pause Full (Allocation Failure) 15M->12M(15M) 23.650ms
[135.626s][info][gc] GC(7032) Pause Full (Allocation Failure) 15M->12M(15M) 24.754ms
[135.655s][info][gc] GC(7033) Pause Full (Allocation Failure) 15M->12M(15M) 25.084ms
[135.685s][info][gc] GC(7034) Pause Full (Allocation Failure) 15M->12M(15M) 26.636ms
[135.715s][info][gc] GC(7035) Pause Full (Allocation Failure) 15M->12M(15M) 25.644ms
[135.743s][info][gc] GC(7036) Pause Full (Allocation Failure) 15M->12M(15M) 24.238ms
[135.772s][info][gc] GC(7037) Pause Full (Allocation Failure) 15M->12M(15M) 24.601ms
[135.803s][info][gc] GC(7038) Pause Full (Allocation Failure) 15M->12M(15M) 26.176ms
[135.835s][info][gc] GC(7039) Pause Full (Allocation Failure) 15M->12M(15M) 27.380ms
[135.863s][info][gc] GC(7040) Pause Full (Allocation Failure) 15M->12M(15M) 24.003ms
[135.890s][info][gc] GC(7041) Pause Full (Allocation Failure) 15M->12M(15M) 23.614ms
[135.920s][info][gc] GC(7042) Pause Full (Allocation Failure) 15M->12M(15M) 25.479ms
[135.949s][info][gc] GC(7043) Pause Full (Allocation Failure) 15M->12M(15M) 25.963ms
[135.980s][info][gc] GC(7044) Pause Full (Allocation Failure) 15M->12M(15M) 26.521ms
[136.017s][info][gc] GC(7045) Pause Full (Allocation Failure) 15M->12M(15M) 33.242ms
[136.057s][info][gc] GC(7046) Pause Full (Allocation Failure) 15M->12M(15M) 33.454ms
[136.094s][info][gc] GC(7047) Pause Full (Allocation Failure) 15M->12M(15M) 31.881ms
[136.132s][info][gc] GC(7048) Pause Full (Allocation Failure) 15M->12M(15M) 31.895ms
[136.171s][info][gc] GC(7049) Pause Full (Allocation Failure) 15M->12M(15M) 32.728ms
[136.215s][info][gc] GC(7050) Pause Full (Allocation Failure) 15M->12M(15M) 35.018ms
[136.253s][info][gc] GC(7051) Pause Full (Allocation Failure) 15M->12M(15M) 32.038ms
[136.287s][info][gc] GC(7052) Pause Full (Allocation Failure) 15M->12M(15M) 30.137ms
[136.320s][info][gc] GC(7053) Pause Full (Allocation Failure) 15M->12M(15M) 28.709ms
[136.353s][info][gc] GC(7054) Pause Full (Allocation Failure) 15M->12M(15M) 28.753ms
[136.392s][info][gc] GC(7055) Pause Full (Allocation Failure) 15M->12M(15M) 35.795ms
[136.444s][info][gc] GC(7056) Pause Full (Allocation Failure) 15M->12M(15M) 42.817ms
[136.507s][info][gc] GC(7057) Pause Full (Allocation Failure) 15M->12M(15M) 52.910ms
[136.567s][info][gc] GC(7058) Pause Full (Allocation Failure) 15M->12M(15M) 50.364ms
[136.608s][info][gc] GC(7059) Pause Full (Allocation Failure) 15M->12M(15M) 34.920ms
[136.648s][info][gc] GC(7060) Pause Full (Allocation Failure) 15M->12M(15M) 33.290ms
[136.683s][info][gc] GC(7061) Pause Full (Allocation Failure) 15M->12M(15M) 30.592ms
[136.717s][info][gc] GC(7062) Pause Full (Allocation Failure) 15M->12M(15M) 28.664ms
[136.750s][info][gc] GC(7063) Pause Full (Allocation Failure) 15M->12M(15M) 28.548ms
[136.784s][info][gc] GC(7064) Pause Full (Allocation Failure) 15M->12M(15M) 29.382ms
[136.820s][info][gc] GC(7065) Pause Full (Allocation Failure) 15M->12M(15M) 30.269ms
[136.856s][info][gc] GC(7066) Pause Full (Allocation Failure) 15M->12M(15M) 31.562ms
[136.891s][info][gc] GC(7067) Pause Full (Allocation Failure) 15M->12M(15M) 30.666ms
[136.929s][info][gc] GC(7068) Pause Full (Allocation Failure) 15M->12M(15M) 32.675ms
[136.968s][info][gc] GC(7069) Pause Full (Allocation Failure) 15M->12M(15M) 33.688ms
[137.007s][info][gc] GC(7070) Pause Full (Allocation Failure) 15M->12M(15M) 33.219ms
[137.044s][info][gc] GC(7071) Pause Full (Allocation Failure) 15M->12M(15M) 32.032ms
[137.082s][info][gc] GC(7072) Pause Full (Allocation Failure) 15M->12M(15M) 32.249ms
[137.118s][info][gc] GC(7073) Pause Full (Allocation Failure) 15M->12M(15M) 31.093ms
[137.157s][info][gc] GC(7074) Pause Full (Allocation Failure) 15M->12M(15M) 33.485ms
[137.194s][info][gc] GC(7075) Pause Full (Allocation Failure) 15M->12M(15M) 32.506ms
[137.237s][info][gc] GC(7076) Pause Full (Allocation Failure) 15M->12M(15M) 36.334ms
[137.275s][info][gc] GC(7077) Pause Full (Allocation Failure) 15M->12M(15M) 32.598ms
[137.311s][info][gc] GC(7078) Pause Full (Allocation Failure) 15M->12M(15M) 31.554ms
[137.349s][info][gc] GC(7079) Pause Full (Allocation Failure) 15M->12M(15M) 33.188ms
[137.385s][info][gc] GC(7080) Pause Full (Allocation Failure) 15M->12M(15M) 30.256ms
[137.418s][info][gc] GC(7081) Pause Full (Allocation Failure) 15M->12M(15M) 27.392ms
[137.449s][info][gc] GC(7082) Pause Full (Allocation Failure) 15M->12M(15M) 26.885ms
[137.480s][info][gc] GC(7083) Pause Full (Allocation Failure) 15M->12M(15M) 27.222ms
[137.518s][info][gc] GC(7084) Pause Full (Allocation Failure) 15M->12M(15M) 31.827ms
[137.560s][info][gc] GC(7085) Pause Full (Allocation Failure) 15M->12M(15M) 37.163ms
[137.604s][info][gc] GC(7086) Pause Full (Allocation Failure) 15M->12M(15M) 37.032ms
[137.647s][info][gc] GC(7087) Pause Full (Allocation Failure) 15M->12M(15M) 36.359ms
[137.689s][info][gc] GC(7088) Pause Full (Allocation Failure) 15M->12M(15M) 35.636ms
[137.726s][info][gc] GC(7089) Pause Full (Allocation Failure) 15M->12M(15M) 31.368ms
[137.759s][info][gc] GC(7090) Pause Full (Allocation Failure) 15M->12M(15M) 29.434ms
[137.792s][info][gc] GC(7091) Pause Full (Allocation Failure) 15M->12M(15M) 28.047ms
[137.826s][info][gc] GC(7092) Pause Full (Allocation Failure) 15M->12M(15M) 30.252ms
[137.860s][info][gc] GC(7093) Pause Full (Allocation Failure) 15M->12M(15M) 28.981ms
[137.894s][info][gc] GC(7094) Pause Full (Allocation Failure) 15M->12M(15M) 29.829ms
[137.929s][info][gc] GC(7095) Pause Full (Allocation Failure) 15M->12M(15M) 31.267ms
[137.971s][info][gc] GC(7096) Pause Full (Allocation Failure) 15M->12M(15M) 35.727ms
[138.012s][info][gc] GC(7097) Pause Full (Allocation Failure) 15M->12M(15M) 34.957ms
[138.052s][info][gc] GC(7098) Pause Full (Allocation Failure) 15M->12M(15M) 34.684ms
[138.094s][info][gc] GC(7099) Pause Full (Allocation Failure) 15M->12M(15M) 36.746ms
[138.139s][info][gc] GC(7100) Pause Full (Allocation Failure) 15M->12M(15M) 38.130ms
[138.180s][info][gc] GC(7101) Pause Full (Allocation Failure) 15M->12M(15M) 34.274ms
[138.228s][info][gc] GC(7102) Pause Full (Allocation Failure) 15M->12M(15M) 42.927ms
[138.270s][info][gc] GC(7103) Pause Full (Allocation Failure) 15M->12M(15M) 36.721ms
[138.311s][info][gc] GC(7104) Pause Full (Allocation Failure) 15M->12M(15M) 35.595ms
[138.354s][info][gc] GC(7105) Pause Full (Allocation Failure) 15M->12M(15M) 36.306ms
[138.394s][info][gc] GC(7106) Pause Full (Allocation Failure) 15M->12M(15M) 35.120ms
[138.435s][info][gc] GC(7107) Pause Full (Allocation Failure) 15M->12M(15M) 36.171ms
[138.478s][info][gc] GC(7108) Pause Full (Allocation Failure) 15M->12M(15M) 37.346ms
[138.521s][info][gc] GC(7109) Pause Full (Allocation Failure) 15M->12M(15M) 36.485ms
[138.565s][info][gc] GC(7110) Pause Full (Allocation Failure) 15M->12M(15M) 38.004ms
[138.612s][info][gc] GC(7111) Pause Full (Allocation Failure) 15M->12M(15M) 38.623ms
[138.658s][info][gc] GC(7112) Pause Full (Allocation Failure) 15M->12M(15M) 40.381ms
[138.707s][info][gc] GC(7113) Pause Full (Allocation Failure) 15M->12M(15M) 42.104ms
[138.747s][info][gc] GC(7114) Pause Full (Allocation Failure) 15M->12M(15M) 34.572ms
[138.783s][info][gc] GC(7115) Pause Full (Allocation Failure) 15M->12M(15M) 30.042ms
[138.817s][info][gc] GC(7116) Pause Full (Allocation Failure) 15M->12M(15M) 28.464ms
[138.859s][info][gc] GC(7117) Pause Full (Allocation Failure) 15M->12M(15M) 35.846ms
[138.896s][info][gc] GC(7118) Pause Full (Allocation Failure) 15M->12M(15M) 31.626ms
[138.929s][info][gc] GC(7119) Pause Full (Allocation Failure) 15M->12M(15M) 29.645ms
[138.974s][info][gc] GC(7120) Pause Full (Allocation Failure) 15M->12M(15M) 40.613ms
[139.016s][info][gc] GC(7121) Pause Full (Allocation Failure) 15M->12M(15M) 34.826ms
[139.056s][info][gc] GC(7122) Pause Full (Allocation Failure) 15M->12M(15M) 34.018ms
[139.094s][info][gc] GC(7123) Pause Full (Allocation Failure) 15M->12M(15M) 33.208ms
[139.140s][info][gc] GC(7124) Pause Full (Allocation Failure) 15M->12M(15M) 41.670ms
[139.194s][info][gc] GC(7125) Pause Full (Allocation Failure) 15M->12M(15M) 47.888ms
[139.243s][info][gc] GC(7126) Pause Full (Allocation Failure) 15M->12M(15M) 41.321ms
[139.290s][info][gc] GC(7127) Pause Full (Allocation Failure) 15M->12M(15M) 39.818ms
[139.333s][info][gc] GC(7128) Pause Full (Allocation Failure) 15M->12M(15M) 36.993ms
[139.377s][info][gc] GC(7129) Pause Full (Allocation Failure) 15M->12M(15M) 37.994ms
[139.425s][info][gc] GC(7130) Pause Full (Allocation Failure) 15M->12M(15M) 41.304ms
[139.469s][info][gc] GC(7131) Pause Full (Allocation Failure) 15M->12M(15M) 37.157ms
[139.510s][info][gc] GC(7132) Pause Full (Allocation Failure) 15M->12M(15M) 34.610ms
[139.561s][info][gc] GC(7133) Pause Full (Allocation Failure) 15M->12M(15M) 44.913ms
[139.616s][info][gc] GC(7134) Pause Full (Allocation Failure) 15M->12M(15M) 47.411ms
[139.665s][info][gc] GC(7135) Pause Full (Allocation Failure) 15M->12M(15M) 41.480ms
[139.710s][info][gc] GC(7136) Pause Full (Allocation Failure) 15M->12M(15M) 39.590ms
[139.753s][info][gc] GC(7137) Pause Full (Allocation Failure) 15M->12M(15M) 36.545ms
[139.793s][info][gc] GC(7138) Pause Full (Allocation Failure) 15M->12M(15M) 33.760ms
[139.828s][info][gc] GC(7139) Pause Full (Allocation Failure) 15M->12M(15M) 30.513ms
[139.865s][info][gc] GC(7140) Pause Full (Allocation Failure) 15M->12M(15M) 31.515ms
[139.899s][info][gc] GC(7141) Pause Full (Allocation Failure) 15M->12M(15M) 30.164ms
[139.933s][info][gc] GC(7142) Pause Full (Allocation Failure) 15M->12M(15M) 30.145ms
[139.971s][info][gc] GC(7143) Pause Full (Allocation Failure) 15M->12M(15M) 33.393ms
[140.012s][info][gc] GC(7144) Pause Full (Allocation Failure) 15M->12M(15M) 35.473ms
[140.062s][info][gc] GC(7145) Pause Full (Allocation Failure) 15M->12M(15M) 43.412ms
[140.109s][info][gc] GC(7146) Pause Full (Allocation Failure) 15M->12M(15M) 41.247ms
[140.151s][info][gc] GC(7147) Pause Full (Allocation Failure) 15M->12M(15M) 35.489ms
[140.195s][info][gc] GC(7148) Pause Full (Allocation Failure) 15M->12M(15M) 38.965ms
[140.238s][info][gc] GC(7149) Pause Full (Allocation Failure) 15M->12M(15M) 36.883ms
[140.284s][info][gc] GC(7150) Pause Full (Allocation Failure) 15M->12M(15M) 39.381ms
[140.329s][info][gc] GC(7151) Pause Full (Allocation Failure) 15M->12M(15M) 39.487ms
[140.369s][info][gc] GC(7152) Pause Full (Allocation Failure) 15M->12M(15M) 34.589ms
[140.411s][info][gc] GC(7153) Pause Full (Allocation Failure) 15M->12M(15M) 35.240ms
[140.449s][info][gc] GC(7154) Pause Full (Allocation Failure) 15M->12M(15M) 33.653ms
[140.486s][info][gc] GC(7155) Pause Full (Allocation Failure) 15M->12M(15M) 31.218ms
[140.530s][info][gc] GC(7156) Pause Full (Allocation Failure) 15M->12M(15M) 39.476ms
[140.571s][info][gc] GC(7157) Pause Full (Allocation Failure) 15M->12M(15M) 35.716ms
[140.608s][info][gc] GC(7158) Pause Full (Allocation Failure) 15M->12M(15M) 31.156ms
[140.641s][info][gc] GC(7159) Pause Full (Allocation Failure) 15M->12M(15M) 28.453ms
[140.674s][info][gc] GC(7160) Pause Full (Allocation Failure) 15M->12M(15M) 27.632ms
[140.708s][info][gc] GC(7161) Pause Full (Allocation Failure) 15M->12M(15M) 28.690ms
[140.740s][info][gc] GC(7162) Pause Full (Allocation Failure) 15M->12M(15M) 27.519ms
[140.777s][info][gc] GC(7163) Pause Full (Allocation Failure) 15M->12M(15M) 31.482ms
[140.814s][info][gc] GC(7164) Pause Full (Allocation Failure) 15M->12M(15M) 31.174ms
[140.847s][info][gc] GC(7165) Pause Full (Allocation Failure) 15M->12M(15M) 29.214ms
[140.886s][info][gc] GC(7166) Pause Full (Allocation Failure) 15M->12M(15M) 33.305ms
[140.937s][info][gc] GC(7167) Pause Full (Allocation Failure) 15M->12M(15M) 43.900ms
[140.983s][info][gc] GC(7168) Pause Full (Allocation Failure) 15M->12M(15M) 40.094ms
[141.032s][info][gc] GC(7169) Pause Full (Allocation Failure) 15M->12M(15M) 43.518ms
[141.083s][info][gc] GC(7170) Pause Full (Allocation Failure) 15M->12M(15M) 43.209ms
[141.130s][info][gc] GC(7171) Pause Full (Allocation Failure) 15M->12M(15M) 40.699ms
[141.182s][info][gc] GC(7172) Pause Full (Allocation Failure) 15M->12M(15M) 44.580ms
[141.232s][info][gc] GC(7173) Pause Full (Allocation Failure) 15M->12M(15M) 43.455ms
[141.288s][info][gc] GC(7174) Pause Full (Allocation Failure) 15M->12M(15M) 48.179ms
[141.341s][info][gc] GC(7175) Pause Full (Allocation Failure) 15M->12M(15M) 46.266ms
[141.389s][info][gc] GC(7176) Pause Full (Allocation Failure) 15M->12M(15M) 41.770ms
[141.429s][info][gc] GC(7177) Pause Full (Allocation Failure) 15M->12M(15M) 33.763ms
[141.465s][info][gc] GC(7178) Pause Full (Allocation Failure) 15M->12M(15M) 31.145ms
[141.500s][info][gc] GC(7179) Pause Full (Allocation Failure) 15M->12M(15M) 29.421ms
[141.538s][info][gc] GC(7180) Pause Full (Allocation Failure) 15M->12M(15M) 33.892ms
[141.583s][info][gc] GC(7181) Pause Full (Allocation Failure) 15M->12M(15M) 38.778ms
[141.626s][info][gc] GC(7182) Pause Full (Allocation Failure) 15M->12M(15M) 37.248ms
[141.669s][info][gc] GC(7183) Pause Full (Allocation Failure) 15M->12M(15M) 36.764ms
[141.707s][info][gc] GC(7184) Pause Full (Allocation Failure) 15M->12M(15M) 32.333ms
[141.741s][info][gc] GC(7185) Pause Full (Allocation Failure) 15M->12M(15M) 29.842ms
[141.774s][info][gc] GC(7186) Pause Full (Allocation Failure) 15M->12M(15M) 27.885ms
[141.810s][info][gc] GC(7187) Pause Full (Allocation Failure) 15M->12M(15M) 31.596ms
[141.865s][info][gc] GC(7188) Pause Full (Allocation Failure) 15M->12M(15M) 48.998ms
[141.924s][info][gc] GC(7189) Pause Full (Allocation Failure) 15M->12M(15M) 51.979ms
[141.974s][info][gc] GC(7190) Pause Full (Allocation Failure) 15M->12M(15M) 43.049ms
[142.018s][info][gc] GC(7191) Pause Full (Allocation Failure) 15M->12M(15M) 38.568ms
[142.065s][info][gc] GC(7192) Pause Full (Allocation Failure) 15M->12M(15M) 41.258ms
[142.110s][info][gc] GC(7193) Pause Full (Allocation Failure) 15M->12M(15M) 39.034ms
[142.158s][info][gc] GC(7194) Pause Full (Allocation Failure) 15M->12M(15M) 40.267ms
[142.209s][info][gc] GC(7195) Pause Full (Allocation Failure) 15M->12M(15M) 45.745ms
[142.269s][info][gc] GC(7196) Pause Full (Allocation Failure) 15M->12M(15M) 50.751ms
[142.328s][info][gc] GC(7197) Pause Full (Allocation Failure) 15M->12M(15M) 50.301ms
[142.371s][info][gc] GC(7198) Pause Full (Allocation Failure) 15M->12M(15M) 38.039ms
[142.414s][info][gc] GC(7199) Pause Full (Allocation Failure) 15M->12M(15M) 35.975ms
[142.459s][info][gc] GC(7200) Pause Full (Allocation Failure) 15M->12M(15M) 39.284ms
[142.505s][info][gc] GC(7201) Pause Full (Allocation Failure) 15M->12M(15M) 41.082ms
[142.560s][info][gc] GC(7202) Pause Full (Allocation Failure) 15M->12M(15M) 48.630ms
[142.605s][info][gc] GC(7203) Pause Full (Allocation Failure) 15M->12M(15M) 39.092ms
[142.644s][info][gc] GC(7204) Pause Full (Allocation Failure) 15M->12M(15M) 33.819ms
[142.679s][info][gc] GC(7205) Pause Full (Allocation Failure) 15M->12M(15M) 31.459ms
[142.716s][info][gc] GC(7206) Pause Full (Allocation Failure) 15M->12M(15M) 31.287ms
[142.754s][info][gc] GC(7207) Pause Full (Allocation Failure) 15M->12M(15M) 32.415ms
[142.791s][info][gc] GC(7208) Pause Full (Allocation Failure) 15M->12M(15M) 31.845ms
[142.827s][info][gc] GC(7209) Pause Full (Allocation Failure) 15M->12M(15M) 32.610ms
[142.864s][info][gc] GC(7210) Pause Full (Allocation Failure) 15M->12M(15M) 31.825ms
[142.901s][info][gc] GC(7211) Pause Full (Allocation Failure) 15M->12M(15M) 31.320ms
[142.939s][info][gc] GC(7212) Pause Full (Allocation Failure) 15M->12M(15M) 32.225ms
[142.976s][info][gc] GC(7213) Pause Full (Allocation Failure) 15M->12M(15M) 32.315ms
[143.013s][info][gc] GC(7214) Pause Full (Allocation Failure) 15M->12M(15M) 32.870ms
[143.049s][info][gc] GC(7215) Pause Full (Allocation Failure) 15M->12M(15M) 31.296ms
[143.086s][info][gc] GC(7216) Pause Full (Allocation Failure) 15M->12M(15M) 31.124ms
[143.123s][info][gc] GC(7217) Pause Full (Allocation Failure) 15M->12M(15M) 32.448ms
[143.161s][info][gc] GC(7218) Pause Full (Allocation Failure) 15M->12M(15M) 31.680ms
[143.196s][info][gc] GC(7219) Pause Full (Allocation Failure) 15M->12M(15M) 31.398ms
[143.230s][info][gc] GC(7220) Pause Full (Allocation Failure) 15M->12M(15M) 29.952ms
[143.264s][info][gc] GC(7221) Pause Full (Allocation Failure) 15M->12M(15M) 28.973ms
[143.297s][info][gc] GC(7222) Pause Full (Allocation Failure) 15M->12M(15M) 29.173ms
[143.331s][info][gc] GC(7223) Pause Full (Allocation Failure) 15M->12M(15M) 29.239ms
[143.365s][info][gc] GC(7224) Pause Full (Allocation Failure) 15M->12M(15M) 29.149ms
[143.407s][info][gc] GC(7225) Pause Full (Allocation Failure) 15M->12M(15M) 36.995ms
[143.445s][info][gc] GC(7226) Pause Full (Allocation Failure) 15M->12M(15M) 32.938ms
[143.481s][info][gc] GC(7227) Pause Full (Allocation Failure) 15M->12M(15M) 31.553ms
[143.514s][info][gc] GC(7228) Pause Full (Allocation Failure) 15M->12M(15M) 29.451ms
[143.547s][info][gc] GC(7229) Pause Full (Allocation Failure) 15M->12M(15M) 28.524ms
[143.580s][info][gc] GC(7230) Pause Full (Allocation Failure) 15M->12M(15M) 29.014ms
[143.614s][info][gc] GC(7231) Pause Full (Allocation Failure) 15M->12M(15M) 30.266ms
[143.649s][info][gc] GC(7232) Pause Full (Allocation Failure) 15M->12M(15M) 30.811ms
[143.685s][info][gc] GC(7233) Pause Full (Allocation Failure) 15M->12M(15M) 31.429ms
[143.719s][info][gc] GC(7234) Pause Full (Allocation Failure) 15M->12M(15M) 28.795ms
[143.766s][info][gc] GC(7235) Pause Full (Allocation Failure) 15M->12M(15M) 39.083ms
[143.810s][info][gc] GC(7236) Pause Full (Allocation Failure) 15M->12M(15M) 37.237ms
[143.848s][info][gc] GC(7237) Pause Full (Allocation Failure) 15M->12M(15M) 33.919ms
[143.882s][info][gc] GC(7238) Pause Full (Allocation Failure) 15M->12M(15M) 28.456ms
[143.918s][info][gc] GC(7239) Pause Full (Allocation Failure) 15M->12M(15M) 31.263ms
[143.957s][info][gc] GC(7240) Pause Full (Allocation Failure) 15M->12M(15M) 33.649ms
[143.994s][info][gc] GC(7241) Pause Full (Allocation Failure) 15M->12M(15M) 32.570ms
[144.028s][info][gc] GC(7242) Pause Full (Allocation Failure) 15M->12M(15M) 30.071ms
[144.061s][info][gc] GC(7243) Pause Full (Allocation Failure) 15M->12M(15M) 29.903ms
[144.098s][info][gc] GC(7244) Pause Full (Allocation Failure) 15M->12M(15M) 32.244ms
[144.133s][info][gc] GC(7245) Pause Full (Allocation Failure) 15M->12M(15M) 30.601ms
[144.166s][info][gc] GC(7246) Pause Full (Allocation Failure) 15M->12M(15M) 29.151ms
[144.200s][info][gc] GC(7247) Pause Full (Allocation Failure) 15M->12M(15M) 29.311ms
[144.237s][info][gc] GC(7248) Pause Full (Allocation Failure) 15M->12M(15M) 32.882ms
[144.274s][info][gc] GC(7249) Pause Full (Allocation Failure) 15M->12M(15M) 31.669ms
[144.309s][info][gc] GC(7250) Pause Full (Allocation Failure) 15M->12M(15M) 29.781ms
[144.342s][info][gc] GC(7251) Pause Full (Allocation Failure) 15M->12M(15M) 28.156ms
[144.376s][info][gc] GC(7252) Pause Full (Allocation Failure) 15M->12M(15M) 29.295ms
[144.413s][info][gc] GC(7253) Pause Full (Allocation Failure) 15M->12M(15M) 32.376ms
[144.447s][info][gc] GC(7254) Pause Full (Allocation Failure) 15M->12M(15M) 30.077ms
[144.482s][info][gc] GC(7255) Pause Full (Allocation Failure) 15M->12M(15M) 30.934ms
[144.519s][info][gc] GC(7256) Pause Full (Allocation Failure) 15M->12M(15M) 32.397ms
[144.553s][info][gc] GC(7257) Pause Full (Allocation Failure) 15M->12M(15M) 28.431ms
[144.587s][info][gc] GC(7258) Pause Full (Allocation Failure) 15M->12M(15M) 29.136ms
[144.622s][info][gc] GC(7259) Pause Full (Allocation Failure) 15M->12M(15M) 29.533ms
[144.656s][info][gc] GC(7260) Pause Full (Allocation Failure) 15M->12M(15M) 28.699ms
[144.687s][info][gc] GC(7261) Pause Full (Allocation Failure) 15M->12M(15M) 26.702ms
[144.718s][info][gc] GC(7262) Pause Full (Allocation Failure) 15M->12M(15M) 26.176ms
[144.750s][info][gc] GC(7263) Pause Full (Allocation Failure) 15M->12M(15M) 28.262ms
[144.781s][info][gc] GC(7264) Pause Full (Allocation Failure) 15M->12M(15M) 27.502ms
[144.812s][info][gc] GC(7265) Pause Full (Allocation Failure) 15M->12M(15M) 26.220ms
[144.841s][info][gc] GC(7266) Pause Full (Allocation Failure) 15M->12M(15M) 25.674ms
[144.872s][info][gc] GC(7267) Pause Full (Allocation Failure) 15M->12M(15M) 26.199ms
[144.908s][info][gc] GC(7268) Pause Full (Allocation Failure) 15M->12M(15M) 32.011ms
[144.945s][info][gc] GC(7269) Pause Full (Allocation Failure) 15M->12M(15M) 31.807ms
[144.982s][info][gc] GC(7270) Pause Full (Allocation Failure) 15M->12M(15M) 31.659ms
[145.015s][info][gc] GC(7271) Pause Full (Allocation Failure) 15M->12M(15M) 29.505ms
[145.061s][info][gc] GC(7272) Pause Full (Allocation Failure) 15M->12M(15M) 41.753ms
[145.096s][info][gc] GC(7273) Pause Full (Allocation Failure) 15M->12M(15M) 29.532ms
[145.128s][info][gc] GC(7274) Pause Full (Allocation Failure) 15M->12M(15M) 28.033ms
[145.162s][info][gc] GC(7275) Pause Full (Allocation Failure) 15M->12M(15M) 28.981ms
[145.195s][info][gc] GC(7276) Pause Full (Allocation Failure) 15M->12M(15M) 28.151ms
[145.228s][info][gc] GC(7277) Pause Full (Allocation Failure) 15M->12M(15M) 28.183ms
[145.261s][info][gc] GC(7278) Pause Full (Allocation Failure) 15M->12M(15M) 28.379ms
[145.293s][info][gc] GC(7279) Pause Full (Allocation Failure) 15M->12M(15M) 28.170ms
[145.323s][info][gc] GC(7280) Pause Full (Allocation Failure) 15M->12M(15M) 25.899ms
[145.355s][info][gc] GC(7281) Pause Full (Allocation Failure) 15M->12M(15M) 27.846ms
[145.387s][info][gc] GC(7282) Pause Full (Allocation Failure) 15M->12M(15M) 26.558ms
[145.421s][info][gc] GC(7283) Pause Full (Allocation Failure) 15M->12M(15M) 29.065ms
[145.456s][info][gc] GC(7284) Pause Full (Allocation Failure) 15M->12M(15M) 30.195ms
[145.489s][info][gc] GC(7285) Pause Full (Allocation Failure) 15M->12M(15M) 27.591ms
[145.520s][info][gc] GC(7286) Pause Full (Allocation Failure) 15M->12M(15M) 26.728ms
[145.553s][info][gc] GC(7287) Pause Full (Allocation Failure) 15M->12M(15M) 28.597ms
[145.587s][info][gc] GC(7288) Pause Full (Allocation Failure) 15M->12M(15M) 29.752ms
[145.621s][info][gc] GC(7289) Pause Full (Allocation Failure) 15M->12M(15M) 29.009ms
[145.653s][info][gc] GC(7290) Pause Full (Allocation Failure) 15M->12M(15M) 27.919ms
[145.685s][info][gc] GC(7291) Pause Full (Allocation Failure) 15M->12M(15M) 28.712ms
[145.719s][info][gc] GC(7292) Pause Full (Allocation Failure) 15M->12M(15M) 30.117ms
[145.753s][info][gc] GC(7293) Pause Full (Allocation Failure) 15M->12M(15M) 29.787ms
[145.787s][info][gc] GC(7294) Pause Full (Allocation Failure) 15M->12M(15M) 30.276ms
[145.822s][info][gc] GC(7295) Pause Full (Allocation Failure) 15M->12M(15M) 30.172ms
[145.855s][info][gc] GC(7296) Pause Full (Allocation Failure) 15M->12M(15M) 28.943ms
[145.889s][info][gc] GC(7297) Pause Full (Allocation Failure) 15M->12M(15M) 29.529ms
[145.922s][info][gc] GC(7298) Pause Full (Allocation Failure) 15M->12M(15M) 29.215ms
[145.957s][info][gc] GC(7299) Pause Full (Allocation Failure) 15M->12M(15M) 31.005ms
[145.990s][info][gc] GC(7300) Pause Full (Allocation Failure) 15M->12M(15M) 28.841ms
[146.020s][info][gc] GC(7301) Pause Full (Allocation Failure) 15M->12M(15M) 25.958ms
[146.052s][info][gc] GC(7302) Pause Full (Allocation Failure) 15M->12M(15M) 27.907ms
[146.086s][info][gc] GC(7303) Pause Full (Allocation Failure) 15M->12M(15M) 30.329ms
[146.120s][info][gc] GC(7304) Pause Full (Allocation Failure) 15M->12M(15M) 29.932ms
[146.154s][info][gc] GC(7305) Pause Full (Allocation Failure) 15M->12M(15M) 30.411ms
[146.215s][info][gc] GC(7306) Pause Full (Allocation Failure) 15M->12M(15M) 54.648ms
[146.280s][info][gc] GC(7307) Pause Full (Allocation Failure) 15M->12M(15M) 56.505ms
[146.331s][info][gc] GC(7308) Pause Full (Allocation Failure) 15M->12M(15M) 43.018ms
[146.376s][info][gc] GC(7309) Pause Full (Allocation Failure) 15M->12M(15M) 37.947ms
[146.416s][info][gc] GC(7310) Pause Full (Allocation Failure) 15M->12M(15M) 34.154ms
[146.453s][info][gc] GC(7311) Pause Full (Allocation Failure) 15M->12M(15M) 31.262ms
[146.488s][info][gc] GC(7312) Pause Full (Allocation Failure) 15M->12M(15M) 31.453ms
[146.523s][info][gc] GC(7313) Pause Full (Allocation Failure) 15M->12M(15M) 30.234ms
[146.559s][info][gc] GC(7314) Pause Full (Allocation Failure) 15M->12M(15M) 31.546ms
[146.595s][info][gc] GC(7315) Pause Full (Allocation Failure) 15M->12M(15M) 31.353ms
[146.633s][info][gc] GC(7316) Pause Full (Allocation Failure) 15M->12M(15M) 32.350ms
[146.673s][info][gc] GC(7317) Pause Full (Allocation Failure) 15M->12M(15M) 35.125ms
[146.709s][info][gc] GC(7318) Pause Full (Allocation Failure) 15M->12M(15M) 31.943ms
[146.746s][info][gc] GC(7319) Pause Full (Allocation Failure) 15M->12M(15M) 31.717ms
[146.785s][info][gc] GC(7320) Pause Full (Allocation Failure) 15M->12M(15M) 33.150ms
[146.827s][info][gc] GC(7321) Pause Full (Allocation Failure) 15M->12M(15M) 36.779ms
[146.869s][info][gc] GC(7322) Pause Full (Allocation Failure) 15M->12M(15M) 35.109ms
[146.907s][info][gc] GC(7323) Pause Full (Allocation Failure) 15M->12M(15M) 32.230ms
[146.958s][info][gc] GC(7324) Pause Full (Allocation Failure) 15M->12M(15M) 47.066ms
[147.005s][info][gc] GC(7325) Pause Full (Allocation Failure) 15M->12M(15M) 41.102ms
[147.045s][info][gc] GC(7326) Pause Full (Allocation Failure) 15M->12M(15M) 33.789ms
[147.090s][info][gc] GC(7327) Pause Full (Allocation Failure) 15M->12M(15M) 39.284ms
[147.133s][info][gc] GC(7328) Pause Full (Allocation Failure) 15M->12M(15M) 37.784ms
[147.173s][info][gc] GC(7329) Pause Full (Allocation Failure) 15M->12M(15M) 35.851ms
[147.207s][info][gc] GC(7330) Pause Full (Allocation Failure) 15M->12M(15M) 29.870ms
[147.241s][info][gc] GC(7331) Pause Full (Allocation Failure) 15M->12M(15M) 29.486ms
[147.275s][info][gc] GC(7332) Pause Full (Allocation Failure) 15M->12M(15M) 28.894ms
[147.310s][info][gc] GC(7333) Pause Full (Allocation Failure) 15M->12M(15M) 31.010ms
[147.344s][info][gc] GC(7334) Pause Full (Allocation Failure) 15M->12M(15M) 28.901ms
[147.378s][info][gc] GC(7335) Pause Full (Allocation Failure) 15M->12M(15M) 29.138ms
[147.418s][info][gc] GC(7336) Pause Full (Allocation Failure) 15M->12M(15M) 35.610ms
[147.461s][info][gc] GC(7337) Pause Full (Allocation Failure) 15M->12M(15M) 37.600ms
[147.499s][info][gc] GC(7338) Pause Full (Allocation Failure) 15M->12M(15M) 32.429ms
[147.535s][info][gc] GC(7339) Pause Full (Allocation Failure) 15M->12M(15M) 31.362ms
[147.569s][info][gc] GC(7340) Pause Full (Allocation Failure) 15M->12M(15M) 29.154ms
[147.603s][info][gc] GC(7341) Pause Full (Allocation Failure) 15M->12M(15M) 29.354ms
[147.638s][info][gc] GC(7342) Pause Full (Allocation Failure) 15M->12M(15M) 30.157ms
[147.674s][info][gc] GC(7343) Pause Full (Allocation Failure) 15M->12M(15M) 31.144ms
[147.709s][info][gc] GC(7344) Pause Full (Allocation Failure) 15M->12M(15M) 31.203ms
[147.742s][info][gc] GC(7345) Pause Full (Allocation Failure) 15M->12M(15M) 28.764ms
[147.775s][info][gc] GC(7346) Pause Full (Allocation Failure) 15M->12M(15M) 29.448ms
[147.809s][info][gc] GC(7347) Pause Full (Allocation Failure) 15M->12M(15M) 30.007ms
[147.843s][info][gc] GC(7348) Pause Full (Allocation Failure) 15M->12M(15M) 30.039ms
[147.875s][info][gc] GC(7349) Pause Full (Allocation Failure) 15M->12M(15M) 28.724ms
[147.910s][info][gc] GC(7350) Pause Full (Allocation Failure) 15M->12M(15M) 30.664ms
[147.943s][info][gc] GC(7351) Pause Full (Allocation Failure) 15M->12M(15M) 29.442ms
[147.977s][info][gc] GC(7352) Pause Full (Allocation Failure) 15M->12M(15M) 29.450ms
[148.010s][info][gc] GC(7353) Pause Full (Allocation Failure) 15M->12M(15M) 29.154ms
[148.043s][info][gc] GC(7354) Pause Full (Allocation Failure) 15M->12M(15M) 29.056ms
[148.076s][info][gc] GC(7355) Pause Full (Allocation Failure) 15M->12M(15M) 29.783ms
[148.110s][info][gc] GC(7356) Pause Full (Allocation Failure) 15M->12M(15M) 29.623ms
[148.143s][info][gc] GC(7357) Pause Full (Allocation Failure) 15M->12M(15M) 28.581ms
[148.176s][info][gc] GC(7358) Pause Full (Allocation Failure) 15M->12M(15M) 29.404ms
[148.223s][info][gc] GC(7359) Pause Full (Allocation Failure) 15M->12M(15M) 43.346ms
[148.277s][info][gc] GC(7360) Pause Full (Allocation Failure) 15M->12M(15M) 43.407ms
[148.315s][info][gc] GC(7361) Pause Full (Allocation Failure) 15M->12M(15M) 33.319ms
[148.351s][info][gc] GC(7362) Pause Full (Allocation Failure) 15M->12M(15M) 31.551ms
[148.395s][info][gc] GC(7363) Pause Full (Allocation Failure) 15M->12M(15M) 39.426ms
[148.440s][info][gc] GC(7364) Pause Full (Allocation Failure) 15M->12M(15M) 39.636ms
[148.485s][info][gc] GC(7365) Pause Full (Allocation Failure) 15M->12M(15M) 38.379ms
[148.520s][info][gc] GC(7366) Pause Full (Allocation Failure) 15M->12M(15M) 30.745ms
[148.554s][info][gc] GC(7367) Pause Full (Allocation Failure) 15M->12M(15M) 29.945ms
[148.590s][info][gc] GC(7368) Pause Full (Allocation Failure) 15M->12M(15M) 31.712ms
[148.637s][info][gc] GC(7369) Pause Full (Allocation Failure) 15M->12M(15M) 41.667ms
[148.678s][info][gc] GC(7370) Pause Full (Allocation Failure) 15M->12M(15M) 34.932ms
[148.715s][info][gc] GC(7371) Pause Full (Allocation Failure) 15M->12M(15M) 31.857ms
[148.750s][info][gc] GC(7372) Pause Full (Allocation Failure) 15M->12M(15M) 30.711ms
[148.786s][info][gc] GC(7373) Pause Full (Allocation Failure) 15M->12M(15M) 30.479ms
[148.817s][info][gc] GC(7374) Pause Full (Allocation Failure) 15M->12M(15M) 26.423ms
[148.848s][info][gc] GC(7375) Pause Full (Allocation Failure) 15M->12M(15M) 26.587ms
[148.878s][info][gc] GC(7376) Pause Full (Allocation Failure) 15M->12M(15M) 26.830ms
[148.909s][info][gc] GC(7377) Pause Full (Allocation Failure) 15M->12M(15M) 27.096ms
[148.941s][info][gc] GC(7378) Pause Full (Allocation Failure) 15M->12M(15M) 28.462ms
[148.979s][info][gc] GC(7379) Pause Full (Allocation Failure) 15M->12M(15M) 31.665ms
[149.012s][info][gc] GC(7380) Pause Full (Allocation Failure) 15M->12M(15M) 29.172ms
[149.045s][info][gc] GC(7381) Pause Full (Allocation Failure) 15M->12M(15M) 29.314ms
[149.075s][info][gc] GC(7382) Pause Full (Allocation Failure) 15M->12M(15M) 27.050ms
[149.107s][info][gc] GC(7383) Pause Full (Allocation Failure) 15M->12M(15M) 27.593ms
[149.137s][info][gc] GC(7384) Pause Full (Allocation Failure) 15M->12M(15M) 25.784ms
[149.167s][info][gc] GC(7385) Pause Full (Allocation Failure) 15M->12M(15M) 25.686ms
[149.198s][info][gc] GC(7386) Pause Full (Allocation Failure) 15M->12M(15M) 26.455ms
[149.229s][info][gc] GC(7387) Pause Full (Allocation Failure) 15M->12M(15M) 27.362ms
[149.259s][info][gc] GC(7388) Pause Full (Allocation Failure) 15M->12M(15M) 26.477ms
[149.289s][info][gc] GC(7389) Pause Full (Allocation Failure) 15M->12M(15M) 26.407ms
[149.321s][info][gc] GC(7390) Pause Full (Allocation Failure) 15M->12M(15M) 27.619ms
[149.354s][info][gc] GC(7391) Pause Full (Allocation Failure) 15M->12M(15M) 28.563ms
[149.385s][info][gc] GC(7392) Pause Full (Allocation Failure) 15M->12M(15M) 26.667ms
[149.417s][info][gc] GC(7393) Pause Full (Allocation Failure) 15M->12M(15M) 27.887ms
[149.451s][info][gc] GC(7394) Pause Full (Allocation Failure) 15M->12M(15M) 30.081ms
[149.484s][info][gc] GC(7395) Pause Full (Allocation Failure) 15M->12M(15M) 28.660ms
[149.516s][info][gc] GC(7396) Pause Full (Allocation Failure) 15M->12M(15M) 27.635ms
[149.550s][info][gc] GC(7397) Pause Full (Allocation Failure) 15M->12M(15M) 30.275ms
[149.587s][info][gc] GC(7398) Pause Full (Allocation Failure) 15M->12M(15M) 31.763ms
[149.634s][info][gc] GC(7399) Pause Full (Allocation Failure) 15M->12M(15M) 42.276ms
[149.676s][info][gc] GC(7400) Pause Full (Allocation Failure) 15M->12M(15M) 35.835ms
[149.712s][info][gc] GC(7401) Pause Full (Allocation Failure) 15M->12M(15M) 30.951ms
[149.747s][info][gc] GC(7402) Pause Full (Allocation Failure) 15M->12M(15M) 31.069ms
[149.781s][info][gc] GC(7403) Pause Full (Allocation Failure) 15M->12M(15M) 30.034ms
[149.815s][info][gc] GC(7404) Pause Full (Allocation Failure) 15M->12M(15M) 29.637ms
[149.848s][info][gc] GC(7405) Pause Full (Allocation Failure) 15M->12M(15M) 29.939ms
[149.882s][info][gc] GC(7406) Pause Full (Allocation Failure) 15M->12M(15M) 30.155ms
[149.916s][info][gc] GC(7407) Pause Full (Allocation Failure) 15M->12M(15M) 29.963ms
[149.949s][info][gc] GC(7408) Pause Full (Allocation Failure) 15M->12M(15M) 28.463ms
[149.981s][info][gc] GC(7409) Pause Full (Allocation Failure) 15M->12M(15M) 28.691ms
[150.010s][info][gc] GC(7410) Pause Full (Allocation Failure) 15M->12M(15M) 25.685ms
[150.038s][info][gc] GC(7411) Pause Full (Allocation Failure) 15M->12M(15M) 23.986ms
[150.067s][info][gc] GC(7412) Pause Full (Allocation Failure) 15M->12M(15M) 24.901ms
[150.096s][info][gc] GC(7413) Pause Full (Allocation Failure) 15M->12M(15M) 25.873ms
[150.126s][info][gc] GC(7414) Pause Full (Allocation Failure) 15M->12M(15M) 25.354ms
[150.156s][info][gc] GC(7415) Pause Full (Allocation Failure) 15M->12M(15M) 27.048ms
[150.196s][info][gc] GC(7416) Pause Full (Allocation Failure) 15M->12M(15M) 34.961ms
[150.232s][info][gc] GC(7417) Pause Full (Allocation Failure) 15M->12M(15M) 30.666ms
[150.264s][info][gc] GC(7418) Pause Full (Allocation Failure) 15M->12M(15M) 28.830ms
[150.298s][info][gc] GC(7419) Pause Full (Allocation Failure) 15M->12M(15M) 29.375ms
[150.333s][info][gc] GC(7420) Pause Full (Allocation Failure) 15M->12M(15M) 30.920ms
[150.367s][info][gc] GC(7421) Pause Full (Allocation Failure) 15M->12M(15M) 30.558ms
[150.407s][info][gc] GC(7422) Pause Full (Allocation Failure) 15M->12M(15M) 35.151ms
[150.445s][info][gc] GC(7423) Pause Full (Allocation Failure) 15M->12M(15M) 32.577ms
[150.479s][info][gc] GC(7424) Pause Full (Allocation Failure) 15M->12M(15M) 29.367ms
[150.512s][info][gc] GC(7425) Pause Full (Allocation Failure) 15M->12M(15M) 28.472ms
[150.549s][info][gc] GC(7426) Pause Full (Allocation Failure) 15M->12M(15M) 32.110ms
[150.584s][info][gc] GC(7427) Pause Full (Allocation Failure) 15M->12M(15M) 31.470ms
[150.628s][info][gc] GC(7428) Pause Full (Allocation Failure) 15M->12M(15M) 38.071ms
[150.668s][info][gc] GC(7429) Pause Full (Allocation Failure) 15M->12M(15M) 33.380ms
[150.703s][info][gc] GC(7430) Pause Full (Allocation Failure) 15M->12M(15M) 30.806ms
[150.735s][info][gc] GC(7431) Pause Full (Allocation Failure) 15M->12M(15M) 27.969ms
[150.768s][info][gc] GC(7432) Pause Full (Allocation Failure) 15M->12M(15M) 29.321ms
[150.803s][info][gc] GC(7433) Pause Full (Allocation Failure) 15M->12M(15M) 30.753ms
[150.838s][info][gc] GC(7434) Pause Full (Allocation Failure) 15M->12M(15M) 31.160ms
[150.873s][info][gc] GC(7435) Pause Full (Allocation Failure) 15M->12M(15M) 30.450ms
[150.909s][info][gc] GC(7436) Pause Full (Allocation Failure) 15M->12M(15M) 31.513ms
[150.947s][info][gc] GC(7437) Pause Full (Allocation Failure) 15M->12M(15M) 32.586ms
[150.980s][info][gc] GC(7438) Pause Full (Allocation Failure) 15M->12M(15M) 29.006ms
[151.013s][info][gc] GC(7439) Pause Full (Allocation Failure) 15M->12M(15M) 27.891ms
[151.046s][info][gc] GC(7440) Pause Full (Allocation Failure) 15M->12M(15M) 29.264ms
[151.081s][info][gc] GC(7441) Pause Full (Allocation Failure) 15M->12M(15M) 29.263ms
[151.113s][info][gc] GC(7442) Pause Full (Allocation Failure) 15M->12M(15M) 27.960ms
[151.146s][info][gc] GC(7443) Pause Full (Allocation Failure) 15M->12M(15M) 28.728ms
[151.177s][info][gc] GC(7444) Pause Full (Allocation Failure) 15M->12M(15M) 26.522ms
[151.208s][info][gc] GC(7445) Pause Full (Allocation Failure) 15M->12M(15M) 26.722ms
[151.239s][info][gc] GC(7446) Pause Full (Allocation Failure) 15M->12M(15M) 26.354ms
[151.270s][info][gc] GC(7447) Pause Full (Allocation Failure) 15M->12M(15M) 26.490ms
[151.302s][info][gc] GC(7448) Pause Full (Allocation Failure) 15M->12M(15M) 28.903ms
[151.333s][info][gc] GC(7449) Pause Full (Allocation Failure) 15M->12M(15M) 27.353ms
[151.362s][info][gc] GC(7450) Pause Full (Allocation Failure) 15M->12M(15M) 25.577ms
[151.391s][info][gc] GC(7451) Pause Full (Allocation Failure) 15M->12M(15M) 25.213ms
[151.421s][info][gc] GC(7452) Pause Full (Allocation Failure) 15M->12M(15M) 26.276ms
[151.453s][info][gc] GC(7453) Pause Full (Allocation Failure) 15M->12M(15M) 28.521ms
[151.484s][info][gc] GC(7454) Pause Full (Allocation Failure) 15M->12M(15M) 26.703ms
[151.520s][info][gc] GC(7455) Pause Full (Allocation Failure) 15M->12M(15M) 32.070ms
[151.554s][info][gc] GC(7456) Pause Full (Allocation Failure) 15M->12M(15M) 29.418ms
[151.587s][info][gc] GC(7457) Pause Full (Allocation Failure) 15M->12M(15M) 29.521ms
[151.627s][info][gc] GC(7458) Pause Full (Allocation Failure) 15M->12M(15M) 35.178ms
[151.664s][info][gc] GC(7459) Pause Full (Allocation Failure) 15M->12M(15M) 31.606ms
[151.697s][info][gc] GC(7460) Pause Full (Allocation Failure) 15M->12M(15M) 28.798ms
[151.728s][info][gc] GC(7461) Pause Full (Allocation Failure) 15M->12M(15M) 27.791ms
[151.760s][info][gc] GC(7462) Pause Full (Allocation Failure) 15M->12M(15M) 27.093ms
[151.791s][info][gc] GC(7463) Pause Full (Allocation Failure) 15M->12M(15M) 27.004ms
[151.822s][info][gc] GC(7464) Pause Full (Allocation Failure) 15M->12M(15M) 26.604ms
[151.857s][info][gc] GC(7465) Pause Full (Allocation Failure) 15M->12M(15M) 30.830ms
[151.891s][info][gc] GC(7466) Pause Full (Allocation Failure) 15M->12M(15M) 29.749ms
[151.927s][info][gc] GC(7467) Pause Full (Allocation Failure) 15M->12M(15M) 31.859ms
[151.964s][info][gc] GC(7468) Pause Full (Allocation Failure) 15M->12M(15M) 31.543ms
[152.000s][info][gc] GC(7469) Pause Full (Allocation Failure) 15M->12M(15M) 32.027ms
[152.033s][info][gc] GC(7470) Pause Full (Allocation Failure) 15M->12M(15M) 28.180ms
[152.063s][info][gc] GC(7471) Pause Full (Allocation Failure) 15M->12M(15M) 26.401ms
[152.093s][info][gc] GC(7472) Pause Full (Allocation Failure) 15M->12M(15M) 26.616ms
[152.124s][info][gc] GC(7473) Pause Full (Allocation Failure) 15M->12M(15M) 25.961ms
[152.155s][info][gc] GC(7474) Pause Full (Allocation Failure) 15M->12M(15M) 28.011ms
[152.188s][info][gc] GC(7475) Pause Full (Allocation Failure) 15M->12M(15M) 29.265ms
[152.222s][info][gc] GC(7476) Pause Full (Allocation Failure) 15M->12M(15M) 29.749ms
[152.256s][info][gc] GC(7477) Pause Full (Allocation Failure) 15M->12M(15M) 30.457ms
[152.288s][info][gc] GC(7478) Pause Full (Allocation Failure) 15M->12M(15M) 29.265ms
[152.322s][info][gc] GC(7479) Pause Full (Allocation Failure) 15M->12M(15M) 30.250ms
[152.355s][info][gc] GC(7480) Pause Full (Allocation Failure) 15M->12M(15M) 30.004ms
[152.389s][info][gc] GC(7481) Pause Full (Allocation Failure) 15M->12M(15M) 30.122ms
[152.418s][info][gc] GC(7482) Pause Full (Allocation Failure) 15M->12M(15M) 25.622ms
[152.448s][info][gc] GC(7483) Pause Full (Allocation Failure) 15M->12M(15M) 26.044ms
[152.477s][info][gc] GC(7484) Pause Full (Allocation Failure) 15M->12M(15M) 25.720ms
[152.506s][info][gc] GC(7485) Pause Full (Allocation Failure) 15M->12M(15M) 25.324ms
[152.536s][info][gc] GC(7486) Pause Full (Allocation Failure) 15M->12M(15M) 26.127ms
[152.566s][info][gc] GC(7487) Pause Full (Allocation Failure) 15M->12M(15M) 25.611ms
[152.597s][info][gc] GC(7488) Pause Full (Allocation Failure) 15M->12M(15M) 27.368ms
[152.637s][info][gc] GC(7489) Pause Full (Allocation Failure) 15M->12M(15M) 36.639ms
[152.673s][info][gc] GC(7490) Pause Full (Allocation Failure) 15M->12M(15M) 30.924ms
[152.707s][info][gc] GC(7491) Pause Full (Allocation Failure) 15M->12M(15M) 29.767ms
[152.741s][info][gc] GC(7492) Pause Full (Allocation Failure) 15M->12M(15M) 30.087ms
[152.774s][info][gc] GC(7493) Pause Full (Allocation Failure) 15M->12M(15M) 29.564ms
[152.807s][info][gc] GC(7494) Pause Full (Allocation Failure) 15M->12M(15M) 30.012ms
[152.841s][info][gc] GC(7495) Pause Full (Allocation Failure) 15M->12M(15M) 30.158ms
[152.874s][info][gc] GC(7496) Pause Full (Allocation Failure) 15M->12M(15M) 30.082ms
[152.909s][info][gc] GC(7497) Pause Full (Allocation Failure) 15M->12M(15M) 31.410ms
[152.947s][info][gc] GC(7498) Pause Full (Allocation Failure) 15M->12M(15M) 33.779ms
[152.980s][info][gc] GC(7499) Pause Full (Allocation Failure) 15M->12M(15M) 28.160ms
[153.013s][info][gc] GC(7500) Pause Full (Allocation Failure) 15M->12M(15M) 28.328ms
[153.046s][info][gc] GC(7501) Pause Full (Allocation Failure) 15M->12M(15M) 28.840ms
[153.082s][info][gc] GC(7502) Pause Full (Allocation Failure) 15M->12M(15M) 30.738ms
[153.122s][info][gc] GC(7503) Pause Full (Allocation Failure) 15M->12M(15M) 33.838ms
[153.159s][info][gc] GC(7504) Pause Full (Allocation Failure) 15M->12M(15M) 32.348ms
[153.192s][info][gc] GC(7505) Pause Full (Allocation Failure) 15M->12M(15M) 29.599ms
[153.226s][info][gc] GC(7506) Pause Full (Allocation Failure) 15M->12M(15M) 29.569ms
[153.258s][info][gc] GC(7507) Pause Full (Allocation Failure) 15M->12M(15M) 29.219ms
[153.293s][info][gc] GC(7508) Pause Full (Allocation Failure) 15M->12M(15M) 31.739ms
[153.329s][info][gc] GC(7509) Pause Full (Allocation Failure) 15M->12M(15M) 31.729ms
[153.364s][info][gc] GC(7510) Pause Full (Allocation Failure) 15M->12M(15M) 30.339ms
[153.399s][info][gc] GC(7511) Pause Full (Allocation Failure) 15M->12M(15M) 29.043ms
[153.432s][info][gc] GC(7512) Pause Full (Allocation Failure) 15M->12M(15M) 27.794ms
[153.464s][info][gc] GC(7513) Pause Full (Allocation Failure) 15M->12M(15M) 27.783ms
[153.497s][info][gc] GC(7514) Pause Full (Allocation Failure) 15M->12M(15M) 28.463ms
[153.532s][info][gc] GC(7515) Pause Full (Allocation Failure) 15M->12M(15M) 30.774ms
[153.568s][info][gc] GC(7516) Pause Full (Allocation Failure) 15M->12M(15M) 31.624ms
[153.607s][info][gc] GC(7517) Pause Full (Allocation Failure) 15M->12M(15M) 34.270ms
[153.656s][info][gc] GC(7518) Pause Full (Allocation Failure) 15M->12M(15M) 43.753ms
[153.695s][info][gc] GC(7519) Pause Full (Allocation Failure) 15M->12M(15M) 33.135ms
[153.728s][info][gc] GC(7520) Pause Full (Allocation Failure) 15M->12M(15M) 29.495ms
[153.761s][info][gc] GC(7521) Pause Full (Allocation Failure) 15M->12M(15M) 28.879ms
[153.794s][info][gc] GC(7522) Pause Full (Allocation Failure) 15M->12M(15M) 29.025ms
[153.825s][info][gc] GC(7523) Pause Full (Allocation Failure) 15M->12M(15M) 27.796ms
[153.858s][info][gc] GC(7524) Pause Full (Allocation Failure) 15M->12M(15M) 29.287ms
[153.891s][info][gc] GC(7525) Pause Full (Allocation Failure) 15M->12M(15M) 28.928ms
[153.927s][info][gc] GC(7526) Pause Full (Allocation Failure) 15M->12M(15M) 31.404ms
[153.966s][info][gc] GC(7527) Pause Full (Allocation Failure) 15M->12M(15M) 33.905ms
[154.000s][info][gc] GC(7528) Pause Full (Allocation Failure) 15M->12M(15M) 29.159ms
[154.033s][info][gc] GC(7529) Pause Full (Allocation Failure) 15M->12M(15M) 28.539ms
[154.066s][info][gc] GC(7530) Pause Full (Allocation Failure) 15M->12M(15M) 27.649ms
[154.100s][info][gc] GC(7531) Pause Full (Allocation Failure) 15M->12M(15M) 29.786ms
[154.138s][info][gc] GC(7532) Pause Full (Allocation Failure) 15M->12M(15M) 33.162ms
[154.179s][info][gc] GC(7533) Pause Full (Allocation Failure) 15M->12M(15M) 35.417ms
[154.215s][info][gc] GC(7534) Pause Full (Allocation Failure) 15M->12M(15M) 32.220ms
[154.251s][info][gc] GC(7535) Pause Full (Allocation Failure) 15M->12M(15M) 31.749ms
[154.291s][info][gc] GC(7536) Pause Full (Allocation Failure) 15M->12M(15M) 34.463ms
[154.329s][info][gc] GC(7537) Pause Full (Allocation Failure) 15M->12M(15M) 33.513ms
[154.364s][info][gc] GC(7538) Pause Full (Allocation Failure) 15M->12M(15M) 30.219ms
[154.397s][info][gc] GC(7539) Pause Full (Allocation Failure) 15M->12M(15M) 29.368ms
[154.431s][info][gc] GC(7540) Pause Full (Allocation Failure) 15M->12M(15M) 30.421ms
[154.466s][info][gc] GC(7541) Pause Full (Allocation Failure) 15M->12M(15M) 30.362ms
[154.506s][info][gc] GC(7542) Pause Full (Allocation Failure) 15M->12M(15M) 36.198ms
[154.548s][info][gc] GC(7543) Pause Full (Allocation Failure) 15M->12M(15M) 35.747ms
[154.587s][info][gc] GC(7544) Pause Full (Allocation Failure) 15M->12M(15M) 35.278ms
[154.636s][info][gc] GC(7545) Pause Full (Allocation Failure) 15M->12M(15M) 43.368ms
[154.682s][info][gc] GC(7546) Pause Full (Allocation Failure) 15M->12M(15M) 39.967ms
[154.723s][info][gc] GC(7547) Pause Full (Allocation Failure) 15M->12M(15M) 36.588ms
[154.764s][info][gc] GC(7548) Pause Full (Allocation Failure) 15M->12M(15M) 35.351ms
[154.802s][info][gc] GC(7549) Pause Full (Allocation Failure) 15M->12M(15M) 34.330ms
[154.842s][info][gc] GC(7550) Pause Full (Allocation Failure) 15M->12M(15M) 34.047ms
[154.882s][info][gc] GC(7551) Pause Full (Allocation Failure) 15M->12M(15M) 34.958ms
[154.919s][info][gc] GC(7552) Pause Full (Allocation Failure) 15M->12M(15M) 33.796ms
[154.958s][info][gc] GC(7553) Pause Full (Allocation Failure) 15M->12M(15M) 33.102ms
[154.994s][info][gc] GC(7554) Pause Full (Allocation Failure) 15M->12M(15M) 32.208ms
[155.033s][info][gc] GC(7555) Pause Full (Allocation Failure) 15M->12M(15M) 34.013ms
[155.084s][info][gc] GC(7556) Pause Full (Allocation Failure) 15M->12M(15M) 46.888ms
[155.138s][info][gc] GC(7557) Pause Full (Allocation Failure) 15M->12M(15M) 47.361ms
[155.198s][info][gc] GC(7558) Pause Full (Allocation Failure) 15M->12M(15M) 51.138ms
[155.240s][info][gc] GC(7559) Pause Full (Allocation Failure) 15M->12M(15M) 37.220ms
[155.277s][info][gc] GC(7560) Pause Full (Allocation Failure) 15M->12M(15M) 33.005ms
[155.312s][info][gc] GC(7561) Pause Full (Allocation Failure) 15M->12M(15M) 30.129ms
[155.349s][info][gc] GC(7562) Pause Full (Allocation Failure) 15M->12M(15M) 31.834ms
[155.386s][info][gc] GC(7563) Pause Full (Allocation Failure) 15M->12M(15M) 32.521ms
[155.421s][info][gc] GC(7564) Pause Full (Allocation Failure) 15M->12M(15M) 30.225ms
[155.450s][info][gc] GC(7565) Pause Full (Allocation Failure) 15M->12M(15M) 25.870ms
[155.478s][info][gc] GC(7566) Pause Full (Allocation Failure) 15M->12M(15M) 24.032ms
[155.505s][info][gc] GC(7567) Pause Full (Allocation Failure) 15M->12M(15M) 23.119ms
[155.533s][info][gc] GC(7568) Pause Full (Allocation Failure) 15M->12M(15M) 24.799ms
[155.561s][info][gc] GC(7569) Pause Full (Allocation Failure) 15M->12M(15M) 24.347ms
[155.591s][info][gc] GC(7570) Pause Full (Allocation Failure) 15M->12M(15M) 26.650ms
[155.645s][info][gc] GC(7571) Pause Full (Allocation Failure) 15M->12M(15M) 47.604ms
[155.686s][info][gc] GC(7572) Pause Full (Allocation Failure) 15M->12M(15M) 34.604ms
[155.721s][info][gc] GC(7573) Pause Full (Allocation Failure) 15M->12M(15M) 29.896ms
[155.752s][info][gc] GC(7574) Pause Full (Allocation Failure) 15M->12M(15M) 27.328ms
[155.782s][info][gc] GC(7575) Pause Full (Allocation Failure) 15M->12M(15M) 26.778ms
[155.810s][info][gc] GC(7576) Pause Full (Allocation Failure) 15M->12M(15M) 24.005ms
[155.838s][info][gc] GC(7577) Pause Full (Allocation Failure) 15M->12M(15M) 24.346ms
[155.868s][info][gc] GC(7578) Pause Full (Allocation Failure) 15M->12M(15M) 26.345ms
[155.898s][info][gc] GC(7579) Pause Full (Allocation Failure) 15M->12M(15M) 26.862ms
[155.926s][info][gc] GC(7580) Pause Full (Allocation Failure) 15M->12M(15M) 24.246ms
[155.956s][info][gc] GC(7581) Pause Full (Allocation Failure) 15M->12M(15M) 25.423ms
[155.985s][info][gc] GC(7582) Pause Full (Allocation Failure) 15M->12M(15M) 26.191ms
[156.015s][info][gc] GC(7583) Pause Full (Allocation Failure) 15M->12M(15M) 25.830ms
[156.042s][info][gc] GC(7584) Pause Full (Allocation Failure) 15M->12M(15M) 23.387ms
[156.069s][info][gc] GC(7585) Pause Full (Allocation Failure) 15M->12M(15M) 23.564ms
[156.096s][info][gc] GC(7586) Pause Full (Allocation Failure) 15M->12M(15M) 23.558ms
[156.128s][info][gc] GC(7587) Pause Full (Allocation Failure) 15M->12M(15M) 27.660ms
[156.158s][info][gc] GC(7588) Pause Full (Allocation Failure) 15M->12M(15M) 26.840ms
[156.189s][info][gc] GC(7589) Pause Full (Allocation Failure) 15M->12M(15M) 27.649ms
[156.220s][info][gc] GC(7590) Pause Full (Allocation Failure) 15M->12M(15M) 27.101ms
[156.250s][info][gc] GC(7591) Pause Full (Allocation Failure) 15M->12M(15M) 26.052ms
[156.280s][info][gc] GC(7592) Pause Full (Allocation Failure) 15M->12M(15M) 26.117ms
[156.310s][info][gc] GC(7593) Pause Full (Allocation Failure) 15M->12M(15M) 25.583ms
[156.340s][info][gc] GC(7594) Pause Full (Allocation Failure) 15M->12M(15M) 26.261ms
[156.369s][info][gc] GC(7595) Pause Full (Allocation Failure) 15M->12M(15M) 26.009ms
[156.395s][info][gc] GC(7596) Pause Full (Allocation Failure) 15M->12M(15M) 22.886ms
[156.424s][info][gc] GC(7597) Pause Full (Allocation Failure) 15M->12M(15M) 25.823ms
[156.452s][info][gc] GC(7598) Pause Full (Allocation Failure) 15M->12M(15M) 24.750ms
[156.479s][info][gc] GC(7599) Pause Full (Allocation Failure) 15M->12M(15M) 23.156ms
[156.507s][info][gc] GC(7600) Pause Full (Allocation Failure) 15M->12M(15M) 24.330ms
[156.535s][info][gc] GC(7601) Pause Full (Allocation Failure) 15M->12M(15M) 25.143ms
[156.562s][info][gc] GC(7602) Pause Full (Allocation Failure) 15M->12M(15M) 23.128ms
[156.590s][info][gc] GC(7603) Pause Full (Allocation Failure) 15M->12M(15M) 25.162ms
[156.626s][info][gc] GC(7604) Pause Full (Allocation Failure) 15M->12M(15M) 31.831ms
[156.665s][info][gc] GC(7605) Pause Full (Allocation Failure) 15M->12M(15M) 33.965ms
[156.699s][info][gc] GC(7606) Pause Full (Allocation Failure) 15M->12M(15M) 29.386ms
[156.734s][info][gc] GC(7607) Pause Full (Allocation Failure) 15M->12M(15M) 29.779ms
[156.772s][info][gc] GC(7608) Pause Full (Allocation Failure) 15M->12M(15M) 32.884ms
[156.807s][info][gc] GC(7609) Pause Full (Allocation Failure) 15M->12M(15M) 30.788ms
[156.847s][info][gc] GC(7610) Pause Full (Allocation Failure) 15M->12M(15M) 35.824ms
[156.888s][info][gc] GC(7611) Pause Full (Allocation Failure) 15M->12M(15M) 37.025ms
[156.924s][info][gc] GC(7612) Pause Full (Allocation Failure) 15M->12M(15M) 31.973ms
[156.962s][info][gc] GC(7613) Pause Full (Allocation Failure) 15M->12M(15M) 34.271ms
[157.000s][info][gc] GC(7614) Pause Full (Allocation Failure) 15M->12M(15M) 33.230ms
[157.033s][info][gc] GC(7615) Pause Full (Allocation Failure) 15M->12M(15M) 28.537ms
[157.065s][info][gc] GC(7616) Pause Full (Allocation Failure) 15M->12M(15M) 27.462ms
[157.097s][info][gc] GC(7617) Pause Full (Allocation Failure) 15M->12M(15M) 27.525ms
[157.131s][info][gc] GC(7618) Pause Full (Allocation Failure) 15M->12M(15M) 30.004ms
[157.164s][info][gc] GC(7619) Pause Full (Allocation Failure) 15M->12M(15M) 29.086ms
[157.192s][info][gc] GC(7620) Pause Full (Allocation Failure) 15M->12M(15M) 24.741ms
[157.219s][info][gc] GC(7621) Pause Full (Allocation Failure) 15M->12M(15M) 23.513ms
[157.246s][info][gc] GC(7622) Pause Full (Allocation Failure) 15M->12M(15M) 23.567ms
[157.275s][info][gc] GC(7623) Pause Full (Allocation Failure) 15M->12M(15M) 25.584ms
[157.303s][info][gc] GC(7624) Pause Full (Allocation Failure) 15M->12M(15M) 24.226ms
[157.330s][info][gc] GC(7625) Pause Full (Allocation Failure) 15M->12M(15M) 23.810ms
[157.357s][info][gc] GC(7626) Pause Full (Allocation Failure) 15M->12M(15M) 23.941ms
[157.385s][info][gc] GC(7627) Pause Full (Allocation Failure) 15M->12M(15M) 24.330ms
[157.414s][info][gc] GC(7628) Pause Full (Allocation Failure) 15M->12M(15M) 24.698ms
[157.443s][info][gc] GC(7629) Pause Full (Allocation Failure) 15M->12M(15M) 25.545ms
[157.472s][info][gc] GC(7630) Pause Full (Allocation Failure) 15M->12M(15M) 25.141ms
[157.499s][info][gc] GC(7631) Pause Full (Allocation Failure) 15M->12M(15M) 23.626ms
[157.527s][info][gc] GC(7632) Pause Full (Allocation Failure) 15M->12M(15M) 24.439ms
[157.555s][info][gc] GC(7633) Pause Full (Allocation Failure) 15M->12M(15M) 25.155ms
[157.582s][info][gc] GC(7634) Pause Full (Allocation Failure) 15M->12M(15M) 23.470ms
[157.610s][info][gc] GC(7635) Pause Full (Allocation Failure) 15M->12M(15M) 24.750ms
[157.645s][info][gc] GC(7636) Pause Full (Allocation Failure) 15M->12M(15M) 30.560ms
[157.677s][info][gc] GC(7637) Pause Full (Allocation Failure) 15M->12M(15M) 27.713ms
[157.706s][info][gc] GC(7638) Pause Full (Allocation Failure) 15M->12M(15M) 25.565ms
[157.734s][info][gc] GC(7639) Pause Full (Allocation Failure) 15M->12M(15M) 23.968ms
[157.760s][info][gc] GC(7640) Pause Full (Allocation Failure) 15M->12M(15M) 22.945ms
[157.789s][info][gc] GC(7641) Pause Full (Allocation Failure) 15M->12M(15M) 24.705ms
[157.816s][info][gc] GC(7642) Pause Full (Allocation Failure) 15M->12M(15M) 23.618ms
[157.844s][info][gc] GC(7643) Pause Full (Allocation Failure) 15M->12M(15M) 24.061ms
[157.870s][info][gc] GC(7644) Pause Full (Allocation Failure) 15M->12M(15M) 22.520ms
[157.896s][info][gc] GC(7645) Pause Full (Allocation Failure) 15M->12M(15M) 22.681ms
[157.923s][info][gc] GC(7646) Pause Full (Allocation Failure) 15M->12M(15M) 23.701ms
[157.949s][info][gc] GC(7647) Pause Full (Allocation Failure) 15M->12M(15M) 22.732ms
[157.977s][info][gc] GC(7648) Pause Full (Allocation Failure) 15M->12M(15M) 24.093ms
[158.004s][info][gc] GC(7649) Pause Full (Allocation Failure) 15M->12M(15M) 23.296ms
[158.033s][info][gc] GC(7650) Pause Full (Allocation Failure) 15M->12M(15M) 25.141ms
[158.061s][info][gc] GC(7651) Pause Full (Allocation Failure) 15M->12M(15M) 24.228ms
[158.089s][info][gc] GC(7652) Pause Full (Allocation Failure) 15M->12M(15M) 24.332ms
[158.117s][info][gc] GC(7653) Pause Full (Allocation Failure) 15M->12M(15M) 24.565ms
[158.152s][info][gc] GC(7654) Pause Full (Allocation Failure) 15M->12M(15M) 30.725ms
[158.185s][info][gc] GC(7655) Pause Full (Allocation Failure) 15M->12M(15M) 29.332ms
[158.226s][info][gc] GC(7656) Pause Full (Allocation Failure) 15M->12M(15M) 35.662ms
[158.262s][info][gc] GC(7657) Pause Full (Allocation Failure) 15M->12M(15M) 31.376ms
[158.296s][info][gc] GC(7658) Pause Full (Allocation Failure) 15M->12M(15M) 30.120ms
[158.326s][info][gc] GC(7659) Pause Full (Allocation Failure) 15M->12M(15M) 26.712ms
[158.356s][info][gc] GC(7660) Pause Full (Allocation Failure) 15M->12M(15M) 26.261ms
[158.384s][info][gc] GC(7661) Pause Full (Allocation Failure) 15M->12M(15M) 24.111ms
[158.412s][info][gc] GC(7662) Pause Full (Allocation Failure) 15M->12M(15M) 24.891ms
[158.442s][info][gc] GC(7663) Pause Full (Allocation Failure) 15M->12M(15M) 25.847ms
[158.468s][info][gc] GC(7664) Pause Full (Allocation Failure) 15M->12M(15M) 22.982ms
[158.498s][info][gc] GC(7665) Pause Full (Allocation Failure) 15M->12M(15M) 26.798ms
[158.527s][info][gc] GC(7666) Pause Full (Allocation Failure) 15M->12M(15M) 25.633ms
[158.555s][info][gc] GC(7667) Pause Full (Allocation Failure) 15M->12M(15M) 24.808ms
[158.583s][info][gc] GC(7668) Pause Full (Allocation Failure) 15M->12M(15M) 23.526ms
[158.611s][info][gc] GC(7669) Pause Full (Allocation Failure) 15M->12M(15M) 24.748ms
[158.644s][info][gc] GC(7670) Pause Full (Allocation Failure) 15M->12M(15M) 28.803ms
[158.677s][info][gc] GC(7671) Pause Full (Allocation Failure) 15M->12M(15M) 27.658ms
[158.708s][info][gc] GC(7672) Pause Full (Allocation Failure) 15M->12M(15M) 27.291ms
[158.736s][info][gc] GC(7673) Pause Full (Allocation Failure) 15M->12M(15M) 23.593ms
[158.767s][info][gc] GC(7674) Pause Full (Allocation Failure) 15M->12M(15M) 27.435ms
[158.797s][info][gc] GC(7675) Pause Full (Allocation Failure) 15M->12M(15M) 26.719ms
[158.826s][info][gc] GC(7676) Pause Full (Allocation Failure) 15M->12M(15M) 25.117ms
[158.853s][info][gc] GC(7677) Pause Full (Allocation Failure) 15M->12M(15M) 23.754ms
[158.881s][info][gc] GC(7678) Pause Full (Allocation Failure) 15M->12M(15M) 23.885ms
[158.907s][info][gc] GC(7679) Pause Full (Allocation Failure) 15M->12M(15M) 23.397ms
[158.934s][info][gc] GC(7680) Pause Full (Allocation Failure) 15M->12M(15M) 23.018ms
[158.962s][info][gc] GC(7681) Pause Full (Allocation Failure) 15M->12M(15M) 24.957ms
[158.990s][info][gc] GC(7682) Pause Full (Allocation Failure) 15M->12M(15M) 24.357ms
[159.019s][info][gc] GC(7683) Pause Full (Allocation Failure) 15M->12M(15M) 24.193ms
[159.048s][info][gc] GC(7684) Pause Full (Allocation Failure) 15M->12M(15M) 25.839ms
[159.078s][info][gc] GC(7685) Pause Full (Allocation Failure) 15M->12M(15M) 26.995ms
[159.111s][info][gc] GC(7686) Pause Full (Allocation Failure) 15M->12M(15M) 29.254ms
[159.141s][info][gc] GC(7687) Pause Full (Allocation Failure) 15M->12M(15M) 26.715ms
[159.167s][info][gc] GC(7688) Pause Full (Allocation Failure) 15M->12M(15M) 22.043ms
[159.195s][info][gc] GC(7689) Pause Full (Allocation Failure) 15M->12M(15M) 24.512ms
[159.222s][info][gc] GC(7690) Pause Full (Allocation Failure) 15M->12M(15M) 23.287ms
[159.249s][info][gc] GC(7691) Pause Full (Allocation Failure) 15M->12M(15M) 24.237ms
[159.277s][info][gc] GC(7692) Pause Full (Allocation Failure) 15M->12M(15M) 24.510ms
[159.304s][info][gc] GC(7693) Pause Full (Allocation Failure) 15M->12M(15M) 23.677ms
[159.332s][info][gc] GC(7694) Pause Full (Allocation Failure) 15M->12M(15M) 24.344ms
[159.359s][info][gc] GC(7695) Pause Full (Allocation Failure) 15M->12M(15M) 23.240ms
[159.387s][info][gc] GC(7696) Pause Full (Allocation Failure) 15M->12M(15M) 23.886ms
[159.416s][info][gc] GC(7697) Pause Full (Allocation Failure) 15M->12M(15M) 25.290ms
[159.444s][info][gc] GC(7698) Pause Full (Allocation Failure) 15M->12M(15M) 24.673ms
[159.470s][info][gc] GC(7699) Pause Full (Allocation Failure) 15M->12M(15M) 22.960ms
[159.499s][info][gc] GC(7700) Pause Full (Allocation Failure) 15M->12M(15M) 25.683ms
[159.537s][info][gc] GC(7701) Pause Full (Allocation Failure) 15M->12M(15M) 32.434ms
[159.571s][info][gc] GC(7702) Pause Full (Allocation Failure) 15M->12M(15M) 30.295ms
[159.604s][info][gc] GC(7703) Pause Full (Allocation Failure) 15M->12M(15M) 28.018ms
[159.642s][info][gc] GC(7704) Pause Full (Allocation Failure) 15M->12M(15M) 33.807ms
[159.678s][info][gc] GC(7705) Pause Full (Allocation Failure) 15M->12M(15M) 31.037ms
[159.710s][info][gc] GC(7706) Pause Full (Allocation Failure) 15M->12M(15M) 27.483ms
[159.739s][info][gc] GC(7707) Pause Full (Allocation Failure) 15M->12M(15M) 24.449ms
[159.768s][info][gc] GC(7708) Pause Full (Allocation Failure) 15M->12M(15M) 26.664ms
[159.797s][info][gc] GC(7709) Pause Full (Allocation Failure) 15M->12M(15M) 24.936ms
[159.823s][info][gc] GC(7710) Pause Full (Allocation Failure) 15M->12M(15M) 23.662ms
[159.851s][info][gc] GC(7711) Pause Full (Allocation Failure) 15M->12M(15M) 23.669ms
[159.877s][info][gc] GC(7712) Pause Full (Allocation Failure) 15M->12M(15M) 23.679ms
[159.906s][info][gc] GC(7713) Pause Full (Allocation Failure) 15M->12M(15M) 24.991ms
[159.934s][info][gc] GC(7714) Pause Full (Allocation Failure) 15M->12M(15M) 24.364ms
[159.961s][info][gc] GC(7715) Pause Full (Allocation Failure) 15M->12M(15M) 23.367ms
[159.988s][info][gc] GC(7716) Pause Full (Allocation Failure) 15M->12M(15M) 23.203ms
[160.015s][info][gc] GC(7717) Pause Full (Allocation Failure) 15M->12M(15M) 24.036ms
[160.045s][info][gc] GC(7718) Pause Full (Allocation Failure) 15M->12M(15M) 26.129ms
[160.079s][info][gc] GC(7719) Pause Full (Allocation Failure) 15M->12M(15M) 29.717ms
[160.115s][info][gc] GC(7720) Pause Full (Allocation Failure) 15M->12M(15M) 30.573ms
[160.146s][info][gc] GC(7721) Pause Full (Allocation Failure) 15M->12M(15M) 27.873ms
[160.182s][info][gc] GC(7722) Pause Full (Allocation Failure) 15M->12M(15M) 30.838ms
[160.215s][info][gc] GC(7723) Pause Full (Allocation Failure) 15M->12M(15M) 29.740ms
[160.244s][info][gc] GC(7724) Pause Full (Allocation Failure) 15M->12M(15M) 24.947ms
[160.274s][info][gc] GC(7725) Pause Full (Allocation Failure) 15M->12M(15M) 25.621ms
[160.305s][info][gc] GC(7726) Pause Full (Allocation Failure) 15M->12M(15M) 27.264ms
[160.336s][info][gc] GC(7727) Pause Full (Allocation Failure) 15M->12M(15M) 27.918ms
[160.369s][info][gc] GC(7728) Pause Full (Allocation Failure) 15M->12M(15M) 28.700ms
[160.399s][info][gc] GC(7729) Pause Full (Allocation Failure) 15M->12M(15M) 26.083ms
[160.426s][info][gc] GC(7730) Pause Full (Allocation Failure) 15M->12M(15M) 24.000ms
[160.453s][info][gc] GC(7731) Pause Full (Allocation Failure) 15M->12M(15M) 23.597ms
[160.481s][info][gc] GC(7732) Pause Full (Allocation Failure) 15M->12M(15M) 24.818ms
[160.508s][info][gc] GC(7733) Pause Full (Allocation Failure) 15M->12M(15M) 23.437ms
[160.537s][info][gc] GC(7734) Pause Full (Allocation Failure) 15M->12M(15M) 24.712ms
[160.564s][info][gc] GC(7735) Pause Full (Allocation Failure) 15M->12M(15M) 24.118ms
[160.591s][info][gc] GC(7736) Pause Full (Allocation Failure) 15M->12M(15M) 23.978ms
[160.620s][info][gc] GC(7737) Pause Full (Allocation Failure) 15M->12M(15M) 25.047ms
[160.652s][info][gc] GC(7738) Pause Full (Allocation Failure) 15M->12M(15M) 28.174ms
[160.685s][info][gc] GC(7739) Pause Full (Allocation Failure) 15M->12M(15M) 29.259ms
[160.718s][info][gc] GC(7740) Pause Full (Allocation Failure) 15M->12M(15M) 29.363ms
[160.750s][info][gc] GC(7741) Pause Full (Allocation Failure) 15M->12M(15M) 27.949ms
[160.780s][info][gc] GC(7742) Pause Full (Allocation Failure) 15M->12M(15M) 26.175ms
[160.809s][info][gc] GC(7743) Pause Full (Allocation Failure) 15M->12M(15M) 25.083ms
[160.839s][info][gc] GC(7744) Pause Full (Allocation Failure) 15M->12M(15M) 26.257ms
[160.869s][info][gc] GC(7745) Pause Full (Allocation Failure) 15M->12M(15M) 26.632ms
[160.898s][info][gc] GC(7746) Pause Full (Allocation Failure) 15M->12M(15M) 25.575ms
[160.926s][info][gc] GC(7747) Pause Full (Allocation Failure) 15M->12M(15M) 24.845ms
[160.955s][info][gc] GC(7748) Pause Full (Allocation Failure) 15M->12M(15M) 25.457ms
[160.992s][info][gc] GC(7749) Pause Full (Allocation Failure) 15M->12M(15M) 32.649ms
[161.033s][info][gc] GC(7750) Pause Full (Allocation Failure) 15M->12M(15M) 36.049ms
[161.080s][info][gc] GC(7751) Pause Full (Allocation Failure) 15M->12M(15M) 42.221ms
[161.120s][info][gc] GC(7752) Pause Full (Allocation Failure) 15M->12M(15M) 35.169ms
[161.164s][info][gc] GC(7753) Pause Full (Allocation Failure) 15M->12M(15M) 39.277ms
[161.211s][info][gc] GC(7754) Pause Full (Allocation Failure) 15M->12M(15M) 41.565ms
[161.255s][info][gc] GC(7755) Pause Full (Allocation Failure) 15M->12M(15M) 39.934ms
[161.293s][info][gc] GC(7756) Pause Full (Allocation Failure) 15M->12M(15M) 33.679ms
[161.333s][info][gc] GC(7757) Pause Full (Allocation Failure) 15M->12M(15M) 34.541ms
[161.371s][info][gc] GC(7758) Pause Full (Allocation Failure) 15M->12M(15M) 33.625ms
[161.410s][info][gc] GC(7759) Pause Full (Allocation Failure) 15M->12M(15M) 35.076ms
[161.472s][info][gc] GC(7760) Pause Full (Allocation Failure) 15M->12M(15M) 56.140ms
[161.536s][info][gc] GC(7761) Pause Full (Allocation Failure) 15M->12M(15M) 57.095ms
[161.590s][info][gc] GC(7762) Pause Full (Allocation Failure) 15M->12M(15M) 47.436ms
[161.630s][info][gc] GC(7763) Pause Full (Allocation Failure) 15M->12M(15M) 35.255ms
[161.672s][info][gc] GC(7764) Pause Full (Allocation Failure) 15M->12M(15M) 37.557ms
[161.709s][info][gc] GC(7765) Pause Full (Allocation Failure) 15M->12M(15M) 33.066ms
[161.750s][info][gc] GC(7766) Pause Full (Allocation Failure) 15M->12M(15M) 35.727ms
[161.799s][info][gc] GC(7767) Pause Full (Allocation Failure) 15M->12M(15M) 43.876ms
[161.843s][info][gc] GC(7768) Pause Full (Allocation Failure) 15M->12M(15M) 37.960ms
[161.882s][info][gc] GC(7769) Pause Full (Allocation Failure) 15M->12M(15M) 34.001ms
[161.917s][info][gc] GC(7770) Pause Full (Allocation Failure) 15M->12M(15M) 30.800ms
[161.952s][info][gc] GC(7771) Pause Full (Allocation Failure) 15M->12M(15M) 31.042ms
[161.988s][info][gc] GC(7772) Pause Full (Allocation Failure) 15M->12M(15M) 31.364ms
[162.022s][info][gc] GC(7773) Pause Full (Allocation Failure) 15M->12M(15M) 30.712ms
[162.057s][info][gc] GC(7774) Pause Full (Allocation Failure) 15M->12M(15M) 31.018ms
[162.095s][info][gc] GC(7775) Pause Full (Allocation Failure) 15M->12M(15M) 34.741ms
[162.132s][info][gc] GC(7776) Pause Full (Allocation Failure) 15M->12M(15M) 32.645ms
[162.167s][info][gc] GC(7777) Pause Full (Allocation Failure) 15M->12M(15M) 31.181ms
[162.205s][info][gc] GC(7778) Pause Full (Allocation Failure) 15M->12M(15M) 33.259ms
[162.243s][info][gc] GC(7779) Pause Full (Allocation Failure) 15M->12M(15M) 34.306ms
[162.284s][info][gc] GC(7780) Pause Full (Allocation Failure) 15M->12M(15M) 36.267ms
[162.322s][info][gc] GC(7781) Pause Full (Allocation Failure) 15M->12M(15M) 33.051ms
[162.357s][info][gc] GC(7782) Pause Full (Allocation Failure) 15M->12M(15M) 31.026ms
[162.391s][info][gc] GC(7783) Pause Full (Allocation Failure) 15M->12M(15M) 30.043ms
[162.425s][info][gc] GC(7784) Pause Full (Allocation Failure) 15M->12M(15M) 31.218ms
[162.463s][info][gc] GC(7785) Pause Full (Allocation Failure) 15M->12M(15M) 33.180ms
[162.500s][info][gc] GC(7786) Pause Full (Allocation Failure) 15M->12M(15M) 32.876ms
[162.534s][info][gc] GC(7787) Pause Full (Allocation Failure) 15M->12M(15M) 30.053ms
[162.569s][info][gc] GC(7788) Pause Full (Allocation Failure) 15M->12M(15M) 30.994ms
[162.605s][info][gc] GC(7789) Pause Full (Allocation Failure) 15M->12M(15M) 31.719ms
[162.642s][info][gc] GC(7790) Pause Full (Allocation Failure) 15M->12M(15M) 33.669ms
[162.685s][info][gc] GC(7791) Pause Full (Allocation Failure) 15M->12M(15M) 37.304ms
[162.721s][info][gc] GC(7792) Pause Full (Allocation Failure) 15M->12M(15M) 31.539ms
[162.756s][info][gc] GC(7793) Pause Full (Allocation Failure) 15M->12M(15M) 31.669ms
[162.790s][info][gc] GC(7794) Pause Full (Allocation Failure) 15M->12M(15M) 30.315ms
[162.823s][info][gc] GC(7795) Pause Full (Allocation Failure) 15M->12M(15M) 30.235ms
[162.856s][info][gc] GC(7796) Pause Full (Allocation Failure) 15M->12M(15M) 30.054ms
[162.888s][info][gc] GC(7797) Pause Full (Allocation Failure) 15M->12M(15M) 28.489ms
[162.919s][info][gc] GC(7798) Pause Full (Allocation Failure) 15M->12M(15M) 27.899ms
[162.952s][info][gc] GC(7799) Pause Full (Allocation Failure) 15M->12M(15M) 28.913ms
[162.991s][info][gc] GC(7800) Pause Full (Allocation Failure) 15M->12M(15M) 34.133ms
[163.025s][info][gc] GC(7801) Pause Full (Allocation Failure) 15M->12M(15M) 30.582ms
[163.059s][info][gc] GC(7802) Pause Full (Allocation Failure) 15M->12M(15M) 29.906ms
[163.093s][info][gc] GC(7803) Pause Full (Allocation Failure) 15M->12M(15M) 29.505ms
[163.129s][info][gc] GC(7804) Pause Full (Allocation Failure) 15M->12M(15M) 32.494ms
[163.169s][info][gc] GC(7805) Pause Full (Allocation Failure) 15M->12M(15M) 34.401ms
[163.209s][info][gc] GC(7806) Pause Full (Allocation Failure) 15M->12M(15M) 35.204ms
[163.248s][info][gc] GC(7807) Pause Full (Allocation Failure) 15M->12M(15M) 35.559ms
[163.288s][info][gc] GC(7808) Pause Full (Allocation Failure) 15M->12M(15M) 35.483ms
[163.328s][info][gc] GC(7809) Pause Full (Allocation Failure) 15M->12M(15M) 34.803ms
[163.370s][info][gc] GC(7810) Pause Full (Allocation Failure) 15M->12M(15M) 38.506ms
[163.410s][info][gc] GC(7811) Pause Full (Allocation Failure) 15M->12M(15M) 34.761ms
[163.448s][info][gc] GC(7812) Pause Full (Allocation Failure) 15M->12M(15M) 33.734ms
[163.487s][info][gc] GC(7813) Pause Full (Allocation Failure) 15M->12M(15M) 33.918ms
[163.522s][info][gc] GC(7814) Pause Full (Allocation Failure) 15M->12M(15M) 29.690ms
[163.555s][info][gc] GC(7815) Pause Full (Allocation Failure) 15M->12M(15M) 29.110ms
[163.592s][info][gc] GC(7816) Pause Full (Allocation Failure) 15M->12M(15M) 32.747ms
[163.626s][info][gc] GC(7817) Pause Full (Allocation Failure) 15M->12M(15M) 30.222ms
[163.668s][info][gc] GC(7818) Pause Full (Allocation Failure) 15M->12M(15M) 38.087ms
[163.711s][info][gc] GC(7819) Pause Full (Allocation Failure) 15M->12M(15M) 37.727ms
[163.750s][info][gc] GC(7820) Pause Full (Allocation Failure) 15M->12M(15M) 34.696ms
[163.789s][info][gc] GC(7821) Pause Full (Allocation Failure) 15M->12M(15M) 33.106ms
[163.823s][info][gc] GC(7822) Pause Full (Allocation Failure) 15M->12M(15M) 30.043ms
[163.856s][info][gc] GC(7823) Pause Full (Allocation Failure) 15M->12M(15M) 29.013ms
[163.888s][info][gc] GC(7824) Pause Full (Allocation Failure) 15M->12M(15M) 27.986ms
[163.921s][info][gc] GC(7825) Pause Full (Allocation Failure) 15M->12M(15M) 28.762ms
[163.953s][info][gc] GC(7826) Pause Full (Allocation Failure) 15M->12M(15M) 28.168ms
[163.984s][info][gc] GC(7827) Pause Full (Allocation Failure) 15M->12M(15M) 27.698ms
[164.016s][info][gc] GC(7828) Pause Full (Allocation Failure) 15M->12M(15M) 27.357ms
[164.047s][info][gc] GC(7829) Pause Full (Allocation Failure) 15M->12M(15M) 27.673ms
[164.078s][info][gc] GC(7830) Pause Full (Allocation Failure) 15M->12M(15M) 26.900ms
[164.111s][info][gc] GC(7831) Pause Full (Allocation Failure) 15M->12M(15M) 29.409ms
[164.145s][info][gc] GC(7832) Pause Full (Allocation Failure) 15M->12M(15M) 31.026ms
[164.179s][info][gc] GC(7833) Pause Full (Allocation Failure) 15M->12M(15M) 29.649ms
[164.212s][info][gc] GC(7834) Pause Full (Allocation Failure) 15M->12M(15M) 29.606ms
[164.245s][info][gc] GC(7835) Pause Full (Allocation Failure) 15M->12M(15M) 29.990ms
[164.278s][info][gc] GC(7836) Pause Full (Allocation Failure) 15M->12M(15M) 29.498ms
[164.311s][info][gc] GC(7837) Pause Full (Allocation Failure) 15M->12M(15M) 29.579ms
[164.345s][info][gc] GC(7838) Pause Full (Allocation Failure) 15M->12M(15M) 30.814ms
[164.377s][info][gc] GC(7839) Pause Full (Allocation Failure) 15M->12M(15M) 29.513ms
[164.411s][info][gc] GC(7840) Pause Full (Allocation Failure) 15M->12M(15M) 30.548ms
[164.444s][info][gc] GC(7841) Pause Full (Allocation Failure) 15M->12M(15M) 30.115ms
[164.476s][info][gc] GC(7842) Pause Full (Allocation Failure) 15M->12M(15M) 28.803ms
[164.507s][info][gc] GC(7843) Pause Full (Allocation Failure) 15M->12M(15M) 27.299ms
[164.538s][info][gc] GC(7844) Pause Full (Allocation Failure) 15M->12M(15M) 26.970ms
[164.568s][info][gc] GC(7845) Pause Full (Allocation Failure) 15M->12M(15M) 26.053ms
[164.600s][info][gc] GC(7846) Pause Full (Allocation Failure) 15M->12M(15M) 28.669ms
[164.634s][info][gc] GC(7847) Pause Full (Allocation Failure) 15M->12M(15M) 29.822ms
[164.673s][info][gc] GC(7848) Pause Full (Allocation Failure) 15M->12M(15M) 34.086ms
[164.708s][info][gc] GC(7849) Pause Full (Allocation Failure) 15M->12M(15M) 30.027ms
[164.741s][info][gc] GC(7850) Pause Full (Allocation Failure) 15M->12M(15M) 29.121ms
[164.773s][info][gc] GC(7851) Pause Full (Allocation Failure) 15M->12M(15M) 28.906ms
[164.804s][info][gc] GC(7852) Pause Full (Allocation Failure) 15M->12M(15M) 27.443ms
[164.835s][info][gc] GC(7853) Pause Full (Allocation Failure) 15M->12M(15M) 27.120ms
[164.866s][info][gc] GC(7854) Pause Full (Allocation Failure) 15M->12M(15M) 27.018ms
[164.897s][info][gc] GC(7855) Pause Full (Allocation Failure) 15M->12M(15M) 27.902ms
[164.928s][info][gc] GC(7856) Pause Full (Allocation Failure) 15M->12M(15M) 27.525ms
[164.959s][info][gc] GC(7857) Pause Full (Allocation Failure) 15M->12M(15M) 27.381ms
[164.990s][info][gc] GC(7858) Pause Full (Allocation Failure) 15M->12M(15M) 27.491ms
[165.019s][info][gc] GC(7859) Pause Full (Allocation Failure) 15M->12M(15M) 25.583ms
[165.050s][info][gc] GC(7860) Pause Full (Allocation Failure) 15M->12M(15M) 27.441ms
[165.082s][info][gc] GC(7861) Pause Full (Allocation Failure) 15M->12M(15M) 27.542ms
[165.113s][info][gc] GC(7862) Pause Full (Allocation Failure) 15M->12M(15M) 28.595ms
[165.146s][info][gc] GC(7863) Pause Full (Allocation Failure) 15M->12M(15M) 29.344ms
[165.176s][info][gc] GC(7864) Pause Full (Allocation Failure) 15M->12M(15M) 27.031ms
[165.207s][info][gc] GC(7865) Pause Full (Allocation Failure) 15M->12M(15M) 27.220ms
[165.238s][info][gc] GC(7866) Pause Full (Allocation Failure) 15M->12M(15M) 28.095ms
[165.270s][info][gc] GC(7867) Pause Full (Allocation Failure) 15M->12M(15M) 27.517ms
[165.301s][info][gc] GC(7868) Pause Full (Allocation Failure) 15M->12M(15M) 27.266ms
[165.333s][info][gc] GC(7869) Pause Full (Allocation Failure) 15M->12M(15M) 28.409ms
[165.364s][info][gc] GC(7870) Pause Full (Allocation Failure) 15M->12M(15M) 28.024ms
[165.396s][info][gc] GC(7871) Pause Full (Allocation Failure) 15M->12M(15M) 26.979ms
[165.426s][info][gc] GC(7872) Pause Full (Allocation Failure) 15M->12M(15M) 26.973ms
[165.457s][info][gc] GC(7873) Pause Full (Allocation Failure) 15M->12M(15M) 27.247ms
[165.487s][info][gc] GC(7874) Pause Full (Allocation Failure) 15M->12M(15M) 26.447ms
[165.517s][info][gc] GC(7875) Pause Full (Allocation Failure) 15M->12M(15M) 26.150ms
[165.549s][info][gc] GC(7876) Pause Full (Allocation Failure) 15M->12M(15M) 29.219ms
[165.586s][info][gc] GC(7877) Pause Full (Allocation Failure) 15M->12M(15M) 32.735ms
[165.621s][info][gc] GC(7878) Pause Full (Allocation Failure) 15M->12M(15M) 31.148ms
[165.663s][info][gc] GC(7879) Pause Full (Allocation Failure) 15M->12M(15M) 38.302ms
[165.709s][info][gc] GC(7880) Pause Full (Allocation Failure) 15M->12M(15M) 39.192ms
[165.748s][info][gc] GC(7881) Pause Full (Allocation Failure) 15M->12M(15M) 34.280ms
[165.784s][info][gc] GC(7882) Pause Full (Allocation Failure) 15M->12M(15M) 32.307ms
[165.822s][info][gc] GC(7883) Pause Full (Allocation Failure) 15M->12M(15M) 34.143ms
[165.859s][info][gc] GC(7884) Pause Full (Allocation Failure) 15M->12M(15M) 32.530ms
[165.896s][info][gc] GC(7885) Pause Full (Allocation Failure) 15M->12M(15M) 32.868ms
[165.931s][info][gc] GC(7886) Pause Full (Allocation Failure) 15M->12M(15M) 31.629ms
[165.970s][info][gc] GC(7887) Pause Full (Allocation Failure) 15M->12M(15M) 34.540ms
[166.009s][info][gc] GC(7888) Pause Full (Allocation Failure) 15M->12M(15M) 35.175ms
[166.046s][info][gc] GC(7889) Pause Full (Allocation Failure) 15M->12M(15M) 32.690ms
[166.081s][info][gc] GC(7890) Pause Full (Allocation Failure) 15M->12M(15M) 30.230ms
[166.117s][info][gc] GC(7891) Pause Full (Allocation Failure) 15M->12M(15M) 32.238ms
[166.153s][info][gc] GC(7892) Pause Full (Allocation Failure) 15M->12M(15M) 31.452ms
[166.187s][info][gc] GC(7893) Pause Full (Allocation Failure) 15M->12M(15M) 30.265ms
[166.221s][info][gc] GC(7894) Pause Full (Allocation Failure) 15M->12M(15M) 30.020ms
[166.254s][info][gc] GC(7895) Pause Full (Allocation Failure) 15M->12M(15M) 30.006ms
[166.294s][info][gc] GC(7896) Pause Full (Allocation Failure) 15M->12M(15M) 34.710ms
[166.331s][info][gc] GC(7897) Pause Full (Allocation Failure) 15M->12M(15M) 32.253ms
[166.368s][info][gc] GC(7898) Pause Full (Allocation Failure) 15M->12M(15M) 32.626ms
[166.402s][info][gc] GC(7899) Pause Full (Allocation Failure) 15M->12M(15M) 30.866ms
[166.436s][info][gc] GC(7900) Pause Full (Allocation Failure) 15M->12M(15M) 29.979ms
[166.480s][info][gc] GC(7901) Pause Full (Allocation Failure) 15M->12M(15M) 39.455ms
[166.522s][info][gc] GC(7902) Pause Full (Allocation Failure) 15M->12M(15M) 37.133ms
[166.560s][info][gc] GC(7903) Pause Full (Allocation Failure) 15M->12M(15M) 33.160ms
[166.597s][info][gc] GC(7904) Pause Full (Allocation Failure) 15M->12M(15M) 32.222ms
[166.631s][info][gc] GC(7905) Pause Full (Allocation Failure) 15M->12M(15M) 30.033ms
[166.675s][info][gc] GC(7906) Pause Full (Allocation Failure) 15M->12M(15M) 40.022ms
[166.720s][info][gc] GC(7907) Pause Full (Allocation Failure) 15M->12M(15M) 38.678ms
[166.757s][info][gc] GC(7908) Pause Full (Allocation Failure) 15M->12M(15M) 33.292ms
[166.792s][info][gc] GC(7909) Pause Full (Allocation Failure) 15M->12M(15M) 30.045ms
[166.828s][info][gc] GC(7910) Pause Full (Allocation Failure) 15M->12M(15M) 31.708ms
[166.865s][info][gc] GC(7911) Pause Full (Allocation Failure) 15M->12M(15M) 32.921ms
[166.904s][info][gc] GC(7912) Pause Full (Allocation Failure) 15M->12M(15M) 33.416ms
[166.940s][info][gc] GC(7913) Pause Full (Allocation Failure) 15M->12M(15M) 33.046ms
[166.976s][info][gc] GC(7914) Pause Full (Allocation Failure) 15M->12M(15M) 30.877ms
[167.016s][info][gc] GC(7915) Pause Full (Allocation Failure) 15M->12M(15M) 34.879ms
[167.054s][info][gc] GC(7916) Pause Full (Allocation Failure) 15M->12M(15M) 33.447ms
[167.091s][info][gc] GC(7917) Pause Full (Allocation Failure) 15M->12M(15M) 32.926ms
[167.127s][info][gc] GC(7918) Pause Full (Allocation Failure) 15M->12M(15M) 30.348ms
[167.163s][info][gc] GC(7919) Pause Full (Allocation Failure) 15M->12M(15M) 30.868ms
[167.197s][info][gc] GC(7920) Pause Full (Allocation Failure) 15M->12M(15M) 30.650ms
[167.233s][info][gc] GC(7921) Pause Full (Allocation Failure) 15M->12M(15M) 31.336ms
[167.266s][info][gc] GC(7922) Pause Full (Allocation Failure) 15M->12M(15M) 29.038ms
[167.299s][info][gc] GC(7923) Pause Full (Allocation Failure) 15M->12M(15M) 28.662ms
[167.332s][info][gc] GC(7924) Pause Full (Allocation Failure) 15M->12M(15M) 28.989ms
[167.362s][info][gc] GC(7925) Pause Full (Allocation Failure) 15M->12M(15M) 27.180ms
[167.394s][info][gc] GC(7926) Pause Full (Allocation Failure) 15M->12M(15M) 27.470ms
[167.426s][info][gc] GC(7927) Pause Full (Allocation Failure) 15M->12M(15M) 27.540ms
[167.457s][info][gc] GC(7928) Pause Full (Allocation Failure) 15M->12M(15M) 27.301ms
[167.489s][info][gc] GC(7929) Pause Full (Allocation Failure) 15M->12M(15M) 28.794ms
[167.522s][info][gc] GC(7930) Pause Full (Allocation Failure) 15M->12M(15M) 29.197ms
[167.555s][info][gc] GC(7931) Pause Full (Allocation Failure) 15M->12M(15M) 29.567ms
[167.588s][info][gc] GC(7932) Pause Full (Allocation Failure) 15M->12M(15M) 29.828ms
[167.623s][info][gc] GC(7933) Pause Full (Allocation Failure) 15M->12M(15M) 31.231ms
[167.666s][info][gc] GC(7934) Pause Full (Allocation Failure) 15M->12M(15M) 39.460ms
[167.708s][info][gc] GC(7935) Pause Full (Allocation Failure) 15M->12M(15M) 37.307ms
[167.745s][info][gc] GC(7936) Pause Full (Allocation Failure) 15M->12M(15M) 32.129ms
[167.779s][info][gc] GC(7937) Pause Full (Allocation Failure) 15M->12M(15M) 29.122ms
[167.811s][info][gc] GC(7938) Pause Full (Allocation Failure) 15M->12M(15M) 28.136ms
[167.844s][info][gc] GC(7939) Pause Full (Allocation Failure) 15M->12M(15M) 28.112ms
[167.876s][info][gc] GC(7940) Pause Full (Allocation Failure) 15M->12M(15M) 27.954ms
[167.907s][info][gc] GC(7941) Pause Full (Allocation Failure) 15M->12M(15M) 27.923ms
[167.940s][info][gc] GC(7942) Pause Full (Allocation Failure) 15M->12M(15M) 29.324ms
[167.972s][info][gc] GC(7943) Pause Full (Allocation Failure) 15M->12M(15M) 28.820ms
[168.007s][info][gc] GC(7944) Pause Full (Allocation Failure) 15M->12M(15M) 32.012ms
[168.044s][info][gc] GC(7945) Pause Full (Allocation Failure) 15M->12M(15M) 33.169ms
[168.082s][info][gc] GC(7946) Pause Full (Allocation Failure) 15M->12M(15M) 33.650ms
[168.119s][info][gc] GC(7947) Pause Full (Allocation Failure) 15M->12M(15M) 32.785ms
[168.152s][info][gc] GC(7948) Pause Full (Allocation Failure) 15M->12M(15M) 28.793ms
[168.185s][info][gc] GC(7949) Pause Full (Allocation Failure) 15M->12M(15M) 29.025ms
[168.217s][info][gc] GC(7950) Pause Full (Allocation Failure) 15M->12M(15M) 28.632ms
[168.251s][info][gc] GC(7951) Pause Full (Allocation Failure) 15M->12M(15M) 30.770ms
[168.286s][info][gc] GC(7952) Pause Full (Allocation Failure) 15M->12M(15M) 31.099ms
[168.319s][info][gc] GC(7953) Pause Full (Allocation Failure) 15M->12M(15M) 28.595ms
[168.349s][info][gc] GC(7954) Pause Full (Allocation Failure) 15M->12M(15M) 27.169ms
[168.380s][info][gc] GC(7955) Pause Full (Allocation Failure) 15M->12M(15M) 27.221ms
[168.414s][info][gc] GC(7956) Pause Full (Allocation Failure) 15M->12M(15M) 29.180ms
[168.447s][info][gc] GC(7957) Pause Full (Allocation Failure) 15M->12M(15M) 29.560ms
[168.480s][info][gc] GC(7958) Pause Full (Allocation Failure) 15M->12M(15M) 28.422ms
[168.512s][info][gc] GC(7959) Pause Full (Allocation Failure) 15M->12M(15M) 27.638ms
[168.543s][info][gc] GC(7960) Pause Full (Allocation Failure) 15M->12M(15M) 27.541ms
[168.578s][info][gc] GC(7961) Pause Full (Allocation Failure) 15M->12M(15M) 32.020ms
[168.621s][info][gc] GC(7962) Pause Full (Allocation Failure) 15M->12M(15M) 37.212ms
[168.661s][info][gc] GC(7963) Pause Full (Allocation Failure) 15M->12M(15M) 35.423ms
[168.704s][info][gc] GC(7964) Pause Full (Allocation Failure) 15M->12M(15M) 38.632ms
[168.739s][info][gc] GC(7965) Pause Full (Allocation Failure) 15M->12M(15M) 30.567ms
[168.772s][info][gc] GC(7966) Pause Full (Allocation Failure) 15M->12M(15M) 29.311ms
[168.804s][info][gc] GC(7967) Pause Full (Allocation Failure) 15M->12M(15M) 27.996ms
[168.837s][info][gc] GC(7968) Pause Full (Allocation Failure) 15M->12M(15M) 29.368ms
[168.867s][info][gc] GC(7969) Pause Full (Allocation Failure) 15M->12M(15M) 26.675ms
[168.898s][info][gc] GC(7970) Pause Full (Allocation Failure) 15M->12M(15M) 27.311ms
[168.929s][info][gc] GC(7971) Pause Full (Allocation Failure) 15M->12M(15M) 27.014ms
[168.961s][info][gc] GC(7972) Pause Full (Allocation Failure) 15M->12M(15M) 27.968ms
[168.993s][info][gc] GC(7973) Pause Full (Allocation Failure) 15M->12M(15M) 29.143ms
[169.025s][info][gc] GC(7974) Pause Full (Allocation Failure) 15M->12M(15M) 28.802ms
[169.056s][info][gc] GC(7975) Pause Full (Allocation Failure) 15M->12M(15M) 27.535ms
[169.088s][info][gc] GC(7976) Pause Full (Allocation Failure) 15M->12M(15M) 28.741ms
[169.121s][info][gc] GC(7977) Pause Full (Allocation Failure) 15M->12M(15M) 28.592ms
[169.152s][info][gc] GC(7978) Pause Full (Allocation Failure) 15M->12M(15M) 27.146ms
[169.183s][info][gc] GC(7979) Pause Full (Allocation Failure) 15M->12M(15M) 27.633ms
[169.214s][info][gc] GC(7980) Pause Full (Allocation Failure) 15M->12M(15M) 27.676ms
[169.247s][info][gc] GC(7981) Pause Full (Allocation Failure) 15M->12M(15M) 28.470ms
[169.278s][info][gc] GC(7982) Pause Full (Allocation Failure) 15M->12M(15M) 28.058ms
[169.311s][info][gc] GC(7983) Pause Full (Allocation Failure) 15M->12M(15M) 29.160ms
[169.344s][info][gc] GC(7984) Pause Full (Allocation Failure) 15M->12M(15M) 29.627ms
[169.374s][info][gc] GC(7985) Pause Full (Allocation Failure) 15M->12M(15M) 27.638ms
[169.406s][info][gc] GC(7986) Pause Full (Allocation Failure) 15M->12M(15M) 28.289ms
[169.437s][info][gc] GC(7987) Pause Full (Allocation Failure) 15M->12M(15M) 26.967ms
[169.471s][info][gc] GC(7988) Pause Full (Allocation Failure) 15M->12M(15M) 29.933ms
[169.503s][info][gc] GC(7989) Pause Full (Allocation Failure) 15M->13M(15M) 27.969ms
[169.534s][info][gc] GC(7990) Pause Full (Allocation Failure) 15M->12M(15M) 27.356ms
[169.565s][info][gc] GC(7991) Pause Full (Allocation Failure) 15M->13M(15M) 27.190ms
[169.595s][info][gc] GC(7992) Pause Full (Allocation Failure) 15M->12M(15M) 27.129ms
[169.627s][info][gc] GC(7993) Pause Full (Allocation Failure) 15M->12M(15M) 29.288ms
[169.660s][info][gc] GC(7994) Pause Full (Allocation Failure) 15M->12M(15M) 29.621ms
[169.704s][info][gc] GC(7995) Pause Full (Allocation Failure) 15M->13M(15M) 39.657ms
[169.741s][info][gc] GC(7996) Pause Full (Allocation Failure) 15M->12M(15M) 32.875ms
[169.779s][info][gc] GC(7997) Pause Full (Allocation Failure) 15M->12M(15M) 32.767ms
[169.813s][info][gc] GC(7998) Pause Full (Allocation Failure) 15M->13M(15M) 30.332ms
[169.846s][info][gc] GC(7999) Pause Full (Allocation Failure) 15M->12M(15M) 29.815ms
[169.879s][info][gc] GC(8000) Pause Full (Allocation Failure) 15M->12M(15M) 30.371ms
[169.913s][info][gc] GC(8001) Pause Full (Allocation Failure) 15M->13M(15M) 30.116ms
[169.946s][info][gc] GC(8002) Pause Full (Allocation Failure) 15M->12M(15M) 30.363ms
[169.979s][info][gc] GC(8003) Pause Full (Allocation Failure) 15M->12M(15M) 30.099ms
[170.013s][info][gc] GC(8004) Pause Full (Allocation Failure) 15M->13M(15M) 30.733ms
[170.047s][info][gc] GC(8005) Pause Full (Allocation Failure) 15M->12M(15M) 29.835ms
[170.080s][info][gc] GC(8006) Pause Full (Allocation Failure) 15M->12M(15M) 30.288ms
[170.113s][info][gc] GC(8007) Pause Full (Allocation Failure) 15M->13M(15M) 29.733ms
[170.147s][info][gc] GC(8008) Pause Full (Allocation Failure) 15M->12M(15M) 30.463ms
[170.180s][info][gc] GC(8009) Pause Full (Allocation Failure) 15M->13M(15M) 30.312ms
[170.214s][info][gc] GC(8010) Pause Full (Allocation Failure) 15M->12M(15M) 30.451ms
[170.247s][info][gc] GC(8011) Pause Full (Allocation Failure) 15M->13M(15M) 30.865ms
[170.280s][info][gc] GC(8012) Pause Full (Allocation Failure) 15M->12M(15M) 29.824ms
[170.313s][info][gc] GC(8013) Pause Full (Allocation Failure) 15M->12M(15M) 30.037ms
[170.348s][info][gc] GC(8014) Pause Full (Allocation Failure) 15M->13M(15M) 31.121ms
[170.381s][info][gc] GC(8015) Pause Full (Allocation Failure) 15M->12M(15M) 30.130ms
[170.414s][info][gc] GC(8016) Pause Full (Allocation Failure) 15M->12M(15M) 30.009ms
[170.444s][info][gc] GC(8017) Pause Full (Allocation Failure) 15M->13M(15M) 26.692ms
[170.474s][info][gc] GC(8018) Pause Full (Allocation Failure) 15M->13M(15M) 26.291ms
[170.504s][info][gc] GC(8019) Pause Full (Allocation Failure) 15M->13M(15M) 26.651ms
[170.534s][info][gc] GC(8020) Pause Full (Allocation Failure) 15M->13M(15M) 26.653ms
[170.563s][info][gc] GC(8021) Pause Full (Allocation Failure) 15M->13M(15M) 25.484ms
[170.592s][info][gc] GC(8022) Pause Full (Allocation Failure) 15M->12M(15M) 25.672ms
[170.621s][info][gc] GC(8023) Pause Full (Allocation Failure) 15M->13M(15M) 25.862ms
[170.650s][info][gc] GC(8024) Pause Full (Allocation Failure) 15M->13M(15M) 25.117ms
[170.683s][info][gc] GC(8025) Pause Full (Allocation Failure) 15M->13M(15M) 29.326ms
[170.717s][info][gc] GC(8026) Pause Full (Allocation Failure) 15M->12M(15M) 30.213ms
[170.749s][info][gc] GC(8027) Pause Full (Allocation Failure) 15M->13M(15M) 28.283ms
[170.780s][info][gc] GC(8028) Pause Full (Allocation Failure) 15M->12M(15M) 27.462ms
[170.811s][info][gc] GC(8029) Pause Full (Allocation Failure) 15M->13M(15M) 27.950ms
[170.843s][info][gc] GC(8030) Pause Full (Allocation Failure) 15M->13M(15M) 28.063ms
[170.873s][info][gc] GC(8031) Pause Full (Allocation Failure) 15M->13M(15M) 26.374ms
[170.904s][info][gc] GC(8032) Pause Full (Allocation Failure) 15M->13M(15M) 27.131ms
[170.937s][info][gc] GC(8033) Pause Full (Allocation Failure) 15M->13M(15M) 28.257ms
[170.969s][info][gc] GC(8034) Pause Full (Allocation Failure) 15M->13M(15M) 28.429ms
[171.000s][info][gc] GC(8035) Pause Full (Allocation Failure) 15M->13M(15M) 27.924ms
[171.033s][info][gc] GC(8036) Pause Full (Allocation Failure) 15M->13M(15M) 29.451ms
[171.067s][info][gc] GC(8037) Pause Full (Allocation Failure) 15M->13M(15M) 30.283ms
[171.100s][info][gc] GC(8038) Pause Full (Allocation Failure) 15M->13M(15M) 29.800ms
[171.134s][info][gc] GC(8039) Pause Full (Allocation Failure) 15M->13M(15M) 30.843ms
[171.167s][info][gc] GC(8040) Pause Full (Allocation Failure) 15M->12M(15M) 30.461ms
[171.201s][info][gc] GC(8041) Pause Full (Allocation Failure) 15M->13M(15M) 30.356ms
[171.234s][info][gc] GC(8042) Pause Full (Allocation Failure) 15M->13M(15M) 30.252ms
[171.268s][info][gc] GC(8043) Pause Full (Allocation Failure) 15M->13M(15M) 29.600ms
[171.301s][info][gc] GC(8044) Pause Full (Allocation Failure) 15M->12M(15M) 29.885ms
[171.334s][info][gc] GC(8045) Pause Full (Allocation Failure) 15M->13M(15M) 30.051ms
[171.367s][info][gc] GC(8046) Pause Full (Allocation Failure) 15M->13M(15M) 30.853ms
[171.401s][info][gc] GC(8047) Pause Full (Allocation Failure) 15M->13M(15M) 30.127ms
[171.435s][info][gc] GC(8048) Pause Full (Allocation Failure) 15M->13M(15M) 30.801ms
[171.468s][info][gc] GC(8049) Pause Full (Allocation Failure) 15M->12M(15M) 30.031ms
[171.501s][info][gc] GC(8050) Pause Full (Allocation Failure) 15M->13M(15M) 29.579ms
[171.532s][info][gc] GC(8051) Pause Full (Allocation Failure) 15M->13M(15M) 28.361ms
[171.564s][info][gc] GC(8052) Pause Full (Allocation Failure) 15M->13M(15M) 28.159ms
[171.596s][info][gc] GC(8053) Pause Full (Allocation Failure) 15M->13M(15M) 28.840ms
[171.628s][info][gc] GC(8054) Pause Full (Allocation Failure) 15M->12M(15M) 28.628ms
[171.663s][info][gc] GC(8055) Pause Full (Allocation Failure) 15M->13M(15M) 31.069ms
[171.705s][info][gc] GC(8056) Pause Full (Allocation Failure) 15M->12M(15M) 37.417ms
[171.743s][info][gc] GC(8057) Pause Full (Allocation Failure) 15M->13M(15M) 33.737ms
[171.780s][info][gc] GC(8058) Pause Full (Allocation Failure) 15M->13M(15M) 33.151ms
[171.814s][info][gc] GC(8059) Pause Full (Allocation Failure) 15M->13M(15M) 29.755ms
[171.847s][info][gc] GC(8060) Pause Full (Allocation Failure) 15M->13M(15M) 29.091ms
[171.878s][info][gc] GC(8061) Pause Full (Allocation Failure) 15M->13M(15M) 27.438ms
[171.909s][info][gc] GC(8062) Pause Full (Allocation Failure) 15M->13M(15M) 27.200ms
[171.940s][info][gc] GC(8063) Pause Full (Allocation Failure) 15M->13M(15M) 27.947ms
[171.972s][info][gc] GC(8064) Pause Full (Allocation Failure) 15M->13M(15M) 26.882ms
[172.003s][info][gc] GC(8065) Pause Full (Allocation Failure) 15M->13M(15M) 28.190ms
[172.036s][info][gc] GC(8066) Pause Full (Allocation Failure) 15M->13M(15M) 29.683ms
[172.067s][info][gc] GC(8067) Pause Full (Allocation Failure) 15M->13M(15M) 28.427ms
[172.099s][info][gc] GC(8068) Pause Full (Allocation Failure) 15M->13M(15M) 27.972ms
[172.131s][info][gc] GC(8069) Pause Full (Allocation Failure) 15M->13M(15M) 28.335ms
[172.160s][info][gc] GC(8070) Pause Full (Allocation Failure) 15M->13M(15M) 25.336ms
[172.192s][info][gc] GC(8071) Pause Full (Allocation Failure) 15M->13M(15M) 28.386ms
[172.223s][info][gc] GC(8072) Pause Full (Allocation Failure) 15M->12M(15M) 27.813ms
[172.254s][info][gc] GC(8073) Pause Full (Allocation Failure) 15M->13M(15M) 27.914ms
[172.285s][info][gc] GC(8074) Pause Full (Allocation Failure) 15M->12M(15M) 27.273ms
[172.314s][info][gc] GC(8075) Pause Full (Allocation Failure) 15M->13M(15M) 26.632ms
[172.344s][info][gc] GC(8076) Pause Full (Allocation Failure) 15M->13M(15M) 26.312ms
[172.375s][info][gc] GC(8077) Pause Full (Allocation Failure) 15M->13M(15M) 27.212ms
[172.406s][info][gc] GC(8078) Pause Full (Allocation Failure) 15M->13M(15M) 27.322ms
[172.438s][info][gc] GC(8079) Pause Full (Allocation Failure) 15M->13M(15M) 29.217ms
[172.471s][info][gc] GC(8080) Pause Full (Allocation Failure) 15M->13M(15M) 30.215ms
[172.505s][info][gc] GC(8081) Pause Full (Allocation Failure) 15M->13M(15M) 30.170ms
[172.538s][info][gc] GC(8082) Pause Full (Allocation Failure) 15M->13M(15M) 30.391ms
[172.572s][info][gc] GC(8083) Pause Full (Allocation Failure) 15M->13M(15M) 30.709ms
[172.605s][info][gc] GC(8084) Pause Full (Allocation Failure) 15M->13M(15M) 30.453ms
[172.639s][info][gc] GC(8085) Pause Full (Allocation Failure) 15M->13M(15M) 30.055ms
[172.673s][info][gc] GC(8086) Pause Full (Allocation Failure) 15M->13M(15M) 31.171ms
[172.715s][info][gc] GC(8087) Pause Full (Allocation Failure) 15M->13M(15M) 39.172ms
[172.751s][info][gc] GC(8088) Pause Full (Allocation Failure) 15M->13M(15M) 31.373ms
[172.785s][info][gc] GC(8089) Pause Full (Allocation Failure) 15M->13M(15M) 30.026ms
[172.819s][info][gc] GC(8090) Pause Full (Allocation Failure) 15M->13M(15M) 29.939ms
[172.851s][info][gc] GC(8091) Pause Full (Allocation Failure) 15M->13M(15M) 28.426ms
[172.885s][info][gc] GC(8092) Pause Full (Allocation Failure) 15M->13M(15M) 29.500ms
[172.918s][info][gc] GC(8093) Pause Full (Allocation Failure) 15M->13M(15M) 28.789ms
[172.951s][info][gc] GC(8094) Pause Full (Allocation Failure) 15M->13M(15M) 28.491ms
[172.984s][info][gc] GC(8095) Pause Full (Allocation Failure) 15M->13M(15M) 29.255ms
[173.017s][info][gc] GC(8096) Pause Full (Allocation Failure) 15M->13M(15M) 29.343ms
[173.050s][info][gc] GC(8097) Pause Full (Allocation Failure) 15M->13M(15M) 29.135ms
[173.082s][info][gc] GC(8098) Pause Full (Allocation Failure) 15M->13M(15M) 28.843ms
[173.115s][info][gc] GC(8099) Pause Full (Allocation Failure) 15M->13M(15M) 29.670ms
[173.148s][info][gc] GC(8100) Pause Full (Allocation Failure) 15M->13M(15M) 28.929ms
[173.181s][info][gc] GC(8101) Pause Full (Allocation Failure) 15M->13M(15M) 29.479ms
[173.214s][info][gc] GC(8102) Pause Full (Allocation Failure) 15M->13M(15M) 28.937ms
[173.248s][info][gc] GC(8103) Pause Full (Allocation Failure) 15M->13M(15M) 30.200ms
[173.281s][info][gc] GC(8104) Pause Full (Allocation Failure) 15M->13M(15M) 29.352ms
[173.313s][info][gc] GC(8105) Pause Full (Allocation Failure) 15M->13M(15M) 27.973ms
[173.346s][info][gc] GC(8106) Pause Full (Allocation Failure) 15M->13M(15M) 28.756ms
[173.378s][info][gc] GC(8107) Pause Full (Allocation Failure) 15M->13M(15M) 28.562ms
[173.411s][info][gc] GC(8108) Pause Full (Allocation Failure) 15M->13M(15M) 28.693ms
[173.444s][info][gc] GC(8109) Pause Full (Allocation Failure) 15M->13M(15M) 29.469ms
[173.477s][info][gc] GC(8110) Pause Full (Allocation Failure) 15M->13M(15M) 29.179ms
[173.509s][info][gc] GC(8111) Pause Full (Allocation Failure) 15M->13M(15M) 28.597ms
[173.541s][info][gc] GC(8112) Pause Full (Allocation Failure) 15M->13M(15M) 29.231ms
[173.575s][info][gc] GC(8113) Pause Full (Allocation Failure) 15M->13M(15M) 30.563ms
[173.608s][info][gc] GC(8114) Pause Full (Allocation Failure) 15M->13M(15M) 29.978ms
[173.641s][info][gc] GC(8115) Pause Full (Allocation Failure) 15M->13M(15M) 29.841ms
[173.676s][info][gc] GC(8116) Pause Full (Allocation Failure) 15M->13M(15M) 31.692ms
[173.719s][info][gc] GC(8117) Pause Full (Allocation Failure) 15M->13M(15M) 38.544ms
[173.751s][info][gc] GC(8118) Pause Full (Allocation Failure) 15M->13M(15M) 28.777ms
[173.786s][info][gc] GC(8119) Pause Full (Allocation Failure) 15M->13M(15M) 31.798ms
[173.820s][info][gc] GC(8120) Pause Full (Allocation Failure) 15M->13M(15M) 30.292ms
[173.854s][info][gc] GC(8121) Pause Full (Allocation Failure) 15M->13M(15M) 29.488ms
[173.887s][info][gc] GC(8122) Pause Full (Allocation Failure) 15M->13M(15M) 29.582ms
[173.919s][info][gc] GC(8123) Pause Full (Allocation Failure) 15M->13M(15M) 28.915ms
[173.952s][info][gc] GC(8124) Pause Full (Allocation Failure) 15M->13M(15M) 29.844ms
[173.984s][info][gc] GC(8125) Pause Full (Allocation Failure) 15M->13M(15M) 28.765ms
[174.016s][info][gc] GC(8126) Pause Full (Allocation Failure) 15M->13M(15M) 28.397ms
[174.048s][info][gc] GC(8127) Pause Full (Allocation Failure) 15M->13M(15M) 28.289ms
[174.080s][info][gc] GC(8128) Pause Full (Allocation Failure) 15M->13M(15M) 28.421ms
[174.113s][info][gc] GC(8129) Pause Full (Allocation Failure) 15M->13M(15M) 28.757ms
[174.144s][info][gc] GC(8130) Pause Full (Allocation Failure) 15M->13M(15M) 28.625ms
[174.177s][info][gc] GC(8131) Pause Full (Allocation Failure) 15M->13M(15M) 29.109ms
[174.211s][info][gc] GC(8132) Pause Full (Allocation Failure) 15M->13M(15M) 29.473ms
[174.244s][info][gc] GC(8133) Pause Full (Allocation Failure) 15M->13M(15M) 29.838ms
[174.277s][info][gc] GC(8134) Pause Full (Allocation Failure) 15M->13M(15M) 29.971ms
[174.310s][info][gc] GC(8135) Pause Full (Allocation Failure) 15M->13M(15M) 29.637ms
[174.344s][info][gc] GC(8136) Pause Full (Allocation Failure) 15M->13M(15M) 30.518ms
[174.378s][info][gc] GC(8137) Pause Full (Allocation Failure) 15M->13M(15M) 30.652ms
[174.411s][info][gc] GC(8138) Pause Full (Allocation Failure) 15M->13M(15M) 29.716ms
[174.444s][info][gc] GC(8139) Pause Full (Allocation Failure) 15M->13M(15M) 29.399ms
[174.478s][info][gc] GC(8140) Pause Full (Allocation Failure) 15M->13M(15M) 30.750ms
[174.511s][info][gc] GC(8141) Pause Full (Allocation Failure) 15M->13M(15M) 30.488ms
[174.545s][info][gc] GC(8142) Pause Full (Allocation Failure) 15M->13M(15M) 30.280ms
[174.578s][info][gc] GC(8143) Pause Full (Allocation Failure) 15M->13M(15M) 30.076ms
[174.612s][info][gc] GC(8144) Pause Full (Allocation Failure) 15M->13M(15M) 30.865ms
[174.645s][info][gc] GC(8145) Pause Full (Allocation Failure) 15M->13M(15M) 29.700ms
[174.680s][info][gc] GC(8146) Pause Full (Allocation Failure) 15M->13M(15M) 31.715ms
[174.717s][info][gc] GC(8147) Pause Full (Allocation Failure) 15M->13M(15M) 33.637ms
[174.748s][info][gc] GC(8148) Pause Full (Allocation Failure) 15M->13M(15M) 27.932ms
[174.780s][info][gc] GC(8149) Pause Full (Allocation Failure) 15M->13M(15M) 28.520ms
[174.813s][info][gc] GC(8150) Pause Full (Allocation Failure) 15M->13M(15M) 29.346ms
[174.846s][info][gc] GC(8151) Pause Full (Allocation Failure) 15M->13M(15M) 30.143ms
[174.879s][info][gc] GC(8152) Pause Full (Allocation Failure) 15M->13M(15M) 30.104ms
[174.913s][info][gc] GC(8153) Pause Full (Allocation Failure) 15M->13M(15M) 30.403ms
[174.946s][info][gc] GC(8154) Pause Full (Allocation Failure) 15M->13M(15M) 30.044ms
[174.980s][info][gc] GC(8155) Pause Full (Allocation Failure) 15M->13M(15M) 30.823ms
[175.013s][info][gc] GC(8156) Pause Full (Allocation Failure) 15M->13M(15M) 30.097ms
[175.047s][info][gc] GC(8157) Pause Full (Allocation Failure) 15M->13M(15M) 30.746ms
[175.080s][info][gc] GC(8158) Pause Full (Allocation Failure) 15M->13M(15M) 29.507ms
[175.113s][info][gc] GC(8159) Pause Full (Allocation Failure) 15M->13M(15M) 30.602ms
[175.147s][info][gc] GC(8160) Pause Full (Allocation Failure) 15M->13M(15M) 29.928ms
[175.180s][info][gc] GC(8161) Pause Full (Allocation Failure) 15M->13M(15M) 30.574ms
[175.213s][info][gc] GC(8162) Pause Full (Allocation Failure) 15M->13M(15M) 29.661ms
[175.247s][info][gc] GC(8163) Pause Full (Allocation Failure) 15M->13M(15M) 30.814ms
[175.281s][info][gc] GC(8164) Pause Full (Allocation Failure) 15M->13M(15M) 30.391ms
[175.314s][info][gc] GC(8165) Pause Full (Allocation Failure) 15M->13M(15M) 30.252ms
[175.347s][info][gc] GC(8166) Pause Full (Allocation Failure) 15M->13M(15M) 30.075ms
[175.381s][info][gc] GC(8167) Pause Full (Allocation Failure) 15M->13M(15M) 30.589ms
[175.414s][info][gc] GC(8168) Pause Full (Allocation Failure) 15M->13M(15M) 30.255ms
[175.448s][info][gc] GC(8169) Pause Full (Allocation Failure) 15M->13M(15M) 30.186ms
[175.481s][info][gc] GC(8170) Pause Full (Allocation Failure) 15M->13M(15M) 30.194ms
[175.515s][info][gc] GC(8171) Pause Full (Allocation Failure) 15M->13M(15M) 29.829ms
[175.549s][info][gc] GC(8172) Pause Full (Allocation Failure) 15M->13M(15M) 30.839ms
[175.582s][info][gc] GC(8173) Pause Full (Allocation Failure) 15M->13M(15M) 29.198ms
[175.615s][info][gc] GC(8174) Pause Full (Allocation Failure) 15M->13M(15M) 29.447ms
[175.648s][info][gc] GC(8175) Pause Full (Allocation Failure) 15M->13M(15M) 29.925ms
[175.684s][info][gc] GC(8176) Pause Full (Allocation Failure) 15M->13M(15M) 32.464ms
[175.720s][info][gc] GC(8177) Pause Full (Allocation Failure) 15M->13M(15M) 32.720ms
[175.752s][info][gc] GC(8178) Pause Full (Allocation Failure) 15M->13M(15M) 28.014ms
[175.786s][info][gc] GC(8179) Pause Full (Allocation Failure) 15M->13M(15M) 29.114ms
[175.819s][info][gc] GC(8180) Pause Full (Allocation Failure) 15M->13M(15M) 29.084ms
[175.853s][info][gc] GC(8181) Pause Full (Allocation Failure) 15M->13M(15M) 29.743ms
[175.888s][info][gc] GC(8182) Pause Full (Allocation Failure) 15M->13M(15M) 30.403ms
[175.921s][info][gc] GC(8183) Pause Full (Allocation Failure) 15M->13M(15M) 28.053ms
[175.954s][info][gc] GC(8184) Pause Full (Allocation Failure) 15M->13M(15M) 28.996ms
[175.987s][info][gc] GC(8185) Pause Full (Allocation Failure) 15M->13M(15M) 28.984ms
[176.021s][info][gc] GC(8186) Pause Full (Allocation Failure) 15M->13M(15M) 29.294ms
[176.053s][info][gc] GC(8187) Pause Full (Allocation Failure) 15M->13M(15M) 28.541ms
[176.088s][info][gc] GC(8188) Pause Full (Allocation Failure) 15M->13M(15M) 30.014ms
[176.122s][info][gc] GC(8189) Pause Full (Allocation Failure) 15M->13M(15M) 29.667ms
[176.155s][info][gc] GC(8190) Pause Full (Allocation Failure) 15M->13M(15M) 28.794ms
[176.187s][info][gc] GC(8191) Pause Full (Allocation Failure) 15M->13M(15M) 28.428ms
[176.220s][info][gc] GC(8192) Pause Full (Allocation Failure) 15M->13M(15M) 29.018ms
[176.254s][info][gc] GC(8193) Pause Full (Allocation Failure) 15M->13M(15M) 29.550ms
[176.288s][info][gc] GC(8194) Pause Full (Allocation Failure) 15M->13M(15M) 29.626ms
[176.321s][info][gc] GC(8195) Pause Full (Allocation Failure) 15M->13M(15M) 28.960ms
[176.354s][info][gc] GC(8196) Pause Full (Allocation Failure) 15M->13M(15M) 29.391ms
[176.388s][info][gc] GC(8197) Pause Full (Allocation Failure) 15M->13M(15M) 30.257ms
[176.421s][info][gc] GC(8198) Pause Full (Allocation Failure) 15M->13M(15M) 28.957ms
[176.455s][info][gc] GC(8199) Pause Full (Allocation Failure) 15M->13M(15M) 29.414ms
[176.489s][info][gc] GC(8200) Pause Full (Allocation Failure) 15M->13M(15M) 31.041ms
[176.523s][info][gc] GC(8201) Pause Full (Allocation Failure) 15M->13M(15M) 29.531ms
[176.556s][info][gc] GC(8202) Pause Full (Allocation Failure) 15M->13M(15M) 28.436ms
[176.588s][info][gc] GC(8203) Pause Full (Allocation Failure) 15M->13M(15M) 28.833ms
[176.621s][info][gc] GC(8204) Pause Full (Allocation Failure) 15M->13M(15M) 29.100ms
[176.653s][info][gc] GC(8205) Pause Full (Allocation Failure) 15M->13M(15M) 28.560ms
[176.688s][info][gc] GC(8206) Pause Full (Allocation Failure) 15M->13M(15M) 31.080ms
[176.727s][info][gc] GC(8207) Pause Full (Allocation Failure) 15M->13M(15M) 35.258ms
[176.760s][info][gc] GC(8208) Pause Full (Allocation Failure) 15M->13M(15M) 30.184ms
[176.795s][info][gc] GC(8209) Pause Full (Allocation Failure) 15M->13M(15M) 30.642ms
[176.828s][info][gc] GC(8210) Pause Full (Allocation Failure) 15M->13M(15M) 30.018ms
[176.861s][info][gc] GC(8211) Pause Full (Allocation Failure) 15M->13M(15M) 29.902ms
[176.895s][info][gc] GC(8212) Pause Full (Allocation Failure) 15M->13M(15M) 30.371ms
[176.928s][info][gc] GC(8213) Pause Full (Allocation Failure) 15M->13M(15M) 29.737ms
[176.960s][info][gc] GC(8214) Pause Full (Allocation Failure) 15M->13M(15M) 29.028ms
[176.992s][info][gc] GC(8215) Pause Full (Allocation Failure) 15M->13M(15M) 27.807ms
[177.024s][info][gc] GC(8216) Pause Full (Allocation Failure) 15M->13M(15M) 28.184ms
[177.056s][info][gc] GC(8217) Pause Full (Allocation Failure) 15M->13M(15M) 28.137ms
[177.089s][info][gc] GC(8218) Pause Full (Allocation Failure) 15M->13M(15M) 28.865ms
[177.120s][info][gc] GC(8219) Pause Full (Allocation Failure) 15M->13M(15M) 28.326ms
[177.154s][info][gc] GC(8220) Pause Full (Allocation Failure) 15M->13M(15M) 30.209ms
[177.187s][info][gc] GC(8221) Pause Full (Allocation Failure) 15M->13M(15M) 29.925ms
[177.220s][info][gc] GC(8222) Pause Full (Allocation Failure) 15M->13M(15M) 30.228ms
[177.253s][info][gc] GC(8223) Pause Full (Allocation Failure) 15M->13M(15M) 30.236ms
[177.285s][info][gc] GC(8224) Pause Full (Allocation Failure) 15M->13M(15M) 28.999ms
[177.317s][info][gc] GC(8225) Pause Full (Allocation Failure) 15M->13M(15M) 29.361ms
[177.349s][info][gc] GC(8226) Pause Full (Allocation Failure) 15M->13M(15M) 28.084ms
[177.382s][info][gc] GC(8227) Pause Full (Allocation Failure) 15M->13M(15M) 29.419ms
[177.416s][info][gc] GC(8228) Pause Full (Allocation Failure) 15M->13M(15M) 29.188ms
[177.449s][info][gc] GC(8229) Pause Full (Allocation Failure) 15M->13M(15M) 29.825ms
[177.482s][info][gc] GC(8230) Pause Full (Allocation Failure) 15M->13M(15M) 28.859ms
[177.515s][info][gc] GC(8231) Pause Full (Allocation Failure) 15M->13M(15M) 28.828ms
[177.545s][info][gc] GC(8232) Pause Full (Allocation Failure) 15M->13M(15M) 27.559ms
[177.577s][info][gc] GC(8233) Pause Full (Allocation Failure) 15M->13M(15M) 28.224ms
[177.609s][info][gc] GC(8234) Pause Full (Allocation Failure) 15M->13M(15M) 28.198ms
[177.642s][info][gc] GC(8235) Pause Full (Allocation Failure) 15M->13M(15M) 29.044ms
[177.674s][info][gc] GC(8236) Pause Full (Allocation Failure) 15M->13M(15M) 28.669ms
[177.712s][info][gc] GC(8237) Pause Full (Allocation Failure) 15M->13M(15M) 33.942ms
[177.746s][info][gc] GC(8238) Pause Full (Allocation Failure) 15M->13M(15M) 29.966ms
[177.778s][info][gc] GC(8239) Pause Full (Allocation Failure) 15M->13M(15M) 28.326ms
[177.810s][info][gc] GC(8240) Pause Full (Allocation Failure) 15M->13M(15M) 28.050ms
[177.842s][info][gc] GC(8241) Pause Full (Allocation Failure) 15M->13M(15M) 28.142ms
[177.874s][info][gc] GC(8242) Pause Full (Allocation Failure) 15M->13M(15M) 28.494ms
[177.906s][info][gc] GC(8243) Pause Full (Allocation Failure) 15M->13M(15M) 29.016ms
[177.939s][info][gc] GC(8244) Pause Full (Allocation Failure) 15M->13M(15M) 29.599ms
[177.972s][info][gc] GC(8245) Pause Full (Allocation Failure) 15M->13M(15M) 30.045ms
[178.005s][info][gc] GC(8246) Pause Full (Allocation Failure) 15M->13M(15M) 30.073ms
[178.037s][info][gc] GC(8247) Pause Full (Allocation Failure) 15M->13M(15M) 28.873ms
[178.068s][info][gc] GC(8248) Pause Full (Allocation Failure) 15M->13M(15M) 27.939ms
[178.100s][info][gc] GC(8249) Pause Full (Allocation Failure) 15M->13M(15M) 28.400ms
[178.133s][info][gc] GC(8250) Pause Full (Allocation Failure) 15M->13M(15M) 29.484ms
[178.165s][info][gc] GC(8251) Pause Full (Allocation Failure) 15M->13M(15M) 28.532ms
[178.198s][info][gc] GC(8252) Pause Full (Allocation Failure) 15M->13M(15M) 28.854ms
[178.228s][info][gc] GC(8253) Pause Full (Allocation Failure) 15M->13M(15M) 27.515ms
[178.261s][info][gc] GC(8254) Pause Full (Allocation Failure) 15M->13M(15M) 28.542ms
[178.293s][info][gc] GC(8255) Pause Full (Allocation Failure) 15M->13M(15M) 28.424ms
[178.324s][info][gc] GC(8256) Pause Full (Allocation Failure) 15M->13M(15M) 28.254ms
[178.357s][info][gc] GC(8257) Pause Full (Allocation Failure) 15M->13M(15M) 29.798ms
[178.389s][info][gc] GC(8258) Pause Full (Allocation Failure) 15M->13M(15M) 28.894ms
[178.421s][info][gc] GC(8259) Pause Full (Allocation Failure) 15M->13M(15M) 28.941ms
[178.453s][info][gc] GC(8260) Pause Full (Allocation Failure) 15M->13M(15M) 28.175ms
[178.485s][info][gc] GC(8261) Pause Full (Allocation Failure) 15M->13M(15M) 28.593ms
[178.518s][info][gc] GC(8262) Pause Full (Allocation Failure) 15M->13M(15M) 28.791ms
[178.549s][info][gc] GC(8263) Pause Full (Allocation Failure) 15M->13M(15M) 27.821ms
[178.580s][info][gc] GC(8264) Pause Full (Allocation Failure) 15M->13M(15M) 27.076ms
[178.611s][info][gc] GC(8265) Pause Full (Allocation Failure) 15M->13M(15M) 28.449ms
[178.643s][info][gc] GC(8266) Pause Full (Allocation Failure) 15M->13M(15M) 27.890ms
[178.675s][info][gc] GC(8267) Pause Full (Allocation Failure) 15M->13M(15M) 28.985ms
[178.711s][info][gc] GC(8268) Pause Full (Allocation Failure) 15M->13M(15M) 32.609ms
[178.745s][info][gc] GC(8269) Pause Full (Allocation Failure) 15M->13M(15M) 31.583ms
[178.778s][info][gc] GC(8270) Pause Full (Allocation Failure) 15M->13M(15M) 28.650ms
[178.810s][info][gc] GC(8271) Pause Full (Allocation Failure) 15M->13M(15M) 28.823ms
[178.843s][info][gc] GC(8272) Pause Full (Allocation Failure) 15M->13M(15M) 28.930ms
[178.875s][info][gc] GC(8273) Pause Full (Allocation Failure) 15M->13M(15M) 29.702ms
[178.908s][info][gc] GC(8274) Pause Full (Allocation Failure) 15M->13M(15M) 29.579ms
[178.942s][info][gc] GC(8275) Pause Full (Allocation Failure) 15M->13M(15M) 30.673ms
[178.974s][info][gc] GC(8276) Pause Full (Allocation Failure) 15M->13M(15M) 28.619ms
[179.005s][info][gc] GC(8277) Pause Full (Allocation Failure) 15M->13M(15M) 28.526ms
[179.038s][info][gc] GC(8278) Pause Full (Allocation Failure) 15M->13M(15M) 28.991ms
[179.070s][info][gc] GC(8279) Pause Full (Allocation Failure) 15M->13M(15M) 28.180ms
[179.101s][info][gc] GC(8280) Pause Full (Allocation Failure) 15M->13M(15M) 26.734ms
[179.132s][info][gc] GC(8281) Pause Full (Allocation Failure) 15M->13M(15M) 27.430ms
[179.163s][info][gc] GC(8282) Pause Full (Allocation Failure) 15M->13M(15M) 28.195ms
[179.195s][info][gc] GC(8283) Pause Full (Allocation Failure) 15M->13M(15M) 27.779ms
[179.226s][info][gc] GC(8284) Pause Full (Allocation Failure) 15M->13M(15M) 28.685ms
[179.258s][info][gc] GC(8285) Pause Full (Allocation Failure) 15M->13M(15M) 28.529ms
[179.290s][info][gc] GC(8286) Pause Full (Allocation Failure) 15M->13M(15M) 28.519ms
[179.322s][info][gc] GC(8287) Pause Full (Allocation Failure) 15M->13M(15M) 28.276ms
[179.352s][info][gc] GC(8288) Pause Full (Allocation Failure) 15M->13M(15M) 26.635ms
[179.382s][info][gc] GC(8289) Pause Full (Allocation Failure) 15M->13M(15M) 27.147ms
[179.413s][info][gc] GC(8290) Pause Full (Allocation Failure) 15M->13M(15M) 27.752ms
[179.444s][info][gc] GC(8291) Pause Full (Allocation Failure) 15M->13M(15M) 27.691ms
[179.474s][info][gc] GC(8292) Pause Full (Allocation Failure) 15M->13M(15M) 27.247ms
[179.507s][info][gc] GC(8293) Pause Full (Allocation Failure) 15M->13M(15M) 29.555ms
[179.543s][info][gc] GC(8294) Pause Full (Allocation Failure) 15M->13M(15M) 32.399ms
[179.578s][info][gc] GC(8295) Pause Full (Allocation Failure) 15M->13M(15M) 30.435ms
[179.611s][info][gc] GC(8296) Pause Full (Allocation Failure) 15M->13M(15M) 30.106ms
[179.644s][info][gc] GC(8297) Pause Full (Allocation Failure) 15M->13M(15M) 29.870ms
[179.677s][info][gc] GC(8298) Pause Full (Allocation Failure) 15M->13M(15M) 29.902ms
[179.714s][info][gc] GC(8299) Pause Full (Allocation Failure) 15M->13M(15M) 33.170ms
[179.754s][info][gc] GC(8300) Pause Full (Allocation Failure) 15M->13M(15M) 35.802ms
[179.790s][info][gc] GC(8301) Pause Full (Allocation Failure) 15M->13M(15M) 32.569ms
[179.827s][info][gc] GC(8302) Pause Full (Allocation Failure) 15M->13M(15M) 31.910ms
[179.859s][info][gc] GC(8303) Pause Full (Allocation Failure) 15M->13M(15M) 29.475ms
[179.891s][info][gc] GC(8304) Pause Full (Allocation Failure) 15M->13M(15M) 28.498ms
[179.924s][info][gc] GC(8305) Pause Full (Allocation Failure) 15M->13M(15M) 28.681ms
[179.956s][info][gc] GC(8306) Pause Full (Allocation Failure) 15M->13M(15M) 28.570ms
[179.985s][info][gc] GC(8307) Pause Full (Allocation Failure) 15M->13M(15M) 25.274ms
[180.015s][info][gc] GC(8308) Pause Full (Allocation Failure) 15M->13M(15M) 27.155ms
[180.046s][info][gc] GC(8309) Pause Full (Allocation Failure) 15M->13M(15M) 27.707ms
[180.079s][info][gc] GC(8310) Pause Full (Allocation Failure) 15M->13M(15M) 29.696ms
[180.109s][info][gc] GC(8311) Pause Full (Allocation Failure) 15M->13M(15M) 27.326ms
[180.140s][info][gc] GC(8312) Pause Full (Allocation Failure) 15M->13M(15M) 27.417ms
[180.173s][info][gc] GC(8313) Pause Full (Allocation Failure) 15M->13M(15M) 30.188ms
[180.204s][info][gc] GC(8314) Pause Full (Allocation Failure) 15M->13M(15M) 27.495ms
[180.235s][info][gc] GC(8315) Pause Full (Allocation Failure) 15M->13M(15M) 27.352ms
[180.265s][info][gc] GC(8316) Pause Full (Allocation Failure) 15M->13M(15M) 26.739ms
[180.296s][info][gc] GC(8317) Pause Full (Allocation Failure) 15M->13M(15M) 27.708ms
[180.327s][info][gc] GC(8318) Pause Full (Allocation Failure) 15M->13M(15M) 28.072ms
[180.360s][info][gc] GC(8319) Pause Full (Allocation Failure) 15M->13M(15M) 29.168ms
[180.391s][info][gc] GC(8320) Pause Full (Allocation Failure) 15M->13M(15M) 27.528ms
[180.420s][info][gc] GC(8321) Pause Full (Allocation Failure) 15M->13M(15M) 25.459ms
[180.450s][info][gc] GC(8322) Pause Full (Allocation Failure) 15M->13M(15M) 26.863ms
[180.480s][info][gc] GC(8323) Pause Full (Allocation Failure) 15M->13M(15M) 27.204ms
[180.519s][info][gc] GC(8324) Pause Full (Allocation Failure) 15M->13M(15M) 36.384ms
[180.560s][info][gc] GC(8325) Pause Full (Allocation Failure) 15M->13M(15M) 35.933ms
[180.597s][info][gc] GC(8326) Pause Full (Allocation Failure) 15M->13M(15M) 33.070ms
[180.631s][info][gc] GC(8327) Pause Full (Allocation Failure) 15M->13M(15M) 30.213ms
[180.665s][info][gc] GC(8328) Pause Full (Allocation Failure) 15M->13M(15M) 29.669ms
[180.698s][info][gc] GC(8329) Pause Full (Allocation Failure) 15M->13M(15M) 29.713ms
[180.733s][info][gc] GC(8330) Pause Full (Allocation Failure) 15M->13M(15M) 31.780ms
[180.765s][info][gc] GC(8331) Pause Full (Allocation Failure) 15M->13M(15M) 28.523ms
[180.795s][info][gc] GC(8332) Pause Full (Allocation Failure) 15M->13M(15M) 27.333ms
[180.825s][info][gc] GC(8333) Pause Full (Allocation Failure) 15M->13M(15M) 26.282ms
[180.854s][info][gc] GC(8334) Pause Full (Allocation Failure) 15M->13M(15M) 26.131ms
[180.884s][info][gc] GC(8335) Pause Full (Allocation Failure) 15M->13M(15M) 27.072ms
[180.915s][info][gc] GC(8336) Pause Full (Allocation Failure) 15M->13M(15M) 27.465ms
[180.945s][info][gc] GC(8337) Pause Full (Allocation Failure) 15M->13M(15M) 27.278ms
[180.976s][info][gc] GC(8338) Pause Full (Allocation Failure) 15M->13M(15M) 27.022ms
[181.005s][info][gc] GC(8339) Pause Full (Allocation Failure) 15M->13M(15M) 25.879ms
[181.035s][info][gc] GC(8340) Pause Full (Allocation Failure) 15M->13M(15M) 27.447ms
[181.065s][info][gc] GC(8341) Pause Full (Allocation Failure) 15M->13M(15M) 27.150ms
[181.096s][info][gc] GC(8342) Pause Full (Allocation Failure) 15M->13M(15M) 27.476ms
[181.126s][info][gc] GC(8343) Pause Full (Allocation Failure) 15M->13M(15M) 26.494ms
[181.156s][info][gc] GC(8344) Pause Full (Allocation Failure) 15M->13M(15M) 26.804ms
[181.186s][info][gc] GC(8345) Pause Full (Allocation Failure) 15M->13M(15M) 27.060ms
[181.216s][info][gc] GC(8346) Pause Full (Allocation Failure) 15M->13M(15M) 27.278ms
[181.246s][info][gc] GC(8347) Pause Full (Allocation Failure) 15M->13M(15M) 27.362ms
[181.276s][info][gc] GC(8348) Pause Full (Allocation Failure) 15M->13M(15M) 26.655ms
[181.306s][info][gc] GC(8349) Pause Full (Allocation Failure) 15M->13M(15M) 26.639ms
[181.338s][info][gc] GC(8350) Pause Full (Allocation Failure) 15M->13M(15M) 26.778ms
[181.369s][info][gc] GC(8351) Pause Full (Allocation Failure) 15M->13M(15M) 28.012ms
[181.400s][info][gc] GC(8352) Pause Full (Allocation Failure) 15M->13M(15M) 27.583ms
[181.431s][info][gc] GC(8353) Pause Full (Allocation Failure) 15M->13M(15M) 28.095ms
[181.461s][info][gc] GC(8354) Pause Full (Allocation Failure) 15M->13M(15M) 27.119ms
[181.492s][info][gc] GC(8355) Pause Full (Allocation Failure) 15M->13M(15M) 27.363ms
[181.523s][info][gc] GC(8356) Pause Full (Allocation Failure) 15M->13M(15M) 27.445ms
[181.553s][info][gc] GC(8357) Pause Full (Allocation Failure) 15M->13M(15M) 27.064ms
[181.584s][info][gc] GC(8358) Pause Full (Allocation Failure) 15M->13M(15M) 27.899ms
[181.614s][info][gc] GC(8359) Pause Full (Allocation Failure) 15M->13M(15M) 27.192ms
[181.646s][info][gc] GC(8360) Pause Full (Allocation Failure) 15M->13M(15M) 28.920ms
[181.687s][info][gc] GC(8361) Pause Full (Allocation Failure) 15M->13M(15M) 36.569ms
[181.728s][info][gc] GC(8362) Pause Full (Allocation Failure) 15M->13M(15M) 36.869ms
[181.766s][info][gc] GC(8363) Pause Full (Allocation Failure) 15M->13M(15M) 33.147ms
[181.798s][info][gc] GC(8364) Pause Full (Allocation Failure) 15M->13M(15M) 29.025ms
[181.831s][info][gc] GC(8365) Pause Full (Allocation Failure) 15M->13M(15M) 28.565ms
[181.863s][info][gc] GC(8366) Pause Full (Allocation Failure) 15M->13M(15M) 28.479ms
[181.894s][info][gc] GC(8367) Pause Full (Allocation Failure) 15M->13M(15M) 27.355ms
[181.927s][info][gc] GC(8368) Pause Full (Allocation Failure) 15M->13M(15M) 28.683ms
[181.958s][info][gc] GC(8369) Pause Full (Allocation Failure) 15M->13M(15M) 27.417ms
[181.988s][info][gc] GC(8370) Pause Full (Allocation Failure) 15M->13M(15M) 26.908ms
[182.019s][info][gc] GC(8371) Pause Full (Allocation Failure) 15M->13M(15M) 28.047ms
[182.052s][info][gc] GC(8372) Pause Full (Allocation Failure) 15M->13M(15M) 29.937ms
[182.085s][info][gc] GC(8373) Pause Full (Allocation Failure) 15M->13M(15M) 30.100ms
[182.119s][info][gc] GC(8374) Pause Full (Allocation Failure) 15M->13M(15M) 30.868ms
[182.153s][info][gc] GC(8375) Pause Full (Allocation Failure) 15M->13M(15M) 31.117ms
[182.186s][info][gc] GC(8376) Pause Full (Allocation Failure) 15M->13M(15M) 30.235ms
[182.218s][info][gc] GC(8377) Pause Full (Allocation Failure) 15M->13M(15M) 29.133ms
[182.249s][info][gc] GC(8378) Pause Full (Allocation Failure) 15M->13M(15M) 27.663ms
[182.280s][info][gc] GC(8379) Pause Full (Allocation Failure) 15M->13M(15M) 27.701ms
[182.309s][info][gc] GC(8380) Pause Full (Allocation Failure) 15M->13M(15M) 26.011ms
[182.340s][info][gc] GC(8381) Pause Full (Allocation Failure) 15M->13M(15M) 27.225ms
[182.371s][info][gc] GC(8382) Pause Full (Allocation Failure) 15M->13M(15M) 27.538ms
[182.404s][info][gc] GC(8383) Pause Full (Allocation Failure) 15M->13M(15M) 29.825ms
[182.434s][info][gc] GC(8384) Pause Full (Allocation Failure) 15M->13M(15M) 27.860ms
[182.465s][info][gc] GC(8385) Pause Full (Allocation Failure) 15M->13M(15M) 27.518ms
[182.497s][info][gc] GC(8386) Pause Full (Allocation Failure) 15M->13M(15M) 28.928ms
[182.529s][info][gc] GC(8387) Pause Full (Allocation Failure) 15M->13M(15M) 28.259ms
[182.559s][info][gc] GC(8388) Pause Full (Allocation Failure) 15M->13M(15M) 27.274ms
[182.589s][info][gc] GC(8389) Pause Full (Allocation Failure) 15M->13M(15M) 26.779ms
[182.621s][info][gc] GC(8390) Pause Full (Allocation Failure) 15M->13M(15M) 28.747ms
[182.651s][info][gc] GC(8391) Pause Full (Allocation Failure) 15M->13M(15M) 27.632ms
[182.682s][info][gc] GC(8392) Pause Full (Allocation Failure) 15M->13M(15M) 27.419ms
[182.716s][info][gc] GC(8393) Pause Full (Allocation Failure) 15M->13M(15M) 30.665ms
[182.755s][info][gc] GC(8394) Pause Full (Allocation Failure) 15M->13M(15M) 34.091ms
[182.789s][info][gc] GC(8395) Pause Full (Allocation Failure) 15M->13M(15M) 30.250ms
[182.821s][info][gc] GC(8396) Pause Full (Allocation Failure) 15M->13M(15M) 29.509ms
[182.855s][info][gc] GC(8397) Pause Full (Allocation Failure) 15M->13M(15M) 30.190ms
[182.886s][info][gc] GC(8398) Pause Full (Allocation Failure) 15M->13M(15M) 28.045ms
[182.917s][info][gc] GC(8399) Pause Full (Allocation Failure) 15M->13M(15M) 28.198ms
[182.950s][info][gc] GC(8400) Pause Full (Allocation Failure) 15M->13M(15M) 28.324ms
[182.980s][info][gc] GC(8401) Pause Full (Allocation Failure) 15M->13M(15M) 27.591ms
[183.011s][info][gc] GC(8402) Pause Full (Allocation Failure) 15M->13M(15M) 27.339ms
[183.042s][info][gc] GC(8403) Pause Full (Allocation Failure) 15M->13M(15M) 28.117ms
[183.073s][info][gc] GC(8404) Pause Full (Allocation Failure) 15M->13M(15M) 27.867ms
[183.106s][info][gc] GC(8405) Pause Full (Allocation Failure) 15M->13M(15M) 29.647ms
[183.139s][info][gc] GC(8406) Pause Full (Allocation Failure) 15M->13M(15M) 30.319ms
[183.172s][info][gc] GC(8407) Pause Full (Allocation Failure) 15M->13M(15M) 30.084ms
[183.202s][info][gc] GC(8408) Pause Full (Allocation Failure) 15M->13M(15M) 27.473ms
[183.233s][info][gc] GC(8409) Pause Full (Allocation Failure) 15M->13M(15M) 27.050ms
[183.262s][info][gc] GC(8410) Pause Full (Allocation Failure) 15M->13M(15M) 26.226ms
[183.293s][info][gc] GC(8411) Pause Full (Allocation Failure) 15M->13M(15M) 27.327ms
[183.324s][info][gc] GC(8412) Pause Full (Allocation Failure) 15M->13M(15M) 27.615ms
[183.356s][info][gc] GC(8413) Pause Full (Allocation Failure) 15M->13M(15M) 29.033ms
[183.386s][info][gc] GC(8414) Pause Full (Allocation Failure) 15M->13M(15M) 27.220ms
[183.417s][info][gc] GC(8415) Pause Full (Allocation Failure) 15M->13M(15M) 26.733ms
[183.446s][info][gc] GC(8416) Pause Full (Allocation Failure) 15M->13M(15M) 26.156ms
[183.477s][info][gc] GC(8417) Pause Full (Allocation Failure) 15M->13M(15M) 27.613ms
[183.507s][info][gc] GC(8418) Pause Full (Allocation Failure) 15M->13M(15M) 27.655ms
[183.538s][info][gc] GC(8419) Pause Full (Allocation Failure) 15M->13M(15M) 27.807ms
[183.568s][info][gc] GC(8420) Pause Full (Allocation Failure) 15M->13M(15M) 27.337ms
[183.598s][info][gc] GC(8421) Pause Full (Allocation Failure) 15M->13M(15M) 25.990ms
[183.629s][info][gc] GC(8422) Pause Full (Allocation Failure) 15M->13M(15M) 27.771ms
[183.661s][info][gc] GC(8423) Pause Full (Allocation Failure) 15M->13M(15M) 28.439ms
[183.691s][info][gc] GC(8424) Pause Full (Allocation Failure) 15M->13M(15M) 27.663ms
[183.726s][info][gc] GC(8425) Pause Full (Allocation Failure) 15M->13M(15M) 32.080ms
[183.765s][info][gc] GC(8426) Pause Full (Allocation Failure) 15M->13M(15M) 34.487ms
[183.798s][info][gc] GC(8427) Pause Full (Allocation Failure) 15M->13M(15M) 29.788ms
[183.831s][info][gc] GC(8428) Pause Full (Allocation Failure) 15M->13M(15M) 28.897ms
[183.861s][info][gc] GC(8429) Pause Full (Allocation Failure) 15M->13M(15M) 27.608ms
[183.892s][info][gc] GC(8430) Pause Full (Allocation Failure) 15M->13M(15M) 27.323ms
[183.922s][info][gc] GC(8431) Pause Full (Allocation Failure) 15M->13M(15M) 27.497ms
[183.953s][info][gc] GC(8432) Pause Full (Allocation Failure) 15M->13M(15M) 27.749ms
[183.982s][info][gc] GC(8433) Pause Full (Allocation Failure) 15M->13M(15M) 26.251ms
[184.012s][info][gc] GC(8434) Pause Full (Allocation Failure) 15M->13M(15M) 26.899ms
[184.043s][info][gc] GC(8435) Pause Full (Allocation Failure) 15M->13M(15M) 27.696ms
[184.075s][info][gc] GC(8436) Pause Full (Allocation Failure) 15M->13M(15M) 28.642ms
[184.105s][info][gc] GC(8437) Pause Full (Allocation Failure) 15M->13M(15M) 27.363ms
[184.137s][info][gc] GC(8438) Pause Full (Allocation Failure) 15M->13M(15M) 28.572ms
[184.167s][info][gc] GC(8439) Pause Full (Allocation Failure) 15M->13M(15M) 26.838ms
[184.198s][info][gc] GC(8440) Pause Full (Allocation Failure) 15M->13M(15M) 27.001ms
[184.228s][info][gc] GC(8441) Pause Full (Allocation Failure) 15M->13M(15M) 27.416ms
[184.258s][info][gc] GC(8442) Pause Full (Allocation Failure) 15M->13M(15M) 26.599ms
[184.286s][info][gc] GC(8443) Pause Full (Allocation Failure) 15M->13M(15M) 25.317ms
[184.316s][info][gc] GC(8444) Pause Full (Allocation Failure) 15M->13M(15M) 26.842ms
[184.347s][info][gc] GC(8445) Pause Full (Allocation Failure) 15M->13M(15M) 27.730ms
[184.381s][info][gc] GC(8446) Pause Full (Allocation Failure) 15M->13M(15M) 29.947ms
[184.411s][info][gc] GC(8447) Pause Full (Allocation Failure) 15M->13M(15M) 26.982ms
[184.443s][info][gc] GC(8448) Pause Full (Allocation Failure) 15M->13M(15M) 28.913ms
[184.476s][info][gc] GC(8449) Pause Full (Allocation Failure) 15M->13M(15M) 30.975ms
[184.508s][info][gc] GC(8450) Pause Full (Allocation Failure) 15M->13M(15M) 29.259ms
[184.541s][info][gc] GC(8451) Pause Full (Allocation Failure) 15M->13M(15M) 29.530ms
[184.572s][info][gc] GC(8452) Pause Full (Allocation Failure) 15M->13M(15M) 28.138ms
[184.603s][info][gc] GC(8453) Pause Full (Allocation Failure) 15M->13M(15M) 28.033ms
[184.636s][info][gc] GC(8454) Pause Full (Allocation Failure) 15M->13M(15M) 29.268ms
[184.666s][info][gc] GC(8455) Pause Full (Allocation Failure) 15M->13M(15M) 27.066ms
[184.698s][info][gc] GC(8456) Pause Full (Allocation Failure) 15M->13M(15M) 28.685ms
[184.735s][info][gc] GC(8457) Pause Full (Allocation Failure) 15M->13M(15M) 34.707ms
[184.773s][info][gc] GC(8458) Pause Full (Allocation Failure) 15M->13M(15M) 33.197ms
[184.806s][info][gc] GC(8459) Pause Full (Allocation Failure) 15M->13M(15M) 29.571ms
[184.839s][info][gc] GC(8460) Pause Full (Allocation Failure) 15M->13M(15M) 29.388ms
[184.871s][info][gc] GC(8461) Pause Full (Allocation Failure) 15M->13M(15M) 28.529ms
[184.901s][info][gc] GC(8462) Pause Full (Allocation Failure) 15M->13M(15M) 26.760ms
[184.933s][info][gc] GC(8463) Pause Full (Allocation Failure) 15M->13M(15M) 28.169ms
[184.964s][info][gc] GC(8464) Pause Full (Allocation Failure) 15M->13M(15M) 27.911ms
[184.995s][info][gc] GC(8465) Pause Full (Allocation Failure) 15M->13M(15M) 28.605ms
[185.025s][info][gc] GC(8466) Pause Full (Allocation Failure) 15M->13M(15M) 27.075ms
[185.054s][info][gc] GC(8467) Pause Full (Allocation Failure) 15M->13M(15M) 26.025ms
[185.085s][info][gc] GC(8468) Pause Full (Allocation Failure) 15M->13M(15M) 27.537ms
[185.116s][info][gc] GC(8469) Pause Full (Allocation Failure) 15M->13M(15M) 27.917ms
[185.147s][info][gc] GC(8470) Pause Full (Allocation Failure) 15M->13M(15M) 27.711ms
[185.178s][info][gc] GC(8471) Pause Full (Allocation Failure) 15M->13M(15M) 28.276ms
[185.209s][info][gc] GC(8472) Pause Full (Allocation Failure) 15M->13M(15M) 27.484ms
[185.241s][info][gc] GC(8473) Pause Full (Allocation Failure) 15M->13M(15M) 28.969ms
[185.274s][info][gc] GC(8474) Pause Full (Allocation Failure) 15M->13M(15M) 29.234ms
[185.307s][info][gc] GC(8475) Pause Full (Allocation Failure) 15M->13M(15M) 28.946ms
[185.339s][info][gc] GC(8476) Pause Full (Allocation Failure) 15M->13M(15M) 28.638ms
[185.373s][info][gc] GC(8477) Pause Full (Allocation Failure) 15M->13M(15M) 30.913ms
[185.406s][info][gc] GC(8478) Pause Full (Allocation Failure) 15M->13M(15M) 29.181ms
[185.438s][info][gc] GC(8479) Pause Full (Allocation Failure) 15M->13M(15M) 28.912ms
[185.469s][info][gc] GC(8480) Pause Full (Allocation Failure) 15M->13M(15M) 27.588ms
[185.501s][info][gc] GC(8481) Pause Full (Allocation Failure) 15M->13M(15M) 27.905ms
[185.534s][info][gc] GC(8482) Pause Full (Allocation Failure) 15M->13M(15M) 29.426ms
[185.567s][info][gc] GC(8483) Pause Full (Allocation Failure) 15M->13M(15M) 30.232ms
[185.598s][info][gc] GC(8484) Pause Full (Allocation Failure) 15M->13M(15M) 27.686ms
[185.630s][info][gc] GC(8485) Pause Full (Allocation Failure) 15M->13M(15M) 28.718ms
[185.663s][info][gc] GC(8486) Pause Full (Allocation Failure) 15M->13M(15M) 29.616ms
[185.696s][info][gc] GC(8487) Pause Full (Allocation Failure) 15M->13M(15M) 29.940ms
[185.731s][info][gc] GC(8488) Pause Full (Allocation Failure) 15M->13M(15M) 32.597ms
[185.770s][info][gc] GC(8489) Pause Full (Allocation Failure) 15M->13M(15M) 34.066ms
[185.803s][info][gc] GC(8490) Pause Full (Allocation Failure) 15M->13M(15M) 29.659ms
[185.836s][info][gc] GC(8491) Pause Full (Allocation Failure) 15M->13M(15M) 28.485ms
[185.867s][info][gc] GC(8492) Pause Full (Allocation Failure) 15M->13M(15M) 27.358ms
[185.898s][info][gc] GC(8493) Pause Full (Allocation Failure) 15M->13M(15M) 28.536ms
[185.931s][info][gc] GC(8494) Pause Full (Allocation Failure) 15M->13M(15M) 30.140ms
[185.965s][info][gc] GC(8495) Pause Full (Allocation Failure) 15M->13M(15M) 30.330ms
[185.998s][info][gc] GC(8496) Pause Full (Allocation Failure) 15M->13M(15M) 30.192ms
[186.029s][info][gc] GC(8497) Pause Full (Allocation Failure) 15M->13M(15M) 28.189ms
[186.060s][info][gc] GC(8498) Pause Full (Allocation Failure) 15M->13M(15M) 28.202ms
[186.093s][info][gc] GC(8499) Pause Full (Allocation Failure) 15M->13M(15M) 28.906ms
[186.124s][info][gc] GC(8500) Pause Full (Allocation Failure) 15M->13M(15M) 27.623ms
[186.157s][info][gc] GC(8501) Pause Full (Allocation Failure) 15M->13M(15M) 29.653ms
[186.188s][info][gc] GC(8502) Pause Full (Allocation Failure) 15M->13M(15M) 27.589ms
[186.220s][info][gc] GC(8503) Pause Full (Allocation Failure) 15M->13M(15M) 27.987ms
[186.253s][info][gc] GC(8504) Pause Full (Allocation Failure) 15M->13M(15M) 29.508ms
[186.284s][info][gc] GC(8505) Pause Full (Allocation Failure) 15M->13M(15M) 27.510ms
[186.316s][info][gc] GC(8506) Pause Full (Allocation Failure) 15M->13M(15M) 29.787ms
[186.350s][info][gc] GC(8507) Pause Full (Allocation Failure) 15M->13M(15M) 30.156ms
[186.383s][info][gc] GC(8508) Pause Full (Allocation Failure) 15M->13M(15M) 30.536ms
[186.416s][info][gc] GC(8509) Pause Full (Allocation Failure) 15M->13M(15M) 30.100ms
[186.447s][info][gc] GC(8510) Pause Full (Allocation Failure) 15M->13M(15M) 28.188ms
[186.479s][info][gc] GC(8511) Pause Full (Allocation Failure) 15M->13M(15M) 28.025ms
[186.510s][info][gc] GC(8512) Pause Full (Allocation Failure) 15M->13M(15M) 27.516ms
[186.542s][info][gc] GC(8513) Pause Full (Allocation Failure) 15M->13M(15M) 29.006ms
[186.585s][info][gc] GC(8514) Pause Full (Allocation Failure) 15M->13M(15M) 39.006ms
[186.625s][info][gc] GC(8515) Pause Full (Allocation Failure) 15M->13M(15M) 35.895ms
[186.664s][info][gc] GC(8516) Pause Full (Allocation Failure) 15M->13M(15M) 33.893ms
[186.699s][info][gc] GC(8517) Pause Full (Allocation Failure) 15M->13M(15M) 30.690ms
[186.735s][info][gc] GC(8518) Pause Full (Allocation Failure) 15M->13M(15M) 33.416ms
[186.770s][info][gc] GC(8519) Pause Full (Allocation Failure) 15M->13M(15M) 30.469ms
[186.801s][info][gc] GC(8520) Pause Full (Allocation Failure) 15M->13M(15M) 28.362ms
[186.833s][info][gc] GC(8521) Pause Full (Allocation Failure) 15M->13M(15M) 29.413ms
[186.865s][info][gc] GC(8522) Pause Full (Allocation Failure) 15M->13M(15M) 28.592ms
[186.897s][info][gc] GC(8523) Pause Full (Allocation Failure) 15M->13M(15M) 28.221ms
[186.928s][info][gc] GC(8524) Pause Full (Allocation Failure) 15M->13M(15M) 27.598ms
[186.959s][info][gc] GC(8525) Pause Full (Allocation Failure) 15M->13M(15M) 28.549ms
[186.991s][info][gc] GC(8526) Pause Full (Allocation Failure) 15M->13M(15M) 28.694ms
[187.022s][info][gc] GC(8527) Pause Full (Allocation Failure) 15M->13M(15M) 27.226ms
[187.053s][info][gc] GC(8528) Pause Full (Allocation Failure) 15M->13M(15M) 27.235ms
[187.085s][info][gc] GC(8529) Pause Full (Allocation Failure) 15M->13M(15M) 29.395ms
[187.116s][info][gc] GC(8530) Pause Full (Allocation Failure) 15M->13M(15M) 27.786ms
[187.148s][info][gc] GC(8531) Pause Full (Allocation Failure) 15M->13M(15M) 28.456ms
[187.181s][info][gc] GC(8532) Pause Full (Allocation Failure) 15M->13M(15M) 29.341ms
[187.213s][info][gc] GC(8533) Pause Full (Allocation Failure) 15M->13M(15M) 28.504ms
[187.243s][info][gc] GC(8534) Pause Full (Allocation Failure) 15M->13M(15M) 27.427ms
[187.274s][info][gc] GC(8535) Pause Full (Allocation Failure) 15M->13M(15M) 27.623ms
[187.306s][info][gc] GC(8536) Pause Full (Allocation Failure) 15M->13M(15M) 28.449ms
[187.338s][info][gc] GC(8537) Pause Full (Allocation Failure) 15M->13M(15M) 28.854ms
[187.372s][info][gc] GC(8538) Pause Full (Allocation Failure) 15M->13M(15M) 30.481ms
[187.404s][info][gc] GC(8539) Pause Full (Allocation Failure) 15M->13M(15M) 29.143ms
[187.437s][info][gc] GC(8540) Pause Full (Allocation Failure) 15M->13M(15M) 29.407ms
[187.470s][info][gc] GC(8541) Pause Full (Allocation Failure) 15M->13M(15M) 29.165ms
[187.500s][info][gc] GC(8542) Pause Full (Allocation Failure) 15M->13M(15M) 27.634ms
[187.532s][info][gc] GC(8543) Pause Full (Allocation Failure) 15M->13M(15M) 28.618ms
[187.564s][info][gc] GC(8544) Pause Full (Allocation Failure) 15M->13M(15M) 27.901ms
[187.593s][info][gc] GC(8545) Pause Full (Allocation Failure) 15M->13M(15M) 26.025ms
[187.630s][info][gc] GC(8546) Pause Full (Allocation Failure) 15M->13M(15M) 33.650ms
[187.671s][info][gc] GC(8547) Pause Full (Allocation Failure) 15M->13M(15M) 36.090ms
[187.709s][info][gc] GC(8548) Pause Full (Allocation Failure) 15M->13M(15M) 34.039ms
[187.749s][info][gc] GC(8549) Pause Full (Allocation Failure) 15M->13M(15M) 36.375ms
[187.783s][info][gc] GC(8550) Pause Full (Allocation Failure) 15M->13M(15M) 30.348ms
[187.816s][info][gc] GC(8551) Pause Full (Allocation Failure) 15M->13M(15M) 28.509ms
[187.849s][info][gc] GC(8552) Pause Full (Allocation Failure) 15M->13M(15M) 29.526ms
[187.879s][info][gc] GC(8553) Pause Full (Allocation Failure) 15M->13M(15M) 26.965ms
[187.910s][info][gc] GC(8554) Pause Full (Allocation Failure) 15M->13M(15M) 27.591ms
[187.940s][info][gc] GC(8555) Pause Full (Allocation Failure) 15M->13M(15M) 27.812ms
[187.971s][info][gc] GC(8556) Pause Full (Allocation Failure) 15M->13M(15M) 27.902ms
[188.001s][info][gc] GC(8557) Pause Full (Allocation Failure) 15M->13M(15M) 27.321ms
[188.032s][info][gc] GC(8558) Pause Full (Allocation Failure) 15M->13M(15M) 27.563ms
[188.061s][info][gc] GC(8559) Pause Full (Allocation Failure) 15M->13M(15M) 25.807ms
[188.092s][info][gc] GC(8560) Pause Full (Allocation Failure) 15M->13M(15M) 28.104ms
[188.123s][info][gc] GC(8561) Pause Full (Allocation Failure) 15M->13M(15M) 27.788ms
[188.155s][info][gc] GC(8562) Pause Full (Allocation Failure) 15M->13M(15M) 28.507ms
[188.196s][info][gc] GC(8563) Pause Full (Allocation Failure) 15M->13M(15M) 38.113ms
[188.236s][info][gc] GC(8564) Pause Full (Allocation Failure) 15M->13M(15M) 35.596ms
[188.273s][info][gc] GC(8565) Pause Full (Allocation Failure) 15M->13M(15M) 33.299ms
[188.308s][info][gc] GC(8566) Pause Full (Allocation Failure) 15M->13M(15M) 30.720ms
[188.340s][info][gc] GC(8567) Pause Full (Allocation Failure) 15M->13M(15M) 29.225ms
[188.372s][info][gc] GC(8568) Pause Full (Allocation Failure) 15M->13M(15M) 29.216ms
[188.403s][info][gc] GC(8569) Pause Full (Allocation Failure) 15M->13M(15M) 28.039ms
[188.433s][info][gc] GC(8570) Pause Full (Allocation Failure) 15M->13M(15M) 27.107ms
[188.463s][info][gc] GC(8571) Pause Full (Allocation Failure) 15M->13M(15M) 27.046ms
[188.494s][info][gc] GC(8572) Pause Full (Allocation Failure) 15M->13M(15M) 27.428ms
[188.527s][info][gc] GC(8573) Pause Full (Allocation Failure) 15M->13M(15M) 29.683ms
[188.558s][info][gc] GC(8574) Pause Full (Allocation Failure) 15M->13M(15M) 27.949ms
[188.588s][info][gc] GC(8575) Pause Full (Allocation Failure) 15M->13M(15M) 27.443ms
[188.619s][info][gc] GC(8576) Pause Full (Allocation Failure) 15M->13M(15M) 27.532ms
[188.649s][info][gc] GC(8577) Pause Full (Allocation Failure) 15M->13M(15M) 26.652ms
[188.679s][info][gc] GC(8578) Pause Full (Allocation Failure) 15M->13M(15M) 26.595ms
[188.709s][info][gc] GC(8579) Pause Full (Allocation Failure) 15M->13M(15M) 27.751ms
[188.744s][info][gc] GC(8580) Pause Full (Allocation Failure) 15M->13M(15M) 31.794ms
[188.781s][info][gc] GC(8581) Pause Full (Allocation Failure) 15M->13M(15M) 33.474ms
[188.816s][info][gc] GC(8582) Pause Full (Allocation Failure) 15M->13M(15M) 30.840ms
[188.850s][info][gc] GC(8583) Pause Full (Allocation Failure) 15M->13M(15M) 30.115ms
[188.880s][info][gc] GC(8584) Pause Full (Allocation Failure) 15M->13M(15M) 26.490ms
[188.911s][info][gc] GC(8585) Pause Full (Allocation Failure) 15M->13M(15M) 27.613ms
[188.942s][info][gc] GC(8586) Pause Full (Allocation Failure) 15M->13M(15M) 27.901ms
[188.974s][info][gc] GC(8587) Pause Full (Allocation Failure) 15M->13M(15M) 29.418ms
[189.004s][info][gc] GC(8588) Pause Full (Allocation Failure) 15M->13M(15M) 27.680ms
[189.037s][info][gc] GC(8589) Pause Full (Allocation Failure) 15M->13M(15M) 28.921ms
[189.067s][info][gc] GC(8590) Pause Full (Allocation Failure) 15M->13M(15M) 26.886ms
[189.098s][info][gc] GC(8591) Pause Full (Allocation Failure) 15M->13M(15M) 27.573ms
[189.129s][info][gc] GC(8592) Pause Full (Allocation Failure) 15M->13M(15M) 27.685ms
[189.159s][info][gc] GC(8593) Pause Full (Allocation Failure) 15M->13M(15M) 27.494ms
[189.191s][info][gc] GC(8594) Pause Full (Allocation Failure) 15M->13M(15M) 29.031ms
[189.222s][info][gc] GC(8595) Pause Full (Allocation Failure) 15M->13M(15M) 28.417ms
[189.254s][info][gc] GC(8596) Pause Full (Allocation Failure) 15M->13M(15M) 27.816ms
[189.284s][info][gc] GC(8597) Pause Full (Allocation Failure) 15M->13M(15M) 26.838ms
[189.324s][info][gc] GC(8598) Pause Full (Allocation Failure) 15M->13M(15M) 36.643ms
[189.363s][info][gc] GC(8599) Pause Full (Allocation Failure) 15M->13M(15M) 34.981ms
[189.401s][info][gc] GC(8600) Pause Full (Allocation Failure) 15M->13M(15M) 33.573ms
[189.437s][info][gc] GC(8601) Pause Full (Allocation Failure) 15M->13M(15M) 32.062ms
[189.469s][info][gc] GC(8602) Pause Full (Allocation Failure) 15M->13M(15M) 28.679ms
[189.501s][info][gc] GC(8603) Pause Full (Allocation Failure) 15M->13M(15M) 28.375ms
[189.531s][info][gc] GC(8604) Pause Full (Allocation Failure) 15M->13M(15M) 26.557ms
[189.563s][info][gc] GC(8605) Pause Full (Allocation Failure) 15M->13M(15M) 28.595ms
[189.594s][info][gc] GC(8606) Pause Full (Allocation Failure) 15M->13M(15M) 27.903ms
[189.624s][info][gc] GC(8607) Pause Full (Allocation Failure) 15M->13M(15M) 27.207ms
[189.654s][info][gc] GC(8608) Pause Full (Allocation Failure) 15M->13M(15M) 27.153ms
[189.683s][info][gc] GC(8609) Pause Full (Allocation Failure) 15M->13M(15M) 25.370ms
[189.714s][info][gc] GC(8610) Pause Full (Allocation Failure) 15M->13M(15M) 27.711ms
[189.747s][info][gc] GC(8611) Pause Full (Allocation Failure) 15M->13M(15M) 30.750ms
[189.783s][info][gc] GC(8612) Pause Full (Allocation Failure) 15M->13M(15M) 32.267ms
[189.815s][info][gc] GC(8613) Pause Full (Allocation Failure) 15M->13M(15M) 29.198ms
[189.846s][info][gc] GC(8614) Pause Full (Allocation Failure) 15M->13M(15M) 27.292ms
[189.878s][info][gc] GC(8615) Pause Full (Allocation Failure) 15M->13M(15M) 28.755ms
[189.910s][info][gc] GC(8616) Pause Full (Allocation Failure) 15M->13M(15M) 29.133ms
[189.941s][info][gc] GC(8617) Pause Full (Allocation Failure) 15M->13M(15M) 28.091ms
[189.972s][info][gc] GC(8618) Pause Full (Allocation Failure) 15M->13M(15M) 27.464ms
[190.002s][info][gc] GC(8619) Pause Full (Allocation Failure) 15M->13M(15M) 26.818ms
[190.036s][info][gc] GC(8620) Pause Full (Allocation Failure) 15M->13M(15M) 29.051ms
[190.067s][info][gc] GC(8621) Pause Full (Allocation Failure) 15M->13M(15M) 27.193ms
[190.097s][info][gc] GC(8622) Pause Full (Allocation Failure) 15M->13M(15M) 27.434ms
[190.128s][info][gc] GC(8623) Pause Full (Allocation Failure) 15M->13M(15M) 28.305ms
[190.159s][info][gc] GC(8624) Pause Full (Allocation Failure) 15M->13M(15M) 27.849ms
[190.190s][info][gc] GC(8625) Pause Full (Allocation Failure) 15M->13M(15M) 27.870ms
[190.220s][info][gc] GC(8626) Pause Full (Allocation Failure) 15M->13M(15M) 26.740ms
[190.251s][info][gc] GC(8627) Pause Full (Allocation Failure) 15M->13M(15M) 27.132ms
[190.281s][info][gc] GC(8628) Pause Full (Allocation Failure) 15M->13M(15M) 27.210ms
[190.312s][info][gc] GC(8629) Pause Full (Allocation Failure) 15M->13M(15M) 27.496ms
[190.343s][info][gc] GC(8630) Pause Full (Allocation Failure) 15M->13M(15M) 27.401ms
[190.371s][info][gc] GC(8631) Pause Full (Allocation Failure) 15M->13M(15M) 25.588ms
[190.401s][info][gc] GC(8632) Pause Full (Allocation Failure) 15M->13M(15M) 26.660ms
[190.431s][info][gc] GC(8633) Pause Full (Allocation Failure) 15M->13M(15M) 27.044ms
[190.461s][info][gc] GC(8634) Pause Full (Allocation Failure) 15M->13M(15M) 26.680ms
[190.489s][info][gc] GC(8635) Pause Full (Allocation Failure) 15M->13M(15M) 25.874ms
[190.520s][info][gc] GC(8636) Pause Full (Allocation Failure) 15M->13M(15M) 26.753ms
[190.551s][info][gc] GC(8637) Pause Full (Allocation Failure) 15M->13M(15M) 28.249ms
[190.582s][info][gc] GC(8638) Pause Full (Allocation Failure) 15M->13M(15M) 28.580ms
[190.613s][info][gc] GC(8639) Pause Full (Allocation Failure) 15M->13M(15M) 28.074ms
[190.644s][info][gc] GC(8640) Pause Full (Allocation Failure) 15M->13M(15M) 27.832ms
[190.676s][info][gc] GC(8641) Pause Full (Allocation Failure) 15M->13M(15M) 29.127ms
[190.709s][info][gc] GC(8642) Pause Full (Allocation Failure) 15M->13M(15M) 28.710ms
[190.744s][info][gc] GC(8643) Pause Full (Allocation Failure) 15M->13M(15M) 32.000ms
[190.784s][info][gc] GC(8644) Pause Full (Allocation Failure) 15M->13M(15M) 36.844ms
[190.819s][info][gc] GC(8645) Pause Full (Allocation Failure) 15M->13M(15M) 31.603ms
[190.852s][info][gc] GC(8646) Pause Full (Allocation Failure) 15M->13M(15M) 28.768ms
[190.885s][info][gc] GC(8647) Pause Full (Allocation Failure) 15M->13M(15M) 28.555ms
[190.917s][info][gc] GC(8648) Pause Full (Allocation Failure) 15M->13M(15M) 28.661ms
[190.949s][info][gc] GC(8649) Pause Full (Allocation Failure) 15M->13M(15M) 29.262ms
[190.982s][info][gc] GC(8650) Pause Full (Allocation Failure) 15M->13M(15M) 29.126ms
[191.014s][info][gc] GC(8651) Pause Full (Allocation Failure) 15M->13M(15M) 29.864ms
[191.048s][info][gc] GC(8652) Pause Full (Allocation Failure) 15M->13M(15M) 31.004ms
[191.082s][info][gc] GC(8653) Pause Full (Allocation Failure) 15M->13M(15M) 30.704ms
[191.115s][info][gc] GC(8654) Pause Full (Allocation Failure) 15M->13M(15M) 30.287ms
[191.149s][info][gc] GC(8655) Pause Full (Allocation Failure) 15M->13M(15M) 30.736ms
[191.182s][info][gc] GC(8656) Pause Full (Allocation Failure) 15M->13M(15M) 30.338ms
[191.215s][info][gc] GC(8657) Pause Full (Allocation Failure) 15M->13M(15M) 30.943ms
[191.249s][info][gc] GC(8658) Pause Full (Allocation Failure) 15M->13M(15M) 30.848ms
[191.283s][info][gc] GC(8659) Pause Full (Allocation Failure) 15M->13M(15M) 30.826ms
[191.315s][info][gc] GC(8660) Pause Full (Allocation Failure) 15M->13M(15M) 29.769ms
[191.349s][info][gc] GC(8661) Pause Full (Allocation Failure) 15M->13M(15M) 30.944ms
[191.382s][info][gc] GC(8662) Pause Full (Allocation Failure) 15M->13M(15M) 30.680ms
[191.416s][info][gc] GC(8663) Pause Full (Allocation Failure) 15M->13M(15M) 30.723ms
[191.450s][info][gc] GC(8664) Pause Full (Allocation Failure) 15M->13M(15M) 30.827ms
[191.483s][info][gc] GC(8665) Pause Full (Allocation Failure) 15M->13M(15M) 30.625ms
[191.516s][info][gc] GC(8666) Pause Full (Allocation Failure) 15M->13M(15M) 29.911ms
[191.550s][info][gc] GC(8667) Pause Full (Allocation Failure) 15M->13M(15M) 30.984ms
[191.583s][info][gc] GC(8668) Pause Full (Allocation Failure) 15M->13M(15M) 30.580ms
[191.617s][info][gc] GC(8669) Pause Full (Allocation Failure) 15M->13M(15M) 30.788ms
[191.650s][info][gc] GC(8670) Pause Full (Allocation Failure) 15M->13M(15M) 29.764ms
[191.681s][info][gc] GC(8671) Pause Full (Allocation Failure) 15M->13M(15M) 28.904ms
[191.713s][info][gc] GC(8672) Pause Full (Allocation Failure) 15M->13M(15M) 28.484ms
[191.747s][info][gc] GC(8673) Pause Full (Allocation Failure) 15M->13M(15M) 30.578ms
[191.789s][info][gc] GC(8674) Pause Full (Allocation Failure) 15M->13M(15M) 37.884ms
[191.826s][info][gc] GC(8675) Pause Full (Allocation Failure) 15M->13M(15M) 32.781ms
[191.863s][info][gc] GC(8676) Pause Full (Allocation Failure) 15M->13M(15M) 33.262ms
[191.896s][info][gc] GC(8677) Pause Full (Allocation Failure) 15M->13M(15M) 29.868ms
[191.929s][info][gc] GC(8678) Pause Full (Allocation Failure) 15M->13M(15M) 29.183ms
[191.962s][info][gc] GC(8679) Pause Full (Allocation Failure) 15M->13M(15M) 29.444ms
[191.994s][info][gc] GC(8680) Pause Full (Allocation Failure) 15M->13M(15M) 29.457ms
[192.026s][info][gc] GC(8681) Pause Full (Allocation Failure) 15M->13M(15M) 28.372ms
[192.057s][info][gc] GC(8682) Pause Full (Allocation Failure) 15M->13M(15M) 27.974ms
[192.089s][info][gc] GC(8683) Pause Full (Allocation Failure) 15M->13M(15M) 28.247ms
[192.120s][info][gc] GC(8684) Pause Full (Allocation Failure) 15M->13M(15M) 27.865ms
[192.152s][info][gc] GC(8685) Pause Full (Allocation Failure) 15M->13M(15M) 29.072ms
[192.185s][info][gc] GC(8686) Pause Full (Allocation Failure) 15M->13M(15M) 30.719ms
[192.218s][info][gc] GC(8687) Pause Full (Allocation Failure) 15M->13M(15M) 30.129ms
[192.251s][info][gc] GC(8688) Pause Full (Allocation Failure) 15M->13M(15M) 30.411ms
[192.285s][info][gc] GC(8689) Pause Full (Allocation Failure) 15M->13M(15M) 30.346ms
[192.316s][info][gc] GC(8690) Pause Full (Allocation Failure) 15M->13M(15M) 28.750ms
[192.347s][info][gc] GC(8691) Pause Full (Allocation Failure) 15M->13M(15M) 28.181ms
[192.380s][info][gc] GC(8692) Pause Full (Allocation Failure) 15M->13M(15M) 28.851ms
[192.410s][info][gc] GC(8693) Pause Full (Allocation Failure) 15M->13M(15M) 27.382ms
[192.441s][info][gc] GC(8694) Pause Full (Allocation Failure) 15M->13M(15M) 27.903ms
[192.473s][info][gc] GC(8695) Pause Full (Allocation Failure) 15M->13M(15M) 28.516ms
[192.504s][info][gc] GC(8696) Pause Full (Allocation Failure) 15M->13M(15M) 28.248ms
[192.537s][info][gc] GC(8697) Pause Full (Allocation Failure) 15M->13M(15M) 29.648ms
[192.570s][info][gc] GC(8698) Pause Full (Allocation Failure) 15M->13M(15M) 30.601ms
[192.604s][info][gc] GC(8699) Pause Full (Allocation Failure) 15M->13M(15M) 30.763ms
[192.636s][info][gc] GC(8700) Pause Full (Allocation Failure) 15M->13M(15M) 29.330ms
[192.670s][info][gc] GC(8701) Pause Full (Allocation Failure) 15M->13M(15M) 30.627ms
[192.702s][info][gc] GC(8702) Pause Full (Allocation Failure) 15M->13M(15M) 28.707ms
[192.733s][info][gc] GC(8703) Pause Full (Allocation Failure) 15M->13M(15M) 28.199ms
[192.769s][info][gc] GC(8704) Pause Full (Allocation Failure) 15M->13M(15M) 32.455ms
[192.806s][info][gc] GC(8705) Pause Full (Allocation Failure) 15M->13M(15M) 33.113ms
[192.841s][info][gc] GC(8706) Pause Full (Allocation Failure) 15M->13M(15M) 31.448ms
[192.874s][info][gc] GC(8707) Pause Full (Allocation Failure) 15M->13M(15M) 29.373ms
[192.905s][info][gc] GC(8708) Pause Full (Allocation Failure) 15M->13M(15M) 28.420ms
[192.937s][info][gc] GC(8709) Pause Full (Allocation Failure) 15M->13M(15M) 29.514ms
[192.969s][info][gc] GC(8710) Pause Full (Allocation Failure) 15M->13M(15M) 28.975ms
[193.000s][info][gc] GC(8711) Pause Full (Allocation Failure) 15M->13M(15M) 27.946ms
[193.032s][info][gc] GC(8712) Pause Full (Allocation Failure) 15M->13M(15M) 28.895ms
[193.062s][info][gc] GC(8713) Pause Full (Allocation Failure) 15M->13M(15M) 27.320ms
[193.094s][info][gc] GC(8714) Pause Full (Allocation Failure) 15M->13M(15M) 28.110ms
[193.126s][info][gc] GC(8715) Pause Full (Allocation Failure) 15M->13M(15M) 28.802ms
[193.157s][info][gc] GC(8716) Pause Full (Allocation Failure) 15M->13M(15M) 28.066ms
[193.190s][info][gc] GC(8717) Pause Full (Allocation Failure) 15M->13M(15M) 30.232ms
[193.222s][info][gc] GC(8718) Pause Full (Allocation Failure) 15M->13M(15M) 29.385ms
[193.255s][info][gc] GC(8719) Pause Full (Allocation Failure) 15M->13M(15M) 30.253ms
[193.286s][info][gc] GC(8720) Pause Full (Allocation Failure) 15M->13M(15M) 28.175ms
[193.318s][info][gc] GC(8721) Pause Full (Allocation Failure) 15M->13M(15M) 28.450ms
[193.349s][info][gc] GC(8722) Pause Full (Allocation Failure) 15M->13M(15M) 27.935ms
[193.380s][info][gc] GC(8723) Pause Full (Allocation Failure) 15M->13M(15M) 27.920ms
[193.411s][info][gc] GC(8724) Pause Full (Allocation Failure) 15M->13M(15M) 27.559ms
[193.443s][info][gc] GC(8725) Pause Full (Allocation Failure) 15M->13M(15M) 28.695ms
[193.473s][info][gc] GC(8726) Pause Full (Allocation Failure) 15M->13M(15M) 27.750ms
[193.506s][info][gc] GC(8727) Pause Full (Allocation Failure) 15M->13M(15M) 29.693ms
[193.537s][info][gc] GC(8728) Pause Full (Allocation Failure) 15M->13M(15M) 28.163ms
[193.568s][info][gc] GC(8729) Pause Full (Allocation Failure) 15M->13M(15M) 28.560ms
[193.600s][info][gc] GC(8730) Pause Full (Allocation Failure) 15M->13M(15M) 27.804ms
[193.632s][info][gc] GC(8731) Pause Full (Allocation Failure) 15M->13M(15M) 29.007ms
[193.666s][info][gc] GC(8732) Pause Full (Allocation Failure) 15M->13M(15M) 31.200ms
[193.702s][info][gc] GC(8733) Pause Full (Allocation Failure) 15M->13M(15M) 32.011ms
[193.736s][info][gc] GC(8734) Pause Full (Allocation Failure) 15M->13M(15M) 31.109ms
[193.772s][info][gc] GC(8735) Pause Full (Allocation Failure) 15M->13M(15M) 32.694ms
[193.809s][info][gc] GC(8736) Pause Full (Allocation Failure) 15M->13M(15M) 32.336ms
[193.842s][info][gc] GC(8737) Pause Full (Allocation Failure) 15M->13M(15M) 29.408ms
[193.875s][info][gc] GC(8738) Pause Full (Allocation Failure) 15M->13M(15M) 29.667ms
[193.907s][info][gc] GC(8739) Pause Full (Allocation Failure) 15M->13M(15M) 30.003ms
[193.940s][info][gc] GC(8740) Pause Full (Allocation Failure) 15M->13M(15M) 30.370ms
[193.971s][info][gc] GC(8741) Pause Full (Allocation Failure) 15M->13M(15M) 28.233ms
[194.003s][info][gc] GC(8742) Pause Full (Allocation Failure) 15M->13M(15M) 28.332ms
[194.034s][info][gc] GC(8743) Pause Full (Allocation Failure) 15M->13M(15M) 27.840ms
[194.064s][info][gc] GC(8744) Pause Full (Allocation Failure) 15M->13M(15M) 27.105ms
[194.095s][info][gc] GC(8745) Pause Full (Allocation Failure) 15M->13M(15M) 27.973ms
[194.126s][info][gc] GC(8746) Pause Full (Allocation Failure) 15M->13M(15M) 27.564ms
[194.158s][info][gc] GC(8747) Pause Full (Allocation Failure) 15M->13M(15M) 29.294ms
[194.188s][info][gc] GC(8748) Pause Full (Allocation Failure) 15M->13M(15M) 27.964ms
[194.220s][info][gc] GC(8749) Pause Full (Allocation Failure) 15M->13M(15M) 28.461ms
[194.249s][info][gc] GC(8750) Pause Full (Allocation Failure) 15M->13M(15M) 25.679ms
[194.279s][info][gc] GC(8751) Pause Full (Allocation Failure) 15M->13M(15M) 26.830ms
[194.310s][info][gc] GC(8752) Pause Full (Allocation Failure) 15M->13M(15M) 28.086ms
[194.342s][info][gc] GC(8753) Pause Full (Allocation Failure) 15M->13M(15M) 29.399ms
[194.375s][info][gc] GC(8754) Pause Full (Allocation Failure) 15M->13M(15M) 30.235ms
[194.407s][info][gc] GC(8755) Pause Full (Allocation Failure) 15M->13M(15M) 28.364ms
[194.441s][info][gc] GC(8756) Pause Full (Allocation Failure) 15M->13M(15M) 30.634ms
[194.473s][info][gc] GC(8757) Pause Full (Allocation Failure) 15M->13M(15M) 28.787ms
[194.504s][info][gc] GC(8758) Pause Full (Allocation Failure) 15M->13M(15M) 28.630ms
[194.537s][info][gc] GC(8759) Pause Full (Allocation Failure) 15M->13M(15M) 29.019ms
[194.569s][info][gc] GC(8760) Pause Full (Allocation Failure) 15M->13M(15M) 28.599ms
[194.602s][info][gc] GC(8761) Pause Full (Allocation Failure) 15M->13M(15M) 30.113ms
[194.633s][info][gc] GC(8762) Pause Full (Allocation Failure) 15M->13M(15M) 27.395ms
[194.664s][info][gc] GC(8763) Pause Full (Allocation Failure) 15M->13M(15M) 28.114ms
[194.699s][info][gc] GC(8764) Pause Full (Allocation Failure) 15M->13M(15M) 31.323ms
[194.730s][info][gc] GC(8765) Pause Full (Allocation Failure) 15M->13M(15M) 28.168ms
[194.765s][info][gc] GC(8766) Pause Full (Allocation Failure) 15M->13M(15M) 32.360ms
[194.807s][info][gc] GC(8767) Pause Full (Allocation Failure) 15M->13M(15M) 38.179ms
[194.844s][info][gc] GC(8768) Pause Full (Allocation Failure) 15M->13M(15M) 33.172ms
[194.879s][info][gc] GC(8769) Pause Full (Allocation Failure) 15M->13M(15M) 31.889ms
[194.913s][info][gc] GC(8770) Pause Full (Allocation Failure) 15M->13M(15M) 30.912ms
[194.945s][info][gc] GC(8771) Pause Full (Allocation Failure) 15M->13M(15M) 28.599ms
[194.978s][info][gc] GC(8772) Pause Full (Allocation Failure) 15M->13M(15M) 30.404ms
[195.011s][info][gc] GC(8773) Pause Full (Allocation Failure) 15M->13M(15M) 30.165ms
[195.044s][info][gc] GC(8774) Pause Full (Allocation Failure) 15M->13M(15M) 30.767ms
[195.077s][info][gc] GC(8775) Pause Full (Allocation Failure) 15M->13M(15M) 29.956ms
[195.109s][info][gc] GC(8776) Pause Full (Allocation Failure) 15M->13M(15M) 28.687ms
[195.140s][info][gc] GC(8777) Pause Full (Allocation Failure) 15M->13M(15M) 28.448ms
[195.173s][info][gc] GC(8778) Pause Full (Allocation Failure) 15M->13M(15M) 28.820ms
[195.205s][info][gc] GC(8779) Pause Full (Allocation Failure) 15M->13M(15M) 28.891ms
[195.236s][info][gc] GC(8780) Pause Full (Allocation Failure) 15M->13M(15M) 28.921ms
[195.267s][info][gc] GC(8781) Pause Full (Allocation Failure) 15M->13M(15M) 27.527ms
[195.299s][info][gc] GC(8782) Pause Full (Allocation Failure) 15M->13M(15M) 28.169ms
[195.330s][info][gc] GC(8783) Pause Full (Allocation Failure) 15M->13M(15M) 28.418ms
[195.362s][info][gc] GC(8784) Pause Full (Allocation Failure) 15M->13M(15M) 29.682ms
[195.394s][info][gc] GC(8785) Pause Full (Allocation Failure) 15M->13M(15M) 29.470ms
[195.426s][info][gc] GC(8786) Pause Full (Allocation Failure) 15M->13M(15M) 28.580ms
[195.457s][info][gc] GC(8787) Pause Full (Allocation Failure) 15M->13M(15M) 28.473ms
[195.489s][info][gc] GC(8788) Pause Full (Allocation Failure) 15M->13M(15M) 28.579ms
[195.520s][info][gc] GC(8789) Pause Full (Allocation Failure) 15M->13M(15M) 28.352ms
[195.551s][info][gc] GC(8790) Pause Full (Allocation Failure) 15M->13M(15M) 27.453ms
[195.583s][info][gc] GC(8791) Pause Full (Allocation Failure) 15M->13M(15M) 28.932ms
[195.616s][info][gc] GC(8792) Pause Full (Allocation Failure) 15M->13M(15M) 29.774ms
[195.648s][info][gc] GC(8793) Pause Full (Allocation Failure) 15M->13M(15M) 28.439ms
[195.680s][info][gc] GC(8794) Pause Full (Allocation Failure) 15M->13M(15M) 29.366ms
[195.712s][info][gc] GC(8795) Pause Full (Allocation Failure) 15M->13M(15M) 28.890ms
[195.743s][info][gc] GC(8796) Pause Full (Allocation Failure) 15M->13M(15M) 28.223ms
[195.781s][info][gc] GC(8797) Pause Full (Allocation Failure) 15M->13M(15M) 34.375ms
[195.818s][info][gc] GC(8798) Pause Full (Allocation Failure) 15M->13M(15M) 32.527ms
[195.852s][info][gc] GC(8799) Pause Full (Allocation Failure) 15M->13M(15M) 30.481ms
[195.885s][info][gc] GC(8800) Pause Full (Allocation Failure) 15M->13M(15M) 29.475ms
[195.918s][info][gc] GC(8801) Pause Full (Allocation Failure) 15M->13M(15M) 28.800ms
[195.950s][info][gc] GC(8802) Pause Full (Allocation Failure) 15M->13M(15M) 28.706ms
[195.981s][info][gc] GC(8803) Pause Full (Allocation Failure) 15M->13M(15M) 28.564ms
[196.014s][info][gc] GC(8804) Pause Full (Allocation Failure) 15M->13M(15M) 29.992ms
[196.047s][info][gc] GC(8805) Pause Full (Allocation Failure) 15M->13M(15M) 29.782ms
[196.078s][info][gc] GC(8806) Pause Full (Allocation Failure) 15M->13M(15M) 28.187ms
[196.110s][info][gc] GC(8807) Pause Full (Allocation Failure) 15M->13M(15M) 28.584ms
[196.142s][info][gc] GC(8808) Pause Full (Allocation Failure) 15M->13M(15M) 28.422ms
[196.173s][info][gc] GC(8809) Pause Full (Allocation Failure) 15M->13M(15M) 28.089ms
[196.204s][info][gc] GC(8810) Pause Full (Allocation Failure) 15M->13M(15M) 27.634ms
[196.235s][info][gc] GC(8811) Pause Full (Allocation Failure) 15M->13M(15M) 28.063ms
[196.267s][info][gc] GC(8812) Pause Full (Allocation Failure) 15M->13M(15M) 28.170ms
[196.299s][info][gc] GC(8813) Pause Full (Allocation Failure) 15M->13M(15M) 29.192ms
[196.331s][info][gc] GC(8814) Pause Full (Allocation Failure) 15M->13M(15M) 29.339ms
[196.362s][info][gc] GC(8815) Pause Full (Allocation Failure) 15M->13M(15M) 28.105ms
[196.394s][info][gc] GC(8816) Pause Full (Allocation Failure) 15M->13M(15M) 28.272ms
[196.424s][info][gc] GC(8817) Pause Full (Allocation Failure) 15M->13M(15M) 26.875ms
[196.456s][info][gc] GC(8818) Pause Full (Allocation Failure) 15M->13M(15M) 28.363ms
[196.487s][info][gc] GC(8819) Pause Full (Allocation Failure) 15M->13M(15M) 28.170ms
[196.518s][info][gc] GC(8820) Pause Full (Allocation Failure) 15M->13M(15M) 27.906ms
[196.550s][info][gc] GC(8821) Pause Full (Allocation Failure) 15M->13M(15M) 28.218ms
[196.584s][info][gc] GC(8822) Pause Full (Allocation Failure) 15M->13M(15M) 31.022ms
[196.617s][info][gc] GC(8823) Pause Full (Allocation Failure) 15M->13M(15M) 30.617ms
[196.650s][info][gc] GC(8824) Pause Full (Allocation Failure) 15M->13M(15M) 29.053ms
[196.680s][info][gc] GC(8825) Pause Full (Allocation Failure) 15M->13M(15M) 27.259ms
[196.711s][info][gc] GC(8826) Pause Full (Allocation Failure) 15M->13M(15M) 27.957ms
[196.742s][info][gc] GC(8827) Pause Full (Allocation Failure) 15M->13M(15M) 26.625ms
[196.777s][info][gc] GC(8828) Pause Full (Allocation Failure) 15M->13M(15M) 32.240ms
[196.815s][info][gc] GC(8829) Pause Full (Allocation Failure) 15M->13M(15M) 33.365ms
[196.848s][info][gc] GC(8830) Pause Full (Allocation Failure) 15M->13M(15M) 30.103ms
[196.881s][info][gc] GC(8831) Pause Full (Allocation Failure) 15M->13M(15M) 29.165ms
[196.912s][info][gc] GC(8832) Pause Full (Allocation Failure) 15M->13M(15M) 28.383ms
[196.943s][info][gc] GC(8833) Pause Full (Allocation Failure) 15M->13M(15M) 27.418ms
[196.974s][info][gc] GC(8834) Pause Full (Allocation Failure) 15M->13M(15M) 27.607ms
[197.005s][info][gc] GC(8835) Pause Full (Allocation Failure) 15M->13M(15M) 28.302ms
[197.037s][info][gc] GC(8836) Pause Full (Allocation Failure) 15M->13M(15M) 28.475ms
[197.068s][info][gc] GC(8837) Pause Full (Allocation Failure) 15M->13M(15M) 28.495ms
[197.100s][info][gc] GC(8838) Pause Full (Allocation Failure) 15M->13M(15M) 28.714ms
[197.131s][info][gc] GC(8839) Pause Full (Allocation Failure) 15M->13M(15M) 28.205ms
[197.162s][info][gc] GC(8840) Pause Full (Allocation Failure) 15M->13M(15M) 27.969ms
[197.192s][info][gc] GC(8841) Pause Full (Allocation Failure) 15M->13M(15M) 26.301ms
[197.222s][info][gc] GC(8842) Pause Full (Allocation Failure) 15M->13M(15M) 27.544ms
[197.254s][info][gc] GC(8843) Pause Full (Allocation Failure) 15M->13M(15M) 28.333ms
[197.286s][info][gc] GC(8844) Pause Full (Allocation Failure) 15M->13M(15M) 28.809ms
[197.315s][info][gc] GC(8845) Pause Full (Allocation Failure) 15M->13M(15M) 26.180ms
[197.344s][info][gc] GC(8846) Pause Full (Allocation Failure) 15M->13M(15M) 26.196ms
[197.374s][info][gc] GC(8847) Pause Full (Allocation Failure) 15M->13M(15M) 27.712ms
[197.404s][info][gc] GC(8848) Pause Full (Allocation Failure) 15M->13M(15M) 26.910ms
[197.435s][info][gc] GC(8849) Pause Full (Allocation Failure) 15M->13M(15M) 28.101ms
[197.465s][info][gc] GC(8850) Pause Full (Allocation Failure) 15M->13M(15M) 27.404ms
[197.496s][info][gc] GC(8851) Pause Full (Allocation Failure) 15M->13M(15M) 27.784ms
[197.526s][info][gc] GC(8852) Pause Full (Allocation Failure) 15M->13M(15M) 26.796ms
[197.556s][info][gc] GC(8853) Pause Full (Allocation Failure) 15M->13M(15M) 27.349ms
[197.587s][info][gc] GC(8854) Pause Full (Allocation Failure) 15M->13M(15M) 27.726ms
[197.619s][info][gc] GC(8855) Pause Full (Allocation Failure) 15M->13M(15M) 28.727ms
[197.649s][info][gc] GC(8856) Pause Full (Allocation Failure) 15M->13M(15M) 27.891ms
[197.681s][info][gc] GC(8857) Pause Full (Allocation Failure) 15M->13M(15M) 28.862ms
[197.714s][info][gc] GC(8858) Pause Full (Allocation Failure) 15M->13M(15M) 29.347ms
[197.747s][info][gc] GC(8859) Pause Full (Allocation Failure) 15M->13M(15M) 30.271ms
[197.787s][info][gc] GC(8860) Pause Full (Allocation Failure) 15M->13M(15M) 36.738ms
[197.820s][info][gc] GC(8861) Pause Full (Allocation Failure) 15M->13M(15M) 30.093ms
[197.854s][info][gc] GC(8862) Pause Full (Allocation Failure) 15M->13M(15M) 30.225ms
[197.887s][info][gc] GC(8863) Pause Full (Allocation Failure) 15M->13M(15M) 30.637ms
[197.921s][info][gc] GC(8864) Pause Full (Allocation Failure) 15M->13M(15M) 31.095ms
[197.954s][info][gc] GC(8865) Pause Full (Allocation Failure) 15M->13M(15M) 30.468ms
[197.987s][info][gc] GC(8866) Pause Full (Allocation Failure) 15M->13M(15M) 30.200ms
[198.021s][info][gc] GC(8867) Pause Full (Allocation Failure) 15M->13M(15M) 30.894ms
[198.054s][info][gc] GC(8868) Pause Full (Allocation Failure) 15M->13M(15M) 30.583ms
[198.088s][info][gc] GC(8869) Pause Full (Allocation Failure) 15M->13M(15M) 30.638ms
[198.121s][info][gc] GC(8870) Pause Full (Allocation Failure) 15M->13M(15M) 30.696ms
[198.154s][info][gc] GC(8871) Pause Full (Allocation Failure) 15M->13M(15M) 30.279ms
[198.188s][info][gc] GC(8872) Pause Full (Allocation Failure) 15M->13M(15M) 30.699ms
[198.221s][info][gc] GC(8873) Pause Full (Allocation Failure) 15M->13M(15M) 30.532ms
[198.254s][info][gc] GC(8874) Pause Full (Allocation Failure) 15M->13M(15M) 30.985ms
[198.288s][info][gc] GC(8875) Pause Full (Allocation Failure) 15M->13M(15M) 30.689ms
[198.321s][info][gc] GC(8876) Pause Full (Allocation Failure) 15M->13M(15M) 30.714ms
[198.355s][info][gc] GC(8877) Pause Full (Allocation Failure) 15M->13M(15M) 30.516ms
[198.389s][info][gc] GC(8878) Pause Full (Allocation Failure) 15M->13M(15M) 31.450ms
[198.422s][info][gc] GC(8879) Pause Full (Allocation Failure) 15M->13M(15M) 30.223ms
[198.456s][info][gc] GC(8880) Pause Full (Allocation Failure) 15M->13M(15M) 31.617ms
[198.489s][info][gc] GC(8881) Pause Full (Allocation Failure) 15M->13M(15M) 30.356ms
[198.523s][info][gc] GC(8882) Pause Full (Allocation Failure) 15M->13M(15M) 30.771ms
[198.556s][info][gc] GC(8883) Pause Full (Allocation Failure) 15M->13M(15M) 30.489ms
[198.590s][info][gc] GC(8884) Pause Full (Allocation Failure) 15M->13M(15M) 30.945ms
[198.623s][info][gc] GC(8885) Pause Full (Allocation Failure) 15M->13M(15M) 30.452ms
[198.656s][info][gc] GC(8886) Pause Full (Allocation Failure) 15M->13M(15M) 30.412ms
[198.690s][info][gc] GC(8887) Pause Full (Allocation Failure) 15M->13M(15M) 31.197ms
[198.723s][info][gc] GC(8888) Pause Full (Allocation Failure) 15M->13M(15M) 30.751ms
[198.757s][info][gc] GC(8889) Pause Full (Allocation Failure) 15M->13M(15M) 30.453ms
[198.795s][info][gc] GC(8890) Pause Full (Allocation Failure) 15M->13M(15M) 35.792ms
[198.830s][info][gc] GC(8891) Pause Full (Allocation Failure) 15M->13M(15M) 30.018ms
[198.862s][info][gc] GC(8892) Pause Full (Allocation Failure) 15M->13M(15M) 28.747ms
[198.894s][info][gc] GC(8893) Pause Full (Allocation Failure) 15M->13M(15M) 28.410ms
[198.926s][info][gc] GC(8894) Pause Full (Allocation Failure) 15M->13M(15M) 28.812ms
[198.958s][info][gc] GC(8895) Pause Full (Allocation Failure) 15M->13M(15M) 28.779ms
[198.990s][info][gc] GC(8896) Pause Full (Allocation Failure) 15M->13M(15M) 29.850ms
[199.024s][info][gc] GC(8897) Pause Full (Allocation Failure) 15M->13M(15M) 30.755ms
[199.057s][info][gc] GC(8898) Pause Full (Allocation Failure) 15M->13M(15M) 30.116ms
[199.091s][info][gc] GC(8899) Pause Full (Allocation Failure) 15M->13M(15M) 31.248ms
[199.124s][info][gc] GC(8900) Pause Full (Allocation Failure) 15M->13M(15M) 30.669ms
[199.158s][info][gc] GC(8901) Pause Full (Allocation Failure) 15M->13M(15M) 30.749ms
[199.191s][info][gc] GC(8902) Pause Full (Allocation Failure) 15M->13M(15M) 30.465ms
[199.225s][info][gc] GC(8903) Pause Full (Allocation Failure) 15M->13M(15M) 30.005ms
[199.258s][info][gc] GC(8904) Pause Full (Allocation Failure) 15M->13M(15M) 30.098ms
[199.293s][info][gc] GC(8905) Pause Full (Allocation Failure) 15M->13M(15M) 32.245ms
[199.327s][info][gc] GC(8906) Pause Full (Allocation Failure) 15M->13M(15M) 31.052ms
[199.360s][info][gc] GC(8907) Pause Full (Allocation Failure) 15M->13M(15M) 30.206ms
[199.392s][info][gc] GC(8908) Pause Full (Allocation Failure) 15M->13M(15M) 29.226ms
[199.425s][info][gc] GC(8909) Pause Full (Allocation Failure) 15M->13M(15M) 30.327ms
[199.458s][info][gc] GC(8910) Pause Full (Allocation Failure) 15M->13M(15M) 30.112ms
[199.490s][info][gc] GC(8911) Pause Full (Allocation Failure) 15M->13M(15M) 29.221ms
[199.522s][info][gc] GC(8912) Pause Full (Allocation Failure) 15M->13M(15M) 28.506ms
[199.554s][info][gc] GC(8913) Pause Full (Allocation Failure) 15M->13M(15M) 28.832ms
[199.587s][info][gc] GC(8914) Pause Full (Allocation Failure) 15M->13M(15M) 29.514ms
[199.619s][info][gc] GC(8915) Pause Full (Allocation Failure) 15M->13M(15M) 28.918ms
[199.655s][info][gc] GC(8916) Pause Full (Allocation Failure) 15M->13M(15M) 32.178ms
[199.688s][info][gc] GC(8917) Pause Full (Allocation Failure) 15M->13M(15M) 29.873ms
[199.721s][info][gc] GC(8918) Pause Full (Allocation Failure) 15M->13M(15M) 29.688ms
[199.752s][info][gc] GC(8919) Pause Full (Allocation Failure) 15M->13M(15M) 27.733ms
[199.789s][info][gc] GC(8920) Pause Full (Allocation Failure) 15M->13M(15M) 33.826ms
[199.826s][info][gc] GC(8921) Pause Full (Allocation Failure) 15M->13M(15M) 33.629ms
[199.861s][info][gc] GC(8922) Pause Full (Allocation Failure) 15M->13M(15M) 30.943ms
[199.893s][info][gc] GC(8923) Pause Full (Allocation Failure) 15M->13M(15M) 29.867ms
[199.926s][info][gc] GC(8924) Pause Full (Allocation Failure) 15M->13M(15M) 29.798ms
[199.959s][info][gc] GC(8925) Pause Full (Allocation Failure) 15M->13M(15M) 30.196ms
[199.990s][info][gc] GC(8926) Pause Full (Allocation Failure) 15M->13M(15M) 28.787ms
[200.023s][info][gc] GC(8927) Pause Full (Allocation Failure) 15M->13M(15M) 28.875ms
[200.056s][info][gc] GC(8928) Pause Full (Allocation Failure) 15M->13M(15M) 29.834ms
[200.087s][info][gc] GC(8929) Pause Full (Allocation Failure) 15M->13M(15M) 28.257ms
[200.118s][info][gc] GC(8930) Pause Full (Allocation Failure) 15M->13M(15M) 28.436ms
[200.150s][info][gc] GC(8931) Pause Full (Allocation Failure) 15M->13M(15M) 27.590ms
[200.182s][info][gc] GC(8932) Pause Full (Allocation Failure) 15M->13M(15M) 29.071ms
[200.214s][info][gc] GC(8933) Pause Full (Allocation Failure) 15M->13M(15M) 28.770ms
[200.245s][info][gc] GC(8934) Pause Full (Allocation Failure) 15M->13M(15M) 28.878ms
[200.278s][info][gc] GC(8935) Pause Full (Allocation Failure) 15M->13M(15M) 29.779ms
[200.309s][info][gc] GC(8936) Pause Full (Allocation Failure) 15M->13M(15M) 28.444ms
[200.341s][info][gc] GC(8937) Pause Full (Allocation Failure) 15M->13M(15M) 28.858ms
[200.370s][info][gc] GC(8938) Pause Full (Allocation Failure) 15M->13M(15M) 25.741ms
[200.400s][info][gc] GC(8939) Pause Full (Allocation Failure) 15M->13M(15M) 27.536ms
[200.432s][info][gc] GC(8940) Pause Full (Allocation Failure) 15M->13M(15M) 28.854ms
[200.463s][info][gc] GC(8941) Pause Full (Allocation Failure) 15M->13M(15M) 27.481ms
[200.493s][info][gc] GC(8942) Pause Full (Allocation Failure) 15M->13M(15M) 27.905ms
[200.525s][info][gc] GC(8943) Pause Full (Allocation Failure) 15M->13M(15M) 28.582ms
[200.557s][info][gc] GC(8944) Pause Full (Allocation Failure) 15M->13M(15M) 28.686ms
[200.591s][info][gc] GC(8945) Pause Full (Allocation Failure) 15M->13M(15M) 30.982ms
[200.625s][info][gc] GC(8946) Pause Full (Allocation Failure) 15M->13M(15M) 30.581ms
[200.658s][info][gc] GC(8947) Pause Full (Allocation Failure) 15M->13M(15M) 29.301ms
[200.691s][info][gc] GC(8948) Pause Full (Allocation Failure) 15M->13M(15M) 29.199ms
[200.724s][info][gc] GC(8949) Pause Full (Allocation Failure) 15M->13M(15M) 29.829ms
[200.757s][info][gc] GC(8950) Pause Full (Allocation Failure) 15M->13M(15M) 30.189ms
[200.795s][info][gc] GC(8951) Pause Full (Allocation Failure) 15M->13M(15M) 34.859ms
[200.835s][info][gc] GC(8952) Pause Full (Allocation Failure) 15M->13M(15M) 35.939ms
[200.869s][info][gc] GC(8953) Pause Full (Allocation Failure) 15M->13M(15M) 30.316ms
[200.902s][info][gc] GC(8954) Pause Full (Allocation Failure) 15M->13M(15M) 29.177ms
[200.935s][info][gc] GC(8955) Pause Full (Allocation Failure) 15M->13M(15M) 29.240ms
[200.969s][info][gc] GC(8956) Pause Full (Allocation Failure) 15M->13M(15M) 29.208ms
[201.002s][info][gc] GC(8957) Pause Full (Allocation Failure) 15M->13M(15M) 29.718ms
[201.036s][info][gc] GC(8958) Pause Full (Allocation Failure) 15M->13M(15M) 29.465ms
[201.067s][info][gc] GC(8959) Pause Full (Allocation Failure) 15M->13M(15M) 28.422ms
[201.099s][info][gc] GC(8960) Pause Full (Allocation Failure) 15M->13M(15M) 28.609ms
[201.132s][info][gc] GC(8961) Pause Full (Allocation Failure) 15M->13M(15M) 29.724ms
[201.165s][info][gc] GC(8962) Pause Full (Allocation Failure) 15M->13M(15M) 30.988ms
[201.198s][info][gc] GC(8963) Pause Full (Allocation Failure) 15M->13M(15M) 29.834ms
[201.231s][info][gc] GC(8964) Pause Full (Allocation Failure) 15M->13M(15M) 30.266ms
[201.265s][info][gc] GC(8965) Pause Full (Allocation Failure) 15M->13M(15M) 30.526ms
[201.298s][info][gc] GC(8966) Pause Full (Allocation Failure) 15M->13M(15M) 31.157ms
[201.332s][info][gc] GC(8967) Pause Full (Allocation Failure) 15M->13M(15M) 30.532ms
[201.365s][info][gc] GC(8968) Pause Full (Allocation Failure) 15M->13M(15M) 30.618ms
[201.399s][info][gc] GC(8969) Pause Full (Allocation Failure) 15M->13M(15M) 30.772ms
[201.432s][info][gc] GC(8970) Pause Full (Allocation Failure) 15M->13M(15M) 30.513ms
[201.467s][info][gc] GC(8971) Pause Full (Allocation Failure) 15M->13M(15M) 31.501ms
[201.500s][info][gc] GC(8972) Pause Full (Allocation Failure) 15M->13M(15M) 30.569ms
[201.533s][info][gc] GC(8973) Pause Full (Allocation Failure) 15M->13M(15M) 29.536ms
[201.566s][info][gc] GC(8974) Pause Full (Allocation Failure) 15M->13M(15M) 30.426ms
[201.599s][info][gc] GC(8975) Pause Full (Allocation Failure) 15M->13M(15M) 30.666ms
[201.632s][info][gc] GC(8976) Pause Full (Allocation Failure) 15M->13M(15M) 29.757ms
[201.666s][info][gc] GC(8977) Pause Full (Allocation Failure) 15M->13M(15M) 31.638ms
[201.700s][info][gc] GC(8978) Pause Full (Allocation Failure) 15M->13M(15M) 30.453ms
[201.733s][info][gc] GC(8979) Pause Full (Allocation Failure) 15M->13M(15M) 31.286ms
[201.766s][info][gc] GC(8980) Pause Full (Allocation Failure) 15M->13M(15M) 30.290ms
[201.803s][info][gc] GC(8981) Pause Full (Allocation Failure) 15M->13M(15M) 34.337ms
[201.839s][info][gc] GC(8982) Pause Full (Allocation Failure) 15M->13M(15M) 31.742ms
[201.872s][info][gc] GC(8983) Pause Full (Allocation Failure) 15M->13M(15M) 29.134ms
[201.905s][info][gc] GC(8984) Pause Full (Allocation Failure) 15M->13M(15M) 29.734ms
[201.937s][info][gc] GC(8985) Pause Full (Allocation Failure) 15M->13M(15M) 28.780ms
[201.971s][info][gc] GC(8986) Pause Full (Allocation Failure) 15M->13M(15M) 29.856ms
[202.003s][info][gc] GC(8987) Pause Full (Allocation Failure) 15M->13M(15M) 29.085ms
[202.035s][info][gc] GC(8988) Pause Full (Allocation Failure) 15M->13M(15M) 29.617ms
[202.068s][info][gc] GC(8989) Pause Full (Allocation Failure) 15M->13M(15M) 30.258ms
[202.101s][info][gc] GC(8990) Pause Full (Allocation Failure) 15M->13M(15M) 30.329ms
[202.134s][info][gc] GC(8991) Pause Full (Allocation Failure) 15M->13M(15M) 29.987ms
[202.168s][info][gc] GC(8992) Pause Full (Allocation Failure) 15M->13M(15M) 31.369ms
[202.202s][info][gc] GC(8993) Pause Full (Allocation Failure) 15M->13M(15M) 31.438ms
[202.235s][info][gc] GC(8994) Pause Full (Allocation Failure) 15M->13M(15M) 29.718ms
[202.268s][info][gc] GC(8995) Pause Full (Allocation Failure) 15M->13M(15M) 30.390ms
[202.302s][info][gc] GC(8996) Pause Full (Allocation Failure) 15M->13M(15M) 31.066ms
[202.335s][info][gc] GC(8997) Pause Full (Allocation Failure) 15M->13M(15M) 30.450ms
[202.369s][info][gc] GC(8998) Pause Full (Allocation Failure) 15M->13M(15M) 31.152ms
[202.402s][info][gc] GC(8999) Pause Full (Allocation Failure) 15M->13M(15M) 30.524ms
[202.436s][info][gc] GC(9000) Pause Full (Allocation Failure) 15M->13M(15M) 30.409ms
[202.467s][info][gc] GC(9001) Pause Full (Allocation Failure) 15M->13M(15M) 28.435ms
[202.498s][info][gc] GC(9002) Pause Full (Allocation Failure) 15M->13M(15M) 28.607ms
[202.530s][info][gc] GC(9003) Pause Full (Allocation Failure) 15M->13M(15M) 28.807ms
[202.561s][info][gc] GC(9004) Pause Full (Allocation Failure) 15M->13M(15M) 27.691ms
[202.593s][info][gc] GC(9005) Pause Full (Allocation Failure) 15M->13M(15M) 28.651ms
[202.627s][info][gc] GC(9006) Pause Full (Allocation Failure) 15M->13M(15M) 30.812ms
[202.657s][info][gc] GC(9007) Pause Full (Allocation Failure) 15M->13M(15M) 27.576ms
[202.691s][info][gc] GC(9008) Pause Full (Allocation Failure) 15M->13M(15M) 30.116ms
[202.722s][info][gc] GC(9009) Pause Full (Allocation Failure) 15M->13M(15M) 28.167ms
[202.754s][info][gc] GC(9010) Pause Full (Allocation Failure) 15M->13M(15M) 29.888ms
[202.788s][info][gc] GC(9011) Pause Full (Allocation Failure) 15M->13M(15M) 30.664ms
[202.826s][info][gc] GC(9012) Pause Full (Allocation Failure) 15M->13M(15M) 34.351ms
[202.859s][info][gc] GC(9013) Pause Full (Allocation Failure) 15M->13M(15M) 29.634ms
[202.891s][info][gc] GC(9014) Pause Full (Allocation Failure) 15M->13M(15M) 29.027ms
[202.924s][info][gc] GC(9015) Pause Full (Allocation Failure) 15M->13M(15M) 29.984ms
[202.959s][info][gc] GC(9016) Pause Full (Allocation Failure) 15M->13M(15M) 30.713ms
[202.991s][info][gc] GC(9017) Pause Full (Allocation Failure) 15M->13M(15M) 29.339ms
[203.025s][info][gc] GC(9018) Pause Full (Allocation Failure) 15M->13M(15M) 29.362ms
[203.056s][info][gc] GC(9019) Pause Full (Allocation Failure) 15M->13M(15M) 27.862ms
[203.089s][info][gc] GC(9020) Pause Full (Allocation Failure) 15M->13M(15M) 30.547ms
[203.121s][info][gc] GC(9021) Pause Full (Allocation Failure) 15M->13M(15M) 29.265ms
[203.155s][info][gc] GC(9022) Pause Full (Allocation Failure) 15M->13M(15M) 30.726ms
[203.187s][info][gc] GC(9023) Pause Full (Allocation Failure) 15M->13M(15M) 29.927ms
[203.218s][info][gc] GC(9024) Pause Full (Allocation Failure) 15M->13M(15M) 28.637ms
[203.250s][info][gc] GC(9025) Pause Full (Allocation Failure) 15M->13M(15M) 28.772ms
[203.282s][info][gc] GC(9026) Pause Full (Allocation Failure) 15M->13M(15M) 28.620ms
[203.313s][info][gc] GC(9027) Pause Full (Allocation Failure) 15M->13M(15M) 27.493ms
[203.344s][info][gc] GC(9028) Pause Full (Allocation Failure) 15M->13M(15M) 27.529ms
[203.376s][info][gc] GC(9029) Pause Full (Allocation Failure) 15M->13M(15M) 29.202ms
[203.409s][info][gc] GC(9030) Pause Full (Allocation Failure) 15M->13M(15M) 29.461ms
[203.441s][info][gc] GC(9031) Pause Full (Allocation Failure) 15M->13M(15M) 28.668ms
[203.472s][info][gc] GC(9032) Pause Full (Allocation Failure) 15M->13M(15M) 27.916ms
[203.506s][info][gc] GC(9033) Pause Full (Allocation Failure) 15M->13M(15M) 30.956ms
[203.538s][info][gc] GC(9034) Pause Full (Allocation Failure) 15M->13M(15M) 30.071ms
[203.569s][info][gc] GC(9035) Pause Full (Allocation Failure) 15M->13M(15M) 27.767ms
[203.601s][info][gc] GC(9036) Pause Full (Allocation Failure) 15M->13M(15M) 29.311ms
[203.633s][info][gc] GC(9037) Pause Full (Allocation Failure) 15M->13M(15M) 28.404ms
[203.664s][info][gc] GC(9038) Pause Full (Allocation Failure) 15M->13M(15M) 27.478ms
[203.694s][info][gc] GC(9039) Pause Full (Allocation Failure) 15M->13M(15M) 27.572ms
[203.726s][info][gc] GC(9040) Pause Full (Allocation Failure) 15M->13M(15M) 29.111ms
[203.757s][info][gc] GC(9041) Pause Full (Allocation Failure) 15M->13M(15M) 28.364ms
[203.792s][info][gc] GC(9042) Pause Full (Allocation Failure) 15M->13M(15M) 31.155ms
[203.826s][info][gc] GC(9043) Pause Full (Allocation Failure) 15M->13M(15M) 31.437ms
[203.857s][info][gc] GC(9044) Pause Full (Allocation Failure) 15M->13M(15M) 27.972ms
[203.889s][info][gc] GC(9045) Pause Full (Allocation Failure) 15M->13M(15M) 29.183ms
[203.920s][info][gc] GC(9046) Pause Full (Allocation Failure) 15M->13M(15M) 28.205ms
[203.952s][info][gc] GC(9047) Pause Full (Allocation Failure) 15M->13M(15M) 29.061ms
[203.985s][info][gc] GC(9048) Pause Full (Allocation Failure) 15M->13M(15M) 28.855ms
[204.016s][info][gc] GC(9049) Pause Full (Allocation Failure) 15M->13M(15M) 28.247ms
[204.047s][info][gc] GC(9050) Pause Full (Allocation Failure) 15M->13M(15M) 27.910ms
[204.079s][info][gc] GC(9051) Pause Full (Allocation Failure) 15M->13M(15M) 28.409ms
[204.112s][info][gc] GC(9052) Pause Full (Allocation Failure) 15M->13M(15M) 29.945ms
[204.145s][info][gc] GC(9053) Pause Full (Allocation Failure) 15M->13M(15M) 28.527ms
[204.181s][info][gc] GC(9054) Pause Full (Allocation Failure) 15M->13M(15M) 32.039ms
[204.212s][info][gc] GC(9055) Pause Full (Allocation Failure) 15M->13M(15M) 28.040ms
[204.244s][info][gc] GC(9056) Pause Full (Allocation Failure) 15M->13M(15M) 29.263ms
[204.276s][info][gc] GC(9057) Pause Full (Allocation Failure) 15M->13M(15M) 28.691ms
[204.308s][info][gc] GC(9058) Pause Full (Allocation Failure) 15M->13M(15M) 29.594ms
[204.341s][info][gc] GC(9059) Pause Full (Allocation Failure) 15M->13M(15M) 30.118ms
[204.374s][info][gc] GC(9060) Pause Full (Allocation Failure) 15M->13M(15M) 30.563ms
[204.405s][info][gc] GC(9061) Pause Full (Allocation Failure) 15M->13M(15M) 27.996ms
[204.438s][info][gc] GC(9062) Pause Full (Allocation Failure) 15M->13M(15M) 29.694ms
[204.471s][info][gc] GC(9063) Pause Full (Allocation Failure) 15M->13M(15M) 30.615ms
[204.505s][info][gc] GC(9064) Pause Full (Allocation Failure) 15M->13M(15M) 30.073ms
[204.538s][info][gc] GC(9065) Pause Full (Allocation Failure) 15M->13M(15M) 30.060ms
[204.572s][info][gc] GC(9066) Pause Full (Allocation Failure) 15M->13M(15M) 30.000ms
[204.603s][info][gc] GC(9067) Pause Full (Allocation Failure) 15M->13M(15M) 28.077ms
[204.633s][info][gc] GC(9068) Pause Full (Allocation Failure) 15M->13M(15M) 26.749ms
[204.664s][info][gc] GC(9069) Pause Full (Allocation Failure) 15M->13M(15M) 27.334ms
[204.695s][info][gc] GC(9070) Pause Full (Allocation Failure) 15M->13M(15M) 28.516ms
[204.726s][info][gc] GC(9071) Pause Full (Allocation Failure) 15M->13M(15M) 27.972ms
[204.759s][info][gc] GC(9072) Pause Full (Allocation Failure) 15M->13M(15M) 30.418ms
[204.795s][info][gc] GC(9073) Pause Full (Allocation Failure) 15M->13M(15M) 33.044ms
[204.827s][info][gc] GC(9074) Pause Full (Allocation Failure) 15M->13M(15M) 29.091ms
[204.859s][info][gc] GC(9075) Pause Full (Allocation Failure) 15M->13M(15M) 28.977ms
[204.889s][info][gc] GC(9076) Pause Full (Allocation Failure) 15M->13M(15M) 28.249ms
[204.923s][info][gc] GC(9077) Pause Full (Allocation Failure) 15M->13M(15M) 29.932ms
[204.955s][info][gc] GC(9078) Pause Full (Allocation Failure) 15M->13M(15M) 29.043ms
[204.989s][info][gc] GC(9079) Pause Full (Allocation Failure) 15M->13M(15M) 30.597ms
[205.022s][info][gc] GC(9080) Pause Full (Allocation Failure) 15M->13M(15M) 29.202ms
[205.054s][info][gc] GC(9081) Pause Full (Allocation Failure) 15M->13M(15M) 29.753ms
[205.085s][info][gc] GC(9082) Pause Full (Allocation Failure) 15M->13M(15M) 27.911ms
[205.116s][info][gc] GC(9083) Pause Full (Allocation Failure) 15M->13M(15M) 27.480ms
[205.149s][info][gc] GC(9084) Pause Full (Allocation Failure) 15M->13M(15M) 30.438ms
[205.182s][info][gc] GC(9085) Pause Full (Allocation Failure) 15M->13M(15M) 29.445ms
[205.213s][info][gc] GC(9086) Pause Full (Allocation Failure) 15M->13M(15M) 28.140ms
[205.245s][info][gc] GC(9087) Pause Full (Allocation Failure) 15M->13M(15M) 28.756ms
[205.277s][info][gc] GC(9088) Pause Full (Allocation Failure) 15M->13M(15M) 29.773ms
[205.308s][info][gc] GC(9089) Pause Full (Allocation Failure) 15M->13M(15M) 27.972ms
[205.340s][info][gc] GC(9090) Pause Full (Allocation Failure) 15M->13M(15M) 29.303ms
[205.372s][info][gc] GC(9091) Pause Full (Allocation Failure) 15M->13M(15M) 28.261ms
[205.402s][info][gc] GC(9092) Pause Full (Allocation Failure) 15M->13M(15M) 27.045ms
[205.433s][info][gc] GC(9093) Pause Full (Allocation Failure) 15M->13M(15M) 27.535ms
[205.467s][info][gc] GC(9094) Pause Full (Allocation Failure) 15M->13M(15M) 30.960ms
[205.498s][info][gc] GC(9095) Pause Full (Allocation Failure) 15M->13M(15M) 28.235ms
[205.530s][info][gc] GC(9096) Pause Full (Allocation Failure) 15M->13M(15M) 28.584ms
[205.562s][info][gc] GC(9097) Pause Full (Allocation Failure) 15M->13M(15M) 29.673ms
[205.595s][info][gc] GC(9098) Pause Full (Allocation Failure) 15M->13M(15M) 30.062ms
[205.626s][info][gc] GC(9099) Pause Full (Allocation Failure) 15M->13M(15M) 28.453ms
[205.659s][info][gc] GC(9100) Pause Full (Allocation Failure) 15M->13M(15M) 29.281ms
[205.690s][info][gc] GC(9101) Pause Full (Allocation Failure) 15M->13M(15M) 28.119ms
[205.720s][info][gc] GC(9102) Pause Full (Allocation Failure) 15M->13M(15M) 27.440ms
[205.751s][info][gc] GC(9103) Pause Full (Allocation Failure) 15M->13M(15M) 27.591ms
[205.784s][info][gc] GC(9104) Pause Full (Allocation Failure) 15M->13M(15M) 29.124ms
[205.821s][info][gc] GC(9105) Pause Full (Allocation Failure) 15M->13M(15M) 34.853ms
[205.855s][info][gc] GC(9106) Pause Full (Allocation Failure) 15M->13M(15M) 30.346ms
[205.887s][info][gc] GC(9107) Pause Full (Allocation Failure) 15M->13M(15M) 29.121ms
[205.919s][info][gc] GC(9108) Pause Full (Allocation Failure) 15M->13M(15M) 28.511ms
[205.950s][info][gc] GC(9109) Pause Full (Allocation Failure) 15M->13M(15M) 28.422ms
[205.981s][info][gc] GC(9110) Pause Full (Allocation Failure) 15M->13M(15M) 28.220ms
[206.014s][info][gc] GC(9111) Pause Full (Allocation Failure) 15M->13M(15M) 29.495ms
[206.045s][info][gc] GC(9112) Pause Full (Allocation Failure) 15M->13M(15M) 28.945ms
[206.078s][info][gc] GC(9113) Pause Full (Allocation Failure) 15M->13M(15M) 30.348ms
[206.111s][info][gc] GC(9114) Pause Full (Allocation Failure) 15M->13M(15M) 30.200ms
[206.144s][info][gc] GC(9115) Pause Full (Allocation Failure) 15M->13M(15M) 29.561ms
[206.178s][info][gc] GC(9116) Pause Full (Allocation Failure) 15M->13M(15M) 30.355ms
[206.209s][info][gc] GC(9117) Pause Full (Allocation Failure) 15M->13M(15M) 28.905ms
[206.241s][info][gc] GC(9118) Pause Full (Allocation Failure) 15M->13M(15M) 29.096ms
[206.272s][info][gc] GC(9119) Pause Full (Allocation Failure) 15M->13M(15M) 27.646ms
[206.305s][info][gc] GC(9120) Pause Full (Allocation Failure) 15M->13M(15M) 29.760ms
[206.336s][info][gc] GC(9121) Pause Full (Allocation Failure) 15M->13M(15M) 27.955ms
[206.369s][info][gc] GC(9122) Pause Full (Allocation Failure) 15M->13M(15M) 29.741ms
[206.401s][info][gc] GC(9123) Pause Full (Allocation Failure) 15M->13M(15M) 29.666ms
[206.433s][info][gc] GC(9124) Pause Full (Allocation Failure) 15M->13M(15M) 29.145ms
[206.466s][info][gc] GC(9125) Pause Full (Allocation Failure) 15M->13M(15M) 30.334ms
[206.500s][info][gc] GC(9126) Pause Full (Allocation Failure) 15M->13M(15M) 30.189ms
[206.531s][info][gc] GC(9127) Pause Full (Allocation Failure) 15M->13M(15M) 29.230ms
[206.566s][info][gc] GC(9128) Pause Full (Allocation Failure) 15M->13M(15M) 30.463ms
[206.596s][info][gc] GC(9129) Pause Full (Allocation Failure) 15M->13M(15M) 27.943ms
[206.628s][info][gc] GC(9130) Pause Full (Allocation Failure) 15M->13M(15M) 28.453ms
[206.659s][info][gc] GC(9131) Pause Full (Allocation Failure) 15M->13M(15M) 28.062ms
[206.689s][info][gc] GC(9132) Pause Full (Allocation Failure) 15M->13M(15M) 27.027ms
[206.721s][info][gc] GC(9133) Pause Full (Allocation Failure) 15M->13M(15M) 29.455ms
[206.752s][info][gc] GC(9134) Pause Full (Allocation Failure) 15M->13M(15M) 28.123ms
[206.783s][info][gc] GC(9135) Pause Full (Allocation Failure) 15M->13M(15M) 28.776ms
[206.819s][info][gc] GC(9136) Pause Full (Allocation Failure) 15M->13M(15M) 32.878ms
[206.851s][info][gc] GC(9137) Pause Full (Allocation Failure) 15M->13M(15M) 28.829ms
[206.883s][info][gc] GC(9138) Pause Full (Allocation Failure) 15M->13M(15M) 29.776ms
[206.914s][info][gc] GC(9139) Pause Full (Allocation Failure) 15M->13M(15M) 28.710ms
[206.945s][info][gc] GC(9140) Pause Full (Allocation Failure) 15M->13M(15M) 28.519ms
[206.978s][info][gc] GC(9141) Pause Full (Allocation Failure) 15M->13M(15M) 29.036ms
[207.008s][info][gc] GC(9142) Pause Full (Allocation Failure) 15M->13M(15M) 27.746ms
[207.039s][info][gc] GC(9143) Pause Full (Allocation Failure) 15M->13M(15M) 27.730ms
[207.070s][info][gc] GC(9144) Pause Full (Allocation Failure) 15M->13M(15M) 28.551ms
[207.101s][info][gc] GC(9145) Pause Full (Allocation Failure) 15M->13M(15M) 27.889ms
[207.134s][info][gc] GC(9146) Pause Full (Allocation Failure) 15M->13M(15M) 31.079ms
[207.165s][info][gc] GC(9147) Pause Full (Allocation Failure) 15M->13M(15M) 28.433ms
[207.197s][info][gc] GC(9148) Pause Full (Allocation Failure) 15M->13M(15M) 28.889ms
[207.231s][info][gc] GC(9149) Pause Full (Allocation Failure) 15M->13M(15M) 30.714ms
[207.262s][info][gc] GC(9150) Pause Full (Allocation Failure) 15M->13M(15M) 28.523ms
[207.292s][info][gc] GC(9151) Pause Full (Allocation Failure) 15M->13M(15M) 26.995ms
[207.325s][info][gc] GC(9152) Pause Full (Allocation Failure) 15M->13M(15M) 29.798ms
[207.357s][info][gc] GC(9153) Pause Full (Allocation Failure) 15M->13M(15M) 28.445ms
[207.389s][info][gc] GC(9154) Pause Full (Allocation Failure) 15M->13M(15M) 28.976ms
[207.421s][info][gc] GC(9155) Pause Full (Allocation Failure) 15M->13M(15M) 29.234ms
[207.452s][info][gc] GC(9156) Pause Full (Allocation Failure) 15M->13M(15M) 28.015ms
[207.485s][info][gc] GC(9157) Pause Full (Allocation Failure) 15M->13M(15M) 30.076ms
[207.518s][info][gc] GC(9158) Pause Full (Allocation Failure) 15M->13M(15M) 29.893ms
[207.549s][info][gc] GC(9159) Pause Full (Allocation Failure) 15M->13M(15M) 28.569ms
[207.581s][info][gc] GC(9160) Pause Full (Allocation Failure) 15M->13M(15M) 29.504ms
[207.612s][info][gc] GC(9161) Pause Full (Allocation Failure) 15M->13M(15M) 28.211ms
[207.644s][info][gc] GC(9162) Pause Full (Allocation Failure) 15M->13M(15M) 29.184ms
[207.675s][info][gc] GC(9163) Pause Full (Allocation Failure) 15M->13M(15M) 27.844ms
[207.708s][info][gc] GC(9164) Pause Full (Allocation Failure) 15M->13M(15M) 29.579ms
[207.740s][info][gc] GC(9165) Pause Full (Allocation Failure) 15M->13M(15M) 29.253ms
[207.774s][info][gc] GC(9166) Pause Full (Allocation Failure) 15M->13M(15M) 29.864ms
[207.809s][info][gc] GC(9167) Pause Full (Allocation Failure) 15M->13M(15M) 32.131ms
[207.846s][info][gc] GC(9168) Pause Full (Allocation Failure) 15M->13M(15M) 34.106ms
[207.881s][info][gc] GC(9169) Pause Full (Allocation Failure) 15M->13M(15M) 31.600ms
[207.915s][info][gc] GC(9170) Pause Full (Allocation Failure) 15M->13M(15M) 30.513ms
[207.949s][info][gc] GC(9171) Pause Full (Allocation Failure) 15M->13M(15M) 30.537ms
[207.983s][info][gc] GC(9172) Pause Full (Allocation Failure) 15M->13M(15M) 30.512ms
[208.015s][info][gc] GC(9173) Pause Full (Allocation Failure) 15M->13M(15M) 28.456ms
[208.045s][info][gc] GC(9174) Pause Full (Allocation Failure) 15M->13M(15M) 27.467ms
[208.078s][info][gc] GC(9175) Pause Full (Allocation Failure) 15M->13M(15M) 30.131ms
[208.109s][info][gc] GC(9176) Pause Full (Allocation Failure) 15M->13M(15M) 27.678ms
[208.141s][info][gc] GC(9177) Pause Full (Allocation Failure) 15M->13M(15M) 28.542ms
[208.171s][info][gc] GC(9178) Pause Full (Allocation Failure) 15M->13M(15M) 27.604ms
[208.204s][info][gc] GC(9179) Pause Full (Allocation Failure) 15M->13M(15M) 29.756ms
[208.235s][info][gc] GC(9180) Pause Full (Allocation Failure) 15M->13M(15M) 27.848ms
[208.266s][info][gc] GC(9181) Pause Full (Allocation Failure) 15M->13M(15M) 28.604ms
[208.299s][info][gc] GC(9182) Pause Full (Allocation Failure) 15M->13M(15M) 28.497ms
[208.333s][info][gc] GC(9183) Pause Full (Allocation Failure) 15M->13M(15M) 30.708ms
[208.363s][info][gc] GC(9184) Pause Full (Allocation Failure) 15M->13M(15M) 27.623ms
[208.395s][info][gc] GC(9185) Pause Full (Allocation Failure) 15M->13M(15M) 28.327ms
[208.426s][info][gc] GC(9186) Pause Full (Allocation Failure) 15M->13M(15M) 27.802ms
[208.457s][info][gc] GC(9187) Pause Full (Allocation Failure) 15M->13M(15M) 28.432ms
[208.492s][info][gc] GC(9188) Pause Full (Allocation Failure) 15M->13M(15M) 30.491ms
[208.524s][info][gc] GC(9189) Pause Full (Allocation Failure) 15M->13M(15M) 29.111ms
[208.555s][info][gc] GC(9190) Pause Full (Allocation Failure) 15M->13M(15M) 28.514ms
[208.589s][info][gc] GC(9191) Pause Full (Allocation Failure) 15M->13M(15M) 30.609ms
[208.622s][info][gc] GC(9192) Pause Full (Allocation Failure) 15M->13M(15M) 29.780ms
[208.652s][info][gc] GC(9193) Pause Full (Allocation Failure) 15M->13M(15M) 27.792ms
[208.684s][info][gc] GC(9194) Pause Full (Allocation Failure) 15M->13M(15M) 28.450ms
[208.717s][info][gc] GC(9195) Pause Full (Allocation Failure) 15M->13M(15M) 30.289ms
[208.751s][info][gc] GC(9196) Pause Full (Allocation Failure) 15M->13M(15M) 29.578ms
[208.785s][info][gc] GC(9197) Pause Full (Allocation Failure) 15M->13M(15M) 30.657ms
[208.821s][info][gc] GC(9198) Pause Full (Allocation Failure) 15M->13M(15M) 32.393ms
[208.853s][info][gc] GC(9199) Pause Full (Allocation Failure) 15M->13M(15M) 28.734ms
[208.886s][info][gc] GC(9200) Pause Full (Allocation Failure) 15M->13M(15M) 30.453ms
[208.919s][info][gc] GC(9201) Pause Full (Allocation Failure) 15M->13M(15M) 28.439ms
[208.951s][info][gc] GC(9202) Pause Full (Allocation Failure) 15M->13M(15M) 28.856ms
[208.983s][info][gc] GC(9203) Pause Full (Allocation Failure) 15M->13M(15M) 28.963ms
[209.014s][info][gc] GC(9204) Pause Full (Allocation Failure) 15M->13M(15M) 28.390ms
[209.048s][info][gc] GC(9205) Pause Full (Allocation Failure) 15M->13M(15M) 30.202ms
[209.079s][info][gc] GC(9206) Pause Full (Allocation Failure) 15M->13M(15M) 27.657ms
[209.110s][info][gc] GC(9207) Pause Full (Allocation Failure) 15M->13M(15M) 28.784ms
[209.141s][info][gc] GC(9208) Pause Full (Allocation Failure) 15M->13M(15M) 27.914ms
[209.173s][info][gc] GC(9209) Pause Full (Allocation Failure) 15M->13M(15M) 29.050ms
[209.208s][info][gc] GC(9210) Pause Full (Allocation Failure) 15M->13M(15M) 32.291ms
[209.241s][info][gc] GC(9211) Pause Full (Allocation Failure) 15M->13M(15M) 29.467ms
[209.273s][info][gc] GC(9212) Pause Full (Allocation Failure) 15M->13M(15M) 29.844ms
[209.304s][info][gc] GC(9213) Pause Full (Allocation Failure) 15M->13M(15M) 28.195ms
[209.335s][info][gc] GC(9214) Pause Full (Allocation Failure) 15M->13M(15M) 28.280ms
[209.366s][info][gc] GC(9215) Pause Full (Allocation Failure) 15M->13M(15M) 27.409ms
[209.398s][info][gc] GC(9216) Pause Full (Allocation Failure) 15M->13M(15M) 28.924ms
[209.430s][info][gc] GC(9217) Pause Full (Allocation Failure) 15M->13M(15M) 28.423ms
[209.462s][info][gc] GC(9218) Pause Full (Allocation Failure) 15M->13M(15M) 28.912ms
[209.493s][info][gc] GC(9219) Pause Full (Allocation Failure) 15M->13M(15M) 28.020ms
[209.525s][info][gc] GC(9220) Pause Full (Allocation Failure) 15M->13M(15M) 30.148ms
[209.558s][info][gc] GC(9221) Pause Full (Allocation Failure) 15M->13M(15M) 29.460ms
[209.589s][info][gc] GC(9222) Pause Full (Allocation Failure) 15M->13M(15M) 29.200ms
[209.621s][info][gc] GC(9223) Pause Full (Allocation Failure) 15M->13M(15M) 28.806ms
[209.652s][info][gc] GC(9224) Pause Full (Allocation Failure) 15M->13M(15M) 28.203ms
[209.681s][info][gc] GC(9225) Pause Full (Allocation Failure) 15M->13M(15M) 25.909ms
[209.713s][info][gc] GC(9226) Pause Full (Allocation Failure) 15M->13M(15M) 28.527ms
[209.743s][info][gc] GC(9227) Pause Full (Allocation Failure) 15M->13M(15M) 27.852ms
[209.776s][info][gc] GC(9228) Pause Full (Allocation Failure) 15M->13M(15M) 29.929ms
[209.808s][info][gc] GC(9229) Pause Full (Allocation Failure) 15M->13M(15M) 29.847ms
[209.846s][info][gc] GC(9230) Pause Full (Allocation Failure) 15M->13M(15M) 34.726ms
[209.880s][info][gc] GC(9231) Pause Full (Allocation Failure) 15M->13M(15M) 30.326ms
[209.912s][info][gc] GC(9232) Pause Full (Allocation Failure) 15M->13M(15M) 29.154ms
[209.944s][info][gc] GC(9233) Pause Full (Allocation Failure) 15M->13M(15M) 28.624ms
[209.977s][info][gc] GC(9234) Pause Full (Allocation Failure) 15M->13M(15M) 30.442ms
[210.009s][info][gc] GC(9235) Pause Full (Allocation Failure) 15M->13M(15M) 29.764ms
[210.042s][info][gc] GC(9236) Pause Full (Allocation Failure) 15M->13M(15M) 30.133ms
[210.073s][info][gc] GC(9237) Pause Full (Allocation Failure) 15M->13M(15M) 28.894ms
[210.105s][info][gc] GC(9238) Pause Full (Allocation Failure) 15M->13M(15M) 28.883ms
[210.137s][info][gc] GC(9239) Pause Full (Allocation Failure) 15M->13M(15M) 28.584ms
[210.168s][info][gc] GC(9240) Pause Full (Allocation Failure) 15M->13M(15M) 28.019ms
[210.201s][info][gc] GC(9241) Pause Full (Allocation Failure) 15M->13M(15M) 29.747ms
[210.232s][info][gc] GC(9242) Pause Full (Allocation Failure) 15M->13M(15M) 27.938ms
[210.264s][info][gc] GC(9243) Pause Full (Allocation Failure) 15M->13M(15M) 28.823ms
[210.295s][info][gc] GC(9244) Pause Full (Allocation Failure) 15M->13M(15M) 28.564ms
[210.328s][info][gc] GC(9245) Pause Full (Allocation Failure) 15M->13M(15M) 29.588ms
[210.362s][info][gc] GC(9246) Pause Full (Allocation Failure) 15M->13M(15M) 31.266ms
[210.394s][info][gc] GC(9247) Pause Full (Allocation Failure) 15M->13M(15M) 29.468ms
[210.429s][info][gc] GC(9248) Pause Full (Allocation Failure) 15M->13M(15M) 31.430ms
[210.463s][info][gc] GC(9249) Pause Full (Allocation Failure) 15M->13M(15M) 31.028ms
[210.496s][info][gc] GC(9250) Pause Full (Allocation Failure) 15M->13M(15M) 29.312ms
[210.528s][info][gc] GC(9251) Pause Full (Allocation Failure) 15M->13M(15M) 29.146ms
[210.561s][info][gc] GC(9252) Pause Full (Allocation Failure) 15M->13M(15M) 31.154ms
[210.594s][info][gc] GC(9253) Pause Full (Allocation Failure) 15M->13M(15M) 29.752ms
[210.624s][info][gc] GC(9254) Pause Full (Allocation Failure) 15M->13M(15M) 28.077ms
[210.658s][info][gc] GC(9255) Pause Full (Allocation Failure) 15M->13M(15M) 30.105ms
[210.690s][info][gc] GC(9256) Pause Full (Allocation Failure) 15M->13M(15M) 28.961ms
[210.720s][info][gc] GC(9257) Pause Full (Allocation Failure) 15M->13M(15M) 27.066ms
[210.751s][info][gc] GC(9258) Pause Full (Allocation Failure) 15M->13M(15M) 27.276ms
[210.784s][info][gc] GC(9259) Pause Full (Allocation Failure) 15M->13M(15M) 29.780ms
[210.820s][info][gc] GC(9260) Pause Full (Allocation Failure) 15M->13M(15M) 33.292ms
[210.856s][info][gc] GC(9261) Pause Full (Allocation Failure) 15M->13M(15M) 32.512ms
[210.889s][info][gc] GC(9262) Pause Full (Allocation Failure) 15M->13M(15M) 29.760ms
[210.919s][info][gc] GC(9263) Pause Full (Allocation Failure) 15M->13M(15M) 27.856ms
[210.951s][info][gc] GC(9264) Pause Full (Allocation Failure) 15M->13M(15M) 28.656ms
[210.985s][info][gc] GC(9265) Pause Full (Allocation Failure) 15M->13M(15M) 30.619ms
[211.016s][info][gc] GC(9266) Pause Full (Allocation Failure) 15M->13M(15M) 28.695ms
[211.048s][info][gc] GC(9267) Pause Full (Allocation Failure) 15M->13M(15M) 28.403ms
[211.080s][info][gc] GC(9268) Pause Full (Allocation Failure) 15M->13M(15M) 29.761ms
[211.114s][info][gc] GC(9269) Pause Full (Allocation Failure) 15M->13M(15M) 30.863ms
[211.147s][info][gc] GC(9270) Pause Full (Allocation Failure) 15M->13M(15M) 30.683ms
[211.181s][info][gc] GC(9271) Pause Full (Allocation Failure) 15M->13M(15M) 31.104ms
[211.214s][info][gc] GC(9272) Pause Full (Allocation Failure) 15M->13M(15M) 29.760ms
[211.247s][info][gc] GC(9273) Pause Full (Allocation Failure) 15M->13M(15M) 30.843ms
[211.280s][info][gc] GC(9274) Pause Full (Allocation Failure) 15M->13M(15M) 29.805ms
[211.314s][info][gc] GC(9275) Pause Full (Allocation Failure) 15M->13M(15M) 31.420ms
[211.348s][info][gc] GC(9276) Pause Full (Allocation Failure) 15M->13M(15M) 30.342ms
[211.380s][info][gc] GC(9277) Pause Full (Allocation Failure) 15M->13M(15M) 29.543ms
[211.412s][info][gc] GC(9278) Pause Full (Allocation Failure) 15M->13M(15M) 28.709ms
[211.444s][info][gc] GC(9279) Pause Full (Allocation Failure) 15M->13M(15M) 29.671ms
[211.477s][info][gc] GC(9280) Pause Full (Allocation Failure) 15M->13M(15M) 29.488ms
[211.512s][info][gc] GC(9281) Pause Full (Allocation Failure) 15M->13M(15M) 30.835ms
[211.543s][info][gc] GC(9282) Pause Full (Allocation Failure) 15M->13M(15M) 28.250ms
[211.573s][info][gc] GC(9283) Pause Full (Allocation Failure) 15M->13M(15M) 27.104ms
[211.604s][info][gc] GC(9284) Pause Full (Allocation Failure) 15M->13M(15M) 28.034ms
[211.636s][info][gc] GC(9285) Pause Full (Allocation Failure) 15M->13M(15M) 29.535ms
[211.670s][info][gc] GC(9286) Pause Full (Allocation Failure) 15M->13M(15M) 29.979ms
[211.700s][info][gc] GC(9287) Pause Full (Allocation Failure) 15M->13M(15M) 27.870ms
[211.732s][info][gc] GC(9288) Pause Full (Allocation Failure) 15M->13M(15M) 29.058ms
[211.765s][info][gc] GC(9289) Pause Full (Allocation Failure) 15M->13M(15M) 29.670ms
[211.798s][info][gc] GC(9290) Pause Full (Allocation Failure) 15M->13M(15M) 30.508ms
[211.833s][info][gc] GC(9291) Pause Full (Allocation Failure) 15M->13M(15M) 33.151ms
[211.867s][info][gc] GC(9292) Pause Full (Allocation Failure) 15M->13M(15M) 30.106ms
[211.900s][info][gc] GC(9293) Pause Full (Allocation Failure) 15M->13M(15M) 30.066ms
[211.933s][info][gc] GC(9294) Pause Full (Allocation Failure) 15M->13M(15M) 30.302ms
[211.964s][info][gc] GC(9295) Pause Full (Allocation Failure) 15M->13M(15M) 28.806ms
[211.995s][info][gc] GC(9296) Pause Full (Allocation Failure) 15M->13M(15M) 28.309ms
[212.028s][info][gc] GC(9297) Pause Full (Allocation Failure) 15M->13M(15M) 29.243ms
[212.059s][info][gc] GC(9298) Pause Full (Allocation Failure) 15M->13M(15M) 28.116ms
[212.092s][info][gc] GC(9299) Pause Full (Allocation Failure) 15M->13M(15M) 29.531ms
[212.124s][info][gc] GC(9300) Pause Full (Allocation Failure) 15M->13M(15M) 29.248ms
[212.158s][info][gc] GC(9301) Pause Full (Allocation Failure) 15M->13M(15M) 30.947ms
[212.189s][info][gc] GC(9302) Pause Full (Allocation Failure) 15M->13M(15M) 28.271ms
[212.221s][info][gc] GC(9303) Pause Full (Allocation Failure) 15M->13M(15M) 28.782ms
[212.256s][info][gc] GC(9304) Pause Full (Allocation Failure) 15M->13M(15M) 31.316ms
[212.288s][info][gc] GC(9305) Pause Full (Allocation Failure) 15M->13M(15M) 28.634ms
[212.322s][info][gc] GC(9306) Pause Full (Allocation Failure) 15M->13M(15M) 31.409ms
[212.353s][info][gc] GC(9307) Pause Full (Allocation Failure) 15M->13M(15M) 27.421ms
[212.384s][info][gc] GC(9308) Pause Full (Allocation Failure) 15M->13M(15M) 28.933ms
[212.417s][info][gc] GC(9309) Pause Full (Allocation Failure) 15M->13M(15M) 29.720ms
[212.451s][info][gc] GC(9310) Pause Full (Allocation Failure) 15M->13M(15M) 31.982ms
[212.484s][info][gc] GC(9311) Pause Full (Allocation Failure) 15M->13M(15M) 30.303ms
[212.517s][info][gc] GC(9312) Pause Full (Allocation Failure) 15M->13M(15M) 30.664ms
[212.549s][info][gc] GC(9313) Pause Full (Allocation Failure) 15M->13M(15M) 28.303ms
[212.581s][info][gc] GC(9314) Pause Full (Allocation Failure) 15M->13M(15M) 28.991ms
[212.612s][info][gc] GC(9315) Pause Full (Allocation Failure) 15M->13M(15M) 28.668ms
[212.644s][info][gc] GC(9316) Pause Full (Allocation Failure) 15M->13M(15M) 28.791ms
[212.675s][info][gc] GC(9317) Pause Full (Allocation Failure) 15M->13M(15M) 28.417ms
[212.706s][info][gc] GC(9318) Pause Full (Allocation Failure) 15M->13M(15M) 27.747ms
[212.737s][info][gc] GC(9319) Pause Full (Allocation Failure) 15M->13M(15M) 28.229ms
[212.769s][info][gc] GC(9320) Pause Full (Allocation Failure) 15M->13M(15M) 29.194ms
[212.802s][info][gc] GC(9321) Pause Full (Allocation Failure) 15M->13M(15M) 30.113ms
[212.838s][info][gc] GC(9322) Pause Full (Allocation Failure) 15M->13M(15M) 32.891ms
[212.870s][info][gc] GC(9323) Pause Full (Allocation Failure) 15M->13M(15M) 28.921ms
[212.903s][info][gc] GC(9324) Pause Full (Allocation Failure) 15M->13M(15M) 30.109ms
[212.936s][info][gc] GC(9325) Pause Full (Allocation Failure) 15M->13M(15M) 30.885ms
[212.969s][info][gc] GC(9326) Pause Full (Allocation Failure) 15M->13M(15M) 30.850ms
[213.002s][info][gc] GC(9327) Pause Full (Allocation Failure) 15M->13M(15M) 30.228ms
[213.033s][info][gc] GC(9328) Pause Full (Allocation Failure) 15M->13M(15M) 28.782ms
[213.065s][info][gc] GC(9329) Pause Full (Allocation Failure) 15M->13M(15M) 28.690ms
[213.098s][info][gc] GC(9330) Pause Full (Allocation Failure) 15M->13M(15M) 29.955ms
[213.129s][info][gc] GC(9331) Pause Full (Allocation Failure) 15M->13M(15M) 27.635ms
[213.161s][info][gc] GC(9332) Pause Full (Allocation Failure) 15M->13M(15M) 29.482ms
[213.195s][info][gc] GC(9333) Pause Full (Allocation Failure) 15M->13M(15M) 29.816ms
[213.226s][info][gc] GC(9334) Pause Full (Allocation Failure) 15M->13M(15M) 27.788ms
[213.257s][info][gc] GC(9335) Pause Full (Allocation Failure) 15M->13M(15M) 28.387ms
[213.288s][info][gc] GC(9336) Pause Full (Allocation Failure) 15M->13M(15M) 28.129ms
[213.321s][info][gc] GC(9337) Pause Full (Allocation Failure) 15M->13M(15M) 30.305ms
[213.354s][info][gc] GC(9338) Pause Full (Allocation Failure) 15M->13M(15M) 30.126ms
[213.387s][info][gc] GC(9339) Pause Full (Allocation Failure) 15M->13M(15M) 29.999ms
[213.421s][info][gc] GC(9340) Pause Full (Allocation Failure) 15M->13M(15M) 30.632ms
[213.454s][info][gc] GC(9341) Pause Full (Allocation Failure) 15M->13M(15M) 30.923ms
[213.488s][info][gc] GC(9342) Pause Full (Allocation Failure) 15M->13M(15M) 30.776ms
[213.518s][info][gc] GC(9343) Pause Full (Allocation Failure) 15M->13M(15M) 28.059ms
[213.550s][info][gc] GC(9344) Pause Full (Allocation Failure) 15M->13M(15M) 28.994ms
[213.582s][info][gc] GC(9345) Pause Full (Allocation Failure) 15M->13M(15M) 28.204ms
[213.612s][info][gc] GC(9346) Pause Full (Allocation Failure) 15M->13M(15M) 27.223ms
[213.643s][info][gc] GC(9347) Pause Full (Allocation Failure) 15M->13M(15M) 27.785ms
[213.674s][info][gc] GC(9348) Pause Full (Allocation Failure) 15M->13M(15M) 28.737ms
[213.705s][info][gc] GC(9349) Pause Full (Allocation Failure) 15M->13M(15M) 28.655ms
[213.741s][info][gc] GC(9350) Pause Full (Allocation Failure) 15M->13M(15M) 32.596ms
[213.776s][info][gc] GC(9351) Pause Full (Allocation Failure) 15M->13M(15M) 31.845ms
[213.811s][info][gc] GC(9352) Pause Full (Allocation Failure) 15M->13M(15M) 32.279ms
[213.848s][info][gc] GC(9353) Pause Full (Allocation Failure) 15M->13M(15M) 34.150ms
[213.891s][info][gc] GC(9354) Pause Full (Allocation Failure) 15M->13M(15M) 39.072ms
[213.932s][info][gc] GC(9355) Pause Full (Allocation Failure) 15M->13M(15M) 37.743ms
[213.970s][info][gc] GC(9356) Pause Full (Allocation Failure) 15M->13M(15M) 34.375ms
[214.006s][info][gc] GC(9357) Pause Full (Allocation Failure) 15M->13M(15M) 32.373ms
[214.041s][info][gc] GC(9358) Pause Full (Allocation Failure) 15M->13M(15M) 32.264ms
[214.073s][info][gc] GC(9359) Pause Full (Allocation Failure) 15M->13M(15M) 29.500ms
[214.106s][info][gc] GC(9360) Pause Full (Allocation Failure) 15M->13M(15M) 30.201ms
[214.140s][info][gc] GC(9361) Pause Full (Allocation Failure) 15M->13M(15M) 31.174ms
[214.173s][info][gc] GC(9362) Pause Full (Allocation Failure) 15M->13M(15M) 30.493ms
[214.204s][info][gc] GC(9363) Pause Full (Allocation Failure) 15M->13M(15M) 28.839ms
[214.238s][info][gc] GC(9364) Pause Full (Allocation Failure) 15M->13M(15M) 30.404ms
[214.269s][info][gc] GC(9365) Pause Full (Allocation Failure) 15M->13M(15M) 28.756ms
[214.301s][info][gc] GC(9366) Pause Full (Allocation Failure) 15M->13M(15M) 28.080ms
[214.331s][info][gc] GC(9367) Pause Full (Allocation Failure) 15M->13M(15M) 28.000ms
[214.366s][info][gc] GC(9368) Pause Full (Allocation Failure) 15M->13M(15M) 31.198ms
[214.398s][info][gc] GC(9369) Pause Full (Allocation Failure) 15M->13M(15M) 28.773ms
[214.430s][info][gc] GC(9370) Pause Full (Allocation Failure) 15M->13M(15M) 28.655ms
[214.461s][info][gc] GC(9371) Pause Full (Allocation Failure) 15M->13M(15M) 28.620ms
[214.493s][info][gc] GC(9372) Pause Full (Allocation Failure) 15M->13M(15M) 29.306ms
[214.526s][info][gc] GC(9373) Pause Full (Allocation Failure) 15M->13M(15M) 29.761ms
[214.558s][info][gc] GC(9374) Pause Full (Allocation Failure) 15M->13M(15M) 29.249ms
[214.592s][info][gc] GC(9375) Pause Full (Allocation Failure) 15M->13M(15M) 30.674ms
[214.624s][info][gc] GC(9376) Pause Full (Allocation Failure) 15M->13M(15M) 29.409ms
[214.654s][info][gc] GC(9377) Pause Full (Allocation Failure) 15M->13M(15M) 28.221ms
[214.688s][info][gc] GC(9378) Pause Full (Allocation Failure) 15M->13M(15M) 30.126ms
[214.722s][info][gc] GC(9379) Pause Full (Allocation Failure) 15M->13M(15M) 30.724ms
[214.754s][info][gc] GC(9380) Pause Full (Allocation Failure) 15M->13M(15M) 29.915ms
[214.786s][info][gc] GC(9381) Pause Full (Allocation Failure) 15M->13M(15M) 28.840ms
[214.821s][info][gc] GC(9382) Pause Full (Allocation Failure) 15M->13M(15M) 31.513ms
[214.856s][info][gc] GC(9383) Pause Full (Allocation Failure) 15M->13M(15M) 32.210ms
[214.888s][info][gc] GC(9384) Pause Full (Allocation Failure) 15M->13M(15M) 29.283ms
[214.921s][info][gc] GC(9385) Pause Full (Allocation Failure) 15M->13M(15M) 28.869ms
[214.953s][info][gc] GC(9386) Pause Full (Allocation Failure) 15M->13M(15M) 29.075ms
[214.984s][info][gc] GC(9387) Pause Full (Allocation Failure) 15M->13M(15M) 28.427ms
[215.016s][info][gc] GC(9388) Pause Full (Allocation Failure) 15M->13M(15M) 29.018ms
[215.050s][info][gc] GC(9389) Pause Full (Allocation Failure) 15M->13M(15M) 29.633ms
[215.081s][info][gc] GC(9390) Pause Full (Allocation Failure) 15M->13M(15M) 28.048ms
[215.113s][info][gc] GC(9391) Pause Full (Allocation Failure) 15M->13M(15M) 29.191ms
[215.147s][info][gc] GC(9392) Pause Full (Allocation Failure) 15M->13M(15M) 29.977ms
[215.182s][info][gc] GC(9393) Pause Full (Allocation Failure) 15M->13M(15M) 31.281ms
[215.214s][info][gc] GC(9394) Pause Full (Allocation Failure) 15M->13M(15M) 29.226ms
[215.247s][info][gc] GC(9395) Pause Full (Allocation Failure) 15M->13M(15M) 29.307ms
[215.279s][info][gc] GC(9396) Pause Full (Allocation Failure) 15M->13M(15M) 28.860ms
[215.311s][info][gc] GC(9397) Pause Full (Allocation Failure) 15M->13M(15M) 28.856ms
[215.342s][info][gc] GC(9398) Pause Full (Allocation Failure) 15M->13M(15M) 29.243ms
[215.377s][info][gc] GC(9399) Pause Full (Allocation Failure) 15M->13M(15M) 32.387ms
[215.411s][info][gc] GC(9400) Pause Full (Allocation Failure) 15M->13M(15M) 30.551ms
[215.444s][info][gc] GC(9401) Pause Full (Allocation Failure) 15M->13M(15M) 30.163ms
[215.475s][info][gc] GC(9402) Pause Full (Allocation Failure) 15M->13M(15M) 28.532ms
[215.506s][info][gc] GC(9403) Pause Full (Allocation Failure) 15M->13M(15M) 28.696ms
[215.539s][info][gc] GC(9404) Pause Full (Allocation Failure) 15M->13M(15M) 30.102ms
[215.570s][info][gc] GC(9405) Pause Full (Allocation Failure) 15M->13M(15M) 27.658ms
[215.600s][info][gc] GC(9406) Pause Full (Allocation Failure) 15M->13M(15M) 27.780ms
[215.636s][info][gc] GC(9407) Pause Full (Allocation Failure) 15M->13M(15M) 32.358ms
[215.667s][info][gc] GC(9408) Pause Full (Allocation Failure) 15M->13M(15M) 27.669ms
[215.700s][info][gc] GC(9409) Pause Full (Allocation Failure) 15M->13M(15M) 30.355ms
[215.732s][info][gc] GC(9410) Pause Full (Allocation Failure) 15M->13M(15M) 29.034ms
[215.763s][info][gc] GC(9411) Pause Full (Allocation Failure) 15M->13M(15M) 28.345ms
[215.795s][info][gc] GC(9412) Pause Full (Allocation Failure) 15M->13M(15M) 29.680ms
[215.828s][info][gc] GC(9413) Pause Full (Allocation Failure) 15M->13M(15M) 30.150ms
[215.865s][info][gc] GC(9414) Pause Full (Allocation Failure) 15M->13M(15M) 34.028ms
[215.897s][info][gc] GC(9415) Pause Full (Allocation Failure) 15M->13M(15M) 29.279ms
[215.930s][info][gc] GC(9416) Pause Full (Allocation Failure) 15M->13M(15M) 30.484ms
[215.965s][info][gc] GC(9417) Pause Full (Allocation Failure) 15M->13M(15M) 31.558ms
[215.996s][info][gc] GC(9418) Pause Full (Allocation Failure) 15M->13M(15M) 28.492ms
[216.031s][info][gc] GC(9419) Pause Full (Allocation Failure) 15M->13M(15M) 31.757ms
[216.064s][info][gc] GC(9420) Pause Full (Allocation Failure) 15M->13M(15M) 30.372ms
[216.096s][info][gc] GC(9421) Pause Full (Allocation Failure) 15M->13M(15M) 29.757ms
[216.130s][info][gc] GC(9422) Pause Full (Allocation Failure) 15M->13M(15M) 31.053ms
[216.163s][info][gc] GC(9423) Pause Full (Allocation Failure) 15M->13M(15M) 29.959ms
[216.196s][info][gc] GC(9424) Pause Full (Allocation Failure) 15M->13M(15M) 30.991ms
[216.227s][info][gc] GC(9425) Pause Full (Allocation Failure) 15M->13M(15M) 28.742ms
[216.259s][info][gc] GC(9426) Pause Full (Allocation Failure) 15M->13M(15M) 29.430ms
[216.293s][info][gc] GC(9427) Pause Full (Allocation Failure) 15M->13M(15M) 30.264ms
[216.327s][info][gc] GC(9428) Pause Full (Allocation Failure) 15M->13M(15M) 30.660ms
[216.362s][info][gc] GC(9429) Pause Full (Allocation Failure) 15M->13M(15M) 31.769ms
[216.396s][info][gc] GC(9430) Pause Full (Allocation Failure) 15M->13M(15M) 30.211ms
[216.427s][info][gc] GC(9431) Pause Full (Allocation Failure) 15M->13M(15M) 28.331ms
[216.459s][info][gc] GC(9432) Pause Full (Allocation Failure) 15M->13M(15M) 28.677ms
[216.490s][info][gc] GC(9433) Pause Full (Allocation Failure) 15M->13M(15M) 28.720ms
[216.523s][info][gc] GC(9434) Pause Full (Allocation Failure) 15M->13M(15M) 29.477ms
[216.555s][info][gc] GC(9435) Pause Full (Allocation Failure) 15M->13M(15M) 28.798ms
[216.586s][info][gc] GC(9436) Pause Full (Allocation Failure) 15M->13M(15M) 28.939ms
[216.619s][info][gc] GC(9437) Pause Full (Allocation Failure) 15M->13M(15M) 29.913ms
[216.652s][info][gc] GC(9438) Pause Full (Allocation Failure) 15M->13M(15M) 29.488ms
[216.684s][info][gc] GC(9439) Pause Full (Allocation Failure) 15M->13M(15M) 29.558ms
[216.715s][info][gc] GC(9440) Pause Full (Allocation Failure) 15M->13M(15M) 28.756ms
[216.749s][info][gc] GC(9441) Pause Full (Allocation Failure) 15M->13M(15M) 30.757ms
[216.782s][info][gc] GC(9442) Pause Full (Allocation Failure) 15M->13M(15M) 30.567ms
[216.815s][info][gc] GC(9443) Pause Full (Allocation Failure) 15M->13M(15M) 30.713ms
[216.851s][info][gc] GC(9444) Pause Full (Allocation Failure) 15M->13M(15M) 33.112ms
[216.883s][info][gc] GC(9445) Pause Full (Allocation Failure) 15M->13M(15M) 29.186ms
[216.915s][info][gc] GC(9446) Pause Full (Allocation Failure) 15M->13M(15M) 29.025ms
[216.946s][info][gc] GC(9447) Pause Full (Allocation Failure) 15M->13M(15M) 28.678ms
[216.978s][info][gc] GC(9448) Pause Full (Allocation Failure) 15M->13M(15M) 28.816ms
[217.011s][info][gc] GC(9449) Pause Full (Allocation Failure) 15M->13M(15M) 29.646ms
[217.043s][info][gc] GC(9450) Pause Full (Allocation Failure) 15M->13M(15M) 28.862ms
[217.074s][info][gc] GC(9451) Pause Full (Allocation Failure) 15M->13M(15M) 28.922ms
[217.108s][info][gc] GC(9452) Pause Full (Allocation Failure) 15M->13M(15M) 31.382ms
[217.145s][info][gc] GC(9453) Pause Full (Allocation Failure) 15M->13M(15M) 32.747ms
[217.178s][info][gc] GC(9454) Pause Full (Allocation Failure) 15M->13M(15M) 29.680ms
[217.212s][info][gc] GC(9455) Pause Full (Allocation Failure) 15M->13M(15M) 29.927ms
[217.244s][info][gc] GC(9456) Pause Full (Allocation Failure) 15M->13M(15M) 29.436ms
[217.278s][info][gc] GC(9457) Pause Full (Allocation Failure) 15M->13M(15M) 30.963ms
[217.310s][info][gc] GC(9458) Pause Full (Allocation Failure) 15M->13M(15M) 28.939ms
[217.342s][info][gc] GC(9459) Pause Full (Allocation Failure) 15M->13M(15M) 28.680ms
[217.372s][info][gc] GC(9460) Pause Full (Allocation Failure) 15M->13M(15M) 27.992ms
[217.406s][info][gc] GC(9461) Pause Full (Allocation Failure) 15M->13M(15M) 30.691ms
[217.440s][info][gc] GC(9462) Pause Full (Allocation Failure) 15M->13M(15M) 30.744ms
[217.472s][info][gc] GC(9463) Pause Full (Allocation Failure) 15M->13M(15M) 29.172ms
[217.506s][info][gc] GC(9464) Pause Full (Allocation Failure) 15M->13M(15M) 31.069ms
[217.537s][info][gc] GC(9465) Pause Full (Allocation Failure) 15M->13M(15M) 28.930ms
[217.568s][info][gc] GC(9466) Pause Full (Allocation Failure) 15M->13M(15M) 28.241ms
[217.601s][info][gc] GC(9467) Pause Full (Allocation Failure) 15M->13M(15M) 29.927ms
[217.635s][info][gc] GC(9468) Pause Full (Allocation Failure) 15M->13M(15M) 31.680ms
[217.668s][info][gc] GC(9469) Pause Full (Allocation Failure) 15M->13M(15M) 30.324ms
[217.700s][info][gc] GC(9470) Pause Full (Allocation Failure) 15M->13M(15M) 29.727ms
[217.734s][info][gc] GC(9471) Pause Full (Allocation Failure) 15M->13M(15M) 31.341ms
[217.765s][info][gc] GC(9472) Pause Full (Allocation Failure) 15M->13M(15M) 28.290ms
[217.798s][info][gc] GC(9473) Pause Full (Allocation Failure) 15M->13M(15M) 29.574ms
[217.831s][info][gc] GC(9474) Pause Full (Allocation Failure) 15M->13M(15M) 29.789ms
[217.870s][info][gc] GC(9475) Pause Full (Allocation Failure) 15M->13M(15M) 36.888ms
[217.908s][info][gc] GC(9476) Pause Full (Allocation Failure) 15M->13M(15M) 35.126ms
[217.944s][info][gc] GC(9477) Pause Full (Allocation Failure) 15M->13M(15M) 32.331ms
[217.981s][info][gc] GC(9478) Pause Full (Allocation Failure) 15M->13M(15M) 33.763ms
[218.015s][info][gc] GC(9479) Pause Full (Allocation Failure) 15M->13M(15M) 29.728ms
[218.049s][info][gc] GC(9480) Pause Full (Allocation Failure) 15M->13M(15M) 30.796ms
[218.082s][info][gc] GC(9481) Pause Full (Allocation Failure) 15M->13M(15M) 29.493ms
[218.115s][info][gc] GC(9482) Pause Full (Allocation Failure) 15M->13M(15M) 30.006ms
[218.148s][info][gc] GC(9483) Pause Full (Allocation Failure) 15M->13M(15M) 28.920ms
[218.179s][info][gc] GC(9484) Pause Full (Allocation Failure) 15M->13M(15M) 28.417ms
[218.209s][info][gc] GC(9485) Pause Full (Allocation Failure) 15M->13M(15M) 28.049ms
[218.241s][info][gc] GC(9486) Pause Full (Allocation Failure) 15M->13M(15M) 28.341ms
[218.273s][info][gc] GC(9487) Pause Full (Allocation Failure) 15M->13M(15M) 29.262ms
[218.305s][info][gc] GC(9488) Pause Full (Allocation Failure) 15M->13M(15M) 29.082ms
[218.337s][info][gc] GC(9489) Pause Full (Allocation Failure) 15M->13M(15M) 29.468ms
[218.371s][info][gc] GC(9490) Pause Full (Allocation Failure) 15M->13M(15M) 31.796ms
[218.404s][info][gc] GC(9491) Pause Full (Allocation Failure) 15M->13M(15M) 30.188ms
[218.437s][info][gc] GC(9492) Pause Full (Allocation Failure) 15M->13M(15M) 30.542ms
[218.469s][info][gc] GC(9493) Pause Full (Allocation Failure) 15M->13M(15M) 29.250ms
[218.500s][info][gc] GC(9494) Pause Full (Allocation Failure) 15M->13M(15M) 29.093ms
[218.533s][info][gc] GC(9495) Pause Full (Allocation Failure) 15M->13M(15M) 30.081ms
[218.567s][info][gc] GC(9496) Pause Full (Allocation Failure) 15M->13M(15M) 30.350ms
[218.600s][info][gc] GC(9497) Pause Full (Allocation Failure) 15M->13M(15M) 29.728ms
[218.634s][info][gc] GC(9498) Pause Full (Allocation Failure) 15M->13M(15M) 30.259ms
[218.666s][info][gc] GC(9499) Pause Full (Allocation Failure) 15M->13M(15M) 29.067ms
[218.697s][info][gc] GC(9500) Pause Full (Allocation Failure) 15M->13M(15M) 27.742ms
[218.729s][info][gc] GC(9501) Pause Full (Allocation Failure) 15M->13M(15M) 29.384ms
[218.762s][info][gc] GC(9502) Pause Full (Allocation Failure) 15M->13M(15M) 29.227ms
[218.800s][info][gc] GC(9503) Pause Full (Allocation Failure) 15M->13M(15M) 33.870ms
[218.832s][info][gc] GC(9504) Pause Full (Allocation Failure) 15M->13M(15M) 29.483ms
[218.867s][info][gc] GC(9505) Pause Full (Allocation Failure) 15M->13M(15M) 32.133ms
[218.899s][info][gc] GC(9506) Pause Full (Allocation Failure) 15M->13M(15M) 29.318ms
[218.931s][info][gc] GC(9507) Pause Full (Allocation Failure) 15M->13M(15M) 29.213ms
[218.966s][info][gc] GC(9508) Pause Full (Allocation Failure) 15M->13M(15M) 32.171ms
[219.000s][info][gc] GC(9509) Pause Full (Allocation Failure) 15M->13M(15M) 31.668ms
[219.031s][info][gc] GC(9510) Pause Full (Allocation Failure) 15M->13M(15M) 27.885ms
[219.066s][info][gc] GC(9511) Pause Full (Allocation Failure) 15M->13M(15M) 31.625ms
[219.100s][info][gc] GC(9512) Pause Full (Allocation Failure) 15M->13M(15M) 31.022ms
[219.131s][info][gc] GC(9513) Pause Full (Allocation Failure) 15M->13M(15M) 28.423ms
[219.161s][info][gc] GC(9514) Pause Full (Allocation Failure) 15M->13M(15M) 27.873ms
[219.193s][info][gc] GC(9515) Pause Full (Allocation Failure) 15M->13M(15M) 29.035ms
[219.229s][info][gc] GC(9516) Pause Full (Allocation Failure) 15M->13M(15M) 33.149ms
[219.262s][info][gc] GC(9517) Pause Full (Allocation Failure) 15M->13M(15M) 29.844ms
[219.294s][info][gc] GC(9518) Pause Full (Allocation Failure) 15M->13M(15M) 28.918ms
[219.326s][info][gc] GC(9519) Pause Full (Allocation Failure) 15M->13M(15M) 29.148ms
[219.357s][info][gc] GC(9520) Pause Full (Allocation Failure) 15M->13M(15M) 28.432ms
[219.390s][info][gc] GC(9521) Pause Full (Allocation Failure) 15M->13M(15M) 30.391ms
[219.424s][info][gc] GC(9522) Pause Full (Allocation Failure) 15M->13M(15M) 31.412ms
[219.457s][info][gc] GC(9523) Pause Full (Allocation Failure) 15M->13M(15M) 30.497ms
[219.491s][info][gc] GC(9524) Pause Full (Allocation Failure) 15M->13M(15M) 31.932ms
[219.525s][info][gc] GC(9525) Pause Full (Allocation Failure) 15M->13M(15M) 31.148ms
[219.558s][info][gc] GC(9526) Pause Full (Allocation Failure) 15M->13M(15M) 29.331ms
[219.590s][info][gc] GC(9527) Pause Full (Allocation Failure) 15M->13M(15M) 30.168ms
[219.622s][info][gc] GC(9528) Pause Full (Allocation Failure) 15M->13M(15M) 28.735ms
[219.654s][info][gc] GC(9529) Pause Full (Allocation Failure) 15M->13M(15M) 29.094ms
[219.688s][info][gc] GC(9530) Pause Full (Allocation Failure) 15M->13M(15M) 31.041ms
[219.720s][info][gc] GC(9531) Pause Full (Allocation Failure) 15M->13M(15M) 28.723ms
[219.753s][info][gc] GC(9532) Pause Full (Allocation Failure) 15M->13M(15M) 29.897ms
[219.785s][info][gc] GC(9533) Pause Full (Allocation Failure) 15M->13M(15M) 29.032ms
[219.817s][info][gc] GC(9534) Pause Full (Allocation Failure) 15M->13M(15M) 29.427ms
[219.853s][info][gc] GC(9535) Pause Full (Allocation Failure) 15M->13M(15M) 32.985ms
[219.887s][info][gc] GC(9536) Pause Full (Allocation Failure) 15M->13M(15M) 31.312ms
[219.921s][info][gc] GC(9537) Pause Full (Allocation Failure) 15M->13M(15M) 29.603ms
[219.954s][info][gc] GC(9538) Pause Full (Allocation Failure) 15M->13M(15M) 29.512ms
[219.987s][info][gc] GC(9539) Pause Full (Allocation Failure) 15M->13M(15M) 29.335ms
[220.018s][info][gc] GC(9540) Pause Full (Allocation Failure) 15M->13M(15M) 28.507ms
[220.051s][info][gc] GC(9541) Pause Full (Allocation Failure) 15M->13M(15M) 30.107ms
[220.084s][info][gc] GC(9542) Pause Full (Allocation Failure) 15M->13M(15M) 30.040ms
[220.120s][info][gc] GC(9543) Pause Full (Allocation Failure) 15M->13M(15M) 31.809ms
[220.151s][info][gc] GC(9544) Pause Full (Allocation Failure) 15M->13M(15M) 28.453ms
[220.182s][info][gc] GC(9545) Pause Full (Allocation Failure) 15M->13M(15M) 28.375ms
[220.215s][info][gc] GC(9546) Pause Full (Allocation Failure) 15M->13M(15M) 29.575ms
[220.248s][info][gc] GC(9547) Pause Full (Allocation Failure) 15M->13M(15M) 30.736ms
[220.281s][info][gc] GC(9548) Pause Full (Allocation Failure) 15M->13M(15M) 29.938ms
[220.315s][info][gc] GC(9549) Pause Full (Allocation Failure) 15M->13M(15M) 30.723ms
[220.347s][info][gc] GC(9550) Pause Full (Allocation Failure) 15M->13M(15M) 29.071ms
[220.381s][info][gc] GC(9551) Pause Full (Allocation Failure) 15M->13M(15M) 30.782ms
[220.413s][info][gc] GC(9552) Pause Full (Allocation Failure) 15M->13M(15M) 29.087ms
[220.444s][info][gc] GC(9553) Pause Full (Allocation Failure) 15M->13M(15M) 28.731ms
[220.477s][info][gc] GC(9554) Pause Full (Allocation Failure) 15M->13M(15M) 30.353ms
[220.511s][info][gc] GC(9555) Pause Full (Allocation Failure) 15M->13M(15M) 31.078ms
[220.543s][info][gc] GC(9556) Pause Full (Allocation Failure) 15M->13M(15M) 29.632ms
[220.574s][info][gc] GC(9557) Pause Full (Allocation Failure) 15M->13M(15M) 29.325ms
[220.612s][info][gc] GC(9558) Pause Full (Allocation Failure) 15M->13M(15M) 34.553ms
[220.645s][info][gc] GC(9559) Pause Full (Allocation Failure) 15M->13M(15M) 30.508ms
[220.678s][info][gc] GC(9560) Pause Full (Allocation Failure) 15M->13M(15M) 30.237ms
[220.709s][info][gc] GC(9561) Pause Full (Allocation Failure) 15M->13M(15M) 29.318ms
[220.742s][info][gc] GC(9562) Pause Full (Allocation Failure) 15M->13M(15M) 30.322ms
[220.774s][info][gc] GC(9563) Pause Full (Allocation Failure) 15M->13M(15M) 29.240ms
[220.806s][info][gc] GC(9564) Pause Full (Allocation Failure) 15M->13M(15M) 29.656ms
[220.841s][info][gc] GC(9565) Pause Full (Allocation Failure) 15M->13M(15M) 31.130ms
[220.879s][info][gc] GC(9566) Pause Full (Allocation Failure) 15M->13M(15M) 35.465ms
[220.913s][info][gc] GC(9567) Pause Full (Allocation Failure) 15M->13M(15M) 31.002ms
[220.948s][info][gc] GC(9568) Pause Full (Allocation Failure) 15M->13M(15M) 31.788ms
[220.980s][info][gc] GC(9569) Pause Full (Allocation Failure) 15M->13M(15M) 29.510ms
[221.013s][info][gc] GC(9570) Pause Full (Allocation Failure) 15M->13M(15M) 30.656ms
[221.046s][info][gc] GC(9571) Pause Full (Allocation Failure) 15M->13M(15M) 30.390ms
[221.079s][info][gc] GC(9572) Pause Full (Allocation Failure) 15M->13M(15M) 30.344ms
[221.112s][info][gc] GC(9573) Pause Full (Allocation Failure) 15M->13M(15M) 31.242ms
[221.146s][info][gc] GC(9574) Pause Full (Allocation Failure) 15M->13M(15M) 31.123ms
[221.179s][info][gc] GC(9575) Pause Full (Allocation Failure) 15M->13M(15M) 30.572ms
[221.213s][info][gc] GC(9576) Pause Full (Allocation Failure) 15M->13M(15M) 31.295ms
[221.246s][info][gc] GC(9577) Pause Full (Allocation Failure) 15M->13M(15M) 31.332ms
[221.279s][info][gc] GC(9578) Pause Full (Allocation Failure) 15M->13M(15M) 30.735ms
[221.311s][info][gc] GC(9579) Pause Full (Allocation Failure) 15M->13M(15M) 29.571ms
[221.342s][info][gc] GC(9580) Pause Full (Allocation Failure) 15M->13M(15M) 28.724ms
[221.375s][info][gc] GC(9581) Pause Full (Allocation Failure) 15M->13M(15M) 29.176ms
[221.406s][info][gc] GC(9582) Pause Full (Allocation Failure) 15M->13M(15M) 28.102ms
[221.438s][info][gc] GC(9583) Pause Full (Allocation Failure) 15M->13M(15M) 29.443ms
[221.469s][info][gc] GC(9584) Pause Full (Allocation Failure) 15M->13M(15M) 28.089ms
[221.502s][info][gc] GC(9585) Pause Full (Allocation Failure) 15M->13M(15M) 29.982ms
[221.538s][info][gc] GC(9586) Pause Full (Allocation Failure) 15M->13M(15M) 32.789ms
[221.572s][info][gc] GC(9587) Pause Full (Allocation Failure) 15M->13M(15M) 30.602ms
[221.603s][info][gc] GC(9588) Pause Full (Allocation Failure) 15M->13M(15M) 27.756ms
[221.636s][info][gc] GC(9589) Pause Full (Allocation Failure) 15M->13M(15M) 30.674ms
[221.670s][info][gc] GC(9590) Pause Full (Allocation Failure) 15M->13M(15M) 30.288ms
[221.702s][info][gc] GC(9591) Pause Full (Allocation Failure) 15M->13M(15M) 29.244ms
[221.733s][info][gc] GC(9592) Pause Full (Allocation Failure) 15M->13M(15M) 28.992ms
[221.765s][info][gc] GC(9593) Pause Full (Allocation Failure) 15M->13M(15M) 28.962ms
[221.798s][info][gc] GC(9594) Pause Full (Allocation Failure) 15M->13M(15M) 30.326ms
[221.830s][info][gc] GC(9595) Pause Full (Allocation Failure) 15M->13M(15M) 29.638ms
[221.867s][info][gc] GC(9596) Pause Full (Allocation Failure) 15M->13M(15M) 34.793ms
[221.903s][info][gc] GC(9597) Pause Full (Allocation Failure) 15M->13M(15M) 32.175ms
[221.936s][info][gc] GC(9598) Pause Full (Allocation Failure) 15M->13M(15M) 29.246ms
[221.968s][info][gc] GC(9599) Pause Full (Allocation Failure) 15M->14M(15M) 28.970ms
[221.999s][info][gc] GC(9600) Pause Full (Allocation Failure) 15M->13M(15M) 28.841ms
[222.032s][info][gc] GC(9601) Pause Full (Allocation Failure) 15M->13M(15M) 30.385ms
[222.067s][info][gc] GC(9602) Pause Full (Allocation Failure) 15M->13M(15M) 32.081ms
[222.101s][info][gc] GC(9603) Pause Full (Allocation Failure) 15M->13M(15M) 31.177ms
[222.133s][info][gc] GC(9604) Pause Full (Allocation Failure) 15M->13M(15M) 29.151ms
[222.166s][info][gc] GC(9605) Pause Full (Allocation Failure) 15M->13M(15M) 30.631ms
[222.199s][info][gc] GC(9606) Pause Full (Allocation Failure) 15M->13M(15M) 29.976ms
[222.233s][info][gc] GC(9607) Pause Full (Allocation Failure) 15M->13M(15M) 31.638ms
[222.266s][info][gc] GC(9608) Pause Full (Allocation Failure) 15M->13M(15M) 30.569ms
[222.300s][info][gc] GC(9609) Pause Full (Allocation Failure) 15M->13M(15M) 31.020ms
[222.333s][info][gc] GC(9610) Pause Full (Allocation Failure) 15M->13M(15M) 30.471ms
[222.366s][info][gc] GC(9611) Pause Full (Allocation Failure) 15M->13M(15M) 30.415ms
[222.398s][info][gc] GC(9612) Pause Full (Allocation Failure) 15M->13M(15M) 28.847ms
[222.433s][info][gc] GC(9613) Pause Full (Allocation Failure) 15M->13M(15M) 32.385ms
[222.464s][info][gc] GC(9614) Pause Full (Allocation Failure) 15M->13M(15M) 28.818ms
[222.496s][info][gc] GC(9615) Pause Full (Allocation Failure) 15M->13M(15M) 29.223ms
[222.528s][info][gc] GC(9616) Pause Full (Allocation Failure) 15M->13M(15M) 28.935ms
[222.559s][info][gc] GC(9617) Pause Full (Allocation Failure) 15M->13M(15M) 28.304ms
[222.594s][info][gc] GC(9618) Pause Full (Allocation Failure) 15M->13M(15M) 30.782ms
[222.625s][info][gc] GC(9619) Pause Full (Allocation Failure) 15M->13M(15M) 28.644ms
[222.659s][info][gc] GC(9620) Pause Full (Allocation Failure) 15M->13M(15M) 30.379ms
[222.692s][info][gc] GC(9621) Pause Full (Allocation Failure) 15M->13M(15M) 30.300ms
[222.725s][info][gc] GC(9622) Pause Full (Allocation Failure) 15M->13M(15M) 29.233ms
[222.756s][info][gc] GC(9623) Pause Full (Allocation Failure) 15M->13M(15M) 28.188ms
[222.788s][info][gc] GC(9624) Pause Full (Allocation Failure) 15M->13M(15M) 28.663ms
[222.821s][info][gc] GC(9625) Pause Full (Allocation Failure) 15M->13M(15M) 31.136ms
[222.857s][info][gc] GC(9626) Pause Full (Allocation Failure) 15M->13M(15M) 33.132ms
[222.891s][info][gc] GC(9627) Pause Full (Allocation Failure) 15M->13M(15M) 30.447ms
[222.923s][info][gc] GC(9628) Pause Full (Allocation Failure) 15M->13M(15M) 29.092ms
[222.956s][info][gc] GC(9629) Pause Full (Allocation Failure) 15M->13M(15M) 30.225ms
[222.989s][info][gc] GC(9630) Pause Full (Allocation Failure) 15M->13M(15M) 29.799ms
[223.023s][info][gc] GC(9631) Pause Full (Allocation Failure) 15M->13M(15M) 30.945ms
[223.057s][info][gc] GC(9632) Pause Full (Allocation Failure) 15M->13M(15M) 30.860ms
[223.090s][info][gc] GC(9633) Pause Full (Allocation Failure) 15M->13M(15M) 29.070ms
[223.123s][info][gc] GC(9634) Pause Full (Allocation Failure) 15M->13M(15M) 28.892ms
[223.157s][info][gc] GC(9635) Pause Full (Allocation Failure) 15M->13M(15M) 31.497ms
[223.189s][info][gc] GC(9636) Pause Full (Allocation Failure) 15M->13M(15M) 29.367ms
[223.221s][info][gc] GC(9637) Pause Full (Allocation Failure) 15M->14M(15M) 28.616ms
[223.255s][info][gc] GC(9638) Pause Full (Allocation Failure) 15M->13M(15M) 31.781ms
[223.287s][info][gc] GC(9639) Pause Full (Allocation Failure) 15M->13M(15M) 28.966ms
[223.320s][info][gc] GC(9640) Pause Full (Allocation Failure) 15M->13M(15M) 30.188ms
[223.353s][info][gc] GC(9641) Pause Full (Allocation Failure) 15M->13M(15M) 30.731ms
[223.387s][info][gc] GC(9642) Pause Full (Allocation Failure) 15M->14M(15M) 31.324ms
[223.421s][info][gc] GC(9643) Pause Full (Allocation Failure) 15M->13M(15M) 31.143ms
[223.454s][info][gc] GC(9644) Pause Full (Allocation Failure) 15M->13M(15M) 29.992ms
[223.487s][info][gc] GC(9645) Pause Full (Allocation Failure) 15M->13M(15M) 30.509ms
[223.521s][info][gc] GC(9646) Pause Full (Allocation Failure) 15M->13M(15M) 31.606ms
[223.554s][info][gc] GC(9647) Pause Full (Allocation Failure) 15M->13M(15M) 30.379ms
[223.587s][info][gc] GC(9648) Pause Full (Allocation Failure) 15M->14M(15M) 29.976ms
[223.620s][info][gc] GC(9649) Pause Full (Allocation Failure) 15M->13M(15M) 31.131ms
[223.654s][info][gc] GC(9650) Pause Full (Allocation Failure) 15M->14M(15M) 31.565ms
[223.688s][info][gc] GC(9651) Pause Full (Allocation Failure) 15M->13M(15M) 30.874ms
[223.721s][info][gc] GC(9652) Pause Full (Allocation Failure) 15M->13M(15M) 30.513ms
[223.755s][info][gc] GC(9653) Pause Full (Allocation Failure) 15M->13M(15M) 31.135ms
[223.788s][info][gc] GC(9654) Pause Full (Allocation Failure) 15M->13M(15M) 30.722ms
[223.822s][info][gc] GC(9655) Pause Full (Allocation Failure) 15M->13M(15M) 31.149ms
[223.856s][info][gc] GC(9656) Pause Full (Allocation Failure) 15M->13M(15M) 31.932ms
[223.889s][info][gc] GC(9657) Pause Full (Allocation Failure) 15M->13M(15M) 29.901ms
[223.922s][info][gc] GC(9658) Pause Full (Allocation Failure) 15M->13M(15M) 30.256ms
[223.954s][info][gc] GC(9659) Pause Full (Allocation Failure) 15M->13M(15M) 30.143ms
[223.988s][info][gc] GC(9660) Pause Full (Allocation Failure) 15M->13M(15M) 31.102ms
[224.022s][info][gc] GC(9661) Pause Full (Allocation Failure) 15M->13M(15M) 31.504ms
[224.055s][info][gc] GC(9662) Pause Full (Allocation Failure) 15M->13M(15M) 29.991ms
[224.089s][info][gc] GC(9663) Pause Full (Allocation Failure) 15M->13M(15M) 30.904ms
[224.123s][info][gc] GC(9664) Pause Full (Allocation Failure) 15M->13M(15M) 31.430ms
[224.156s][info][gc] GC(9665) Pause Full (Allocation Failure) 15M->13M(15M) 30.326ms
[224.189s][info][gc] GC(9666) Pause Full (Allocation Failure) 15M->13M(15M) 30.886ms
[224.223s][info][gc] GC(9667) Pause Full (Allocation Failure) 15M->13M(15M) 31.010ms
[224.257s][info][gc] GC(9668) Pause Full (Allocation Failure) 15M->13M(15M) 29.917ms
[224.290s][info][gc] GC(9669) Pause Full (Allocation Failure) 15M->13M(15M) 30.634ms
[224.323s][info][gc] GC(9670) Pause Full (Allocation Failure) 15M->13M(15M) 31.057ms
[224.356s][info][gc] GC(9671) Pause Full (Allocation Failure) 15M->13M(15M) 30.533ms
[224.390s][info][gc] GC(9672) Pause Full (Allocation Failure) 15M->13M(15M) 30.857ms
[224.423s][info][gc] GC(9673) Pause Full (Allocation Failure) 15M->13M(15M) 31.022ms
[224.457s][info][gc] GC(9674) Pause Full (Allocation Failure) 15M->13M(15M) 30.536ms
[224.489s][info][gc] GC(9675) Pause Full (Allocation Failure) 15M->13M(15M) 30.401ms
[224.521s][info][gc] GC(9676) Pause Full (Allocation Failure) 15M->13M(15M) 29.130ms
[224.552s][info][gc] GC(9677) Pause Full (Allocation Failure) 15M->13M(15M) 28.775ms
[224.586s][info][gc] GC(9678) Pause Full (Allocation Failure) 15M->13M(15M) 30.292ms
[224.618s][info][gc] GC(9679) Pause Full (Allocation Failure) 15M->13M(15M) 29.223ms
[224.653s][info][gc] GC(9680) Pause Full (Allocation Failure) 15M->13M(15M) 31.747ms
[224.687s][info][gc] GC(9681) Pause Full (Allocation Failure) 15M->13M(15M) 30.487ms
[224.721s][info][gc] GC(9682) Pause Full (Allocation Failure) 15M->14M(15M) 30.708ms
[224.753s][info][gc] GC(9683) Pause Full (Allocation Failure) 15M->14M(15M) 29.138ms
[224.786s][info][gc] GC(9684) Pause Full (Allocation Failure) 15M->14M(15M) 29.624ms
[224.818s][info][gc] GC(9685) Pause Full (Allocation Failure) 15M->13M(15M) 28.968ms
[224.852s][info][gc] GC(9686) Pause Full (Allocation Failure) 15M->14M(15M) 31.106ms
[224.891s][info][gc] GC(9687) Pause Full (Allocation Failure) 15M->14M(15M) 35.664ms
[224.926s][info][gc] GC(9688) Pause Full (Allocation Failure) 15M->14M(15M) 32.097ms
[224.959s][info][gc] GC(9689) Pause Full (Allocation Failure) 15M->14M(15M) 29.903ms
[224.992s][info][gc] GC(9690) Pause Full (Allocation Failure) 15M->13M(15M) 30.957ms
[225.025s][info][gc] GC(9691) Pause Full (Allocation Failure) 15M->13M(15M) 30.652ms
[225.060s][info][gc] GC(9692) Pause Full (Allocation Failure) 15M->14M(15M) 31.802ms
[225.092s][info][gc] GC(9693) Pause Full (Allocation Failure) 15M->14M(15M) 30.063ms
[225.126s][info][gc] GC(9694) Pause Full (Allocation Failure) 15M->14M(15M) 30.577ms
[225.159s][info][gc] GC(9695) Pause Full (Allocation Failure) 15M->14M(15M) 30.693ms
[225.192s][info][gc] GC(9696) Pause Full (Allocation Failure) 15M->14M(15M) 30.835ms
[225.226s][info][gc] GC(9697) Pause Full (Allocation Failure) 15M->14M(15M) 31.178ms
[225.260s][info][gc] GC(9698) Pause Full (Allocation Failure) 15M->14M(15M) 30.308ms
[225.294s][info][gc] GC(9699) Pause Full (Allocation Failure) 15M->14M(15M) 31.428ms
[225.326s][info][gc] GC(9700) Pause Full (Allocation Failure) 15M->14M(15M) 30.344ms
[225.360s][info][gc] GC(9701) Pause Full (Allocation Failure) 15M->14M(15M) 30.804ms
[225.393s][info][gc] GC(9702) Pause Full (Allocation Failure) 15M->14M(15M) 30.853ms
[225.427s][info][gc] GC(9703) Pause Full (Allocation Failure) 15M->14M(15M) 31.007ms
[225.460s][info][gc] GC(9704) Pause Full (Allocation Failure) 15M->14M(15M) 30.503ms
[225.493s][info][gc] GC(9705) Pause Full (Allocation Failure) 15M->14M(15M) 30.711ms
[225.527s][info][gc] GC(9706) Pause Full (Allocation Failure) 15M->14M(15M) 31.521ms
[225.560s][info][gc] GC(9707) Pause Full (Allocation Failure) 15M->14M(15M) 30.602ms
[225.594s][info][gc] GC(9708) Pause Full (Allocation Failure) 15M->14M(15M) 31.126ms
[225.628s][info][gc] GC(9709) Pause Full (Allocation Failure) 15M->14M(15M) 31.724ms
[225.661s][info][gc] GC(9710) Pause Full (Allocation Failure) 15M->14M(15M) 30.469ms
[225.693s][info][gc] GC(9711) Pause Full (Allocation Failure) 15M->14M(15M) 30.042ms
[225.725s][info][gc] GC(9712) Pause Full (Allocation Failure) 15M->14M(15M) 29.313ms
[225.759s][info][gc] GC(9713) Pause Full (Allocation Failure) 15M->14M(15M) 31.239ms
[225.790s][info][gc] GC(9714) Pause Full (Allocation Failure) 15M->14M(15M) 28.557ms
[225.823s][info][gc] GC(9715) Pause Full (Allocation Failure) 15M->13M(15M) 29.539ms
[225.857s][info][gc] GC(9716) Pause Full (Allocation Failure) 15M->14M(15M) 30.810ms
[225.895s][info][gc] GC(9717) Pause Full (Allocation Failure) 15M->14M(15M) 34.803ms
[225.930s][info][gc] GC(9718) Pause Full (Allocation Failure) 15M->14M(15M) 30.861ms
[225.963s][info][gc] GC(9719) Pause Full (Allocation Failure) 15M->14M(15M) 30.510ms
[225.995s][info][gc] GC(9720) Pause Full (Allocation Failure) 15M->14M(15M) 29.722ms
[226.030s][info][gc] GC(9721) Pause Full (Allocation Failure) 15M->14M(15M) 31.241ms
[226.062s][info][gc] GC(9722) Pause Full (Allocation Failure) 15M->14M(15M) 29.802ms
[226.096s][info][gc] GC(9723) Pause Full (Allocation Failure) 15M->14M(15M) 31.345ms
[226.130s][info][gc] GC(9724) Pause Full (Allocation Failure) 15M->14M(15M) 30.689ms
[226.164s][info][gc] GC(9725) Pause Full (Allocation Failure) 15M->14M(15M) 31.793ms
[226.196s][info][gc] GC(9726) Pause Full (Allocation Failure) 15M->14M(15M) 29.484ms
[226.229s][info][gc] GC(9727) Pause Full (Allocation Failure) 15M->14M(15M) 30.573ms
[226.262s][info][gc] GC(9728) Pause Full (Allocation Failure) 15M->14M(15M) 30.163ms
[226.295s][info][gc] GC(9729) Pause Full (Allocation Failure) 15M->14M(15M) 30.314ms
[226.329s][info][gc] GC(9730) Pause Full (Allocation Failure) 15M->14M(15M) 31.267ms
[226.363s][info][gc] GC(9731) Pause Full (Allocation Failure) 15M->14M(15M) 32.380ms
[226.396s][info][gc] GC(9732) Pause Full (Allocation Failure) 15M->14M(15M) 30.623ms
[226.430s][info][gc] GC(9733) Pause Full (Allocation Failure) 15M->14M(15M) 30.893ms
[226.462s][info][gc] GC(9734) Pause Full (Allocation Failure) 15M->14M(15M) 29.985ms
[226.497s][info][gc] GC(9735) Pause Full (Allocation Failure) 15M->14M(15M) 32.522ms
[226.531s][info][gc] GC(9736) Pause Full (Allocation Failure) 15M->14M(15M) 31.210ms
[226.565s][info][gc] GC(9737) Pause Full (Allocation Failure) 15M->13M(15M) 30.820ms
[226.597s][info][gc] GC(9738) Pause Full (Allocation Failure) 15M->14M(15M) 29.657ms
[226.630s][info][gc] GC(9739) Pause Full (Allocation Failure) 15M->14M(15M) 30.513ms
[226.663s][info][gc] GC(9740) Pause Full (Allocation Failure) 15M->13M(15M) 30.496ms
[226.697s][info][gc] GC(9741) Pause Full (Allocation Failure) 15M->14M(15M) 31.803ms
[226.730s][info][gc] GC(9742) Pause Full (Allocation Failure) 15M->14M(15M) 30.210ms
[226.764s][info][gc] GC(9743) Pause Full (Allocation Failure) 15M->14M(15M) 30.589ms
[226.795s][info][gc] GC(9744) Pause Full (Allocation Failure) 15M->14M(15M) 28.846ms
[226.829s][info][gc] GC(9745) Pause Full (Allocation Failure) 15M->14M(15M) 30.797ms
[226.863s][info][gc] GC(9746) Pause Full (Allocation Failure) 15M->14M(15M) 31.467ms
[226.898s][info][gc] GC(9747) Pause Full (Allocation Failure) 15M->14M(15M) 33.156ms
[226.931s][info][gc] GC(9748) Pause Full (Allocation Failure) 15M->14M(15M) 29.901ms
[226.964s][info][gc] GC(9749) Pause Full (Allocation Failure) 15M->14M(15M) 30.950ms
[226.999s][info][gc] GC(9750) Pause Full (Allocation Failure) 15M->14M(15M) 32.347ms
[227.031s][info][gc] GC(9751) Pause Full (Allocation Failure) 15M->14M(15M) 29.604ms
[227.065s][info][gc] GC(9752) Pause Full (Allocation Failure) 15M->14M(15M) 31.367ms
[227.099s][info][gc] GC(9753) Pause Full (Allocation Failure) 15M->14M(15M) 31.099ms
[227.133s][info][gc] GC(9754) Pause Full (Allocation Failure) 15M->14M(15M) 31.355ms
[227.165s][info][gc] GC(9755) Pause Full (Allocation Failure) 15M->14M(15M) 30.483ms
[227.199s][info][gc] GC(9756) Pause Full (Allocation Failure) 15M->14M(15M) 30.831ms
[227.232s][info][gc] GC(9757) Pause Full (Allocation Failure) 15M->14M(15M) 30.417ms
[227.266s][info][gc] GC(9758) Pause Full (Allocation Failure) 15M->14M(15M) 31.832ms
[227.299s][info][gc] GC(9759) Pause Full (Allocation Failure) 15M->14M(15M) 31.035ms
[227.333s][info][gc] GC(9760) Pause Full (Allocation Failure) 15M->14M(15M) 30.669ms
[227.366s][info][gc] GC(9761) Pause Full (Allocation Failure) 15M->14M(15M) 30.832ms
[227.400s][info][gc] GC(9762) Pause Full (Allocation Failure) 15M->14M(15M) 31.111ms
[227.433s][info][gc] GC(9763) Pause Full (Allocation Failure) 15M->14M(15M) 30.798ms
[227.467s][info][gc] GC(9764) Pause Full (Allocation Failure) 15M->14M(15M) 31.080ms
[227.500s][info][gc] GC(9765) Pause Full (Allocation Failure) 15M->14M(15M) 30.918ms
[227.534s][info][gc] GC(9766) Pause Full (Allocation Failure) 15M->14M(15M) 30.915ms
[227.567s][info][gc] GC(9767) Pause Full (Allocation Failure) 15M->14M(15M) 30.998ms
[227.600s][info][gc] GC(9768) Pause Full (Allocation Failure) 15M->14M(15M) 30.624ms
[227.635s][info][gc] GC(9769) Pause Full (Allocation Failure) 15M->14M(15M) 32.901ms
[227.669s][info][gc] GC(9770) Pause Full (Allocation Failure) 15M->14M(15M) 30.787ms
[227.701s][info][gc] GC(9771) Pause Full (Allocation Failure) 15M->14M(15M) 29.166ms
[227.734s][info][gc] GC(9772) Pause Full (Allocation Failure) 15M->14M(15M) 30.738ms
[227.768s][info][gc] GC(9773) Pause Full (Allocation Failure) 15M->14M(15M) 31.252ms
[227.802s][info][gc] GC(9774) Pause Full (Allocation Failure) 15M->14M(15M) 31.293ms
[227.835s][info][gc] GC(9775) Pause Full (Allocation Failure) 15M->14M(15M) 30.368ms
[227.869s][info][gc] GC(9776) Pause Full (Allocation Failure) 15M->14M(15M) 31.995ms
[227.906s][info][gc] GC(9777) Pause Full (Allocation Failure) 15M->14M(15M) 34.093ms
[227.940s][info][gc] GC(9778) Pause Full (Allocation Failure) 15M->14M(15M) 31.008ms
[227.972s][info][gc] GC(9779) Pause Full (Allocation Failure) 15M->14M(15M) 28.804ms
[228.005s][info][gc] GC(9780) Pause Full (Allocation Failure) 15M->14M(15M) 30.027ms
[228.040s][info][gc] GC(9781) Pause Full (Allocation Failure) 15M->14M(15M) 30.233ms
[228.073s][info][gc] GC(9782) Pause Full (Allocation Failure) 15M->14M(15M) 29.769ms
[228.106s][info][gc] GC(9783) Pause Full (Allocation Failure) 15M->14M(15M) 30.049ms
[228.139s][info][gc] GC(9784) Pause Full (Allocation Failure) 15M->14M(15M) 29.974ms
[228.170s][info][gc] GC(9785) Pause Full (Allocation Failure) 15M->14M(15M) 28.647ms
[228.203s][info][gc] GC(9786) Pause Full (Allocation Failure) 15M->14M(15M) 29.942ms
[228.237s][info][gc] GC(9787) Pause Full (Allocation Failure) 15M->14M(15M) 31.490ms
[228.270s][info][gc] GC(9788) Pause Full (Allocation Failure) 15M->14M(15M) 30.149ms
[228.303s][info][gc] GC(9789) Pause Full (Allocation Failure) 15M->14M(15M) 30.381ms
[228.336s][info][gc] GC(9790) Pause Full (Allocation Failure) 15M->14M(15M) 31.046ms
[228.370s][info][gc] GC(9791) Pause Full (Allocation Failure) 15M->14M(15M) 30.789ms
[228.404s][info][gc] GC(9792) Pause Full (Allocation Failure) 15M->14M(15M) 32.435ms
[228.440s][info][gc] GC(9793) Pause Full (Allocation Failure) 15M->14M(15M) 32.429ms
[228.474s][info][gc] GC(9794) Pause Full (Allocation Failure) 15M->14M(15M) 31.068ms
[228.508s][info][gc] GC(9795) Pause Full (Allocation Failure) 15M->14M(15M) 31.108ms
[228.541s][info][gc] GC(9796) Pause Full (Allocation Failure) 15M->14M(15M) 30.325ms
[228.574s][info][gc] GC(9797) Pause Full (Allocation Failure) 15M->14M(15M) 29.231ms
[228.605s][info][gc] GC(9798) Pause Full (Allocation Failure) 15M->14M(15M) 28.957ms
[228.639s][info][gc] GC(9799) Pause Full (Allocation Failure) 15M->14M(15M) 30.812ms
[228.671s][info][gc] GC(9800) Pause Full (Allocation Failure) 15M->14M(15M) 29.819ms
[228.703s][info][gc] GC(9801) Pause Full (Allocation Failure) 15M->14M(15M) 29.713ms
[228.735s][info][gc] GC(9802) Pause Full (Allocation Failure) 15M->14M(15M) 29.251ms
[228.767s][info][gc] GC(9803) Pause Full (Allocation Failure) 15M->14M(15M) 29.934ms
[228.800s][info][gc] GC(9804) Pause Full (Allocation Failure) 15M->14M(15M) 29.969ms
[228.838s][info][gc] GC(9805) Pause Full (Allocation Failure) 15M->14M(15M) 33.004ms
[228.872s][info][gc] GC(9806) Pause Full (Allocation Failure) 15M->14M(15M) 31.568ms
[228.907s][info][gc] GC(9807) Pause Full (Allocation Failure) 15M->14M(15M) 31.627ms
[228.942s][info][gc] GC(9808) Pause Full (Allocation Failure) 15M->14M(15M) 32.553ms
[228.973s][info][gc] GC(9809) Pause Full (Allocation Failure) 15M->14M(15M) 28.308ms
[229.005s][info][gc] GC(9810) Pause Full (Allocation Failure) 15M->14M(15M) 29.777ms
[229.038s][info][gc] GC(9811) Pause Full (Allocation Failure) 15M->14M(15M) 30.634ms
[229.072s][info][gc] GC(9812) Pause Full (Allocation Failure) 15M->14M(15M) 30.981ms
[229.105s][info][gc] GC(9813) Pause Full (Allocation Failure) 15M->14M(15M) 30.738ms
[229.138s][info][gc] GC(9814) Pause Full (Allocation Failure) 15M->14M(15M) 30.921ms
[229.172s][info][gc] GC(9815) Pause Full (Allocation Failure) 15M->14M(15M) 31.281ms
[229.206s][info][gc] GC(9816) Pause Full (Allocation Failure) 15M->14M(15M) 31.077ms
[229.240s][info][gc] GC(9817) Pause Full (Allocation Failure) 15M->14M(15M) 31.829ms
[229.273s][info][gc] GC(9818) Pause Full (Allocation Failure) 15M->14M(15M) 30.098ms
[229.307s][info][gc] GC(9819) Pause Full (Allocation Failure) 15M->14M(15M) 31.392ms
[229.340s][info][gc] GC(9820) Pause Full (Allocation Failure) 15M->14M(15M) 29.765ms
[229.373s][info][gc] GC(9821) Pause Full (Allocation Failure) 15M->14M(15M) 30.676ms
[229.406s][info][gc] GC(9822) Pause Full (Allocation Failure) 15M->14M(15M) 31.271ms
[229.440s][info][gc] GC(9823) Pause Full (Allocation Failure) 15M->14M(15M) 31.134ms
[229.473s][info][gc] GC(9824) Pause Full (Allocation Failure) 15M->14M(15M) 30.912ms
[229.506s][info][gc] GC(9825) Pause Full (Allocation Failure) 15M->14M(15M) 30.842ms
[229.539s][info][gc] GC(9826) Pause Full (Allocation Failure) 15M->14M(15M) 30.719ms
[229.573s][info][gc] GC(9827) Pause Full (Allocation Failure) 15M->14M(15M) 31.286ms
[229.606s][info][gc] GC(9828) Pause Full (Allocation Failure) 15M->14M(15M) 30.613ms
[229.640s][info][gc] GC(9829) Pause Full (Allocation Failure) 15M->14M(15M) 30.440ms
[229.673s][info][gc] GC(9830) Pause Full (Allocation Failure) 15M->14M(15M) 30.791ms
[229.707s][info][gc] GC(9831) Pause Full (Allocation Failure) 15M->14M(15M) 31.080ms
[229.741s][info][gc] GC(9832) Pause Full (Allocation Failure) 15M->14M(15M) 31.107ms
[229.774s][info][gc] GC(9833) Pause Full (Allocation Failure) 15M->14M(15M) 30.775ms
[229.808s][info][gc] GC(9834) Pause Full (Allocation Failure) 15M->14M(15M) 31.639ms
[229.841s][info][gc] GC(9835) Pause Full (Allocation Failure) 15M->14M(15M) 30.670ms
[229.875s][info][gc] GC(9836) Pause Full (Allocation Failure) 15M->14M(15M) 32.142ms
[229.916s][info][gc] GC(9837) Pause Full (Allocation Failure) 15M->14M(15M) 37.635ms
[229.952s][info][gc] GC(9838) Pause Full (Allocation Failure) 15M->14M(15M) 32.963ms
[229.986s][info][gc] GC(9839) Pause Full (Allocation Failure) 15M->14M(15M) 31.241ms
[230.020s][info][gc] GC(9840) Pause Full (Allocation Failure) 15M->14M(15M) 30.972ms
[230.053s][info][gc] GC(9841) Pause Full (Allocation Failure) 15M->14M(15M) 30.140ms
[230.087s][info][gc] GC(9842) Pause Full (Allocation Failure) 15M->14M(15M) 31.625ms
[230.120s][info][gc] GC(9843) Pause Full (Allocation Failure) 15M->14M(15M) 29.554ms
[230.153s][info][gc] GC(9844) Pause Full (Allocation Failure) 15M->14M(15M) 30.333ms
[230.187s][info][gc] GC(9845) Pause Full (Allocation Failure) 15M->14M(15M) 31.289ms
[230.221s][info][gc] GC(9846) Pause Full (Allocation Failure) 15M->14M(15M) 30.869ms
[230.258s][info][gc] GC(9847) Pause Full (Allocation Failure) 15M->14M(15M) 33.311ms
[230.293s][info][gc] GC(9848) Pause Full (Allocation Failure) 15M->14M(15M) 32.182ms
[230.325s][info][gc] GC(9849) Pause Full (Allocation Failure) 15M->14M(15M) 30.404ms
[230.359s][info][gc] GC(9850) Pause Full (Allocation Failure) 15M->14M(15M) 30.791ms
[230.393s][info][gc] GC(9851) Pause Full (Allocation Failure) 15M->14M(15M) 31.947ms
[230.426s][info][gc] GC(9852) Pause Full (Allocation Failure) 15M->14M(15M) 31.156ms
[230.459s][info][gc] GC(9853) Pause Full (Allocation Failure) 15M->14M(15M) 29.986ms
[230.490s][info][gc] GC(9854) Pause Full (Allocation Failure) 15M->14M(15M) 29.098ms
[230.526s][info][gc] GC(9855) Pause Full (Allocation Failure) 15M->14M(15M) 32.510ms
[230.557s][info][gc] GC(9856) Pause Full (Allocation Failure) 15M->14M(15M) 29.056ms
[230.590s][info][gc] GC(9857) Pause Full (Allocation Failure) 15M->14M(15M) 29.923ms
[230.622s][info][gc] GC(9858) Pause Full (Allocation Failure) 15M->14M(15M) 29.127ms
[230.658s][info][gc] GC(9859) Pause Full (Allocation Failure) 15M->14M(15M) 32.142ms
[230.691s][info][gc] GC(9860) Pause Full (Allocation Failure) 15M->14M(15M) 30.754ms
[230.722s][info][gc] GC(9861) Pause Full (Allocation Failure) 15M->14M(15M) 28.860ms
[230.755s][info][gc] GC(9862) Pause Full (Allocation Failure) 15M->14M(15M) 29.446ms
[230.789s][info][gc] GC(9863) Pause Full (Allocation Failure) 15M->14M(15M) 31.201ms
[230.823s][info][gc] GC(9864) Pause Full (Allocation Failure) 15M->14M(15M) 30.532ms
[230.856s][info][gc] GC(9865) Pause Full (Allocation Failure) 15M->14M(15M) 29.303ms
[230.892s][info][gc] GC(9866) Pause Full (Allocation Failure) 15M->14M(15M) 33.916ms
[230.929s][info][gc] GC(9867) Pause Full (Allocation Failure) 15M->14M(15M) 33.419ms
[230.962s][info][gc] GC(9868) Pause Full (Allocation Failure) 15M->14M(15M) 30.319ms
[230.995s][info][gc] GC(9869) Pause Full (Allocation Failure) 15M->14M(15M) 30.606ms
[231.029s][info][gc] GC(9870) Pause Full (Allocation Failure) 15M->14M(15M) 31.222ms
[231.062s][info][gc] GC(9871) Pause Full (Allocation Failure) 15M->14M(15M) 30.346ms
[231.095s][info][gc] GC(9872) Pause Full (Allocation Failure) 15M->14M(15M) 30.656ms
[231.128s][info][gc] GC(9873) Pause Full (Allocation Failure) 15M->14M(15M) 31.043ms
[231.163s][info][gc] GC(9874) Pause Full (Allocation Failure) 15M->14M(15M) 32.146ms
[231.198s][info][gc] GC(9875) Pause Full (Allocation Failure) 15M->14M(15M) 31.487ms
[231.230s][info][gc] GC(9876) Pause Full (Allocation Failure) 15M->14M(15M) 29.465ms
[231.263s][info][gc] GC(9877) Pause Full (Allocation Failure) 15M->14M(15M) 30.951ms
[231.296s][info][gc] GC(9878) Pause Full (Allocation Failure) 15M->14M(15M) 30.174ms
[231.329s][info][gc] GC(9879) Pause Full (Allocation Failure) 15M->14M(15M) 30.569ms
[231.363s][info][gc] GC(9880) Pause Full (Allocation Failure) 15M->14M(15M) 31.464ms
[231.396s][info][gc] GC(9881) Pause Full (Allocation Failure) 15M->14M(15M) 30.900ms
[231.430s][info][gc] GC(9882) Pause Full (Allocation Failure) 15M->14M(15M) 31.425ms
[231.463s][info][gc] GC(9883) Pause Full (Allocation Failure) 15M->14M(15M) 30.425ms
[231.496s][info][gc] GC(9884) Pause Full (Allocation Failure) 15M->14M(15M) 30.680ms
[231.530s][info][gc] GC(9885) Pause Full (Allocation Failure) 15M->14M(15M) 31.048ms
[231.566s][info][gc] GC(9886) Pause Full (Allocation Failure) 15M->14M(15M) 33.453ms
[231.598s][info][gc] GC(9887) Pause Full (Allocation Failure) 15M->14M(15M) 29.143ms
[231.631s][info][gc] GC(9888) Pause Full (Allocation Failure) 15M->14M(15M) 30.449ms
[231.664s][info][gc] GC(9889) Pause Full (Allocation Failure) 15M->14M(15M) 30.947ms
[231.697s][info][gc] GC(9890) Pause Full (Allocation Failure) 15M->14M(15M) 30.378ms
[231.732s][info][gc] GC(9891) Pause Full (Allocation Failure) 15M->14M(15M) 33.100ms
[231.766s][info][gc] GC(9892) Pause Full (Allocation Failure) 15M->14M(15M) 31.147ms
[231.801s][info][gc] GC(9893) Pause Full (Allocation Failure) 15M->14M(15M) 31.775ms
[231.836s][info][gc] GC(9894) Pause Full (Allocation Failure) 15M->14M(15M) 31.981ms
[231.874s][info][gc] GC(9895) Pause Full (Allocation Failure) 15M->14M(15M) 34.144ms
[231.920s][info][gc] GC(9896) Pause Full (Allocation Failure) 15M->14M(15M) 42.495ms
[231.960s][info][gc] GC(9897) Pause Full (Allocation Failure) 15M->14M(15M) 36.594ms
[231.998s][info][gc] GC(9898) Pause Full (Allocation Failure) 15M->14M(15M) 33.968ms
[232.033s][info][gc] GC(9899) Pause Full (Allocation Failure) 15M->14M(15M) 32.041ms
[232.067s][info][gc] GC(9900) Pause Full (Allocation Failure) 15M->14M(15M) 32.416ms
[232.105s][info][gc] GC(9901) Pause Full (Allocation Failure) 15M->14M(15M) 35.337ms
[232.140s][info][gc] GC(9902) Pause Full (Allocation Failure) 15M->14M(15M) 31.142ms
[232.174s][info][gc] GC(9903) Pause Full (Allocation Failure) 15M->14M(15M) 30.583ms
[232.208s][info][gc] GC(9904) Pause Full (Allocation Failure) 15M->14M(15M) 31.434ms
[232.241s][info][gc] GC(9905) Pause Full (Allocation Failure) 15M->14M(15M) 30.598ms
[232.274s][info][gc] GC(9906) Pause Full (Allocation Failure) 15M->14M(15M) 30.654ms
[232.307s][info][gc] GC(9907) Pause Full (Allocation Failure) 15M->14M(15M) 30.623ms
[232.342s][info][gc] GC(9908) Pause Full (Allocation Failure) 15M->14M(15M) 31.869ms
[232.375s][info][gc] GC(9909) Pause Full (Allocation Failure) 15M->14M(15M) 29.942ms
[232.408s][info][gc] GC(9910) Pause Full (Allocation Failure) 15M->14M(15M) 31.274ms
[232.444s][info][gc] GC(9911) Pause Full (Allocation Failure) 15M->14M(15M) 32.567ms
[232.477s][info][gc] GC(9912) Pause Full (Allocation Failure) 15M->14M(15M) 30.692ms
[232.509s][info][gc] GC(9913) Pause Full (Allocation Failure) 15M->14M(15M) 29.576ms
[232.543s][info][gc] GC(9914) Pause Full (Allocation Failure) 15M->14M(15M) 30.654ms
[232.578s][info][gc] GC(9915) Pause Full (Allocation Failure) 15M->14M(15M) 31.475ms
[232.613s][info][gc] GC(9916) Pause Full (Allocation Failure) 15M->14M(15M) 31.509ms
[232.648s][info][gc] GC(9917) Pause Full (Allocation Failure) 15M->14M(15M) 32.241ms
[232.684s][info][gc] GC(9918) Pause Full (Allocation Failure) 15M->14M(15M) 33.101ms
[232.719s][info][gc] GC(9919) Pause Full (Allocation Failure) 15M->14M(15M) 32.983ms
[232.755s][info][gc] GC(9920) Pause Full (Allocation Failure) 15M->14M(15M) 32.710ms
[232.791s][info][gc] GC(9921) Pause Full (Allocation Failure) 15M->14M(15M) 32.126ms
[232.826s][info][gc] GC(9922) Pause Full (Allocation Failure) 15M->14M(15M) 32.378ms
[232.864s][info][gc] GC(9923) Pause Full (Allocation Failure) 15M->14M(15M) 35.365ms
[232.913s][info][gc] GC(9924) Pause Full (Allocation Failure) 15M->14M(15M) 45.302ms
[232.952s][info][gc] GC(9925) Pause Full (Allocation Failure) 15M->14M(15M) 34.648ms
[232.985s][info][gc] GC(9926) Pause Full (Allocation Failure) 15M->14M(15M) 31.075ms
[233.018s][info][gc] GC(9927) Pause Full (Allocation Failure) 15M->14M(15M) 30.205ms
[233.052s][info][gc] GC(9928) Pause Full (Allocation Failure) 15M->14M(15M) 31.031ms
[233.085s][info][gc] GC(9929) Pause Full (Allocation Failure) 15M->14M(15M) 30.539ms
[233.121s][info][gc] GC(9930) Pause Full (Allocation Failure) 15M->14M(15M) 32.991ms
[233.152s][info][gc] GC(9931) Pause Full (Allocation Failure) 15M->14M(15M) 29.544ms
[233.189s][info][gc] GC(9932) Pause Full (Allocation Failure) 15M->14M(15M) 34.008ms
[233.223s][info][gc] GC(9933) Pause Full (Allocation Failure) 15M->14M(15M) 31.199ms
[233.258s][info][gc] GC(9934) Pause Full (Allocation Failure) 15M->14M(15M) 32.119ms
[233.290s][info][gc] GC(9935) Pause Full (Allocation Failure) 15M->14M(15M) 28.755ms
[233.323s][info][gc] GC(9936) Pause Full (Allocation Failure) 15M->14M(15M) 29.844ms
[233.356s][info][gc] GC(9937) Pause Full (Allocation Failure) 15M->14M(15M) 29.915ms
[233.391s][info][gc] GC(9938) Pause Full (Allocation Failure) 15M->14M(15M) 32.101ms
[233.424s][info][gc] GC(9939) Pause Full (Allocation Failure) 15M->14M(15M) 29.493ms
[233.458s][info][gc] GC(9940) Pause Full (Allocation Failure) 15M->14M(15M) 30.800ms
[233.492s][info][gc] GC(9941) Pause Full (Allocation Failure) 15M->14M(15M) 29.740ms
[233.525s][info][gc] GC(9942) Pause Full (Allocation Failure) 15M->14M(15M) 29.957ms
[233.559s][info][gc] GC(9943) Pause Full (Allocation Failure) 15M->14M(15M) 30.347ms
[233.592s][info][gc] GC(9944) Pause Full (Allocation Failure) 15M->14M(15M) 29.638ms
[233.625s][info][gc] GC(9945) Pause Full (Allocation Failure) 15M->14M(15M) 30.114ms
[233.659s][info][gc] GC(9946) Pause Full (Allocation Failure) 15M->14M(15M) 29.696ms
[233.691s][info][gc] GC(9947) Pause Full (Allocation Failure) 15M->14M(15M) 29.971ms
[233.726s][info][gc] GC(9948) Pause Full (Allocation Failure) 15M->14M(15M) 31.555ms
[233.758s][info][gc] GC(9949) Pause Full (Allocation Failure) 15M->14M(15M) 29.020ms
[233.791s][info][gc] GC(9950) Pause Full (Allocation Failure) 15M->14M(15M) 29.703ms
[233.823s][info][gc] GC(9951) Pause Full (Allocation Failure) 15M->14M(15M) 29.443ms
[233.855s][info][gc] GC(9952) Pause Full (Allocation Failure) 15M->14M(15M) 29.569ms
[233.889s][info][gc] GC(9953) Pause Full (Allocation Failure) 15M->14M(15M) 32.015ms
[233.927s][info][gc] GC(9954) Pause Full (Allocation Failure) 15M->14M(15M) 34.419ms
[233.959s][info][gc] GC(9955) Pause Full (Allocation Failure) 15M->14M(15M) 29.015ms
[233.992s][info][gc] GC(9956) Pause Full (Allocation Failure) 15M->14M(15M) 28.994ms
[234.025s][info][gc] GC(9957) Pause Full (Allocation Failure) 15M->14M(15M) 29.871ms
[234.059s][info][gc] GC(9958) Pause Full (Allocation Failure) 15M->14M(15M) 28.963ms
[234.092s][info][gc] GC(9959) Pause Full (Allocation Failure) 15M->14M(15M) 29.863ms
[234.125s][info][gc] GC(9960) Pause Full (Allocation Failure) 15M->14M(15M) 30.214ms
[234.158s][info][gc] GC(9961) Pause Full (Allocation Failure) 15M->14M(15M) 29.613ms
[234.192s][info][gc] GC(9962) Pause Full (Allocation Failure) 15M->14M(15M) 29.959ms
[234.225s][info][gc] GC(9963) Pause Full (Allocation Failure) 15M->14M(15M) 30.408ms
[234.256s][info][gc] GC(9964) Pause Full (Allocation Failure) 15M->14M(15M) 28.947ms
[234.290s][info][gc] GC(9965) Pause Full (Allocation Failure) 15M->14M(15M) 31.358ms
[234.324s][info][gc] GC(9966) Pause Full (Allocation Failure) 15M->14M(15M) 31.293ms
[234.360s][info][gc] GC(9967) Pause Full (Allocation Failure) 15M->14M(15M) 33.822ms
[234.397s][info][gc] GC(9968) Pause Full (Allocation Failure) 15M->14M(15M) 33.331ms
[234.432s][info][gc] GC(9969) Pause Full (Allocation Failure) 15M->14M(15M) 32.289ms
[234.467s][info][gc] GC(9970) Pause Full (Allocation Failure) 15M->14M(15M) 32.756ms
[234.506s][info][gc] GC(9971) Pause Full (Allocation Failure) 15M->14M(15M) 35.354ms
[234.541s][info][gc] GC(9972) Pause Full (Allocation Failure) 15M->14M(15M) 31.824ms
[234.576s][info][gc] GC(9973) Pause Full (Allocation Failure) 15M->14M(15M) 32.057ms
[234.611s][info][gc] GC(9974) Pause Full (Allocation Failure) 15M->14M(15M) 32.286ms
[234.645s][info][gc] GC(9975) Pause Full (Allocation Failure) 15M->14M(15M) 30.838ms
[234.679s][info][gc] GC(9976) Pause Full (Allocation Failure) 15M->14M(15M) 30.881ms
[234.714s][info][gc] GC(9977) Pause Full (Allocation Failure) 15M->14M(15M) 31.919ms
[234.752s][info][gc] GC(9978) Pause Full (Allocation Failure) 15M->14M(15M) 34.546ms
[234.789s][info][gc] GC(9979) Pause Full (Allocation Failure) 15M->14M(15M) 33.534ms
[234.824s][info][gc] GC(9980) Pause Full (Allocation Failure) 15M->14M(15M) 32.518ms
[234.858s][info][gc] GC(9981) Pause Full (Allocation Failure) 15M->14M(15M) 31.030ms
[234.893s][info][gc] GC(9982) Pause Full (Allocation Failure) 15M->14M(15M) 33.060ms
[234.935s][info][gc] GC(9983) Pause Full (Allocation Failure) 15M->14M(15M) 38.148ms
[234.971s][info][gc] GC(9984) Pause Full (Allocation Failure) 15M->14M(15M) 32.215ms
[235.006s][info][gc] GC(9985) Pause Full (Allocation Failure) 15M->14M(15M) 32.978ms
[235.041s][info][gc] GC(9986) Pause Full (Allocation Failure) 15M->14M(15M) 32.592ms
[235.075s][info][gc] GC(9987) Pause Full (Allocation Failure) 15M->14M(15M) 30.361ms
[235.108s][info][gc] GC(9988) Pause Full (Allocation Failure) 15M->14M(15M) 30.674ms
[235.141s][info][gc] GC(9989) Pause Full (Allocation Failure) 15M->14M(15M) 30.911ms
[235.175s][info][gc] GC(9990) Pause Full (Allocation Failure) 15M->14M(15M) 31.844ms
[235.208s][info][gc] GC(9991) Pause Full (Allocation Failure) 15M->14M(15M) 30.336ms
[235.242s][info][gc] GC(9992) Pause Full (Allocation Failure) 15M->14M(15M) 31.921ms
[235.275s][info][gc] GC(9993) Pause Full (Allocation Failure) 15M->14M(15M) 30.141ms
[235.306s][info][gc] GC(9994) Pause Full (Allocation Failure) 15M->14M(15M) 29.167ms
[235.341s][info][gc] GC(9995) Pause Full (Allocation Failure) 15M->14M(15M) 31.893ms
[235.372s][info][gc] GC(9996) Pause Full (Allocation Failure) 15M->14M(15M) 29.007ms
[235.405s][info][gc] GC(9997) Pause Full (Allocation Failure) 15M->14M(15M) 30.143ms
[235.439s][info][gc] GC(9998) Pause Full (Allocation Failure) 15M->14M(15M) 30.351ms
[235.470s][info][gc] GC(9999) Pause Full (Allocation Failure) 15M->14M(15M) 28.811ms
[235.501s][info][gc] GC(10000) Pause Full (Allocation Failure) 15M->14M(15M) 28.168ms
[235.534s][info][gc] GC(10001) Pause Full (Allocation Failure) 15M->14M(15M) 29.749ms
[235.565s][info][gc] GC(10002) Pause Full (Allocation Failure) 15M->14M(15M) 28.132ms
[235.598s][info][gc] GC(10003) Pause Full (Allocation Failure) 15M->14M(15M) 30.560ms
[235.630s][info][gc] GC(10004) Pause Full (Allocation Failure) 15M->14M(15M) 29.468ms
[235.661s][info][gc] GC(10005) Pause Full (Allocation Failure) 15M->14M(15M) 28.265ms
[235.694s][info][gc] GC(10006) Pause Full (Allocation Failure) 15M->14M(15M) 30.720ms
[235.726s][info][gc] GC(10007) Pause Full (Allocation Failure) 15M->14M(15M) 30.492ms
[235.758s][info][gc] GC(10008) Pause Full (Allocation Failure) 15M->14M(15M) 28.370ms
[235.792s][info][gc] GC(10009) Pause Full (Allocation Failure) 15M->14M(15M) 31.459ms
[235.823s][info][gc] GC(10010) Pause Full (Allocation Failure) 15M->14M(15M) 28.644ms
[235.855s][info][gc] GC(10011) Pause Full (Allocation Failure) 15M->14M(15M) 29.020ms
[235.888s][info][gc] GC(10012) Pause Full (Allocation Failure) 15M->14M(15M) 29.888ms
[235.927s][info][gc] GC(10013) Pause Full (Allocation Failure) 15M->14M(15M) 36.251ms
[235.961s][info][gc] GC(10014) Pause Full (Allocation Failure) 15M->14M(15M) 30.951ms
[235.994s][info][gc] GC(10015) Pause Full (Allocation Failure) 15M->14M(15M) 30.774ms
[236.028s][info][gc] GC(10016) Pause Full (Allocation Failure) 15M->14M(15M) 31.088ms
[236.058s][info][gc] GC(10017) Pause Full (Allocation Failure) 15M->14M(15M) 28.526ms
[236.091s][info][gc] GC(10018) Pause Full (Allocation Failure) 15M->14M(15M) 29.732ms
[236.123s][info][gc] GC(10019) Pause Full (Allocation Failure) 15M->14M(15M) 29.387ms
[236.156s][info][gc] GC(10020) Pause Full (Allocation Failure) 15M->14M(15M) 29.387ms
[236.187s][info][gc] GC(10021) Pause Full (Allocation Failure) 15M->14M(15M) 28.188ms
[236.220s][info][gc] GC(10022) Pause Full (Allocation Failure) 15M->14M(15M) 29.986ms
[236.253s][info][gc] GC(10023) Pause Full (Allocation Failure) 15M->14M(15M) 30.917ms
[236.286s][info][gc] GC(10024) Pause Full (Allocation Failure) 15M->14M(15M) 29.542ms
[236.317s][info][gc] GC(10025) Pause Full (Allocation Failure) 15M->14M(15M) 28.017ms
[236.349s][info][gc] GC(10026) Pause Full (Allocation Failure) 15M->14M(15M) 29.514ms
[236.380s][info][gc] GC(10027) Pause Full (Allocation Failure) 15M->14M(15M) 28.637ms
[236.412s][info][gc] GC(10028) Pause Full (Allocation Failure) 15M->14M(15M) 30.165ms
[236.443s][info][gc] GC(10029) Pause Full (Allocation Failure) 15M->14M(15M) 28.787ms
[236.475s][info][gc] GC(10030) Pause Full (Allocation Failure) 15M->14M(15M) 28.976ms
[236.507s][info][gc] GC(10031) Pause Full (Allocation Failure) 15M->14M(15M) 28.805ms
[236.541s][info][gc] GC(10032) Pause Full (Allocation Failure) 15M->14M(15M) 32.000ms
[236.574s][info][gc] GC(10033) Pause Full (Allocation Failure) 15M->14M(15M) 30.289ms
[236.606s][info][gc] GC(10034) Pause Full (Allocation Failure) 15M->14M(15M) 28.588ms
[236.637s][info][gc] GC(10035) Pause Full (Allocation Failure) 15M->14M(15M) 27.982ms
[236.668s][info][gc] GC(10036) Pause Full (Allocation Failure) 15M->14M(15M) 28.999ms
[236.704s][info][gc] GC(10037) Pause Full (Allocation Failure) 15M->14M(15M) 32.664ms
[236.735s][info][gc] GC(10038) Pause Full (Allocation Failure) 15M->14M(15M) 29.076ms
[236.768s][info][gc] GC(10039) Pause Full (Allocation Failure) 15M->14M(15M) 29.585ms
[236.800s][info][gc] GC(10040) Pause Full (Allocation Failure) 15M->14M(15M) 30.282ms
[236.831s][info][gc] GC(10041) Pause Full (Allocation Failure) 15M->14M(15M) 28.699ms
[236.865s][info][gc] GC(10042) Pause Full (Allocation Failure) 15M->14M(15M) 31.488ms
[236.901s][info][gc] GC(10043) Pause Full (Allocation Failure) 15M->14M(15M) 33.627ms
[236.936s][info][gc] GC(10044) Pause Full (Allocation Failure) 15M->14M(15M) 31.624ms
[236.969s][info][gc] GC(10045) Pause Full (Allocation Failure) 15M->14M(15M) 30.926ms
[237.002s][info][gc] GC(10046) Pause Full (Allocation Failure) 15M->14M(15M) 29.932ms
[237.035s][info][gc] GC(10047) Pause Full (Allocation Failure) 15M->14M(15M) 31.135ms
[237.070s][info][gc] GC(10048) Pause Full (Allocation Failure) 15M->14M(15M) 31.564ms
[237.102s][info][gc] GC(10049) Pause Full (Allocation Failure) 15M->14M(15M) 30.348ms
[237.137s][info][gc] GC(10050) Pause Full (Allocation Failure) 15M->14M(15M) 31.992ms
[237.169s][info][gc] GC(10051) Pause Full (Allocation Failure) 15M->14M(15M) 28.950ms
[237.202s][info][gc] GC(10052) Pause Full (Allocation Failure) 15M->14M(15M) 30.618ms
[237.235s][info][gc] GC(10053) Pause Full (Allocation Failure) 15M->14M(15M) 30.204ms
[237.267s][info][gc] GC(10054) Pause Full (Allocation Failure) 15M->14M(15M) 29.998ms
[237.301s][info][gc] GC(10055) Pause Full (Allocation Failure) 15M->14M(15M) 31.058ms
[237.334s][info][gc] GC(10056) Pause Full (Allocation Failure) 15M->14M(15M) 30.903ms
[237.366s][info][gc] GC(10057) Pause Full (Allocation Failure) 15M->14M(15M) 29.607ms
[237.400s][info][gc] GC(10058) Pause Full (Allocation Failure) 15M->14M(15M) 31.279ms
[237.432s][info][gc] GC(10059) Pause Full (Allocation Failure) 15M->14M(15M) 29.418ms
[237.465s][info][gc] GC(10060) Pause Full (Allocation Failure) 15M->14M(15M) 30.283ms
[237.496s][info][gc] GC(10061) Pause Full (Allocation Failure) 15M->14M(15M) 28.630ms
[237.529s][info][gc] GC(10062) Pause Full (Allocation Failure) 15M->14M(15M) 30.461ms
[237.562s][info][gc] GC(10063) Pause Full (Allocation Failure) 15M->14M(15M) 30.743ms
[237.596s][info][gc] GC(10064) Pause Full (Allocation Failure) 15M->14M(15M) 30.816ms
[237.631s][info][gc] GC(10065) Pause Full (Allocation Failure) 15M->14M(15M) 31.539ms
[237.662s][info][gc] GC(10066) Pause Full (Allocation Failure) 15M->14M(15M) 28.955ms
[237.696s][info][gc] GC(10067) Pause Full (Allocation Failure) 15M->14M(15M) 30.783ms
[237.728s][info][gc] GC(10068) Pause Full (Allocation Failure) 15M->14M(15M) 28.922ms
[237.762s][info][gc] GC(10069) Pause Full (Allocation Failure) 15M->14M(15M) 31.319ms
[237.795s][info][gc] GC(10070) Pause Full (Allocation Failure) 15M->14M(15M) 29.054ms
[237.827s][info][gc] GC(10071) Pause Full (Allocation Failure) 15M->14M(15M) 29.395ms
[237.861s][info][gc] GC(10072) Pause Full (Allocation Failure) 15M->14M(15M) 31.281ms
[237.892s][info][gc] GC(10073) Pause Full (Allocation Failure) 15M->14M(15M) 29.257ms
[237.929s][info][gc] GC(10074) Pause Full (Allocation Failure) 15M->14M(15M) 33.873ms
[237.962s][info][gc] GC(10075) Pause Full (Allocation Failure) 15M->14M(15M) 29.293ms
[237.992s][info][gc] GC(10076) Pause Full (Allocation Failure) 15M->14M(15M) 27.841ms
[238.026s][info][gc] GC(10077) Pause Full (Allocation Failure) 15M->14M(15M) 30.911ms
[238.059s][info][gc] GC(10078) Pause Full (Allocation Failure) 15M->14M(15M) 30.329ms
[238.091s][info][gc] GC(10079) Pause Full (Allocation Failure) 15M->14M(15M) 29.037ms
[238.122s][info][gc] GC(10080) Pause Full (Allocation Failure) 15M->14M(15M) 28.265ms
[238.154s][info][gc] GC(10081) Pause Full (Allocation Failure) 15M->14M(15M) 29.203ms
[238.187s][info][gc] GC(10082) Pause Full (Allocation Failure) 15M->14M(15M) 29.308ms
[238.218s][info][gc] GC(10083) Pause Full (Allocation Failure) 15M->14M(15M) 28.942ms
[238.251s][info][gc] GC(10084) Pause Full (Allocation Failure) 15M->14M(15M) 30.356ms
[238.285s][info][gc] GC(10085) Pause Full (Allocation Failure) 15M->14M(15M) 31.248ms
[238.318s][info][gc] GC(10086) Pause Full (Allocation Failure) 15M->14M(15M) 30.515ms
[238.351s][info][gc] GC(10087) Pause Full (Allocation Failure) 15M->14M(15M) 30.207ms
[238.385s][info][gc] GC(10088) Pause Full (Allocation Failure) 15M->14M(15M) 31.406ms
[238.416s][info][gc] GC(10089) Pause Full (Allocation Failure) 15M->14M(15M) 28.374ms
[238.448s][info][gc] GC(10090) Pause Full (Allocation Failure) 15M->14M(15M) 29.905ms
[238.483s][info][gc] GC(10091) Pause Full (Allocation Failure) 15M->14M(15M) 31.832ms
[238.515s][info][gc] GC(10092) Pause Full (Allocation Failure) 15M->14M(15M) 29.623ms
[238.547s][info][gc] GC(10093) Pause Full (Allocation Failure) 15M->14M(15M) 28.690ms
[238.581s][info][gc] GC(10094) Pause Full (Allocation Failure) 15M->14M(15M) 30.958ms
[238.611s][info][gc] GC(10095) Pause Full (Allocation Failure) 15M->14M(15M) 27.201ms
[238.642s][info][gc] GC(10096) Pause Full (Allocation Failure) 15M->14M(15M) 28.321ms
[238.677s][info][gc] GC(10097) Pause Full (Allocation Failure) 15M->14M(15M) 32.101ms
[238.708s][info][gc] GC(10098) Pause Full (Allocation Failure) 15M->14M(15M) 28.272ms
[238.740s][info][gc] GC(10099) Pause Full (Allocation Failure) 15M->14M(15M) 29.326ms
[238.772s][info][gc] GC(10100) Pause Full (Allocation Failure) 15M->14M(15M) 29.731ms
[238.804s][info][gc] GC(10101) Pause Full (Allocation Failure) 15M->14M(15M) 29.486ms
[238.836s][info][gc] GC(10102) Pause Full (Allocation Failure) 15M->14M(15M) 29.243ms
[238.868s][info][gc] GC(10103) Pause Full (Allocation Failure) 15M->14M(15M) 29.762ms
[238.901s][info][gc] GC(10104) Pause Full (Allocation Failure) 15M->14M(15M) 30.238ms
[238.937s][info][gc] GC(10105) Pause Full (Allocation Failure) 15M->14M(15M) 33.060ms
[238.971s][info][gc] GC(10106) Pause Full (Allocation Failure) 15M->14M(15M) 31.679ms
[239.006s][info][gc] GC(10107) Pause Full (Allocation Failure) 15M->14M(15M) 32.087ms
[239.038s][info][gc] GC(10108) Pause Full (Allocation Failure) 15M->14M(15M) 29.793ms
[239.070s][info][gc] GC(10109) Pause Full (Allocation Failure) 15M->14M(15M) 29.260ms
[239.103s][info][gc] GC(10110) Pause Full (Allocation Failure) 15M->14M(15M) 30.306ms
[239.137s][info][gc] GC(10111) Pause Full (Allocation Failure) 15M->14M(15M) 31.572ms
[239.171s][info][gc] GC(10112) Pause Full (Allocation Failure) 15M->14M(15M) 31.691ms
[239.203s][info][gc] GC(10113) Pause Full (Allocation Failure) 15M->14M(15M) 30.055ms
[239.235s][info][gc] GC(10114) Pause Full (Allocation Failure) 15M->14M(15M) 28.680ms
[239.267s][info][gc] GC(10115) Pause Full (Allocation Failure) 15M->14M(15M) 29.324ms
[239.298s][info][gc] GC(10116) Pause Full (Allocation Failure) 15M->14M(15M) 28.459ms
[239.329s][info][gc] GC(10117) Pause Full (Allocation Failure) 15M->14M(15M) 28.199ms
[239.363s][info][gc] GC(10118) Pause Full (Allocation Failure) 15M->14M(15M) 29.392ms
[239.397s][info][gc] GC(10119) Pause Full (Allocation Failure) 15M->14M(15M) 31.260ms
[239.428s][info][gc] GC(10120) Pause Full (Allocation Failure) 15M->14M(15M) 28.484ms
[239.460s][info][gc] GC(10121) Pause Full (Allocation Failure) 15M->14M(15M) 28.781ms
[239.491s][info][gc] GC(10122) Pause Full (Allocation Failure) 15M->14M(15M) 28.562ms
[239.524s][info][gc] GC(10123) Pause Full (Allocation Failure) 15M->14M(15M) 30.239ms
[239.556s][info][gc] GC(10124) Pause Full (Allocation Failure) 15M->14M(15M) 29.921ms
[239.588s][info][gc] GC(10125) Pause Full (Allocation Failure) 15M->14M(15M) 29.650ms
[239.619s][info][gc] GC(10126) Pause Full (Allocation Failure) 15M->14M(15M) 28.212ms
[239.654s][info][gc] GC(10127) Pause Full (Allocation Failure) 15M->14M(15M) 32.413ms
[239.685s][info][gc] GC(10128) Pause Full (Allocation Failure) 15M->14M(15M) 28.556ms
[239.717s][info][gc] GC(10129) Pause Full (Allocation Failure) 15M->14M(15M) 28.903ms
[239.748s][info][gc] GC(10130) Pause Full (Allocation Failure) 15M->14M(15M) 28.173ms
[239.781s][info][gc] GC(10131) Pause Full (Allocation Failure) 15M->14M(15M) 30.293ms
[239.812s][info][gc] GC(10132) Pause Full (Allocation Failure) 15M->14M(15M) 28.257ms
[239.845s][info][gc] GC(10133) Pause Full (Allocation Failure) 15M->14M(15M) 30.037ms
[239.877s][info][gc] GC(10134) Pause Full (Allocation Failure) 15M->14M(15M) 28.794ms
[239.911s][info][gc] GC(10135) Pause Full (Allocation Failure) 15M->14M(15M) 31.792ms
[239.945s][info][gc] GC(10136) Pause Full (Allocation Failure) 15M->14M(15M) 31.435ms
[239.977s][info][gc] GC(10137) Pause Full (Allocation Failure) 15M->14M(15M) 29.166ms
[240.008s][info][gc] GC(10138) Pause Full (Allocation Failure) 15M->14M(15M) 28.222ms
[240.040s][info][gc] GC(10139) Pause Full (Allocation Failure) 15M->14M(15M) 30.100ms
[240.074s][info][gc] GC(10140) Pause Full (Allocation Failure) 15M->14M(15M) 31.517ms
[240.106s][info][gc] GC(10141) Pause Full (Allocation Failure) 15M->14M(15M) 29.099ms
[240.137s][info][gc] GC(10142) Pause Full (Allocation Failure) 15M->14M(15M) 28.970ms
[240.170s][info][gc] GC(10143) Pause Full (Allocation Failure) 15M->14M(15M) 30.342ms
[240.203s][info][gc] GC(10144) Pause Full (Allocation Failure) 15M->14M(15M) 30.123ms
[240.235s][info][gc] GC(10145) Pause Full (Allocation Failure) 15M->14M(15M) 28.230ms
[240.265s][info][gc] GC(10146) Pause Full (Allocation Failure) 15M->14M(15M) 28.178ms
[240.297s][info][gc] GC(10147) Pause Full (Allocation Failure) 15M->14M(15M) 28.819ms
[240.331s][info][gc] GC(10148) Pause Full (Allocation Failure) 15M->14M(15M) 31.625ms
[240.365s][info][gc] GC(10149) Pause Full (Allocation Failure) 15M->14M(15M) 29.743ms
[240.396s][info][gc] GC(10150) Pause Full (Allocation Failure) 15M->14M(15M) 29.003ms
[240.428s][info][gc] GC(10151) Pause Full (Allocation Failure) 15M->14M(15M) 29.476ms
[240.459s][info][gc] GC(10152) Pause Full (Allocation Failure) 15M->14M(15M) 28.144ms
[240.489s][info][gc] GC(10153) Pause Full (Allocation Failure) 15M->14M(15M) 28.176ms
[240.522s][info][gc] GC(10154) Pause Full (Allocation Failure) 15M->14M(15M) 29.513ms
[240.556s][info][gc] GC(10155) Pause Full (Allocation Failure) 15M->14M(15M) 30.450ms
[240.588s][info][gc] GC(10156) Pause Full (Allocation Failure) 15M->14M(15M) 29.176ms
[240.619s][info][gc] GC(10157) Pause Full (Allocation Failure) 15M->14M(15M) 28.446ms
[240.652s][info][gc] GC(10158) Pause Full (Allocation Failure) 15M->14M(15M) 30.293ms
[240.683s][info][gc] GC(10159) Pause Full (Allocation Failure) 15M->14M(15M) 28.225ms
[240.715s][info][gc] GC(10160) Pause Full (Allocation Failure) 15M->14M(15M) 28.947ms
[240.746s][info][gc] GC(10161) Pause Full (Allocation Failure) 15M->14M(15M) 28.885ms
[240.779s][info][gc] GC(10162) Pause Full (Allocation Failure) 15M->14M(15M) 29.047ms
[240.812s][info][gc] GC(10163) Pause Full (Allocation Failure) 15M->14M(15M) 30.891ms
[240.846s][info][gc] GC(10164) Pause Full (Allocation Failure) 15M->14M(15M) 31.220ms
[240.880s][info][gc] GC(10165) Pause Full (Allocation Failure) 15M->14M(15M) 31.036ms
[240.913s][info][gc] GC(10166) Pause Full (Allocation Failure) 15M->14M(15M) 30.818ms
[240.947s][info][gc] GC(10167) Pause Full (Allocation Failure) 15M->14M(15M) 31.680ms
[240.979s][info][gc] GC(10168) Pause Full (Allocation Failure) 15M->14M(15M) 29.364ms
[241.014s][info][gc] GC(10169) Pause Full (Allocation Failure) 15M->14M(15M) 32.246ms
[241.045s][info][gc] GC(10170) Pause Full (Allocation Failure) 15M->14M(15M) 28.975ms
[241.077s][info][gc] GC(10171) Pause Full (Allocation Failure) 15M->14M(15M) 29.664ms
[241.110s][info][gc] GC(10172) Pause Full (Allocation Failure) 15M->14M(15M) 30.933ms
[241.144s][info][gc] GC(10173) Pause Full (Allocation Failure) 15M->14M(15M) 31.672ms
[241.178s][info][gc] GC(10174) Pause Full (Allocation Failure) 15M->14M(15M) 31.201ms
[241.211s][info][gc] GC(10175) Pause Full (Allocation Failure) 15M->14M(15M) 30.044ms
[241.242s][info][gc] GC(10176) Pause Full (Allocation Failure) 15M->14M(15M) 28.920ms
[241.273s][info][gc] GC(10177) Pause Full (Allocation Failure) 15M->14M(15M) 29.088ms
[241.311s][info][gc] GC(10178) Pause Full (Allocation Failure) 15M->14M(15M) 34.075ms
[241.342s][info][gc] GC(10179) Pause Full (Allocation Failure) 15M->14M(15M) 29.091ms
[241.374s][info][gc] GC(10180) Pause Full (Allocation Failure) 15M->14M(15M) 29.236ms
[241.409s][info][gc] GC(10181) Pause Full (Allocation Failure) 15M->14M(15M) 31.386ms
[241.441s][info][gc] GC(10182) Pause Full (Allocation Failure) 15M->14M(15M) 30.174ms
[241.475s][info][gc] GC(10183) Pause Full (Allocation Failure) 15M->14M(15M) 31.046ms
[241.508s][info][gc] GC(10184) Pause Full (Allocation Failure) 15M->14M(15M) 29.610ms
[241.542s][info][gc] GC(10185) Pause Full (Allocation Failure) 15M->14M(15M) 30.702ms
[241.573s][info][gc] GC(10186) Pause Full (Allocation Failure) 15M->14M(15M) 28.740ms
[241.607s][info][gc] GC(10187) Pause Full (Allocation Failure) 15M->14M(15M) 31.069ms
[241.642s][info][gc] GC(10188) Pause Full (Allocation Failure) 15M->14M(15M) 31.720ms
[241.673s][info][gc] GC(10189) Pause Full (Allocation Failure) 15M->14M(15M) 28.918ms
[241.704s][info][gc] GC(10190) Pause Full (Allocation Failure) 15M->14M(15M) 28.133ms
[241.735s][info][gc] GC(10191) Pause Full (Allocation Failure) 15M->14M(15M) 28.142ms
[241.767s][info][gc] GC(10192) Pause Full (Allocation Failure) 15M->14M(15M) 29.080ms
[241.799s][info][gc] GC(10193) Pause Full (Allocation Failure) 15M->14M(15M) 29.739ms
[241.830s][info][gc] GC(10194) Pause Full (Allocation Failure) 15M->14M(15M) 28.628ms
[241.863s][info][gc] GC(10195) Pause Full (Allocation Failure) 15M->14M(15M) 30.782ms
[241.894s][info][gc] GC(10196) Pause Full (Allocation Failure) 15M->14M(15M) 28.066ms
[241.929s][info][gc] GC(10197) Pause Full (Allocation Failure) 15M->14M(15M) 33.140ms
[241.964s][info][gc] GC(10198) Pause Full (Allocation Failure) 15M->14M(15M) 31.236ms
[241.997s][info][gc] GC(10199) Pause Full (Allocation Failure) 15M->14M(15M) 30.582ms
[242.028s][info][gc] GC(10200) Pause Full (Allocation Failure) 15M->14M(15M) 29.185ms
[242.060s][info][gc] GC(10201) Pause Full (Allocation Failure) 15M->14M(15M) 29.380ms
[242.092s][info][gc] GC(10202) Pause Full (Allocation Failure) 15M->14M(15M) 29.245ms
[242.127s][info][gc] GC(10203) Pause Full (Allocation Failure) 15M->14M(15M) 32.488ms
[242.160s][info][gc] GC(10204) Pause Full (Allocation Failure) 15M->14M(15M) 30.152ms
[242.192s][info][gc] GC(10205) Pause Full (Allocation Failure) 15M->14M(15M) 29.284ms
[242.225s][info][gc] GC(10206) Pause Full (Allocation Failure) 15M->14M(15M) 29.544ms
[242.256s][info][gc] GC(10207) Pause Full (Allocation Failure) 15M->14M(15M) 28.790ms
[242.287s][info][gc] GC(10208) Pause Full (Allocation Failure) 15M->14M(15M) 27.900ms
[242.319s][info][gc] GC(10209) Pause Full (Allocation Failure) 15M->14M(15M) 29.731ms
[242.352s][info][gc] GC(10210) Pause Full (Allocation Failure) 15M->14M(15M) 29.723ms
[242.385s][info][gc] GC(10211) Pause Full (Allocation Failure) 15M->14M(15M) 30.672ms
[242.416s][info][gc] GC(10212) Pause Full (Allocation Failure) 15M->14M(15M) 28.868ms
[242.449s][info][gc] GC(10213) Pause Full (Allocation Failure) 15M->14M(15M) 30.471ms
[242.482s][info][gc] GC(10214) Pause Full (Allocation Failure) 15M->14M(15M) 30.589ms
[242.516s][info][gc] GC(10215) Pause Full (Allocation Failure) 15M->14M(15M) 31.509ms
[242.548s][info][gc] GC(10216) Pause Full (Allocation Failure) 15M->14M(15M) 30.511ms
[242.580s][info][gc] GC(10217) Pause Full (Allocation Failure) 15M->14M(15M) 28.890ms
[242.612s][info][gc] GC(10218) Pause Full (Allocation Failure) 15M->14M(15M) 29.915ms
[242.644s][info][gc] GC(10219) Pause Full (Allocation Failure) 15M->14M(15M) 29.336ms
[242.678s][info][gc] GC(10220) Pause Full (Allocation Failure) 15M->14M(15M) 30.694ms
[242.717s][info][gc] GC(10221) Pause Full (Allocation Failure) 15M->14M(15M) 35.796ms
[242.750s][info][gc] GC(10222) Pause Full (Allocation Failure) 15M->14M(15M) 30.018ms
[242.783s][info][gc] GC(10223) Pause Full (Allocation Failure) 15M->14M(15M) 30.487ms
[242.816s][info][gc] GC(10224) Pause Full (Allocation Failure) 15M->14M(15M) 31.288ms
[242.849s][info][gc] GC(10225) Pause Full (Allocation Failure) 15M->14M(15M) 30.719ms
[242.883s][info][gc] GC(10226) Pause Full (Allocation Failure) 15M->14M(15M) 30.692ms
[242.918s][info][gc] GC(10227) Pause Full (Allocation Failure) 15M->14M(15M) 32.784ms
[242.954s][info][gc] GC(10228) Pause Full (Allocation Failure) 15M->14M(15M) 33.778ms
[242.989s][info][gc] GC(10229) Pause Full (Allocation Failure) 15M->14M(15M) 31.771ms
[243.021s][info][gc] GC(10230) Pause Full (Allocation Failure) 15M->14M(15M) 29.622ms
[243.055s][info][gc] GC(10231) Pause Full (Allocation Failure) 15M->14M(15M) 31.200ms
[243.088s][info][gc] GC(10232) Pause Full (Allocation Failure) 15M->14M(15M) 30.004ms
[243.121s][info][gc] GC(10233) Pause Full (Allocation Failure) 15M->14M(15M) 30.451ms
[243.155s][info][gc] GC(10234) Pause Full (Allocation Failure) 15M->14M(15M) 30.457ms
[243.187s][info][gc] GC(10235) Pause Full (Allocation Failure) 15M->14M(15M) 29.911ms
[243.219s][info][gc] GC(10236) Pause Full (Allocation Failure) 15M->14M(15M) 29.687ms
[243.252s][info][gc] GC(10237) Pause Full (Allocation Failure) 15M->14M(15M) 29.388ms
[243.285s][info][gc] GC(10238) Pause Full (Allocation Failure) 15M->14M(15M) 30.556ms
[243.317s][info][gc] GC(10239) Pause Full (Allocation Failure) 15M->14M(15M) 30.214ms
[243.351s][info][gc] GC(10240) Pause Full (Allocation Failure) 15M->14M(15M) 31.218ms
[243.382s][info][gc] GC(10241) Pause Full (Allocation Failure) 15M->14M(15M) 29.264ms
[243.414s][info][gc] GC(10242) Pause Full (Allocation Failure) 15M->14M(15M) 29.168ms
[243.448s][info][gc] GC(10243) Pause Full (Allocation Failure) 15M->14M(15M) 30.616ms
[243.481s][info][gc] GC(10244) Pause Full (Allocation Failure) 15M->14M(15M) 30.215ms
[243.514s][info][gc] GC(10245) Pause Full (Allocation Failure) 15M->14M(15M) 29.679ms
[243.547s][info][gc] GC(10246) Pause Full (Allocation Failure) 15M->14M(15M) 30.101ms
[243.583s][info][gc] GC(10247) Pause Full (Allocation Failure) 15M->14M(15M) 31.747ms
[243.615s][info][gc] GC(10248) Pause Full (Allocation Failure) 15M->14M(15M) 29.372ms
[243.652s][info][gc] GC(10249) Pause Full (Allocation Failure) 15M->14M(15M) 33.813ms
[243.686s][info][gc] GC(10250) Pause Full (Allocation Failure) 15M->14M(15M) 31.827ms
[243.719s][info][gc] GC(10251) Pause Full (Allocation Failure) 15M->14M(15M) 31.361ms
[243.754s][info][gc] GC(10252) Pause Full (Allocation Failure) 15M->14M(15M) 31.735ms
[243.786s][info][gc] GC(10253) Pause Full (Allocation Failure) 15M->14M(15M) 30.348ms
[243.824s][info][gc] GC(10254) Pause Full (Allocation Failure) 15M->14M(15M) 35.517ms
[243.857s][info][gc] GC(10255) Pause Full (Allocation Failure) 15M->14M(15M) 29.778ms
[243.891s][info][gc] GC(10256) Pause Full (Allocation Failure) 15M->14M(15M) 30.387ms
[243.926s][info][gc] GC(10257) Pause Full (Allocation Failure) 15M->14M(15M) 31.838ms
[243.964s][info][gc] GC(10258) Pause Full (Allocation Failure) 15M->14M(15M) 34.583ms
[243.998s][info][gc] GC(10259) Pause Full (Allocation Failure) 15M->14M(15M) 32.123ms
[244.032s][info][gc] GC(10260) Pause Full (Allocation Failure) 15M->14M(15M) 31.003ms
[244.067s][info][gc] GC(10261) Pause Full (Allocation Failure) 15M->14M(15M) 31.684ms
[244.099s][info][gc] GC(10262) Pause Full (Allocation Failure) 15M->14M(15M) 29.233ms
[244.137s][info][gc] GC(10263) Pause Full (Allocation Failure) 15M->14M(15M) 34.942ms
[244.171s][info][gc] GC(10264) Pause Full (Allocation Failure) 15M->14M(15M) 30.901ms
[244.204s][info][gc] GC(10265) Pause Full (Allocation Failure) 15M->14M(15M) 31.051ms
[244.239s][info][gc] GC(10266) Pause Full (Allocation Failure) 15M->14M(15M) 31.817ms
[244.272s][info][gc] GC(10267) Pause Full (Allocation Failure) 15M->14M(15M) 30.369ms
[244.305s][info][gc] GC(10268) Pause Full (Allocation Failure) 15M->14M(15M) 30.928ms
[244.338s][info][gc] GC(10269) Pause Full (Allocation Failure) 15M->14M(15M) 30.614ms
[244.372s][info][gc] GC(10270) Pause Full (Allocation Failure) 15M->14M(15M) 31.477ms
[244.405s][info][gc] GC(10271) Pause Full (Allocation Failure) 15M->14M(15M) 30.774ms
[244.438s][info][gc] GC(10272) Pause Full (Allocation Failure) 15M->14M(15M) 30.593ms
[244.472s][info][gc] GC(10273) Pause Full (Allocation Failure) 15M->14M(15M) 31.044ms
[244.506s][info][gc] GC(10274) Pause Full (Allocation Failure) 15M->14M(15M) 31.403ms
[244.540s][info][gc] GC(10275) Pause Full (Allocation Failure) 15M->14M(15M) 31.768ms
[244.577s][info][gc] GC(10276) Pause Full (Allocation Failure) 15M->14M(15M) 34.801ms
[244.610s][info][gc] GC(10277) Pause Full (Allocation Failure) 15M->14M(15M) 30.496ms
[244.644s][info][gc] GC(10278) Pause Full (Allocation Failure) 15M->14M(15M) 30.335ms
[244.677s][info][gc] GC(10279) Pause Full (Allocation Failure) 15M->14M(15M) 29.799ms
[244.711s][info][gc] GC(10280) Pause Full (Allocation Failure) 15M->14M(15M) 30.550ms
[244.743s][info][gc] GC(10281) Pause Full (Allocation Failure) 15M->14M(15M) 29.445ms
[244.777s][info][gc] GC(10282) Pause Full (Allocation Failure) 15M->14M(15M) 31.078ms
[244.810s][info][gc] GC(10283) Pause Full (Allocation Failure) 15M->14M(15M) 29.998ms
[244.843s][info][gc] GC(10284) Pause Full (Allocation Failure) 15M->14M(15M) 29.938ms
[244.877s][info][gc] GC(10285) Pause Full (Allocation Failure) 15M->14M(15M) 31.557ms
[244.910s][info][gc] GC(10286) Pause Full (Allocation Failure) 15M->14M(15M) 29.852ms
[244.949s][info][gc] GC(10287) Pause Full (Allocation Failure) 15M->14M(15M) 35.525ms
[244.982s][info][gc] GC(10288) Pause Full (Allocation Failure) 15M->14M(15M) 30.616ms
[245.017s][info][gc] GC(10289) Pause Full (Allocation Failure) 15M->14M(15M) 31.960ms
[245.052s][info][gc] GC(10290) Pause Full (Allocation Failure) 15M->14M(15M) 31.940ms
[245.085s][info][gc] GC(10291) Pause Full (Allocation Failure) 15M->14M(15M) 30.639ms
[245.118s][info][gc] GC(10292) Pause Full (Allocation Failure) 15M->14M(15M) 30.243ms
[245.151s][info][gc] GC(10293) Pause Full (Allocation Failure) 15M->14M(15M) 30.734ms
[245.186s][info][gc] GC(10294) Pause Full (Allocation Failure) 15M->14M(15M) 31.575ms
[245.220s][info][gc] GC(10295) Pause Full (Allocation Failure) 15M->14M(15M) 30.979ms
[245.255s][info][gc] GC(10296) Pause Full (Allocation Failure) 15M->14M(15M) 31.528ms
[245.288s][info][gc] GC(10297) Pause Full (Allocation Failure) 15M->14M(15M) 31.061ms
[245.320s][info][gc] GC(10298) Pause Full (Allocation Failure) 15M->14M(15M) 29.743ms
[245.357s][info][gc] GC(10299) Pause Full (Allocation Failure) 15M->14M(15M) 34.012ms
[245.391s][info][gc] GC(10300) Pause Full (Allocation Failure) 15M->14M(15M) 31.534ms
[245.425s][info][gc] GC(10301) Pause Full (Allocation Failure) 15M->14M(15M) 31.178ms
[245.459s][info][gc] GC(10302) Pause Full (Allocation Failure) 15M->14M(15M) 31.518ms
[245.492s][info][gc] GC(10303) Pause Full (Allocation Failure) 15M->14M(15M) 31.237ms
[245.525s][info][gc] GC(10304) Pause Full (Allocation Failure) 15M->14M(15M) 30.640ms
[245.559s][info][gc] GC(10305) Pause Full (Allocation Failure) 15M->14M(15M) 31.191ms
[245.592s][info][gc] GC(10306) Pause Full (Allocation Failure) 15M->14M(15M) 31.121ms
[245.625s][info][gc] GC(10307) Pause Full (Allocation Failure) 15M->14M(15M) 30.763ms
[245.660s][info][gc] GC(10308) Pause Full (Allocation Failure) 15M->14M(15M) 31.863ms
[245.693s][info][gc] GC(10309) Pause Full (Allocation Failure) 15M->14M(15M) 30.074ms
[245.726s][info][gc] GC(10310) Pause Full (Allocation Failure) 15M->14M(15M) 31.210ms
[245.759s][info][gc] GC(10311) Pause Full (Allocation Failure) 15M->14M(15M) 30.056ms
[245.792s][info][gc] GC(10312) Pause Full (Allocation Failure) 15M->14M(15M) 31.800ms
[245.827s][info][gc] GC(10313) Pause Full (Allocation Failure) 15M->14M(15M) 32.595ms
[245.861s][info][gc] GC(10314) Pause Full (Allocation Failure) 15M->14M(15M) 30.538ms
[245.895s][info][gc] GC(10315) Pause Full (Allocation Failure) 15M->14M(15M) 31.448ms
[245.930s][info][gc] GC(10316) Pause Full (Allocation Failure) 15M->14M(15M) 32.651ms
[245.966s][info][gc] GC(10317) Pause Full (Allocation Failure) 15M->14M(15M) 33.368ms
[245.998s][info][gc] GC(10318) Pause Full (Allocation Failure) 15M->14M(15M) 29.273ms
[246.032s][info][gc] GC(10319) Pause Full (Allocation Failure) 15M->14M(15M) 30.534ms
[246.065s][info][gc] GC(10320) Pause Full (Allocation Failure) 15M->14M(15M) 30.515ms
[246.098s][info][gc] GC(10321) Pause Full (Allocation Failure) 15M->14M(15M) 30.423ms
[246.132s][info][gc] GC(10322) Pause Full (Allocation Failure) 15M->14M(15M) 30.565ms
[246.166s][info][gc] GC(10323) Pause Full (Allocation Failure) 15M->14M(15M) 31.412ms
[246.198s][info][gc] GC(10324) Pause Full (Allocation Failure) 15M->14M(15M) 29.778ms
[246.231s][info][gc] GC(10325) Pause Full (Allocation Failure) 15M->14M(15M) 30.211ms
[246.265s][info][gc] GC(10326) Pause Full (Allocation Failure) 15M->14M(15M) 30.868ms
[246.298s][info][gc] GC(10327) Pause Full (Allocation Failure) 15M->14M(15M) 29.773ms
[246.333s][info][gc] GC(10328) Pause Full (Allocation Failure) 15M->14M(15M) 32.229ms
[246.367s][info][gc] GC(10329) Pause Full (Allocation Failure) 15M->14M(15M) 29.518ms
[246.401s][info][gc] GC(10330) Pause Full (Allocation Failure) 15M->14M(15M) 31.561ms
[246.433s][info][gc] GC(10331) Pause Full (Allocation Failure) 15M->14M(15M) 28.885ms
[246.466s][info][gc] GC(10332) Pause Full (Allocation Failure) 15M->14M(15M) 30.236ms
[246.503s][info][gc] GC(10333) Pause Full (Allocation Failure) 15M->14M(15M) 33.924ms
[246.536s][info][gc] GC(10334) Pause Full (Allocation Failure) 15M->14M(15M) 29.736ms
[246.573s][info][gc] GC(10335) Pause Full (Allocation Failure) 15M->14M(15M) 33.493ms
[246.607s][info][gc] GC(10336) Pause Full (Allocation Failure) 15M->14M(15M) 30.773ms
[246.640s][info][gc] GC(10337) Pause Full (Allocation Failure) 15M->14M(15M) 30.624ms
[246.674s][info][gc] GC(10338) Pause Full (Allocation Failure) 15M->14M(15M) 31.112ms
[246.708s][info][gc] GC(10339) Pause Full (Allocation Failure) 15M->14M(15M) 30.946ms
[246.741s][info][gc] GC(10340) Pause Full (Allocation Failure) 15M->14M(15M) 30.247ms
[246.775s][info][gc] GC(10341) Pause Full (Allocation Failure) 15M->14M(15M) 30.608ms
[246.809s][info][gc] GC(10342) Pause Full (Allocation Failure) 15M->14M(15M) 30.632ms
[246.842s][info][gc] GC(10343) Pause Full (Allocation Failure) 15M->14M(15M) 29.980ms
[246.876s][info][gc] GC(10344) Pause Full (Allocation Failure) 15M->14M(15M) 31.529ms
[246.909s][info][gc] GC(10345) Pause Full (Allocation Failure) 15M->14M(15M) 29.736ms
[246.947s][info][gc] GC(10346) Pause Full (Allocation Failure) 15M->14M(15M) 35.435ms
[246.982s][info][gc] GC(10347) Pause Full (Allocation Failure) 15M->14M(15M) 31.685ms
[247.014s][info][gc] GC(10348) Pause Full (Allocation Failure) 15M->14M(15M) 30.192ms
[247.047s][info][gc] GC(10349) Pause Full (Allocation Failure) 15M->14M(15M) 30.474ms
[247.080s][info][gc] GC(10350) Pause Full (Allocation Failure) 15M->14M(15M) 30.908ms
[247.114s][info][gc] GC(10351) Pause Full (Allocation Failure) 15M->14M(15M) 31.126ms
[247.148s][info][gc] GC(10352) Pause Full (Allocation Failure) 15M->14M(15M) 31.812ms
[247.182s][info][gc] GC(10353) Pause Full (Allocation Failure) 15M->14M(15M) 31.390ms
[247.215s][info][gc] GC(10354) Pause Full (Allocation Failure) 15M->14M(15M) 31.001ms
[247.248s][info][gc] GC(10355) Pause Full (Allocation Failure) 15M->14M(15M) 30.276ms
[247.281s][info][gc] GC(10356) Pause Full (Allocation Failure) 15M->14M(15M) 30.742ms
[247.314s][info][gc] GC(10357) Pause Full (Allocation Failure) 15M->14M(15M) 30.910ms
[247.348s][info][gc] GC(10358) Pause Full (Allocation Failure) 15M->14M(15M) 31.978ms
[247.383s][info][gc] GC(10359) Pause Full (Allocation Failure) 15M->14M(15M) 32.278ms
[247.420s][info][gc] GC(10360) Pause Full (Allocation Failure) 15M->14M(15M) 33.246ms
[247.453s][info][gc] GC(10361) Pause Full (Allocation Failure) 15M->14M(15M) 30.082ms
[247.486s][info][gc] GC(10362) Pause Full (Allocation Failure) 15M->14M(15M) 30.806ms
[247.520s][info][gc] GC(10363) Pause Full (Allocation Failure) 15M->14M(15M) 29.680ms
[247.554s][info][gc] GC(10364) Pause Full (Allocation Failure) 15M->14M(15M) 30.811ms
[247.588s][info][gc] GC(10365) Pause Full (Allocation Failure) 15M->14M(15M) 31.271ms
[247.621s][info][gc] GC(10366) Pause Full (Allocation Failure) 15M->14M(15M) 30.615ms
[247.655s][info][gc] GC(10367) Pause Full (Allocation Failure) 15M->14M(15M) 30.596ms
[247.687s][info][gc] GC(10368) Pause Full (Allocation Failure) 15M->14M(15M) 29.047ms
[247.721s][info][gc] GC(10369) Pause Full (Allocation Failure) 15M->14M(15M) 30.280ms
[247.753s][info][gc] GC(10370) Pause Full (Allocation Failure) 15M->14M(15M) 30.082ms
[247.786s][info][gc] GC(10371) Pause Full (Allocation Failure) 15M->14M(15M) 30.159ms
[247.820s][info][gc] GC(10372) Pause Full (Allocation Failure) 15M->14M(15M) 30.751ms
[247.855s][info][gc] GC(10373) Pause Full (Allocation Failure) 15M->14M(15M) 31.771ms
[247.887s][info][gc] GC(10374) Pause Full (Allocation Failure) 15M->14M(15M) 29.469ms
[247.920s][info][gc] GC(10375) Pause Full (Allocation Failure) 15M->14M(15M) 30.435ms
[247.962s][info][gc] GC(10376) Pause Full (Allocation Failure) 15M->14M(15M) 38.768ms
[247.995s][info][gc] GC(10377) Pause Full (Allocation Failure) 15M->14M(15M) 30.450ms
[248.030s][info][gc] GC(10378) Pause Full (Allocation Failure) 15M->14M(15M) 31.695ms
[248.065s][info][gc] GC(10379) Pause Full (Allocation Failure) 15M->14M(15M) 32.042ms
[248.097s][info][gc] GC(10380) Pause Full (Allocation Failure) 15M->14M(15M) 30.229ms
[248.130s][info][gc] GC(10381) Pause Full (Allocation Failure) 15M->14M(15M) 30.630ms
[248.163s][info][gc] GC(10382) Pause Full (Allocation Failure) 15M->14M(15M) 29.913ms
[248.197s][info][gc] GC(10383) Pause Full (Allocation Failure) 15M->14M(15M) 30.440ms
[248.230s][info][gc] GC(10384) Pause Full (Allocation Failure) 15M->14M(15M) 30.904ms
[248.266s][info][gc] GC(10385) Pause Full (Allocation Failure) 15M->14M(15M) 32.170ms
[248.303s][info][gc] GC(10386) Pause Full (Allocation Failure) 15M->14M(15M) 34.595ms
[248.340s][info][gc] GC(10387) Pause Full (Allocation Failure) 15M->14M(15M) 35.321ms
[248.379s][info][gc] GC(10388) Pause Full (Allocation Failure) 15M->14M(15M) 34.382ms
[248.417s][info][gc] GC(10389) Pause Full (Allocation Failure) 15M->14M(15M) 35.045ms
[248.452s][info][gc] GC(10390) Pause Full (Allocation Failure) 15M->14M(15M) 32.330ms
[248.485s][info][gc] GC(10391) Pause Full (Allocation Failure) 15M->14M(15M) 31.144ms
[248.523s][info][gc] GC(10392) Pause Full (Allocation Failure) 15M->14M(15M) 35.556ms
[248.560s][info][gc] GC(10393) Pause Full (Allocation Failure) 15M->14M(15M) 34.230ms
[248.598s][info][gc] GC(10394) Pause Full (Allocation Failure) 15M->14M(15M) 35.203ms
[248.636s][info][gc] GC(10395) Pause Full (Allocation Failure) 15M->14M(15M) 34.294ms
[248.673s][info][gc] GC(10396) Pause Full (Allocation Failure) 15M->14M(15M) 35.063ms
[248.710s][info][gc] GC(10397) Pause Full (Allocation Failure) 15M->14M(15M) 33.632ms
[248.747s][info][gc] GC(10398) Pause Full (Allocation Failure) 15M->14M(15M) 34.009ms
[248.782s][info][gc] GC(10399) Pause Full (Allocation Failure) 15M->14M(15M) 32.156ms
[248.817s][info][gc] GC(10400) Pause Full (Allocation Failure) 15M->14M(15M) 32.339ms
[248.853s][info][gc] GC(10401) Pause Full (Allocation Failure) 15M->14M(15M) 33.279ms
[248.891s][info][gc] GC(10402) Pause Full (Allocation Failure) 15M->14M(15M) 36.106ms
[248.934s][info][gc] GC(10403) Pause Full (Allocation Failure) 15M->14M(15M) 39.202ms
[248.978s][info][gc] GC(10404) Pause Full (Allocation Failure) 15M->14M(15M) 40.831ms
[249.015s][info][gc] GC(10405) Pause Full (Allocation Failure) 15M->14M(15M) 33.595ms
[249.048s][info][gc] GC(10406) Pause Full (Allocation Failure) 15M->14M(15M) 30.866ms
[249.082s][info][gc] GC(10407) Pause Full (Allocation Failure) 15M->14M(15M) 30.555ms
[249.116s][info][gc] GC(10408) Pause Full (Allocation Failure) 15M->14M(15M) 30.501ms
[249.149s][info][gc] GC(10409) Pause Full (Allocation Failure) 15M->14M(15M) 29.766ms
[249.183s][info][gc] GC(10410) Pause Full (Allocation Failure) 15M->14M(15M) 30.538ms
[249.217s][info][gc] GC(10411) Pause Full (Allocation Failure) 15M->14M(15M) 31.179ms
[249.255s][info][gc] GC(10412) Pause Full (Allocation Failure) 15M->14M(15M) 34.632ms
[249.293s][info][gc] GC(10413) Pause Full (Allocation Failure) 15M->14M(15M) 35.316ms
[249.331s][info][gc] GC(10414) Pause Full (Allocation Failure) 15M->14M(15M) 34.996ms
[249.369s][info][gc] GC(10415) Pause Full (Allocation Failure) 15M->14M(15M) 34.999ms
[249.407s][info][gc] GC(10416) Pause Full (Allocation Failure) 15M->14M(15M) 35.559ms
[249.446s][info][gc] GC(10417) Pause Full (Allocation Failure) 15M->14M(15M) 35.683ms
[249.484s][info][gc] GC(10418) Pause Full (Allocation Failure) 15M->14M(15M) 34.772ms
[249.523s][info][gc] GC(10419) Pause Full (Allocation Failure) 15M->14M(15M) 35.853ms
[249.563s][info][gc] GC(10420) Pause Full (Allocation Failure) 15M->14M(15M) 36.801ms
[249.604s][info][gc] GC(10421) Pause Full (Allocation Failure) 15M->14M(15M) 38.001ms
[249.642s][info][gc] GC(10422) Pause Full (Allocation Failure) 15M->14M(15M) 35.076ms
[249.680s][info][gc] GC(10423) Pause Full (Allocation Failure) 15M->14M(15M) 35.391ms
[249.720s][info][gc] GC(10424) Pause Full (Allocation Failure) 15M->14M(15M) 35.998ms
[249.758s][info][gc] GC(10425) Pause Full (Allocation Failure) 15M->14M(15M) 35.585ms
[249.795s][info][gc] GC(10426) Pause Full (Allocation Failure) 15M->14M(15M) 33.889ms
[249.832s][info][gc] GC(10427) Pause Full (Allocation Failure) 15M->14M(15M) 34.630ms
[249.868s][info][gc] GC(10428) Pause Full (Allocation Failure) 15M->14M(15M) 33.206ms
[249.901s][info][gc] GC(10429) Pause Full (Allocation Failure) 15M->14M(15M) 29.889ms
[249.937s][info][gc] GC(10430) Pause Full (Allocation Failure) 15M->14M(15M) 33.184ms
[249.982s][info][gc] GC(10431) Pause Full (Allocation Failure) 15M->14M(15M) 41.412ms
[250.020s][info][gc] GC(10432) Pause Full (Allocation Failure) 15M->14M(15M) 34.901ms
[250.057s][info][gc] GC(10433) Pause Full (Allocation Failure) 15M->14M(15M) 34.302ms
[250.092s][info][gc] GC(10434) Pause Full (Allocation Failure) 15M->14M(15M) 31.435ms
[250.126s][info][gc] GC(10435) Pause Full (Allocation Failure) 15M->14M(15M) 32.077ms
[250.160s][info][gc] GC(10436) Pause Full (Allocation Failure) 15M->14M(15M) 30.569ms
[250.195s][info][gc] GC(10437) Pause Full (Allocation Failure) 15M->14M(15M) 32.429ms
[250.230s][info][gc] GC(10438) Pause Full (Allocation Failure) 15M->14M(15M) 31.889ms
[250.263s][info][gc] GC(10439) Pause Full (Allocation Failure) 15M->14M(15M) 30.047ms
[250.297s][info][gc] GC(10440) Pause Full (Allocation Failure) 15M->14M(15M) 30.747ms
[250.329s][info][gc] GC(10441) Pause Full (Allocation Failure) 15M->14M(15M) 29.468ms
[250.365s][info][gc] GC(10442) Pause Full (Allocation Failure) 15M->14M(15M) 32.912ms
[250.404s][info][gc] GC(10443) Pause Full (Allocation Failure) 15M->14M(15M) 35.336ms
[250.442s][info][gc] GC(10444) Pause Full (Allocation Failure) 15M->14M(15M) 35.350ms
[250.480s][info][gc] GC(10445) Pause Full (Allocation Failure) 15M->14M(15M) 34.252ms
[250.514s][info][gc] GC(10446) Pause Full (Allocation Failure) 15M->14M(15M) 30.723ms
[250.546s][info][gc] GC(10447) Pause Full (Allocation Failure) 15M->14M(15M) 29.331ms
[250.578s][info][gc] GC(10448) Pause Full (Allocation Failure) 15M->14M(15M) 29.550ms
[250.610s][info][gc] GC(10449) Pause Full (Allocation Failure) 15M->14M(15M) 30.521ms
[250.644s][info][gc] GC(10450) Pause Full (Allocation Failure) 15M->14M(15M) 30.955ms
[250.678s][info][gc] GC(10451) Pause Full (Allocation Failure) 15M->14M(15M) 31.324ms
[250.712s][info][gc] GC(10452) Pause Full (Allocation Failure) 15M->14M(15M) 30.881ms
[250.751s][info][gc] GC(10453) Pause Full (Allocation Failure) 15M->14M(15M) 36.995ms
[250.788s][info][gc] GC(10454) Pause Full (Allocation Failure) 15M->14M(15M) 33.347ms
[250.826s][info][gc] GC(10455) Pause Full (Allocation Failure) 15M->14M(15M) 34.087ms
[250.860s][info][gc] GC(10456) Pause Full (Allocation Failure) 15M->14M(15M) 31.797ms
[250.895s][info][gc] GC(10457) Pause Full (Allocation Failure) 15M->14M(15M) 32.471ms
[250.932s][info][gc] GC(10458) Pause Full (Allocation Failure) 15M->14M(15M) 34.420ms
[250.977s][info][gc] GC(10459) Pause Full (Allocation Failure) 15M->14M(15M) 41.369ms
[251.015s][info][gc] GC(10460) Pause Full (Allocation Failure) 15M->14M(15M) 35.297ms
[251.050s][info][gc] GC(10461) Pause Full (Allocation Failure) 15M->14M(15M) 31.841ms
[251.084s][info][gc] GC(10462) Pause Full (Allocation Failure) 15M->14M(15M) 30.852ms
[251.118s][info][gc] GC(10463) Pause Full (Allocation Failure) 15M->14M(15M) 31.061ms
[251.153s][info][gc] GC(10464) Pause Full (Allocation Failure) 15M->14M(15M) 32.183ms
[251.189s][info][gc] GC(10465) Pause Full (Allocation Failure) 15M->14M(15M) 33.105ms
[251.223s][info][gc] GC(10466) Pause Full (Allocation Failure) 15M->14M(15M) 31.230ms
[251.256s][info][gc] GC(10467) Pause Full (Allocation Failure) 15M->14M(15M) 29.983ms
[251.289s][info][gc] GC(10468) Pause Full (Allocation Failure) 15M->14M(15M) 29.708ms
[251.324s][info][gc] GC(10469) Pause Full (Allocation Failure) 15M->14M(15M) 32.119ms
[251.369s][info][gc] GC(10470) Pause Full (Allocation Failure) 15M->14M(15M) 41.317ms
[251.412s][info][gc] GC(10471) Pause Full (Allocation Failure) 15M->14M(15M) 38.462ms
[251.452s][info][gc] GC(10472) Pause Full (Allocation Failure) 15M->14M(15M) 36.598ms
[251.489s][info][gc] GC(10473) Pause Full (Allocation Failure) 15M->14M(15M) 34.678ms
[251.526s][info][gc] GC(10474) Pause Full (Allocation Failure) 15M->14M(15M) 33.252ms
[251.561s][info][gc] GC(10475) Pause Full (Allocation Failure) 15M->14M(15M) 32.557ms
[251.596s][info][gc] GC(10476) Pause Full (Allocation Failure) 15M->14M(15M) 32.171ms
[251.631s][info][gc] GC(10477) Pause Full (Allocation Failure) 15M->14M(15M) 32.507ms
[251.665s][info][gc] GC(10478) Pause Full (Allocation Failure) 15M->14M(15M) 31.950ms
[251.700s][info][gc] GC(10479) Pause Full (Allocation Failure) 15M->14M(15M) 32.815ms
[251.738s][info][gc] GC(10480) Pause Full (Allocation Failure) 15M->14M(15M) 34.395ms
[251.774s][info][gc] GC(10481) Pause Full (Allocation Failure) 15M->14M(15M) 33.110ms
[251.808s][info][gc] GC(10482) Pause Full (Allocation Failure) 15M->14M(15M) 30.475ms
[251.842s][info][gc] GC(10483) Pause Full (Allocation Failure) 15M->14M(15M) 31.176ms
[251.875s][info][gc] GC(10484) Pause Full (Allocation Failure) 15M->14M(15M) 30.603ms
[251.909s][info][gc] GC(10485) Pause Full (Allocation Failure) 15M->14M(15M) 30.497ms
[251.945s][info][gc] GC(10486) Pause Full (Allocation Failure) 15M->14M(15M) 33.218ms
[251.990s][info][gc] GC(10487) Pause Full (Allocation Failure) 15M->14M(15M) 40.789ms
[252.025s][info][gc] GC(10488) Pause Full (Allocation Failure) 15M->14M(15M) 32.907ms
[252.059s][info][gc] GC(10489) Pause Full (Allocation Failure) 15M->14M(15M) 31.405ms
[252.093s][info][gc] GC(10490) Pause Full (Allocation Failure) 15M->14M(15M) 30.785ms
[252.126s][info][gc] GC(10491) Pause Full (Allocation Failure) 15M->14M(15M) 30.990ms
[252.160s][info][gc] GC(10492) Pause Full (Allocation Failure) 15M->14M(15M) 30.510ms
[252.194s][info][gc] GC(10493) Pause Full (Allocation Failure) 15M->14M(15M) 31.710ms
[252.231s][info][gc] GC(10494) Pause Full (Allocation Failure) 15M->14M(15M) 34.300ms
[252.274s][info][gc] GC(10495) Pause Full (Allocation Failure) 15M->14M(15M) 39.577ms
[252.314s][info][gc] GC(10496) Pause Full (Allocation Failure) 15M->14M(15M) 36.336ms
[252.351s][info][gc] GC(10497) Pause Full (Allocation Failure) 15M->14M(15M) 34.561ms
[252.386s][info][gc] GC(10498) Pause Full (Allocation Failure) 15M->14M(15M) 32.244ms
[252.419s][info][gc] GC(10499) Pause Full (Allocation Failure) 15M->14M(15M) 30.397ms
[252.452s][info][gc] GC(10500) Pause Full (Allocation Failure) 15M->14M(15M) 30.774ms
[252.484s][info][gc] GC(10501) Pause Full (Allocation Failure) 15M->14M(15M) 29.032ms
[252.515s][info][gc] GC(10502) Pause Full (Allocation Failure) 15M->14M(15M) 29.079ms
[252.548s][info][gc] GC(10503) Pause Full (Allocation Failure) 15M->14M(15M) 30.526ms
[252.581s][info][gc] GC(10504) Pause Full (Allocation Failure) 15M->14M(15M) 31.241ms
[252.614s][info][gc] GC(10505) Pause Full (Allocation Failure) 15M->14M(15M) 30.583ms
[252.648s][info][gc] GC(10506) Pause Full (Allocation Failure) 15M->14M(15M) 31.068ms
[252.679s][info][gc] GC(10507) Pause Full (Allocation Failure) 15M->14M(15M) 29.365ms
[252.711s][info][gc] GC(10508) Pause Full (Allocation Failure) 15M->14M(15M) 29.437ms
[252.743s][info][gc] GC(10509) Pause Full (Allocation Failure) 15M->14M(15M) 29.323ms
[252.774s][info][gc] GC(10510) Pause Full (Allocation Failure) 15M->14M(15M) 28.567ms
[252.807s][info][gc] GC(10511) Pause Full (Allocation Failure) 15M->14M(15M) 30.051ms
[252.840s][info][gc] GC(10512) Pause Full (Allocation Failure) 15M->14M(15M) 29.998ms
[252.871s][info][gc] GC(10513) Pause Full (Allocation Failure) 15M->14M(15M) 28.590ms
[252.904s][info][gc] GC(10514) Pause Full (Allocation Failure) 15M->14M(15M) 30.557ms
[252.937s][info][gc] GC(10515) Pause Full (Allocation Failure) 15M->14M(15M) 30.601ms
[252.975s][info][gc] GC(10516) Pause Full (Allocation Failure) 15M->14M(15M) 34.786ms
[253.010s][info][gc] GC(10517) Pause Full (Allocation Failure) 15M->14M(15M) 32.650ms
[253.044s][info][gc] GC(10518) Pause Full (Allocation Failure) 15M->14M(15M) 31.238ms
[253.079s][info][gc] GC(10519) Pause Full (Allocation Failure) 15M->14M(15M) 32.634ms
[253.115s][info][gc] GC(10520) Pause Full (Allocation Failure) 15M->14M(15M) 33.188ms
[253.147s][info][gc] GC(10521) Pause Full (Allocation Failure) 15M->14M(15M) 28.986ms
[253.178s][info][gc] GC(10522) Pause Full (Allocation Failure) 15M->14M(15M) 29.271ms
[253.213s][info][gc] GC(10523) Pause Full (Allocation Failure) 15M->14M(15M) 31.191ms
[253.245s][info][gc] GC(10524) Pause Full (Allocation Failure) 15M->14M(15M) 29.187ms
[253.280s][info][gc] GC(10525) Pause Full (Allocation Failure) 15M->14M(15M) 32.251ms
[253.312s][info][gc] GC(10526) Pause Full (Allocation Failure) 15M->14M(15M) 29.853ms
[253.347s][info][gc] GC(10527) Pause Full (Allocation Failure) 15M->14M(15M) 31.806ms
[253.382s][info][gc] GC(10528) Pause Full (Allocation Failure) 15M->14M(15M) 32.980ms
[253.419s][info][gc] GC(10529) Pause Full (Allocation Failure) 15M->14M(15M) 33.418ms
[253.456s][info][gc] GC(10530) Pause Full (Allocation Failure) 15M->14M(15M) 34.117ms
[253.493s][info][gc] GC(10531) Pause Full (Allocation Failure) 15M->14M(15M) 34.182ms
[253.531s][info][gc] GC(10532) Pause Full (Allocation Failure) 15M->14M(15M) 36.073ms
[253.568s][info][gc] GC(10533) Pause Full (Allocation Failure) 15M->14M(15M) 33.613ms
[253.601s][info][gc] GC(10534) Pause Full (Allocation Failure) 15M->14M(15M) 30.968ms
[253.633s][info][gc] GC(10535) Pause Full (Allocation Failure) 15M->14M(15M) 29.650ms
[253.664s][info][gc] GC(10536) Pause Full (Allocation Failure) 15M->14M(15M) 28.813ms
[253.696s][info][gc] GC(10537) Pause Full (Allocation Failure) 15M->14M(15M) 29.361ms
[253.730s][info][gc] GC(10538) Pause Full (Allocation Failure) 15M->14M(15M) 30.935ms
[253.765s][info][gc] GC(10539) Pause Full (Allocation Failure) 15M->14M(15M) 32.100ms
[253.799s][info][gc] GC(10540) Pause Full (Allocation Failure) 15M->14M(15M) 30.802ms
[253.838s][info][gc] GC(10541) Pause Full (Allocation Failure) 15M->14M(15M) 36.466ms
[253.883s][info][gc] GC(10542) Pause Full (Allocation Failure) 15M->14M(15M) 40.599ms
[253.924s][info][gc] GC(10543) Pause Full (Allocation Failure) 15M->14M(15M) 38.017ms
[253.969s][info][gc] GC(10544) Pause Full (Allocation Failure) 15M->14M(15M) 42.666ms
[254.018s][info][gc] GC(10545) Pause Full (Allocation Failure) 15M->14M(15M) 44.718ms
[254.056s][info][gc] GC(10546) Pause Full (Allocation Failure) 15M->14M(15M) 35.924ms
[254.099s][info][gc] GC(10547) Pause Full (Allocation Failure) 15M->14M(15M) 39.463ms
[254.138s][info][gc] GC(10548) Pause Full (Allocation Failure) 15M->14M(15M) 36.566ms
[254.182s][info][gc] GC(10549) Pause Full (Allocation Failure) 15M->14M(15M) 40.336ms
[254.221s][info][gc] GC(10550) Pause Full (Allocation Failure) 15M->14M(15M) 36.123ms
[254.261s][info][gc] GC(10551) Pause Full (Allocation Failure) 15M->14M(15M) 37.397ms
[254.303s][info][gc] GC(10552) Pause Full (Allocation Failure) 15M->14M(15M) 39.599ms
[254.342s][info][gc] GC(10553) Pause Full (Allocation Failure) 15M->14M(15M) 36.082ms
[254.382s][info][gc] GC(10554) Pause Full (Allocation Failure) 15M->14M(15M) 37.758ms
[254.437s][info][gc] GC(10555) Pause Full (Allocation Failure) 15M->14M(15M) 51.593ms
[254.506s][info][gc] GC(10556) Pause Full (Allocation Failure) 15M->14M(15M) 63.422ms
[254.557s][info][gc] GC(10557) Pause Full (Allocation Failure) 15M->14M(15M) 45.566ms
[254.595s][info][gc] GC(10558) Pause Full (Allocation Failure) 15M->14M(15M) 34.617ms
[254.630s][info][gc] GC(10559) Pause Full (Allocation Failure) 15M->14M(15M) 33.067ms
[254.668s][info][gc] GC(10560) Pause Full (Allocation Failure) 15M->14M(15M) 35.016ms
[254.705s][info][gc] GC(10561) Pause Full (Allocation Failure) 15M->14M(15M) 33.559ms
[254.738s][info][gc] GC(10562) Pause Full (Allocation Failure) 15M->14M(15M) 30.971ms
[254.771s][info][gc] GC(10563) Pause Full (Allocation Failure) 15M->14M(15M) 29.835ms
[254.801s][info][gc] GC(10564) Pause Full (Allocation Failure) 15M->14M(15M) 28.116ms
[254.832s][info][gc] GC(10565) Pause Full (Allocation Failure) 15M->14M(15M) 27.764ms
[254.862s][info][gc] GC(10566) Pause Full (Allocation Failure) 15M->14M(15M) 26.991ms
[254.893s][info][gc] GC(10567) Pause Full (Allocation Failure) 15M->14M(15M) 29.244ms
[254.927s][info][gc] GC(10568) Pause Full (Allocation Failure) 15M->14M(15M) 30.749ms
[254.966s][info][gc] GC(10569) Pause Full (Allocation Failure) 15M->14M(15M) 37.213ms
[255.012s][info][gc] GC(10570) Pause Full (Allocation Failure) 15M->14M(15M) 41.631ms
[255.046s][info][gc] GC(10571) Pause Full (Allocation Failure) 15M->14M(15M) 31.565ms
[255.077s][info][gc] GC(10572) Pause Full (Allocation Failure) 15M->14M(15M) 28.411ms
[255.106s][info][gc] GC(10573) Pause Full (Allocation Failure) 15M->14M(15M) 27.015ms
[255.134s][info][gc] GC(10574) Pause Full (Allocation Failure) 15M->14M(15M) 25.797ms
[255.162s][info][gc] GC(10575) Pause Full (Allocation Failure) 15M->14M(15M) 25.062ms
[255.191s][info][gc] GC(10576) Pause Full (Allocation Failure) 15M->14M(15M) 26.249ms
[255.218s][info][gc] GC(10577) Pause Full (Allocation Failure) 15M->14M(15M) 25.625ms
[255.247s][info][gc] GC(10578) Pause Full (Allocation Failure) 15M->14M(15M) 25.781ms
[255.275s][info][gc] GC(10579) Pause Full (Allocation Failure) 15M->14M(15M) 26.734ms
[255.312s][info][gc] GC(10580) Pause Full (Allocation Failure) 15M->14M(15M) 34.310ms
[255.350s][info][gc] GC(10581) Pause Full (Allocation Failure) 15M->14M(15M) 34.735ms
[255.385s][info][gc] GC(10582) Pause Full (Allocation Failure) 15M->14M(15M) 31.892ms
[255.418s][info][gc] GC(10583) Pause Full (Allocation Failure) 15M->14M(15M) 29.332ms
[255.449s][info][gc] GC(10584) Pause Full (Allocation Failure) 15M->14M(15M) 28.453ms
[255.484s][info][gc] GC(10585) Pause Full (Allocation Failure) 15M->14M(15M) 32.002ms
[255.518s][info][gc] GC(10586) Pause Full (Allocation Failure) 15M->14M(15M) 31.465ms
[255.550s][info][gc] GC(10587) Pause Full (Allocation Failure) 15M->14M(15M) 28.540ms
[255.579s][info][gc] GC(10588) Pause Full (Allocation Failure) 15M->14M(15M) 26.867ms
[255.609s][info][gc] GC(10589) Pause Full (Allocation Failure) 15M->14M(15M) 27.463ms
[255.641s][info][gc] GC(10590) Pause Full (Allocation Failure) 15M->14M(15M) 29.287ms
[255.669s][info][gc] GC(10591) Pause Full (Allocation Failure) 15M->14M(15M) 25.499ms
[255.697s][info][gc] GC(10592) Pause Full (Allocation Failure) 15M->14M(15M) 25.861ms
[255.726s][info][gc] GC(10593) Pause Full (Allocation Failure) 15M->14M(15M) 26.916ms
[255.753s][info][gc] GC(10594) Pause Full (Allocation Failure) 15M->14M(15M) 25.169ms
[255.780s][info][gc] GC(10595) Pause Full (Allocation Failure) 15M->14M(15M) 24.874ms
[255.809s][info][gc] GC(10596) Pause Full (Allocation Failure) 15M->14M(15M) 26.508ms
[255.838s][info][gc] GC(10597) Pause Full (Allocation Failure) 15M->14M(15M) 27.073ms
[255.868s][info][gc] GC(10598) Pause Full (Allocation Failure) 15M->14M(15M) 27.066ms
[255.897s][info][gc] GC(10599) Pause Full (Allocation Failure) 15M->14M(15M) 26.631ms
[255.927s][info][gc] GC(10600) Pause Full (Allocation Failure) 15M->14M(15M) 27.835ms
[255.959s][info][gc] GC(10601) Pause Full (Allocation Failure) 15M->14M(15M) 29.890ms
[255.996s][info][gc] GC(10602) Pause Full (Allocation Failure) 15M->14M(15M) 34.459ms
[256.030s][info][gc] GC(10603) Pause Full (Allocation Failure) 15M->14M(15M) 31.300ms
[256.059s][info][gc] GC(10604) Pause Full (Allocation Failure) 15M->14M(15M) 27.070ms
[256.087s][info][gc] GC(10605) Pause Full (Allocation Failure) 15M->14M(15M) 25.783ms
[256.115s][info][gc] GC(10606) Pause Full (Allocation Failure) 15M->14M(15M) 25.099ms
[256.144s][info][gc] GC(10607) Pause Full (Allocation Failure) 15M->14M(15M) 26.335ms
[256.175s][info][gc] GC(10608) Pause Full (Allocation Failure) 15M->14M(15M) 29.520ms
[256.203s][info][gc] GC(10609) Pause Full (Allocation Failure) 15M->14M(15M) 25.430ms
[256.232s][info][gc] GC(10610) Pause Full (Allocation Failure) 15M->14M(15M) 26.635ms
[256.260s][info][gc] GC(10611) Pause Full (Allocation Failure) 15M->14M(15M) 25.866ms
[256.287s][info][gc] GC(10612) Pause Full (Allocation Failure) 15M->14M(15M) 25.030ms
[256.315s][info][gc] GC(10613) Pause Full (Allocation Failure) 15M->14M(15M) 25.696ms
[256.343s][info][gc] GC(10614) Pause Full (Allocation Failure) 15M->14M(15M) 26.102ms
[256.370s][info][gc] GC(10615) Pause Full (Allocation Failure) 15M->14M(15M) 25.059ms
[256.398s][info][gc] GC(10616) Pause Full (Allocation Failure) 15M->14M(15M) 25.049ms
[256.425s][info][gc] GC(10617) Pause Full (Allocation Failure) 15M->14M(15M) 25.545ms
[256.452s][info][gc] GC(10618) Pause Full (Allocation Failure) 15M->14M(15M) 25.044ms
[256.485s][info][gc] GC(10619) Pause Full (Allocation Failure) 15M->14M(15M) 29.856ms
[256.517s][info][gc] GC(10620) Pause Full (Allocation Failure) 15M->14M(15M) 30.490ms
[256.548s][info][gc] GC(10621) Pause Full (Allocation Failure) 15M->14M(15M) 28.726ms
[256.577s][info][gc] GC(10622) Pause Full (Allocation Failure) 15M->14M(15M) 26.930ms
[256.605s][info][gc] GC(10623) Pause Full (Allocation Failure) 15M->14M(15M) 25.287ms
[256.633s][info][gc] GC(10624) Pause Full (Allocation Failure) 15M->14M(15M) 25.509ms
[256.663s][info][gc] GC(10625) Pause Full (Allocation Failure) 15M->14M(15M) 28.109ms
[256.702s][info][gc] GC(10626) Pause Full (Allocation Failure) 15M->14M(15M) 36.088ms
[256.740s][info][gc] GC(10627) Pause Full (Allocation Failure) 15M->14M(15M) 34.356ms
[256.775s][info][gc] GC(10628) Pause Full (Allocation Failure) 15M->14M(15M) 31.209ms
[256.807s][info][gc] GC(10629) Pause Full (Allocation Failure) 15M->14M(15M) 29.250ms
[256.838s][info][gc] GC(10630) Pause Full (Allocation Failure) 15M->14M(15M) 27.783ms
[256.868s][info][gc] GC(10631) Pause Full (Allocation Failure) 15M->14M(15M) 27.359ms
[256.896s][info][gc] GC(10632) Pause Full (Allocation Failure) 15M->14M(15M) 25.971ms
[256.923s][info][gc] GC(10633) Pause Full (Allocation Failure) 15M->14M(15M) 25.366ms
[256.951s][info][gc] GC(10634) Pause Full (Allocation Failure) 15M->14M(15M) 25.464ms
[256.986s][info][gc] GC(10635) Pause Full (Allocation Failure) 15M->14M(15M) 32.048ms
[257.019s][info][gc] GC(10636) Pause Full (Allocation Failure) 15M->14M(15M) 31.163ms
[257.052s][info][gc] GC(10637) Pause Full (Allocation Failure) 15M->14M(15M) 30.659ms
[257.081s][info][gc] GC(10638) Pause Full (Allocation Failure) 15M->14M(15M) 26.489ms
[257.109s][info][gc] GC(10639) Pause Full (Allocation Failure) 15M->14M(15M) 25.998ms
[257.137s][info][gc] GC(10640) Pause Full (Allocation Failure) 15M->14M(15M) 25.432ms
[257.166s][info][gc] GC(10641) Pause Full (Allocation Failure) 15M->14M(15M) 26.852ms
[257.196s][info][gc] GC(10642) Pause Full (Allocation Failure) 15M->14M(15M) 27.111ms
[257.223s][info][gc] GC(10643) Pause Full (Allocation Failure) 15M->14M(15M) 25.558ms
[257.252s][info][gc] GC(10644) Pause Full (Allocation Failure) 15M->14M(15M) 26.009ms
[257.281s][info][gc] GC(10645) Pause Full (Allocation Failure) 15M->14M(15M) 26.478ms
[257.310s][info][gc] GC(10646) Pause Full (Allocation Failure) 15M->14M(15M) 26.143ms
[257.339s][info][gc] GC(10647) Pause Full (Allocation Failure) 15M->14M(15M) 26.329ms
[257.369s][info][gc] GC(10648) Pause Full (Allocation Failure) 15M->14M(15M) 27.262ms
[257.398s][info][gc] GC(10649) Pause Full (Allocation Failure) 15M->14M(15M) 26.992ms
[257.426s][info][gc] GC(10650) Pause Full (Allocation Failure) 15M->14M(15M) 25.985ms
[257.455s][info][gc] GC(10651) Pause Full (Allocation Failure) 15M->14M(15M) 26.051ms
[257.486s][info][gc] GC(10652) Pause Full (Allocation Failure) 15M->14M(15M) 28.635ms
[257.520s][info][gc] GC(10653) Pause Full (Allocation Failure) 15M->14M(15M) 30.840ms
[257.554s][info][gc] GC(10654) Pause Full (Allocation Failure) 15M->14M(15M) 31.406ms
[257.592s][info][gc] GC(10655) Pause Full (Allocation Failure) 15M->14M(15M) 35.886ms
[257.633s][info][gc] GC(10656) Pause Full (Allocation Failure) 15M->14M(15M) 37.418ms
[257.674s][info][gc] GC(10657) Pause Full (Allocation Failure) 15M->14M(15M) 38.590ms
[257.715s][info][gc] GC(10658) Pause Full (Allocation Failure) 15M->14M(15M) 37.337ms
[257.754s][info][gc] GC(10659) Pause Full (Allocation Failure) 15M->14M(15M) 36.005ms
[257.798s][info][gc] GC(10660) Pause Full (Allocation Failure) 15M->14M(15M) 40.226ms
[257.836s][info][gc] GC(10661) Pause Full (Allocation Failure) 15M->14M(15M) 36.037ms
[257.879s][info][gc] GC(10662) Pause Full (Allocation Failure) 15M->14M(15M) 40.109ms
[257.918s][info][gc] GC(10663) Pause Full (Allocation Failure) 15M->14M(15M) 35.536ms
[257.961s][info][gc] GC(10664) Pause Full (Allocation Failure) 15M->14M(15M) 40.304ms
[258.012s][info][gc] GC(10665) Pause Full (Allocation Failure) 15M->14M(15M) 47.804ms
[258.061s][info][gc] GC(10666) Pause Full (Allocation Failure) 15M->14M(15M) 45.322ms
[258.105s][info][gc] GC(10667) Pause Full (Allocation Failure) 15M->14M(15M) 39.969ms
[258.158s][info][gc] GC(10668) Pause Full (Allocation Failure) 15M->14M(15M) 49.988ms
[258.213s][info][gc] GC(10669) Pause Full (Allocation Failure) 15M->14M(15M) 49.675ms
[258.267s][info][gc] GC(10670) Pause Full (Allocation Failure) 15M->14M(15M) 47.386ms
[258.307s][info][gc] GC(10671) Pause Full (Allocation Failure) 15M->14M(15M) 36.930ms
[258.342s][info][gc] GC(10672) Pause Full (Allocation Failure) 15M->14M(15M) 31.867ms
[258.390s][info][gc] GC(10673) Pause Full (Allocation Failure) 15M->14M(15M) 44.452ms
[258.437s][info][gc] GC(10674) Pause Full (Allocation Failure) 15M->14M(15M) 42.259ms
[258.491s][info][gc] GC(10675) Pause Full (Allocation Failure) 15M->14M(15M) 51.826ms
[258.557s][info][gc] GC(10676) Pause Full (Allocation Failure) 15M->14M(15M) 59.737ms
[258.604s][info][gc] GC(10677) Pause Full (Allocation Failure) 15M->14M(15M) 42.916ms
[258.645s][info][gc] GC(10678) Pause Full (Allocation Failure) 15M->14M(15M) 38.247ms
[258.681s][info][gc] GC(10679) Pause Full (Allocation Failure) 15M->14M(15M) 32.404ms
[258.718s][info][gc] GC(10680) Pause Full (Allocation Failure) 15M->14M(15M) 33.571ms
[258.751s][info][gc] GC(10681) Pause Full (Allocation Failure) 15M->14M(15M) 31.345ms
[258.785s][info][gc] GC(10682) Pause Full (Allocation Failure) 15M->14M(15M) 31.707ms
[258.819s][info][gc] GC(10683) Pause Full (Allocation Failure) 15M->14M(15M) 30.830ms
[258.863s][info][gc] GC(10684) Pause Full (Allocation Failure) 15M->14M(15M) 41.545ms
[258.914s][info][gc] GC(10685) Pause Full (Allocation Failure) 15M->14M(15M) 47.670ms
[258.977s][info][gc] GC(10686) Pause Full (Allocation Failure) 15M->14M(15M) 58.108ms
[259.039s][info][gc] GC(10687) Pause Full (Allocation Failure) 15M->14M(15M) 57.020ms
[259.092s][info][gc] GC(10688) Pause Full (Allocation Failure) 15M->14M(15M) 48.645ms
[259.139s][info][gc] GC(10689) Pause Full (Allocation Failure) 15M->14M(15M) 43.263ms
[259.187s][info][gc] GC(10690) Pause Full (Allocation Failure) 15M->14M(15M) 43.193ms
[259.233s][info][gc] GC(10691) Pause Full (Allocation Failure) 15M->14M(15M) 41.651ms
[259.275s][info][gc] GC(10692) Pause Full (Allocation Failure) 15M->14M(15M) 38.452ms
[259.320s][info][gc] GC(10693) Pause Full (Allocation Failure) 15M->14M(15M) 41.176ms
[259.366s][info][gc] GC(10694) Pause Full (Allocation Failure) 15M->14M(15M) 42.531ms
[259.406s][info][gc] GC(10695) Pause Full (Allocation Failure) 15M->14M(15M) 36.202ms
[259.445s][info][gc] GC(10696) Pause Full (Allocation Failure) 15M->14M(15M) 35.942ms
[259.483s][info][gc] GC(10697) Pause Full (Allocation Failure) 15M->14M(15M) 34.689ms
[259.521s][info][gc] GC(10698) Pause Full (Allocation Failure) 15M->14M(15M) 34.962ms
[259.559s][info][gc] GC(10699) Pause Full (Allocation Failure) 15M->14M(15M) 35.018ms
[259.594s][info][gc] GC(10700) Pause Full (Allocation Failure) 15M->14M(15M) 32.212ms
[259.632s][info][gc] GC(10701) Pause Full (Allocation Failure) 15M->14M(15M) 34.878ms
[259.671s][info][gc] GC(10702) Pause Full (Allocation Failure) 15M->14M(15M) 36.035ms
[259.708s][info][gc] GC(10703) Pause Full (Allocation Failure) 15M->14M(15M) 34.186ms
[259.750s][info][gc] GC(10704) Pause Full (Allocation Failure) 15M->14M(15M) 38.412ms
[259.803s][info][gc] GC(10705) Pause Full (Allocation Failure) 15M->14M(15M) 49.570ms
[259.861s][info][gc] GC(10706) Pause Full (Allocation Failure) 15M->14M(15M) 52.280ms
[259.905s][info][gc] GC(10707) Pause Full (Allocation Failure) 15M->14M(15M) 39.328ms
[259.944s][info][gc] GC(10708) Pause Full (Allocation Failure) 15M->14M(15M) 36.013ms
[259.988s][info][gc] GC(10709) Pause Full (Allocation Failure) 15M->14M(15M) 40.791ms
[260.043s][info][gc] GC(10710) Pause Full (Allocation Failure) 15M->14M(15M) 50.852ms
[260.090s][info][gc] GC(10711) Pause Full (Allocation Failure) 15M->14M(15M) 43.375ms
[260.135s][info][gc] GC(10712) Pause Full (Allocation Failure) 15M->14M(15M) 42.210ms
[260.174s][info][gc] GC(10713) Pause Full (Allocation Failure) 15M->14M(15M) 36.520ms
[260.217s][info][gc] GC(10714) Pause Full (Allocation Failure) 15M->14M(15M) 39.949ms
[260.258s][info][gc] GC(10715) Pause Full (Allocation Failure) 15M->14M(15M) 37.366ms
[260.298s][info][gc] GC(10716) Pause Full (Allocation Failure) 15M->14M(15M) 38.048ms
[260.341s][info][gc] GC(10717) Pause Full (Allocation Failure) 15M->14M(15M) 38.665ms
[260.379s][info][gc] GC(10718) Pause Full (Allocation Failure) 15M->14M(15M) 36.413ms
[260.420s][info][gc] GC(10719) Pause Full (Allocation Failure) 15M->14M(15M) 37.765ms
[260.460s][info][gc] GC(10720) Pause Full (Allocation Failure) 15M->14M(15M) 36.095ms
[260.500s][info][gc] GC(10721) Pause Full (Allocation Failure) 15M->14M(15M) 37.792ms
[260.541s][info][gc] GC(10722) Pause Full (Allocation Failure) 15M->14M(15M) 37.628ms
[260.588s][info][gc] GC(10723) Pause Full (Allocation Failure) 15M->14M(15M) 44.814ms
[260.638s][info][gc] GC(10724) Pause Full (Allocation Failure) 15M->14M(15M) 42.337ms
[260.686s][info][gc] GC(10725) Pause Full (Allocation Failure) 15M->14M(15M) 45.376ms
[260.729s][info][gc] GC(10726) Pause Full (Allocation Failure) 15M->14M(15M) 38.995ms
[260.769s][info][gc] GC(10727) Pause Full (Allocation Failure) 15M->14M(15M) 36.147ms
[260.805s][info][gc] GC(10728) Pause Full (Allocation Failure) 15M->14M(15M) 32.341ms
[260.842s][info][gc] GC(10729) Pause Full (Allocation Failure) 15M->14M(15M) 33.455ms
[260.882s][info][gc] GC(10730) Pause Full (Allocation Failure) 15M->14M(15M) 37.332ms
[260.922s][info][gc] GC(10731) Pause Full (Allocation Failure) 15M->14M(15M) 36.396ms
[260.958s][info][gc] GC(10732) Pause Full (Allocation Failure) 15M->14M(15M) 33.085ms
[260.998s][info][gc] GC(10733) Pause Full (Allocation Failure) 15M->14M(15M) 36.859ms
[261.034s][info][gc] GC(10734) Pause Full (Allocation Failure) 15M->14M(15M) 33.103ms
[261.068s][info][gc] GC(10735) Pause Full (Allocation Failure) 15M->14M(15M) 31.626ms
[261.103s][info][gc] GC(10736) Pause Full (Allocation Failure) 15M->14M(15M) 31.665ms
[261.136s][info][gc] GC(10737) Pause Full (Allocation Failure) 15M->14M(15M) 30.422ms
[261.169s][info][gc] GC(10738) Pause Full (Allocation Failure) 15M->14M(15M) 30.567ms
[261.202s][info][gc] GC(10739) Pause Full (Allocation Failure) 15M->14M(15M) 30.725ms
[261.231s][info][gc] GC(10740) Pause Full (Allocation Failure) 15M->14M(15M) 26.274ms
[261.260s][info][gc] GC(10741) Pause Full (Allocation Failure) 15M->14M(15M) 26.450ms
[261.288s][info][gc] GC(10742) Pause Full (Allocation Failure) 15M->14M(15M) 26.163ms
[261.316s][info][gc] GC(10743) Pause Full (Allocation Failure) 15M->14M(15M) 25.429ms
[261.348s][info][gc] GC(10744) Pause Full (Allocation Failure) 15M->14M(15M) 29.909ms
[261.388s][info][gc] GC(10745) Pause Full (Allocation Failure) 15M->14M(15M) 36.178ms
[261.426s][info][gc] GC(10746) Pause Full (Allocation Failure) 15M->14M(15M) 34.876ms
[261.463s][info][gc] GC(10747) Pause Full (Allocation Failure) 15M->14M(15M) 34.278ms
[261.501s][info][gc] GC(10748) Pause Full (Allocation Failure) 15M->14M(15M) 35.443ms
[261.537s][info][gc] GC(10749) Pause Full (Allocation Failure) 15M->14M(15M) 32.867ms
[261.570s][info][gc] GC(10750) Pause Full (Allocation Failure) 15M->14M(15M) 30.860ms
[261.603s][info][gc] GC(10751) Pause Full (Allocation Failure) 15M->14M(15M) 30.782ms
[261.644s][info][gc] GC(10752) Pause Full (Allocation Failure) 15M->14M(15M) 38.519ms
[261.679s][info][gc] GC(10753) Pause Full (Allocation Failure) 15M->14M(15M) 32.912ms
[261.712s][info][gc] GC(10754) Pause Full (Allocation Failure) 15M->14M(15M) 29.998ms
[261.744s][info][gc] GC(10755) Pause Full (Allocation Failure) 15M->14M(15M) 30.643ms
[261.774s][info][gc] GC(10756) Pause Full (Allocation Failure) 15M->14M(15M) 27.294ms
[261.802s][info][gc] GC(10757) Pause Full (Allocation Failure) 15M->14M(15M) 25.420ms
[261.832s][info][gc] GC(10758) Pause Full (Allocation Failure) 15M->14M(15M) 27.934ms
[261.861s][info][gc] GC(10759) Pause Full (Allocation Failure) 15M->14M(15M) 27.098ms
[261.889s][info][gc] GC(10760) Pause Full (Allocation Failure) 15M->14M(15M) 25.626ms
[261.917s][info][gc] GC(10761) Pause Full (Allocation Failure) 15M->14M(15M) 25.504ms
[261.946s][info][gc] GC(10762) Pause Full (Allocation Failure) 15M->14M(15M) 27.131ms
[261.978s][info][gc] GC(10763) Pause Full (Allocation Failure) 15M->14M(15M) 29.612ms
[262.013s][info][gc] GC(10764) Pause Full (Allocation Failure) 15M->14M(15M) 31.981ms
[262.042s][info][gc] GC(10765) Pause Full (Allocation Failure) 15M->14M(15M) 26.852ms
[262.071s][info][gc] GC(10766) Pause Full (Allocation Failure) 15M->14M(15M) 25.781ms
[262.100s][info][gc] GC(10767) Pause Full (Allocation Failure) 15M->14M(15M) 27.296ms
[262.131s][info][gc] GC(10768) Pause Full (Allocation Failure) 15M->14M(15M) 28.243ms
[262.163s][info][gc] GC(10769) Pause Full (Allocation Failure) 15M->14M(15M) 29.937ms
[262.196s][info][gc] GC(10770) Pause Full (Allocation Failure) 15M->14M(15M) 31.415ms
[262.229s][info][gc] GC(10771) Pause Full (Allocation Failure) 15M->14M(15M) 30.690ms
[262.259s][info][gc] GC(10772) Pause Full (Allocation Failure) 15M->14M(15M) 27.324ms
[262.299s][info][gc] GC(10773) Pause Full (Allocation Failure) 15M->14M(15M) 37.654ms
[262.337s][info][gc] GC(10774) Pause Full (Allocation Failure) 15M->14M(15M) 34.407ms
[262.373s][info][gc] GC(10775) Pause Full (Allocation Failure) 15M->14M(15M) 32.910ms
[262.405s][info][gc] GC(10776) Pause Full (Allocation Failure) 15M->14M(15M) 29.287ms
[262.436s][info][gc] GC(10777) Pause Full (Allocation Failure) 15M->14M(15M) 28.610ms
[262.467s][info][gc] GC(10778) Pause Full (Allocation Failure) 15M->14M(15M) 28.286ms
[262.496s][info][gc] GC(10779) Pause Full (Allocation Failure) 15M->14M(15M) 27.421ms
[262.524s][info][gc] GC(10780) Pause Full (Allocation Failure) 15M->14M(15M) 25.798ms
[262.552s][info][gc] GC(10781) Pause Full (Allocation Failure) 15M->14M(15M) 25.837ms
[262.581s][info][gc] GC(10782) Pause Full (Allocation Failure) 15M->14M(15M) 26.372ms
[262.609s][info][gc] GC(10783) Pause Full (Allocation Failure) 15M->14M(15M) 25.299ms
[262.638s][info][gc] GC(10784) Pause Full (Allocation Failure) 15M->14M(15M) 26.795ms
[262.671s][info][gc] GC(10785) Pause Full (Allocation Failure) 15M->14M(15M) 30.887ms
[262.705s][info][gc] GC(10786) Pause Full (Allocation Failure) 15M->14M(15M) 31.051ms
[262.734s][info][gc] GC(10787) Pause Full (Allocation Failure) 15M->14M(15M) 27.234ms
[262.765s][info][gc] GC(10788) Pause Full (Allocation Failure) 15M->14M(15M) 27.021ms
[262.793s][info][gc] GC(10789) Pause Full (Allocation Failure) 15M->14M(15M) 26.006ms
[262.821s][info][gc] GC(10790) Pause Full (Allocation Failure) 15M->14M(15M) 25.317ms
[262.850s][info][gc] GC(10791) Pause Full (Allocation Failure) 15M->14M(15M) 26.807ms
[262.881s][info][gc] GC(10792) Pause Full (Allocation Failure) 15M->14M(15M) 28.162ms
[262.909s][info][gc] GC(10793) Pause Full (Allocation Failure) 15M->14M(15M) 25.532ms
[262.937s][info][gc] GC(10794) Pause Full (Allocation Failure) 15M->14M(15M) 26.036ms
[262.965s][info][gc] GC(10795) Pause Full (Allocation Failure) 15M->14M(15M) 26.145ms
[262.996s][info][gc] GC(10796) Pause Full (Allocation Failure) 15M->14M(15M) 28.745ms
[263.026s][info][gc] GC(10797) Pause Full (Allocation Failure) 15M->14M(15M) 26.922ms
[263.054s][info][gc] GC(10798) Pause Full (Allocation Failure) 15M->14M(15M) 25.465ms
[263.082s][info][gc] GC(10799) Pause Full (Allocation Failure) 15M->14M(15M) 25.861ms
[263.110s][info][gc] GC(10800) Pause Full (Allocation Failure) 15M->14M(15M) 25.790ms
[263.140s][info][gc] GC(10801) Pause Full (Allocation Failure) 15M->14M(15M) 27.272ms
[263.174s][info][gc] GC(10802) Pause Full (Allocation Failure) 15M->14M(15M) 31.090ms
[263.206s][info][gc] GC(10803) Pause Full (Allocation Failure) 15M->14M(15M) 30.651ms
[263.236s][info][gc] GC(10804) Pause Full (Allocation Failure) 15M->14M(15M) 27.269ms
[263.266s][info][gc] GC(10805) Pause Full (Allocation Failure) 15M->14M(15M) 27.997ms
[263.299s][info][gc] GC(10806) Pause Full (Allocation Failure) 15M->14M(15M) 30.726ms
[263.330s][info][gc] GC(10807) Pause Full (Allocation Failure) 15M->14M(15M) 28.886ms
[263.362s][info][gc] GC(10808) Pause Full (Allocation Failure) 15M->14M(15M) 28.657ms
[263.392s][info][gc] GC(10809) Pause Full (Allocation Failure) 15M->14M(15M) 27.041ms
[263.422s][info][gc] GC(10810) Pause Full (Allocation Failure) 15M->14M(15M) 27.664ms
[263.452s][info][gc] GC(10811) Pause Full (Allocation Failure) 15M->14M(15M) 27.990ms
[263.488s][info][gc] GC(10812) Pause Full (Allocation Failure) 15M->14M(15M) 33.759ms
